-- Found ament_cmake: 1.3.14 (/opt/ros/humble/share/ament_cmake/cmake)
-- Override CMake install command with custom implementation using symlinks instead of copying resources
-- Found rosidl_default_generators: 1.2.1 (/opt/ros/humble/share/rosidl_default_generators/cmake)
-- Using all available rosidl_typesupport_c: rosidl_typesupport_fastrtps_c;rosidl_typesupport_introspection_c
-- Found rosidl_adapter: 3.1.9 (/opt/ros/humble/share/rosidl_adapter/cmake)
-- Using all available rosidl_typesupport_cpp: rosidl_typesupport_fastrtps_cpp;rosidl_typesupport_introspection_cpp
-- Found std_msgs: 4.9.2 (/opt/ros/humble/share/std_msgs/cmake)
-- Found geometry_msgs: 4.9.2 (/opt/ros/humble/share/geometry_msgs/cmake)
-- Found ament_cmake_cppcheck: 0.12.15 (/opt/ros/humble/share/ament_cmake_cppcheck/cmake)
-- Found ament_cmake_cpplint: 0.12.15 (/opt/ros/humble/share/ament_cmake_cpplint/cmake)
-- Found ament_cmake_uncrustify: 0.12.15 (/opt/ros/humble/share/ament_cmake_uncrustify/cmake)
-- Found ament_cmake_ros: 0.10.0 (/opt/ros/humble/share/ament_cmake_ros/cmake)
-- Using all available rosidl_typesupport_c: rosidl_typesupport_fastrtps_c;rosidl_typesupport_introspection_c
-- Using all available rosidl_typesupport_cpp: rosidl_typesupport_fastrtps_cpp;rosidl_typesupport_introspection_cpp
-- Found python_cmake_module: 0.10.0 (/opt/ros/humble/share/python_cmake_module/cmake)
-- Using PYTHON_EXECUTABLE: /usr/bin/python3
-- Using PYTHON_INCLUDE_DIRS: /usr/include/python3.10
-- Using PYTHON_LIBRARIES: /usr/lib/x86_64-linux-gnu/libpython3.10.so
-- Found ament_cmake_flake8: 0.12.15 (/opt/ros/humble/share/ament_cmake_flake8/cmake)
-- Found ament_cmake_pep257: 0.12.15 (/opt/ros/humble/share/ament_cmake_pep257/cmake)
-- Configuring done
-- Generating done
-- Build files have been written to: /home/tharun/cognipilot/cranium/build/synapse_msgs
[  1%] Built target synapse_msgs__rs
[  1%] Built target ament_cmake_python_symlink_synapse_msgs
[  3%] Built target synapse_msgs__cpp
running egg_info
writing synapse_msgs.egg-info/PKG-INFO
writing dependency_links to synapse_msgs.egg-info/dependency_links.txt
writing top-level names to synapse_msgs.egg-info/top_level.txt
reading manifest file 'synapse_msgs.egg-info/SOURCES.txt'
writing manifest file 'synapse_msgs.egg-info/SOURCES.txt'
[  3%] Built target ament_cmake_python_build_synapse_msgs_egg
[35m[1mConsolidate compiler generated dependencies of target synapse_msgs__rosidl_typesupport_cpp[0m
[ 14%] Built target synapse_msgs__rosidl_typesupport_cpp
[35m[1mConsolidate compiler generated dependencies of target synapse_msgs__rosidl_typesupport_introspection_cpp[0m
[ 25%] Built target synapse_msgs__rosidl_typesupport_introspection_cpp
[35m[1mConsolidate compiler generated dependencies of target synapse_msgs__rosidl_typesupport_fastrtps_cpp[0m
[ 35%] Built target synapse_msgs__rosidl_typesupport_fastrtps_cpp
[35m[1mConsolidate compiler generated dependencies of target synapse_msgs__rosidl_generator_c[0m
[ 46%] Built target synapse_msgs__rosidl_generator_c
[35m[1mConsolidate compiler generated dependencies of target synapse_msgs__rosidl_typesupport_fastrtps_c[0m
[ 57%] Built target synapse_msgs__rosidl_typesupport_fastrtps_c
[35m[1mConsolidate compiler generated dependencies of target synapse_msgs__rosidl_typesupport_c[0m
[ 68%] Built target synapse_msgs__rosidl_typesupport_c
[35m[1mConsolidate compiler generated dependencies of target synapse_msgs__rosidl_typesupport_introspection_c[0m
[ 79%] Built target synapse_msgs__rosidl_typesupport_introspection_c
[ 79%] Built target synapse_msgs
[ 81%] Built target synapse_msgs__py
[35m[1mConsolidate compiler generated dependencies of target synapse_msgs__rosidl_generator_py[0m
[ 90%] Built target synapse_msgs__rosidl_generator_py
[35m[1mConsolidate compiler generated dependencies of target synapse_msgs__rosidl_typesupport_fastrtps_c__pyext[0m
[ 92%] [32m[1mLinking C shared library rosidl_generator_py/synapse_msgs/synapse_msgs_s__rosidl_typesupport_fastrtps_c.cpython-310-x86_64-linux-gnu.so[0m
[ 93%] Built target synapse_msgs__rosidl_typesupport_fastrtps_c__pyext
[35m[1mConsolidate compiler generated dependencies of target synapse_msgs__rosidl_typesupport_c__pyext[0m
[ 95%] [32m[1mLinking C shared library rosidl_generator_py/synapse_msgs/synapse_msgs_s__rosidl_typesupport_c.cpython-310-x86_64-linux-gnu.so[0m
[ 96%] Built target synapse_msgs__rosidl_typesupport_c__pyext
[35m[1mConsolidate compiler generated dependencies of target synapse_msgs__rosidl_typesupport_introspection_c__pyext[0m
[ 98%] [32m[1mLinking C shared library rosidl_generator_py/synapse_msgs/synapse_msgs_s__rosidl_typesupport_introspection_c.cpython-310-x86_64-linux-gnu.so[0m
[100%] Built target synapse_msgs__rosidl_typesupport_introspection_c__pyext
-- Install configuration: ""
-- Execute custom install script
-- Symlinking: /home/tharun/cognipilot/cranium/install/synapse_msgs/share/ament_index/resource_index/rosidl_interfaces/synapse_msgs
-- Symlinking: /home/tharun/cognipilot/cranium/install/synapse_msgs/include/synapse_msgs/synapse_msgs/msg/bezier_curve.h
-- Symlinking: /home/tharun/cognipilot/cranium/install/synapse_msgs/include/synapse_msgs/synapse_msgs/msg/bezier_trajectory.h
-- Symlinking: /home/tharun/cognipilot/cranium/install/synapse_msgs/include/synapse_msgs/synapse_msgs/msg/detail/bezier_curve__functions.h
-- Symlinking: /home/tharun/cognipilot/cranium/install/synapse_msgs/include/synapse_msgs/synapse_msgs/msg/detail/bezier_curve__struct.h
-- Symlinking: /home/tharun/cognipilot/cranium/install/synapse_msgs/include/synapse_msgs/synapse_msgs/msg/detail/bezier_curve__type_support.h
-- Symlinking: /home/tharun/cognipilot/cranium/install/synapse_msgs/include/synapse_msgs/synapse_msgs/msg/detail/bezier_trajectory__functions.h
-- Symlinking: /home/tharun/cognipilot/cranium/install/synapse_msgs/include/synapse_msgs/synapse_msgs/msg/detail/bezier_trajectory__struct.h
-- Symlinking: /home/tharun/cognipilot/cranium/install/synapse_msgs/include/synapse_msgs/synapse_msgs/msg/detail/bezier_trajectory__type_support.h
-- Symlinking: /home/tharun/cognipilot/cranium/install/synapse_msgs/include/synapse_msgs/synapse_msgs/msg/detail/edge_vectors__functions.h
-- Symlinking: /home/tharun/cognipilot/cranium/install/synapse_msgs/include/synapse_msgs/synapse_msgs/msg/detail/edge_vectors__struct.h
-- Symlinking: /home/tharun/cognipilot/cranium/install/synapse_msgs/include/synapse_msgs/synapse_msgs/msg/detail/edge_vectors__type_support.h
-- Symlinking: /home/tharun/cognipilot/cranium/install/synapse_msgs/include/synapse_msgs/synapse_msgs/msg/detail/server_communication__functions.h
-- Symlinking: /home/tharun/cognipilot/cranium/install/synapse_msgs/include/synapse_msgs/synapse_msgs/msg/detail/server_communication__struct.h
-- Symlinking: /home/tharun/cognipilot/cranium/install/synapse_msgs/include/synapse_msgs/synapse_msgs/msg/detail/server_communication__type_support.h
-- Symlinking: /home/tharun/cognipilot/cranium/install/synapse_msgs/include/synapse_msgs/synapse_msgs/msg/detail/status__functions.h
-- Symlinking: /home/tharun/cognipilot/cranium/install/synapse_msgs/include/synapse_msgs/synapse_msgs/msg/detail/status__struct.h
-- Symlinking: /home/tharun/cognipilot/cranium/install/synapse_msgs/include/synapse_msgs/synapse_msgs/msg/detail/status__type_support.h
-- Symlinking: /home/tharun/cognipilot/cranium/install/synapse_msgs/include/synapse_msgs/synapse_msgs/msg/edge_vectors.h
-- Symlinking: /home/tharun/cognipilot/cranium/install/synapse_msgs/include/synapse_msgs/synapse_msgs/msg/rosidl_generator_c__visibility_control.h
-- Symlinking: /home/tharun/cognipilot/cranium/install/synapse_msgs/include/synapse_msgs/synapse_msgs/msg/server_communication.h
-- Symlinking: /home/tharun/cognipilot/cranium/install/synapse_msgs/include/synapse_msgs/synapse_msgs/msg/status.h
-- Symlinking: /home/tharun/cognipilot/cranium/install/synapse_msgs/share/synapse_msgs/environment/library_path.sh
-- Symlinking: /home/tharun/cognipilot/cranium/install/synapse_msgs/share/synapse_msgs/environment/library_path.dsv
-- Symlinking: /home/tharun/cognipilot/cranium/install/synapse_msgs/include/synapse_msgs/synapse_msgs/msg/detail/bezier_curve__rosidl_typesupport_fastrtps_c.h
-- Symlinking: /home/tharun/cognipilot/cranium/install/synapse_msgs/include/synapse_msgs/synapse_msgs/msg/detail/bezier_trajectory__rosidl_typesupport_fastrtps_c.h
-- Symlinking: /home/tharun/cognipilot/cranium/install/synapse_msgs/include/synapse_msgs/synapse_msgs/msg/detail/edge_vectors__rosidl_typesupport_fastrtps_c.h
-- Symlinking: /home/tharun/cognipilot/cranium/install/synapse_msgs/include/synapse_msgs/synapse_msgs/msg/detail/server_communication__rosidl_typesupport_fastrtps_c.h
-- Symlinking: /home/tharun/cognipilot/cranium/install/synapse_msgs/include/synapse_msgs/synapse_msgs/msg/detail/status__rosidl_typesupport_fastrtps_c.h
-- Symlinking: /home/tharun/cognipilot/cranium/install/synapse_msgs/include/synapse_msgs/synapse_msgs/msg/rosidl_typesupport_fastrtps_c__visibility_control.h
-- Symlinking: /home/tharun/cognipilot/cranium/install/synapse_msgs/include/synapse_msgs/synapse_msgs/msg/detail/bezier_curve__rosidl_typesupport_introspection_c.h
-- Symlinking: /home/tharun/cognipilot/cranium/install/synapse_msgs/include/synapse_msgs/synapse_msgs/msg/detail/bezier_trajectory__rosidl_typesupport_introspection_c.h
-- Symlinking: /home/tharun/cognipilot/cranium/install/synapse_msgs/include/synapse_msgs/synapse_msgs/msg/detail/edge_vectors__rosidl_typesupport_introspection_c.h
-- Symlinking: /home/tharun/cognipilot/cranium/install/synapse_msgs/include/synapse_msgs/synapse_msgs/msg/detail/server_communication__rosidl_typesupport_introspection_c.h
-- Symlinking: /home/tharun/cognipilot/cranium/install/synapse_msgs/include/synapse_msgs/synapse_msgs/msg/detail/status__rosidl_typesupport_introspection_c.h
-- Symlinking: /home/tharun/cognipilot/cranium/install/synapse_msgs/include/synapse_msgs/synapse_msgs/msg/rosidl_typesupport_introspection_c__visibility_control.h
-- Symlinking: /home/tharun/cognipilot/cranium/install/synapse_msgs/include/synapse_msgs/synapse_msgs/msg/bezier_curve.hpp
-- Symlinking: /home/tharun/cognipilot/cranium/install/synapse_msgs/include/synapse_msgs/synapse_msgs/msg/bezier_trajectory.hpp
-- Symlinking: /home/tharun/cognipilot/cranium/install/synapse_msgs/include/synapse_msgs/synapse_msgs/msg/detail/bezier_curve__builder.hpp
-- Symlinking: /home/tharun/cognipilot/cranium/install/synapse_msgs/include/synapse_msgs/synapse_msgs/msg/detail/bezier_curve__struct.hpp
-- Symlinking: /home/tharun/cognipilot/cranium/install/synapse_msgs/include/synapse_msgs/synapse_msgs/msg/detail/bezier_curve__traits.hpp
-- Symlinking: /home/tharun/cognipilot/cranium/install/synapse_msgs/include/synapse_msgs/synapse_msgs/msg/detail/bezier_curve__type_support.hpp
-- Symlinking: /home/tharun/cognipilot/cranium/install/synapse_msgs/include/synapse_msgs/synapse_msgs/msg/detail/bezier_trajectory__builder.hpp
-- Symlinking: /home/tharun/cognipilot/cranium/install/synapse_msgs/include/synapse_msgs/synapse_msgs/msg/detail/bezier_trajectory__struct.hpp
-- Symlinking: /home/tharun/cognipilot/cranium/install/synapse_msgs/include/synapse_msgs/synapse_msgs/msg/detail/bezier_trajectory__traits.hpp
-- Symlinking: /home/tharun/cognipilot/cranium/install/synapse_msgs/include/synapse_msgs/synapse_msgs/msg/detail/bezier_trajectory__type_support.hpp
-- Symlinking: /home/tharun/cognipilot/cranium/install/synapse_msgs/include/synapse_msgs/synapse_msgs/msg/detail/edge_vectors__builder.hpp
-- Symlinking: /home/tharun/cognipilot/cranium/install/synapse_msgs/include/synapse_msgs/synapse_msgs/msg/detail/edge_vectors__struct.hpp
-- Symlinking: /home/tharun/cognipilot/cranium/install/synapse_msgs/include/synapse_msgs/synapse_msgs/msg/detail/edge_vectors__traits.hpp
-- Symlinking: /home/tharun/cognipilot/cranium/install/synapse_msgs/include/synapse_msgs/synapse_msgs/msg/detail/edge_vectors__type_support.hpp
-- Symlinking: /home/tharun/cognipilot/cranium/install/synapse_msgs/include/synapse_msgs/synapse_msgs/msg/detail/server_communication__builder.hpp
-- Symlinking: /home/tharun/cognipilot/cranium/install/synapse_msgs/include/synapse_msgs/synapse_msgs/msg/detail/server_communication__struct.hpp
-- Symlinking: /home/tharun/cognipilot/cranium/install/synapse_msgs/include/synapse_msgs/synapse_msgs/msg/detail/server_communication__traits.hpp
-- Symlinking: /home/tharun/cognipilot/cranium/install/synapse_msgs/include/synapse_msgs/synapse_msgs/msg/detail/server_communication__type_support.hpp
-- Symlinking: /home/tharun/cognipilot/cranium/install/synapse_msgs/include/synapse_msgs/synapse_msgs/msg/detail/status__builder.hpp
-- Symlinking: /home/tharun/cognipilot/cranium/install/synapse_msgs/include/synapse_msgs/synapse_msgs/msg/detail/status__struct.hpp
-- Symlinking: /home/tharun/cognipilot/cranium/install/synapse_msgs/include/synapse_msgs/synapse_msgs/msg/detail/status__traits.hpp
-- Symlinking: /home/tharun/cognipilot/cranium/install/synapse_msgs/include/synapse_msgs/synapse_msgs/msg/detail/status__type_support.hpp
-- Symlinking: /home/tharun/cognipilot/cranium/install/synapse_msgs/include/synapse_msgs/synapse_msgs/msg/edge_vectors.hpp
-- Symlinking: /home/tharun/cognipilot/cranium/install/synapse_msgs/include/synapse_msgs/synapse_msgs/msg/rosidl_generator_cpp__visibility_control.hpp
-- Symlinking: /home/tharun/cognipilot/cranium/install/synapse_msgs/include/synapse_msgs/synapse_msgs/msg/server_communication.hpp
-- Symlinking: /home/tharun/cognipilot/cranium/install/synapse_msgs/include/synapse_msgs/synapse_msgs/msg/status.hpp
-- Symlinking: /home/tharun/cognipilot/cranium/install/synapse_msgs/include/synapse_msgs/synapse_msgs/msg/detail/bezier_curve__rosidl_typesupport_fastrtps_cpp.hpp
-- Symlinking: /home/tharun/cognipilot/cranium/install/synapse_msgs/include/synapse_msgs/synapse_msgs/msg/detail/bezier_trajectory__rosidl_typesupport_fastrtps_cpp.hpp
-- Symlinking: /home/tharun/cognipilot/cranium/install/synapse_msgs/include/synapse_msgs/synapse_msgs/msg/detail/edge_vectors__rosidl_typesupport_fastrtps_cpp.hpp
-- Symlinking: /home/tharun/cognipilot/cranium/install/synapse_msgs/include/synapse_msgs/synapse_msgs/msg/detail/server_communication__rosidl_typesupport_fastrtps_cpp.hpp
-- Symlinking: /home/tharun/cognipilot/cranium/install/synapse_msgs/include/synapse_msgs/synapse_msgs/msg/detail/status__rosidl_typesupport_fastrtps_cpp.hpp
-- Symlinking: /home/tharun/cognipilot/cranium/install/synapse_msgs/include/synapse_msgs/synapse_msgs/msg/rosidl_typesupport_fastrtps_cpp__visibility_control.h
-- Symlinking: /home/tharun/cognipilot/cranium/install/synapse_msgs/include/synapse_msgs/synapse_msgs/msg/detail/bezier_curve__rosidl_typesupport_introspection_cpp.hpp
-- Symlinking: /home/tharun/cognipilot/cranium/install/synapse_msgs/include/synapse_msgs/synapse_msgs/msg/detail/bezier_trajectory__rosidl_typesupport_introspection_cpp.hpp
-- Symlinking: /home/tharun/cognipilot/cranium/install/synapse_msgs/include/synapse_msgs/synapse_msgs/msg/detail/edge_vectors__rosidl_typesupport_introspection_cpp.hpp
-- Symlinking: /home/tharun/cognipilot/cranium/install/synapse_msgs/include/synapse_msgs/synapse_msgs/msg/detail/server_communication__rosidl_typesupport_introspection_cpp.hpp
-- Symlinking: /home/tharun/cognipilot/cranium/install/synapse_msgs/include/synapse_msgs/synapse_msgs/msg/detail/status__rosidl_typesupport_introspection_cpp.hpp
-- Symlinking: /home/tharun/cognipilot/cranium/install/synapse_msgs/share/synapse_msgs/environment/pythonpath.sh
-- Symlinking: /home/tharun/cognipilot/cranium/install/synapse_msgs/share/synapse_msgs/environment/pythonpath.dsv
-- Symlinking: /home/tharun/cognipilot/cranium/install/synapse_msgs/local/lib/python3.10/dist-packages/synapse_msgs-0.0.1-py3.10.egg-info/PKG-INFO
-- Symlinking: /home/tharun/cognipilot/cranium/install/synapse_msgs/local/lib/python3.10/dist-packages/synapse_msgs-0.0.1-py3.10.egg-info/SOURCES.txt
-- Symlinking: /home/tharun/cognipilot/cranium/install/synapse_msgs/local/lib/python3.10/dist-packages/synapse_msgs-0.0.1-py3.10.egg-info/dependency_links.txt
-- Symlinking: /home/tharun/cognipilot/cranium/install/synapse_msgs/local/lib/python3.10/dist-packages/synapse_msgs-0.0.1-py3.10.egg-info/top_level.txt
-- Symlinking: /home/tharun/cognipilot/cranium/install/synapse_msgs/local/lib/python3.10/dist-packages/synapse_msgs/__init__.py
-- Symlinking: /home/tharun/cognipilot/cranium/install/synapse_msgs/local/lib/python3.10/dist-packages/synapse_msgs/_synapse_msgs_s.ep.rosidl_typesupport_c.c
-- Symlinking: /home/tharun/cognipilot/cranium/install/synapse_msgs/local/lib/python3.10/dist-packages/synapse_msgs/_synapse_msgs_s.ep.rosidl_typesupport_fastrtps_c.c
-- Symlinking: /home/tharun/cognipilot/cranium/install/synapse_msgs/local/lib/python3.10/dist-packages/synapse_msgs/_synapse_msgs_s.ep.rosidl_typesupport_introspection_c.c
-- Symlinking: /home/tharun/cognipilot/cranium/install/synapse_msgs/local/lib/python3.10/dist-packages/synapse_msgs/libsynapse_msgs__rosidl_generator_py.so
-- Symlinking: /home/tharun/cognipilot/cranium/install/synapse_msgs/local/lib/python3.10/dist-packages/synapse_msgs/msg/__init__.py
-- Symlinking: /home/tharun/cognipilot/cranium/install/synapse_msgs/local/lib/python3.10/dist-packages/synapse_msgs/msg/_bezier_curve.py
-- Symlinking: /home/tharun/cognipilot/cranium/install/synapse_msgs/local/lib/python3.10/dist-packages/synapse_msgs/msg/_bezier_curve_s.c
-- Symlinking: /home/tharun/cognipilot/cranium/install/synapse_msgs/local/lib/python3.10/dist-packages/synapse_msgs/msg/_bezier_trajectory.py
-- Symlinking: /home/tharun/cognipilot/cranium/install/synapse_msgs/local/lib/python3.10/dist-packages/synapse_msgs/msg/_bezier_trajectory_s.c
-- Symlinking: /home/tharun/cognipilot/cranium/install/synapse_msgs/local/lib/python3.10/dist-packages/synapse_msgs/msg/_edge_vectors.py
-- Symlinking: /home/tharun/cognipilot/cranium/install/synapse_msgs/local/lib/python3.10/dist-packages/synapse_msgs/msg/_edge_vectors_s.c
-- Symlinking: /home/tharun/cognipilot/cranium/install/synapse_msgs/local/lib/python3.10/dist-packages/synapse_msgs/msg/_server_communication.py
-- Symlinking: /home/tharun/cognipilot/cranium/install/synapse_msgs/local/lib/python3.10/dist-packages/synapse_msgs/msg/_server_communication_s.c
-- Symlinking: /home/tharun/cognipilot/cranium/install/synapse_msgs/local/lib/python3.10/dist-packages/synapse_msgs/msg/_status.py
-- Symlinking: /home/tharun/cognipilot/cranium/install/synapse_msgs/local/lib/python3.10/dist-packages/synapse_msgs/msg/_status_s.c
-- Symlinking: /home/tharun/cognipilot/cranium/install/synapse_msgs/local/lib/python3.10/dist-packages/synapse_msgs/synapse_msgs_s__rosidl_typesupport_c.cpython-310-x86_64-linux-gnu.so
-- Symlinking: /home/tharun/cognipilot/cranium/install/synapse_msgs/local/lib/python3.10/dist-packages/synapse_msgs/synapse_msgs_s__rosidl_typesupport_fastrtps_c.cpython-310-x86_64-linux-gnu.so
-- Symlinking: /home/tharun/cognipilot/cranium/install/synapse_msgs/local/lib/python3.10/dist-packages/synapse_msgs/synapse_msgs_s__rosidl_typesupport_introspection_c.cpython-310-x86_64-linux-gnu.so
-- Up-to-date symlink: /home/tharun/cognipilot/cranium/install/synapse_msgs/local/lib/python3.10/dist-packages/synapse_msgs/synapse_msgs_s__rosidl_typesupport_fastrtps_c.cpython-310-x86_64-linux-gnu.so
-- Up-to-date symlink: /home/tharun/cognipilot/cranium/install/synapse_msgs/local/lib/python3.10/dist-packages/synapse_msgs/synapse_msgs_s__rosidl_typesupport_introspection_c.cpython-310-x86_64-linux-gnu.so
-- Up-to-date symlink: /home/tharun/cognipilot/cranium/install/synapse_msgs/local/lib/python3.10/dist-packages/synapse_msgs/synapse_msgs_s__rosidl_typesupport_c.cpython-310-x86_64-linux-gnu.so
-- Symlinking: /home/tharun/cognipilot/cranium/install/synapse_msgs/share/ament_index/resource_index/rust_packages/synapse_msgs
-- Symlinking: /home/tharun/cognipilot/cranium/install/synapse_msgs/share/synapse_msgs/rust/Cargo.toml
-- Symlinking: /home/tharun/cognipilot/cranium/install/synapse_msgs/share/synapse_msgs/rust/build.rs
-- Symlinking: /home/tharun/cognipilot/cranium/install/synapse_msgs/share/synapse_msgs/rust/src/lib.rs
-- Symlinking: /home/tharun/cognipilot/cranium/install/synapse_msgs/share/synapse_msgs/rust/src/msg.rs
-- Symlinking: /home/tharun/cognipilot/cranium/install/synapse_msgs/share/synapse_msgs/rust/src/msg/rmw.rs
-- Symlinking: /home/tharun/cognipilot/cranium/install/synapse_msgs/share/synapse_msgs/msg/BezierCurve.idl
-- Symlinking: /home/tharun/cognipilot/cranium/install/synapse_msgs/share/synapse_msgs/msg/BezierTrajectory.idl
-- Symlinking: /home/tharun/cognipilot/cranium/install/synapse_msgs/share/synapse_msgs/msg/Status.idl
-- Symlinking: /home/tharun/cognipilot/cranium/install/synapse_msgs/share/synapse_msgs/msg/EdgeVectors.idl
-- Symlinking: /home/tharun/cognipilot/cranium/install/synapse_msgs/share/synapse_msgs/msg/ServerCommunication.idl
-- Symlinking: /home/tharun/cognipilot/cranium/install/synapse_msgs/share/synapse_msgs/msg/BezierCurve.msg
-- Symlinking: /home/tharun/cognipilot/cranium/install/synapse_msgs/share/synapse_msgs/msg/BezierTrajectory.msg
-- Symlinking: /home/tharun/cognipilot/cranium/install/synapse_msgs/share/synapse_msgs/msg/Status.msg
-- Symlinking: /home/tharun/cognipilot/cranium/install/synapse_msgs/share/synapse_msgs/msg/EdgeVectors.msg
-- Symlinking: /home/tharun/cognipilot/cranium/install/synapse_msgs/share/synapse_msgs/msg/ServerCommunication.msg
-- Symlinking: /home/tharun/cognipilot/cranium/install/synapse_msgs/share/ament_index/resource_index/package_run_dependencies/synapse_msgs
-- Symlinking: /home/tharun/cognipilot/cranium/install/synapse_msgs/share/ament_index/resource_index/parent_prefix_path/synapse_msgs
-- Symlinking: /home/tharun/cognipilot/cranium/install/synapse_msgs/share/synapse_msgs/environment/ament_prefix_path.sh
-- Symlinking: /home/tharun/cognipilot/cranium/install/synapse_msgs/share/synapse_msgs/environment/ament_prefix_path.dsv
-- Symlinking: /home/tharun/cognipilot/cranium/install/synapse_msgs/share/synapse_msgs/environment/path.sh
-- Symlinking: /home/tharun/cognipilot/cranium/install/synapse_msgs/share/synapse_msgs/environment/path.dsv
-- Symlinking: /home/tharun/cognipilot/cranium/install/synapse_msgs/share/synapse_msgs/local_setup.bash
-- Symlinking: /home/tharun/cognipilot/cranium/install/synapse_msgs/share/synapse_msgs/local_setup.sh
-- Symlinking: /home/tharun/cognipilot/cranium/install/synapse_msgs/share/synapse_msgs/local_setup.zsh
-- Symlinking: /home/tharun/cognipilot/cranium/install/synapse_msgs/share/synapse_msgs/local_setup.dsv
-- Symlinking: /home/tharun/cognipilot/cranium/install/synapse_msgs/share/synapse_msgs/package.dsv
-- Symlinking: /home/tharun/cognipilot/cranium/install/synapse_msgs/share/ament_index/resource_index/packages/synapse_msgs
-- Symlinking: /home/tharun/cognipilot/cranium/install/synapse_msgs/share/synapse_msgs/cmake/rosidl_cmake-extras.cmake
-- Symlinking: /home/tharun/cognipilot/cranium/install/synapse_msgs/share/synapse_msgs/cmake/ament_cmake_export_dependencies-extras.cmake
-- Symlinking: /home/tharun/cognipilot/cranium/install/synapse_msgs/share/synapse_msgs/cmake/ament_cmake_export_include_directories-extras.cmake
-- Symlinking: /home/tharun/cognipilot/cranium/install/synapse_msgs/share/synapse_msgs/cmake/ament_cmake_export_libraries-extras.cmake
-- Symlinking: /home/tharun/cognipilot/cranium/install/synapse_msgs/share/synapse_msgs/cmake/ament_cmake_export_targets-extras.cmake
-- Symlinking: /home/tharun/cognipilot/cranium/install/synapse_msgs/share/synapse_msgs/cmake/rosidl_cmake_export_typesupport_targets-extras.cmake
-- Symlinking: /home/tharun/cognipilot/cranium/install/synapse_msgs/share/synapse_msgs/cmake/rosidl_cmake_export_typesupport_libraries-extras.cmake
-- Symlinking: /home/tharun/cognipilot/cranium/install/synapse_msgs/share/synapse_msgs/cmake/rosidl_cmake_aggregate_target-extras.cmake
-- Symlinking: /home/tharun/cognipilot/cranium/install/synapse_msgs/share/synapse_msgs/cmake/synapse_msgsConfig.cmake
-- Symlinking: /home/tharun/cognipilot/cranium/install/synapse_msgs/share/synapse_msgs/cmake/synapse_msgsConfig-version.cmake
-- Symlinking: /home/tharun/cognipilot/cranium/install/synapse_msgs/share/synapse_msgs/package.xml
-- Up-to-date: /home/tharun/cognipilot/cranium/install/synapse_msgs/lib/libsynapse_msgs__rosidl_generator_c.so
-- Up-to-date: /home/tharun/cognipilot/cranium/install/synapse_msgs/lib/libsynapse_msgs__rosidl_typesupport_fastrtps_c.so
-- Up-to-date: /home/tharun/cognipilot/cranium/install/synapse_msgs/lib/libsynapse_msgs__rosidl_typesupport_introspection_c.so
-- Up-to-date: /home/tharun/cognipilot/cranium/install/synapse_msgs/lib/libsynapse_msgs__rosidl_typesupport_c.so
-- Up-to-date: /home/tharun/cognipilot/cranium/install/synapse_msgs/lib/libsynapse_msgs__rosidl_typesupport_fastrtps_cpp.so
-- Up-to-date: /home/tharun/cognipilot/cranium/install/synapse_msgs/lib/libsynapse_msgs__rosidl_typesupport_introspection_cpp.so
-- Up-to-date: /home/tharun/cognipilot/cranium/install/synapse_msgs/lib/libsynapse_msgs__rosidl_typesupport_cpp.so
Listing '/home/tharun/cognipilot/cranium/install/synapse_msgs/local/lib/python3.10/dist-packages/synapse_msgs'...
Compiling '/home/tharun/cognipilot/cranium/install/synapse_msgs/local/lib/python3.10/dist-packages/synapse_msgs/__init__.py'...
Listing '/home/tharun/cognipilot/cranium/install/synapse_msgs/local/lib/python3.10/dist-packages/synapse_msgs/msg'...
-- Up-to-date: /home/tharun/cognipilot/cranium/install/synapse_msgs/lib/libsynapse_msgs__rosidl_generator_py.so
-- Up-to-date: /home/tharun/cognipilot/cranium/install/synapse_msgs/share/synapse_msgs/cmake/export_synapse_msgs__rosidl_generator_cExport.cmake
-- Up-to-date: /home/tharun/cognipilot/cranium/install/synapse_msgs/share/synapse_msgs/cmake/export_synapse_msgs__rosidl_generator_cExport-noconfig.cmake
-- Up-to-date: /home/tharun/cognipilot/cranium/install/synapse_msgs/share/synapse_msgs/cmake/export_synapse_msgs__rosidl_typesupport_fastrtps_cExport.cmake
-- Up-to-date: /home/tharun/cognipilot/cranium/install/synapse_msgs/share/synapse_msgs/cmake/export_synapse_msgs__rosidl_typesupport_fastrtps_cExport-noconfig.cmake
-- Up-to-date: /home/tharun/cognipilot/cranium/install/synapse_msgs/share/synapse_msgs/cmake/synapse_msgs__rosidl_typesupport_introspection_cExport.cmake
-- Up-to-date: /home/tharun/cognipilot/cranium/install/synapse_msgs/share/synapse_msgs/cmake/synapse_msgs__rosidl_typesupport_introspection_cExport-noconfig.cmake
-- Up-to-date: /home/tharun/cognipilot/cranium/install/synapse_msgs/share/synapse_msgs/cmake/synapse_msgs__rosidl_typesupport_cExport.cmake
-- Up-to-date: /home/tharun/cognipilot/cranium/install/synapse_msgs/share/synapse_msgs/cmake/synapse_msgs__rosidl_typesupport_cExport-noconfig.cmake
-- Up-to-date: /home/tharun/cognipilot/cranium/install/synapse_msgs/share/synapse_msgs/cmake/export_synapse_msgs__rosidl_generator_cppExport.cmake
-- Up-to-date: /home/tharun/cognipilot/cranium/install/synapse_msgs/share/synapse_msgs/cmake/export_synapse_msgs__rosidl_typesupport_fastrtps_cppExport.cmake
-- Up-to-date: /home/tharun/cognipilot/cranium/install/synapse_msgs/share/synapse_msgs/cmake/export_synapse_msgs__rosidl_typesupport_fastrtps_cppExport-noconfig.cmake
-- Up-to-date: /home/tharun/cognipilot/cranium/install/synapse_msgs/share/synapse_msgs/cmake/synapse_msgs__rosidl_typesupport_introspection_cppExport.cmake
-- Up-to-date: /home/tharun/cognipilot/cranium/install/synapse_msgs/share/synapse_msgs/cmake/synapse_msgs__rosidl_typesupport_introspection_cppExport-noconfig.cmake
-- Up-to-date: /home/tharun/cognipilot/cranium/install/synapse_msgs/share/synapse_msgs/cmake/synapse_msgs__rosidl_typesupport_cppExport.cmake
-- Up-to-date: /home/tharun/cognipilot/cranium/install/synapse_msgs/share/synapse_msgs/cmake/synapse_msgs__rosidl_typesupport_cppExport-noconfig.cmake
-- Up-to-date: /home/tharun/cognipilot/cranium/install/synapse_msgs/share/synapse_msgs/cmake/export_synapse_msgs__rosidl_generator_pyExport.cmake
-- Up-to-date: /home/tharun/cognipilot/cranium/install/synapse_msgs/share/synapse_msgs/cmake/export_synapse_msgs__rosidl_generator_pyExport-noconfig.cmake
