-- Found ament_cmake: 1.3.14 (/opt/ros/humble/share/ament_cmake/cmake)
-- Found geometry_msgs: 4.9.2 (/opt/ros/humble/share/geometry_msgs/cmake)
-- Found rosidl_generator_c: 3.1.9 (/opt/ros/humble/share/rosidl_generator_c/cmake)
-- Found rosidl_adapter: 3.1.9 (/opt/ros/humble/share/rosidl_adapter/cmake)
-- Found rosidl_generator_cpp: 3.1.9 (/opt/ros/humble/share/rosidl_generator_cpp/cmake)
-- Using all available rosidl_typesupport_c: rosidl_typesupport_fastrtps_c;rosidl_typesupport_introspection_c
-- Using all available rosidl_typesupport_cpp: rosidl_typesupport_fastrtps_cpp;rosidl_typesupport_introspection_cpp
-- Found nav_msgs: 4.9.2 (/opt/ros/humble/share/nav_msgs/cmake)
-- Found rclcpp: 16.0.19 (/opt/ros/humble/share/rclcpp/cmake)
-- Found rmw_implementation_cmake: 6.1.3 (/opt/ros/humble/share/rmw_implementation_cmake/cmake)
-- Found rmw_cyclonedds_cpp: 1.3.4 (/opt/ros/humble/share/rmw_cyclonedds_cpp/cmake)
-- Using RMW implementation 'rmw_cyclonedds_cpp' as default
-- Found rclpy: 3.3.21 (/opt/ros/humble/share/rclpy/cmake)
-- Found synapse_msgs: 0.0.1 (/home/tharun/cognipilot/cranium/install/synapse_msgs/share/synapse_msgs/cmake)
-- Found tf2: 0.25.22 (/opt/ros/humble/share/tf2/cmake)
-- Found tf2_ros: 0.25.22 (/opt/ros/humble/share/tf2_ros/cmake)
-- Found ament_lint_auto: 0.12.15 (/opt/ros/humble/share/ament_lint_auto/cmake)
-- Added test 'cppcheck' to perform static code analysis on C / C++ code
-- Configured cppcheck include dirs: 
-- Configured cppcheck exclude dirs and/or files: 
-- Added test 'flake8' to check Python code syntax and style conventions
-- Added test 'lint_cmake' to check CMake code style
-- Added test 'pep257' to check Python code against some of the docstring style conventions in PEP 257
-- Added test 'uncrustify' to check C / C++ code style
-- Configured uncrustify additional arguments: 
-- Added test 'xmllint' to check XML markup files
-- Configuring done
-- Generating done
-- Build files have been written to: /home/tharun/cognipilot/cranium/build/corti
[35m[1mConsolidate compiler generated dependencies of target bezier6[0m
[35m[1mConsolidate compiler generated dependencies of target tf_to_odom[0m
[35m[1mConsolidate compiler generated dependencies of target odom_to_tf[0m
[ 25%] Built target bezier6
[ 37%] Built target ament_cmake_python_copy_corti
[ 50%] Built target tf_to_odom
[35m[1mConsolidate compiler generated dependencies of target rover_planner[0m
[ 75%] Built target odom_to_tf
[ 87%] [32m[1mLinking CXX executable rover_planner[0m
running egg_info
writing corti.egg-info/PKG-INFO
writing dependency_links to corti.egg-info/dependency_links.txt
writing top-level names to corti.egg-info/top_level.txt
reading manifest file 'corti.egg-info/SOURCES.txt'
writing manifest file 'corti.egg-info/SOURCES.txt'
[ 87%] Built target ament_cmake_python_build_corti_egg
[100%] Built target rover_planner
-- Install configuration: ""
-- Installing: /home/tharun/cognipilot/cranium/install/corti/share/corti/environment/pythonpath.sh
-- Installing: /home/tharun/cognipilot/cranium/install/corti/share/corti/environment/pythonpath.dsv
-- Up-to-date: /home/tharun/cognipilot/cranium/install/corti/local/lib/python3.10/dist-packages/corti-0.0.0-py3.10.egg-info
-- Installing: /home/tharun/cognipilot/cranium/install/corti/local/lib/python3.10/dist-packages/corti-0.0.0-py3.10.egg-info/dependency_links.txt
-- Installing: /home/tharun/cognipilot/cranium/install/corti/local/lib/python3.10/dist-packages/corti-0.0.0-py3.10.egg-info/SOURCES.txt
-- Installing: /home/tharun/cognipilot/cranium/install/corti/local/lib/python3.10/dist-packages/corti-0.0.0-py3.10.egg-info/top_level.txt
-- Installing: /home/tharun/cognipilot/cranium/install/corti/local/lib/python3.10/dist-packages/corti-0.0.0-py3.10.egg-info/PKG-INFO
-- Up-to-date: /home/tharun/cognipilot/cranium/install/corti/local/lib/python3.10/dist-packages/corti
-- Installing: /home/tharun/cognipilot/cranium/install/corti/local/lib/python3.10/dist-packages/corti/bezier_rover_planning.py
-- Installing: /home/tharun/cognipilot/cranium/install/corti/local/lib/python3.10/dist-packages/corti/TimeOptBez.py
-- Installing: /home/tharun/cognipilot/cranium/install/corti/local/lib/python3.10/dist-packages/corti/__init__.py
-- Installing: /home/tharun/cognipilot/cranium/install/corti/local/lib/python3.10/dist-packages/corti/rover_planning.py
-- Installing: /home/tharun/cognipilot/cranium/install/corti/local/lib/python3.10/dist-packages/corti/rover_control.py
-- Installing: /home/tharun/cognipilot/cranium/install/corti/local/lib/python3.10/dist-packages/corti/SE2Lie.py
Listing '/home/tharun/cognipilot/cranium/install/corti/local/lib/python3.10/dist-packages/corti'...
-- Installing: /home/tharun/cognipilot/cranium/install/corti/lib/corti/rover_planner
-- Set runtime path of "/home/tharun/cognipilot/cranium/install/corti/lib/corti/rover_planner" to ""
-- Installing: /home/tharun/cognipilot/cranium/install/corti/lib/corti/odom_to_tf
-- Set runtime path of "/home/tharun/cognipilot/cranium/install/corti/lib/corti/odom_to_tf" to ""
-- Installing: /home/tharun/cognipilot/cranium/install/corti/lib/corti/tf_to_odom
-- Set runtime path of "/home/tharun/cognipilot/cranium/install/corti/lib/corti/tf_to_odom" to ""
-- Up-to-date: /home/tharun/cognipilot/cranium/install/corti/share/corti/launch
-- Installing: /home/tharun/cognipilot/cranium/install/corti/share/corti/launch/corti.launch.py
-- Installing: /home/tharun/cognipilot/cranium/install/corti/share/corti/launch/virtual_joy.launch.py
-- Installing: /home/tharun/cognipilot/cranium/install/corti/lib/corti/virtual_joy.py
-- Installing: /home/tharun/cognipilot/cranium/install/corti/lib/corti/rover_fixed_trajectory.py
-- Installing: /home/tharun/cognipilot/cranium/install/corti/share/ament_index/resource_index/package_run_dependencies/corti
-- Installing: /home/tharun/cognipilot/cranium/install/corti/share/ament_index/resource_index/parent_prefix_path/corti
-- Installing: /home/tharun/cognipilot/cranium/install/corti/share/corti/environment/ament_prefix_path.sh
-- Installing: /home/tharun/cognipilot/cranium/install/corti/share/corti/environment/ament_prefix_path.dsv
-- Installing: /home/tharun/cognipilot/cranium/install/corti/share/corti/environment/path.sh
-- Installing: /home/tharun/cognipilot/cranium/install/corti/share/corti/environment/path.dsv
-- Installing: /home/tharun/cognipilot/cranium/install/corti/share/corti/local_setup.bash
-- Installing: /home/tharun/cognipilot/cranium/install/corti/share/corti/local_setup.sh
-- Installing: /home/tharun/cognipilot/cranium/install/corti/share/corti/local_setup.zsh
-- Installing: /home/tharun/cognipilot/cranium/install/corti/share/corti/local_setup.dsv
-- Installing: /home/tharun/cognipilot/cranium/install/corti/share/corti/package.dsv
-- Installing: /home/tharun/cognipilot/cranium/install/corti/share/ament_index/resource_index/packages/corti
-- Installing: /home/tharun/cognipilot/cranium/install/corti/share/corti/cmake/cortiConfig.cmake
-- Installing: /home/tharun/cognipilot/cranium/install/corti/share/corti/cmake/cortiConfig-version.cmake
-- Installing: /home/tharun/cognipilot/cranium/install/corti/share/corti/package.xml
