[0.000000] (-) TimerEvent: {}
[0.000520] (-) JobUnselected: {'identifier': 'b3rb_description'}
[0.000617] (-) JobUnselected: {'identifier': 'b3rb_desktop'}
[0.000656] (-) JobUnselected: {'identifier': 'b3rb_gz_bringup'}
[0.000690] (-) JobUnselected: {'identifier': 'b3rb_gz_resource'}
[0.000723] (-) JobUnselected: {'identifier': 'b3rb_nav2'}
[0.000753] (-) JobUnselected: {'identifier': 'b3rb_rviz'}
[0.000782] (-) JobUnselected: {'identifier': 'b3rb_simulator'}
[0.000829] (-) JobUnselected: {'identifier': 'cerebri_bringup'}
[0.001011] (-) JobUnselected: {'identifier': 'corti'}
[0.001042] (-) JobUnselected: {'identifier': 'synapse_gz'}
[0.001069] (-) JobUnselected: {'identifier': 'synapse_msgs'}
[0.001097] (-) JobUnselected: {'identifier': 'synapse_protobuf'}
[0.001122] (-) JobUnselected: {'identifier': 'synapse_ros'}
[0.001158] (-) JobUnselected: {'identifier': 'synapse_tinyframe'}
[0.001279] (dream_world) JobQueued: {'identifier': 'dream_world', 'dependencies': OrderedDict()}
[0.001331] (b3rb_ros_line_follower) JobQueued: {'identifier': 'b3rb_ros_line_follower', 'dependencies': OrderedDict([('synapse_msgs', '/home/tharun/cognipilot/cranium/install/synapse_msgs')])}
[0.001365] (dream_world) JobStarted: {'identifier': 'dream_world'}
[0.006470] (b3rb_ros_line_follower) JobStarted: {'identifier': 'b3rb_ros_line_follower'}
[0.010604] (dream_world) JobProgress: {'identifier': 'dream_world', 'progress': 'cmake'}
[0.010912] (dream_world) JobProgress: {'identifier': 'dream_world', 'progress': 'build'}
[0.011420] (dream_world) Command: {'cmd': ['/usr/bin/cmake', '--build', '/home/tharun/cognipilot/cranium/build/dream_world', '--', '-j12', '-l12'], 'cwd': '/home/tharun/cognipilot/cranium/build/dream_world', 'env': OrderedDict([('GJS_DEBUG_TOPICS', 'JS ERROR;JS LOG'), ('LESSOPEN', '| /usr/bin/lesspipe %s'), ('VSCODE_CWD', '/home/tharun'), ('PYTHONWARNINGS', 'ignore:::setuptools.installer,ignore:::setuptools.command.install,ignore:::setuptools.command.easy_install'), ('CCACHE_TEMPDIR', '/tmp/ccache'), ('LANGUAGE', 'en_IN:en'), ('USER', 'tharun'), ('VSCODE_NLS_CONFIG', '{"userLocale":"en-gb","osLocale":"en-in","resolvedLanguage":"en","defaultMessagesFile":"/usr/share/antigravity/resources/app/out/nls.messages.json","locale":"en-gb","availableLanguages":{}}'), ('XDG_SESSION_TYPE', 'wayland'), ('SHLVL', '1'), ('LD_LIBRARY_PATH', '/opt/ros/humble/opt/rviz_ogre_vendor/lib:/opt/ros/humble/lib/x86_64-linux-gnu:/opt/ros/humble/lib'), ('HOME', '/home/tharun'), ('CHROME_DESKTOP', 'antigravity.desktop'), ('OLDPWD', '/home/tharun/cognipilot/cranium'), ('DESKTOP_SESSION', 'ubuntu'), ('VSCODE_IPC_HOOK', '/run/user/1000/vscode-81e22ab7-1.10-main.sock'), ('GIO_LAUNCHED_DESKTOP_FILE', '/usr/share/applications/antigravity.desktop'), ('ROS_PYTHON_VERSION', '3'), ('GNOME_SHELL_SESSION_MODE', 'ubuntu'), ('GTK_MODULES', 'gail:atk-bridge:appmenu-gtk-module'), ('PAGER', 'cat'), ('MANAGERPID', '1479'), ('SYSTEMD_EXEC_PID', '1655'), ('IM_CONFIG_CHECK_ENV', '1'), ('DBUS_SESSION_BUS_ADDRESS', 'unix:path=/run/user/1000/bus'), ('ANTIGRAVITY_AGENT', '1'), ('GIO_LAUNCHED_DESKTOP_FILE_PID', '32772'), ('IM_CONFIG_PHASE', '1'), ('WAYLAND_DISPLAY', 'wayland-0'), ('COLCON_PREFIX_PATH', '/home/tharun/cognipilot/electrode/install'), ('ROS_DISTRO', 'humble'), ('LOGNAME', 'tharun'), ('JOURNAL_STREAM', '8:9856'), ('_', '/usr/bin/colcon'), ('ROS_VERSION', '2'), ('XDG_SESSION_CLASS', 'user'), ('USERNAME', 'tharun'), ('TERM', 'dumb'), ('GNOME_DESKTOP_SESSION_ID', 'this-is-deprecated'), ('FC_FONTATIONS', '1'), ('ROS_LOCALHOST_ONLY', '0'), ('ANTIGRAVITY_EDITOR_APP_ROOT', '/usr/share/antigravity/resources/app'), ('PATH', '/home/tharun/.local/bin:/home/tharun/bin:/home/tharun/cognipilot/ws/cerebri/install/bin:/opt/ros/humble/bin:/home/tharun/.local/bin:/home/tharun/bin:/usr/local/sbin:/usr/local/bin:/usr/sbin:/usr/bin:/sbin:/bin:/usr/games:/usr/local/games:/snap/bin:/snap/bin'), ('SESSION_MANAGER', 'local/tharun:@/tmp/.ICE-unix/1615,unix/tharun:/tmp/.ICE-unix/1615'), ('INVOCATION_ID', 'ae73b0871f9f4627ba95eabb41107f17'), ('XDG_MENU_PREFIX', 'gnome-'), ('GNOME_SETUP_DISPLAY', ':1'), ('XDG_RUNTIME_DIR', '/run/user/1000'), ('GDK_BACKEND', 'wayland'), ('DISPLAY', ':0'), ('LANG', 'en_IN'), ('XDG_CURRENT_DESKTOP', 'ubuntu:GNOME'), ('RMW_IMPLEMENTATION', 'rmw_cyclonedds_cpp'), ('XMODIFIERS', '@im=ibus'), ('XDG_SESSION_DESKTOP', 'ubuntu'), ('XAUTHORITY', '/run/user/1000/.mutter-Xwaylandauth.7RZLT3'), ('LS_COLORS', ''), ('SSH_AGENT_LAUNCHER', 'gnome-keyring'), ('SSH_AUTH_SOCK', '/run/user/1000/keyring/ssh'), ('ROS_DOMAIN_ID', '7'), ('AMENT_PREFIX_PATH', '/home/tharun/cognipilot/electrode/install/electrode:/opt/ros/humble'), ('SHELL', '/bin/bash'), ('QT_ACCESSIBILITY', '1'), ('GDMSESSION', 'ubuntu'), ('LESSCLOSE', '/usr/bin/lesspipe %s %s'), ('CMAKE_EXPORT_COMPILE_COMMANDS', 'ON'), ('GJS_DEBUG_OUTPUT', 'stderr'), ('QT_IM_MODULE', 'ibus'), ('ANTIGRAVITY_TRAJECTORY_ID', 'c8584e39-2f39-4bc1-b1eb-f0572f31fecc'), ('PWD', '/home/tharun/cognipilot/cranium/build/dream_world'), ('XDG_CONFIG_DIRS', '/etc/xdg/xdg-ubuntu:/etc/xdg'), ('VSCODE_CODE_CACHE_PATH', '/home/tharun/.config/Antigravity/CachedData/15487b3041e65228cae24980a3f796c905ef582c'), ('XDG_DATA_DIRS', '/usr/share/ubuntu:/usr/local/share/:/usr/share/:/var/lib/snapd/desktop'), ('PYTHONPATH', '/opt/ros/humble/lib/python3.10/site-packages:/opt/ros/humble/local/lib/python3.10/dist-packages'), ('COLCON', '1'), ('CMAKE_PREFIX_PATH', '/home/tharun/cognipilot/electrode/install/electrode:/opt/ros/humble'), ('VSCODE_PID', '32772')]), 'shell': False}
[0.099850] (-) TimerEvent: {}
[0.179699] (dream_world) CommandEnded: {'returncode': 0}
[0.180786] (dream_world) JobProgress: {'identifier': 'dream_world', 'progress': 'install'}
[0.186659] (dream_world) Command: {'cmd': ['/usr/bin/cmake', '--install', '/home/tharun/cognipilot/cranium/build/dream_world'], 'cwd': '/home/tharun/cognipilot/cranium/build/dream_world', 'env': OrderedDict([('GJS_DEBUG_TOPICS', 'JS ERROR;JS LOG'), ('LESSOPEN', '| /usr/bin/lesspipe %s'), ('VSCODE_CWD', '/home/tharun'), ('PYTHONWARNINGS', 'ignore:::setuptools.installer,ignore:::setuptools.command.install,ignore:::setuptools.command.easy_install'), ('CCACHE_TEMPDIR', '/tmp/ccache'), ('LANGUAGE', 'en_IN:en'), ('USER', 'tharun'), ('VSCODE_NLS_CONFIG', '{"userLocale":"en-gb","osLocale":"en-in","resolvedLanguage":"en","defaultMessagesFile":"/usr/share/antigravity/resources/app/out/nls.messages.json","locale":"en-gb","availableLanguages":{}}'), ('XDG_SESSION_TYPE', 'wayland'), ('SHLVL', '1'), ('LD_LIBRARY_PATH', '/opt/ros/humble/opt/rviz_ogre_vendor/lib:/opt/ros/humble/lib/x86_64-linux-gnu:/opt/ros/humble/lib'), ('HOME', '/home/tharun'), ('CHROME_DESKTOP', 'antigravity.desktop'), ('OLDPWD', '/home/tharun/cognipilot/cranium'), ('DESKTOP_SESSION', 'ubuntu'), ('VSCODE_IPC_HOOK', '/run/user/1000/vscode-81e22ab7-1.10-main.sock'), ('GIO_LAUNCHED_DESKTOP_FILE', '/usr/share/applications/antigravity.desktop'), ('ROS_PYTHON_VERSION', '3'), ('GNOME_SHELL_SESSION_MODE', 'ubuntu'), ('GTK_MODULES', 'gail:atk-bridge:appmenu-gtk-module'), ('PAGER', 'cat'), ('MANAGERPID', '1479'), ('SYSTEMD_EXEC_PID', '1655'), ('IM_CONFIG_CHECK_ENV', '1'), ('DBUS_SESSION_BUS_ADDRESS', 'unix:path=/run/user/1000/bus'), ('ANTIGRAVITY_AGENT', '1'), ('GIO_LAUNCHED_DESKTOP_FILE_PID', '32772'), ('IM_CONFIG_PHASE', '1'), ('WAYLAND_DISPLAY', 'wayland-0'), ('COLCON_PREFIX_PATH', '/home/tharun/cognipilot/electrode/install'), ('ROS_DISTRO', 'humble'), ('LOGNAME', 'tharun'), ('JOURNAL_STREAM', '8:9856'), ('_', '/usr/bin/colcon'), ('ROS_VERSION', '2'), ('XDG_SESSION_CLASS', 'user'), ('USERNAME', 'tharun'), ('TERM', 'dumb'), ('GNOME_DESKTOP_SESSION_ID', 'this-is-deprecated'), ('FC_FONTATIONS', '1'), ('ROS_LOCALHOST_ONLY', '0'), ('ANTIGRAVITY_EDITOR_APP_ROOT', '/usr/share/antigravity/resources/app'), ('PATH', '/home/tharun/.local/bin:/home/tharun/bin:/home/tharun/cognipilot/ws/cerebri/install/bin:/opt/ros/humble/bin:/home/tharun/.local/bin:/home/tharun/bin:/usr/local/sbin:/usr/local/bin:/usr/sbin:/usr/bin:/sbin:/bin:/usr/games:/usr/local/games:/snap/bin:/snap/bin'), ('SESSION_MANAGER', 'local/tharun:@/tmp/.ICE-unix/1615,unix/tharun:/tmp/.ICE-unix/1615'), ('INVOCATION_ID', 'ae73b0871f9f4627ba95eabb41107f17'), ('XDG_MENU_PREFIX', 'gnome-'), ('GNOME_SETUP_DISPLAY', ':1'), ('XDG_RUNTIME_DIR', '/run/user/1000'), ('GDK_BACKEND', 'wayland'), ('DISPLAY', ':0'), ('LANG', 'en_IN'), ('XDG_CURRENT_DESKTOP', 'ubuntu:GNOME'), ('RMW_IMPLEMENTATION', 'rmw_cyclonedds_cpp'), ('XMODIFIERS', '@im=ibus'), ('XDG_SESSION_DESKTOP', 'ubuntu'), ('XAUTHORITY', '/run/user/1000/.mutter-Xwaylandauth.7RZLT3'), ('LS_COLORS', ''), ('SSH_AGENT_LAUNCHER', 'gnome-keyring'), ('SSH_AUTH_SOCK', '/run/user/1000/keyring/ssh'), ('ROS_DOMAIN_ID', '7'), ('AMENT_PREFIX_PATH', '/home/tharun/cognipilot/electrode/install/electrode:/opt/ros/humble'), ('SHELL', '/bin/bash'), ('QT_ACCESSIBILITY', '1'), ('GDMSESSION', 'ubuntu'), ('LESSCLOSE', '/usr/bin/lesspipe %s %s'), ('CMAKE_EXPORT_COMPILE_COMMANDS', 'ON'), ('GJS_DEBUG_OUTPUT', 'stderr'), ('QT_IM_MODULE', 'ibus'), ('ANTIGRAVITY_TRAJECTORY_ID', 'c8584e39-2f39-4bc1-b1eb-f0572f31fecc'), ('PWD', '/home/tharun/cognipilot/cranium/build/dream_world'), ('XDG_CONFIG_DIRS', '/etc/xdg/xdg-ubuntu:/etc/xdg'), ('VSCODE_CODE_CACHE_PATH', '/home/tharun/.config/Antigravity/CachedData/15487b3041e65228cae24980a3f796c905ef582c'), ('XDG_DATA_DIRS', '/usr/share/ubuntu:/usr/local/share/:/usr/share/:/var/lib/snapd/desktop'), ('PYTHONPATH', '/opt/ros/humble/lib/python3.10/site-packages:/opt/ros/humble/local/lib/python3.10/dist-packages'), ('COLCON', '1'), ('CMAKE_PREFIX_PATH', '/home/tharun/cognipilot/electrode/install/electrode:/opt/ros/humble'), ('VSCODE_PID', '32772')]), 'shell': False}
[0.198315] (dream_world) StdoutLine: {'line': b'-- Install configuration: ""\n'}
[0.198555] (dream_world) StdoutLine: {'line': b'-- Up-to-date: /home/tharun/cognipilot/cranium/install/dream_world/share/dream_world/models\n'}
[0.198630] (dream_world) StdoutLine: {'line': b'-- Up-to-date: /home/tharun/cognipilot/cranium/install/dream_world/share/dream_world/models/Patient_sign_board_2\n'}
[0.198693] (dream_world) StdoutLine: {'line': b'-- Up-to-date: /home/tharun/cognipilot/cranium/install/dream_world/share/dream_world/models/Patient_sign_board_2/materials\n'}
[0.198778] (dream_world) StdoutLine: {'line': b'-- Up-to-date: /home/tharun/cognipilot/cranium/install/dream_world/share/dream_world/models/Patient_sign_board_2/materials/textures\n'}
[0.198888] (dream_world) StdoutLine: {'line': b'-- Up-to-date: /home/tharun/cognipilot/cranium/install/dream_world/share/dream_world/models/Patient_sign_board_2/materials/textures/qr_code_p2.png\n'}
[0.198943] (dream_world) StdoutLine: {'line': b'-- Up-to-date: /home/tharun/cognipilot/cranium/install/dream_world/share/dream_world/models/Patient_sign_board_2/materials/scripts\n'}
[0.198994] (dream_world) StdoutLine: {'line': b'-- Up-to-date: /home/tharun/cognipilot/cranium/install/dream_world/share/dream_world/models/Patient_sign_board_2/materials/scripts/finish_line.material\n'}
[0.199046] (dream_world) StdoutLine: {'line': b'-- Up-to-date: /home/tharun/cognipilot/cranium/install/dream_world/share/dream_world/models/Patient_sign_board_2/model.sdf\n'}
[0.199098] (dream_world) StdoutLine: {'line': b'-- Up-to-date: /home/tharun/cognipilot/cranium/install/dream_world/share/dream_world/models/Patient_sign_board_2/model.config\n'}
[0.199150] (dream_world) StdoutLine: {'line': b'-- Up-to-date: /home/tharun/cognipilot/cranium/install/dream_world/share/dream_world/models/gas_station\n'}
[0.199226] (dream_world) StdoutLine: {'line': b'-- Up-to-date: /home/tharun/cognipilot/cranium/install/dream_world/share/dream_world/models/gas_station/meshes\n'}
[0.199305] (dream_world) StdoutLine: {'line': b'-- Up-to-date: /home/tharun/cognipilot/cranium/install/dream_world/share/dream_world/models/gas_station/meshes/gas_station.dae\n'}
[0.199393] (dream_world) StdoutLine: {'line': b'-- Up-to-date: /home/tharun/cognipilot/cranium/install/dream_world/share/dream_world/models/gas_station/model-1_3.sdf\n'}
[0.199446] (dream_world) StdoutLine: {'line': b'-- Up-to-date: /home/tharun/cognipilot/cranium/install/dream_world/share/dream_world/models/gas_station/materials\n'}
[0.199517] (dream_world) StdoutLine: {'line': b'-- Up-to-date: /home/tharun/cognipilot/cranium/install/dream_world/share/dream_world/models/gas_station/materials/textures\n'}
[0.199678] (dream_world) StdoutLine: {'line': b'-- Up-to-date: /home/tharun/cognipilot/cranium/install/dream_world/share/dream_world/models/gas_station/materials/textures/GasStation_Normal.png\n'}
[0.199744] (dream_world) StdoutLine: {'line': b'-- Up-to-date: /home/tharun/cognipilot/cranium/install/dream_world/share/dream_world/models/gas_station/materials/textures/GasStation_Spec.png\n'}
[0.199822] (dream_world) StdoutLine: {'line': b'-- Up-to-date: /home/tharun/cognipilot/cranium/install/dream_world/share/dream_world/models/gas_station/materials/textures/GasStation_Diffuse.png\n'}
[0.199871] (-) TimerEvent: {}
[0.199970] (dream_world) StdoutLine: {'line': b'-- Up-to-date: /home/tharun/cognipilot/cranium/install/dream_world/share/dream_world/models/gas_station/materials/scripts\n'}
[0.200104] (dream_world) StdoutLine: {'line': b'-- Up-to-date: /home/tharun/cognipilot/cranium/install/dream_world/share/dream_world/models/gas_station/materials/scripts/gas_station.material\n'}
[0.200248] (dream_world) StdoutLine: {'line': b'-- Up-to-date: /home/tharun/cognipilot/cranium/install/dream_world/share/dream_world/models/gas_station/model.sdf\n'}
[0.200310] (dream_world) StdoutLine: {'line': b'-- Up-to-date: /home/tharun/cognipilot/cranium/install/dream_world/share/dream_world/models/gas_station/model-1_4.sdf\n'}
[0.200365] (dream_world) StdoutLine: {'line': b'-- Up-to-date: /home/tharun/cognipilot/cranium/install/dream_world/share/dream_world/models/gas_station/model.config\n'}
[0.200418] (dream_world) StdoutLine: {'line': b'-- Up-to-date: /home/tharun/cognipilot/cranium/install/dream_world/share/dream_world/models/Hospital_sign_board_3\n'}
[0.200502] (dream_world) StdoutLine: {'line': b'-- Up-to-date: /home/tharun/cognipilot/cranium/install/dream_world/share/dream_world/models/Hospital_sign_board_3/materials\n'}
[0.200556] (dream_world) StdoutLine: {'line': b'-- Up-to-date: /home/tharun/cognipilot/cranium/install/dream_world/share/dream_world/models/Hospital_sign_board_3/materials/textures\n'}
[0.200612] (dream_world) StdoutLine: {'line': b'-- Up-to-date: /home/tharun/cognipilot/cranium/install/dream_world/share/dream_world/models/Hospital_sign_board_3/materials/textures/qr_code_h3.png\n'}
[0.200662] (dream_world) StdoutLine: {'line': b'-- Up-to-date: /home/tharun/cognipilot/cranium/install/dream_world/share/dream_world/models/Hospital_sign_board_3/materials/scripts\n'}
[0.200731] (dream_world) StdoutLine: {'line': b'-- Up-to-date: /home/tharun/cognipilot/cranium/install/dream_world/share/dream_world/models/Hospital_sign_board_3/materials/scripts/finish_line.material\n'}
[0.200821] (dream_world) StdoutLine: {'line': b'-- Up-to-date: /home/tharun/cognipilot/cranium/install/dream_world/share/dream_world/models/Hospital_sign_board_3/model.sdf\n'}
[0.200879] (dream_world) StdoutLine: {'line': b'-- Up-to-date: /home/tharun/cognipilot/cranium/install/dream_world/share/dream_world/models/Hospital_sign_board_3/model.config\n'}
[0.200927] (dream_world) StdoutLine: {'line': b'-- Up-to-date: /home/tharun/cognipilot/cranium/install/dream_world/share/dream_world/models/nxp_logo\n'}
[0.200997] (dream_world) StdoutLine: {'line': b'-- Up-to-date: /home/tharun/cognipilot/cranium/install/dream_world/share/dream_world/models/nxp_logo/materials\n'}
[0.201112] (dream_world) StdoutLine: {'line': b'-- Up-to-date: /home/tharun/cognipilot/cranium/install/dream_world/share/dream_world/models/nxp_logo/materials/textures\n'}
[0.201180] (dream_world) StdoutLine: {'line': b'-- Up-to-date: /home/tharun/cognipilot/cranium/install/dream_world/share/dream_world/models/nxp_logo/materials/textures/nxp_logo.PNG\n'}
[0.201248] (dream_world) StdoutLine: {'line': b'-- Up-to-date: /home/tharun/cognipilot/cranium/install/dream_world/share/dream_world/models/nxp_logo/materials/scripts\n'}
[0.201314] (dream_world) StdoutLine: {'line': b'-- Up-to-date: /home/tharun/cognipilot/cranium/install/dream_world/share/dream_world/models/nxp_logo/materials/scripts/finish_line.material\n'}
[0.201394] (dream_world) StdoutLine: {'line': b'-- Up-to-date: /home/tharun/cognipilot/cranium/install/dream_world/share/dream_world/models/nxp_logo/model.sdf\n'}
[0.201447] (dream_world) StdoutLine: {'line': b'-- Up-to-date: /home/tharun/cognipilot/cranium/install/dream_world/share/dream_world/models/nxp_logo/model.config\n'}
[0.201495] (dream_world) StdoutLine: {'line': b'-- Up-to-date: /home/tharun/cognipilot/cranium/install/dream_world/share/dream_world/models/sign_board_2\n'}
[0.201542] (dream_world) StdoutLine: {'line': b'-- Up-to-date: /home/tharun/cognipilot/cranium/install/dream_world/share/dream_world/models/sign_board_2/materials\n'}
[0.201608] (dream_world) StdoutLine: {'line': b'-- Up-to-date: /home/tharun/cognipilot/cranium/install/dream_world/share/dream_world/models/sign_board_2/materials/textures\n'}
[0.201697] (dream_world) StdoutLine: {'line': b'-- Up-to-date: /home/tharun/cognipilot/cranium/install/dream_world/share/dream_world/models/sign_board_2/materials/textures/sb_back_2.png\n'}
[0.201746] (dream_world) StdoutLine: {'line': b'-- Up-to-date: /home/tharun/cognipilot/cranium/install/dream_world/share/dream_world/models/sign_board_2/materials/textures/sb_front_2.png\n'}
[0.201795] (dream_world) StdoutLine: {'line': b'-- Up-to-date: /home/tharun/cognipilot/cranium/install/dream_world/share/dream_world/models/sign_board_2/materials/scripts\n'}
[0.201861] (dream_world) StdoutLine: {'line': b'-- Up-to-date: /home/tharun/cognipilot/cranium/install/dream_world/share/dream_world/models/sign_board_2/materials/scripts/finish_line.material\n'}
[0.201909] (dream_world) StdoutLine: {'line': b'-- Up-to-date: /home/tharun/cognipilot/cranium/install/dream_world/share/dream_world/models/sign_board_2/model.sdf\n'}
[0.201955] (dream_world) StdoutLine: {'line': b'-- Up-to-date: /home/tharun/cognipilot/cranium/install/dream_world/share/dream_world/models/sign_board_2/model.config\n'}
[0.201999] (dream_world) StdoutLine: {'line': b'-- Up-to-date: /home/tharun/cognipilot/cranium/install/dream_world/share/dream_world/models/sign_board_7\n'}
[0.202048] (dream_world) StdoutLine: {'line': b'-- Up-to-date: /home/tharun/cognipilot/cranium/install/dream_world/share/dream_world/models/sign_board_7/materials\n'}
[0.202115] (dream_world) StdoutLine: {'line': b'-- Up-to-date: /home/tharun/cognipilot/cranium/install/dream_world/share/dream_world/models/sign_board_7/materials/textures\n'}
[0.202184] (dream_world) StdoutLine: {'line': b'-- Up-to-date: /home/tharun/cognipilot/cranium/install/dream_world/share/dream_world/models/sign_board_7/materials/textures/sb_back_7.png\n'}
[0.202262] (dream_world) StdoutLine: {'line': b'-- Up-to-date: /home/tharun/cognipilot/cranium/install/dream_world/share/dream_world/models/sign_board_7/materials/textures/sb_front_7.png\n'}
[0.202309] (dream_world) StdoutLine: {'line': b'-- Up-to-date: /home/tharun/cognipilot/cranium/install/dream_world/share/dream_world/models/sign_board_7/materials/scripts\n'}
[0.202386] (dream_world) StdoutLine: {'line': b'-- Up-to-date: /home/tharun/cognipilot/cranium/install/dream_world/share/dream_world/models/sign_board_7/materials/scripts/finish_line.material\n'}
[0.202458] (dream_world) StdoutLine: {'line': b'-- Up-to-date: /home/tharun/cognipilot/cranium/install/dream_world/share/dream_world/models/sign_board_7/model.sdf\n'}
[0.202526] (dream_world) StdoutLine: {'line': b'-- Up-to-date: /home/tharun/cognipilot/cranium/install/dream_world/share/dream_world/models/sign_board_7/model.config\n'}
[0.202573] (dream_world) StdoutLine: {'line': b'-- Up-to-date: /home/tharun/cognipilot/cranium/install/dream_world/share/dream_world/models/car_blue\n'}
[0.202620] (dream_world) StdoutLine: {'line': b'-- Up-to-date: /home/tharun/cognipilot/cranium/install/dream_world/share/dream_world/models/car_blue/meshes\n'}
[0.202687] (dream_world) StdoutLine: {'line': b'-- Up-to-date: /home/tharun/cognipilot/cranium/install/dream_world/share/dream_world/models/car_blue/meshes/hatchback.obj\n'}
[0.202773] (dream_world) StdoutLine: {'line': b'-- Up-to-date: /home/tharun/cognipilot/cranium/install/dream_world/share/dream_world/models/car_blue/meshes/hatchback.mtl\n'}
[0.202840] (dream_world) StdoutLine: {'line': b'-- Up-to-date: /home/tharun/cognipilot/cranium/install/dream_world/share/dream_world/models/car_blue/materials\n'}
[0.202889] (dream_world) StdoutLine: {'line': b'-- Up-to-date: /home/tharun/cognipilot/cranium/install/dream_world/share/dream_world/models/car_blue/materials/textures\n'}
[0.202929] (dream_world) StdoutLine: {'line': b'-- Up-to-date: /home/tharun/cognipilot/cranium/install/dream_world/share/dream_world/models/car_blue/materials/textures/hatchback.png\n'}
[0.202974] (dream_world) StdoutLine: {'line': b'-- Up-to-date: /home/tharun/cognipilot/cranium/install/dream_world/share/dream_world/models/car_blue/model.sdf\n'}
[0.203018] (dream_world) StdoutLine: {'line': b'-- Up-to-date: /home/tharun/cognipilot/cranium/install/dream_world/share/dream_world/models/car_blue/model.config\n'}
[0.203077] (dream_world) StdoutLine: {'line': b'-- Up-to-date: /home/tharun/cognipilot/cranium/install/dream_world/share/dream_world/models/Ambulance\n'}
[0.203129] (dream_world) StdoutLine: {'line': b'-- Up-to-date: /home/tharun/cognipilot/cranium/install/dream_world/share/dream_world/models/Ambulance/thumbnails\n'}
[0.203171] (dream_world) StdoutLine: {'line': b'-- Up-to-date: /home/tharun/cognipilot/cranium/install/dream_world/share/dream_world/models/Ambulance/thumbnails/5.png\n'}
[0.203234] (dream_world) StdoutLine: {'line': b'-- Up-to-date: /home/tharun/cognipilot/cranium/install/dream_world/share/dream_world/models/Ambulance/thumbnails/4.png\n'}
[0.203314] (dream_world) StdoutLine: {'line': b'-- Up-to-date: /home/tharun/cognipilot/cranium/install/dream_world/share/dream_world/models/Ambulance/thumbnails/3.png\n'}
[0.203360] (dream_world) StdoutLine: {'line': b'-- Up-to-date: /home/tharun/cognipilot/cranium/install/dream_world/share/dream_world/models/Ambulance/thumbnails/1.png\n'}
[0.203401] (dream_world) StdoutLine: {'line': b'-- Up-to-date: /home/tharun/cognipilot/cranium/install/dream_world/share/dream_world/models/Ambulance/thumbnails/2.png\n'}
[0.203446] (dream_world) StdoutLine: {'line': b'-- Up-to-date: /home/tharun/cognipilot/cranium/install/dream_world/share/dream_world/models/Ambulance/meshes\n'}
[0.203508] (dream_world) StdoutLine: {'line': b'-- Up-to-date: /home/tharun/cognipilot/cranium/install/dream_world/share/dream_world/models/Ambulance/meshes/ambulance.mtl\n'}
[0.203576] (dream_world) StdoutLine: {'line': b'-- Up-to-date: /home/tharun/cognipilot/cranium/install/dream_world/share/dream_world/models/Ambulance/meshes/ambulance.obj\n'}
[0.203620] (dream_world) StdoutLine: {'line': b'-- Up-to-date: /home/tharun/cognipilot/cranium/install/dream_world/share/dream_world/models/Ambulance/materials\n'}
[0.203684] (dream_world) StdoutLine: {'line': b'-- Up-to-date: /home/tharun/cognipilot/cranium/install/dream_world/share/dream_world/models/Ambulance/materials/textures\n'}
[0.203788] (dream_world) StdoutLine: {'line': b'-- Up-to-date: /home/tharun/cognipilot/cranium/install/dream_world/share/dream_world/models/Ambulance/materials/textures/ambulance.png\n'}
[0.203854] (dream_world) StdoutLine: {'line': b'-- Up-to-date: /home/tharun/cognipilot/cranium/install/dream_world/share/dream_world/models/Ambulance/model.sdf\n'}
[0.203917] (dream_world) StdoutLine: {'line': b'-- Up-to-date: /home/tharun/cognipilot/cranium/install/dream_world/share/dream_world/models/Ambulance/model.config\n'}
[0.203989] (dream_world) StdoutLine: {'line': b'-- Up-to-date: /home/tharun/cognipilot/cranium/install/dream_world/share/dream_world/models/Ambulance/metadata.pbtxt\n'}
[0.204035] (dream_world) StdoutLine: {'line': b'-- Up-to-date: /home/tharun/cognipilot/cranium/install/dream_world/share/dream_world/models/sign_board_8\n'}
[0.204098] (dream_world) StdoutLine: {'line': b'-- Up-to-date: /home/tharun/cognipilot/cranium/install/dream_world/share/dream_world/models/sign_board_8/materials\n'}
[0.204217] (dream_world) StdoutLine: {'line': b'-- Up-to-date: /home/tharun/cognipilot/cranium/install/dream_world/share/dream_world/models/sign_board_8/materials/textures\n'}
[0.204279] (dream_world) StdoutLine: {'line': b'-- Up-to-date: /home/tharun/cognipilot/cranium/install/dream_world/share/dream_world/models/sign_board_8/materials/textures/sb_front_8.png\n'}
[0.204341] (dream_world) StdoutLine: {'line': b'-- Up-to-date: /home/tharun/cognipilot/cranium/install/dream_world/share/dream_world/models/sign_board_8/materials/textures/sb_back_8.png\n'}
[0.204403] (dream_world) StdoutLine: {'line': b'-- Up-to-date: /home/tharun/cognipilot/cranium/install/dream_world/share/dream_world/models/sign_board_8/materials/scripts\n'}
[0.204469] (dream_world) StdoutLine: {'line': b'-- Up-to-date: /home/tharun/cognipilot/cranium/install/dream_world/share/dream_world/models/sign_board_8/materials/scripts/finish_line.material\n'}
[0.204516] (dream_world) StdoutLine: {'line': b'-- Up-to-date: /home/tharun/cognipilot/cranium/install/dream_world/share/dream_world/models/sign_board_8/model.sdf\n'}
[0.204561] (dream_world) StdoutLine: {'line': b'-- Up-to-date: /home/tharun/cognipilot/cranium/install/dream_world/share/dream_world/models/sign_board_8/model.config\n'}
[0.204603] (dream_world) StdoutLine: {'line': b'-- Up-to-date: /home/tharun/cognipilot/cranium/install/dream_world/share/dream_world/models/oak_tree_mini\n'}
[0.204665] (dream_world) StdoutLine: {'line': b'-- Up-to-date: /home/tharun/cognipilot/cranium/install/dream_world/share/dream_world/models/oak_tree_mini/meshes\n'}
[0.204747] (dream_world) StdoutLine: {'line': b'-- Up-to-date: /home/tharun/cognipilot/cranium/install/dream_world/share/dream_world/models/oak_tree_mini/meshes/oak_tree.dae\n'}
[0.204794] (dream_world) StdoutLine: {'line': b'-- Up-to-date: /home/tharun/cognipilot/cranium/install/dream_world/share/dream_world/models/oak_tree_mini/materials\n'}
[0.204867] (dream_world) StdoutLine: {'line': b'-- Up-to-date: /home/tharun/cognipilot/cranium/install/dream_world/share/dream_world/models/oak_tree_mini/materials/textures\n'}
[0.204907] (dream_world) StdoutLine: {'line': b'-- Up-to-date: /home/tharun/cognipilot/cranium/install/dream_world/share/dream_world/models/oak_tree_mini/materials/textures/bark_diffuse.png\n'}
[0.204947] (dream_world) StdoutLine: {'line': b'-- Up-to-date: /home/tharun/cognipilot/cranium/install/dream_world/share/dream_world/models/oak_tree_mini/materials/textures/branch_diffuse.png\n'}
[0.204987] (dream_world) StdoutLine: {'line': b'-- Up-to-date: /home/tharun/cognipilot/cranium/install/dream_world/share/dream_world/models/oak_tree_mini/materials/scripts\n'}
[0.205032] (dream_world) StdoutLine: {'line': b'-- Up-to-date: /home/tharun/cognipilot/cranium/install/dream_world/share/dream_world/models/oak_tree_mini/materials/scripts/oak_tree.material\n'}
[0.205092] (dream_world) StdoutLine: {'line': b'-- Up-to-date: /home/tharun/cognipilot/cranium/install/dream_world/share/dream_world/models/oak_tree_mini/materials/scripts/caster_fp.glsl\n'}
[0.205132] (dream_world) StdoutLine: {'line': b'-- Up-to-date: /home/tharun/cognipilot/cranium/install/dream_world/share/dream_world/models/oak_tree_mini/materials/scripts/caster_vp.glsl\n'}
[0.205174] (dream_world) StdoutLine: {'line': b'-- Up-to-date: /home/tharun/cognipilot/cranium/install/dream_world/share/dream_world/models/oak_tree_mini/model.sdf\n'}
[0.205216] (dream_world) StdoutLine: {'line': b'-- Up-to-date: /home/tharun/cognipilot/cranium/install/dream_world/share/dream_world/models/oak_tree_mini/model.config\n'}
[0.205259] (dream_world) StdoutLine: {'line': b'-- Up-to-date: /home/tharun/cognipilot/cranium/install/dream_world/share/dream_world/models/Hospital_sign_board_1\n'}
[0.205300] (dream_world) StdoutLine: {'line': b'-- Up-to-date: /home/tharun/cognipilot/cranium/install/dream_world/share/dream_world/models/Hospital_sign_board_1/materials\n'}
[0.205359] (dream_world) StdoutLine: {'line': b'-- Up-to-date: /home/tharun/cognipilot/cranium/install/dream_world/share/dream_world/models/Hospital_sign_board_1/materials/textures\n'}
[0.205440] (dream_world) StdoutLine: {'line': b'-- Up-to-date: /home/tharun/cognipilot/cranium/install/dream_world/share/dream_world/models/Hospital_sign_board_1/materials/textures/qr_code_h1.png\n'}
[0.205486] (dream_world) StdoutLine: {'line': b'-- Up-to-date: /home/tharun/cognipilot/cranium/install/dream_world/share/dream_world/models/Hospital_sign_board_1/materials/scripts\n'}
[0.205525] (dream_world) StdoutLine: {'line': b'-- Up-to-date: /home/tharun/cognipilot/cranium/install/dream_world/share/dream_world/models/Hospital_sign_board_1/materials/scripts/finish_line.material\n'}
[0.205564] (dream_world) StdoutLine: {'line': b'-- Up-to-date: /home/tharun/cognipilot/cranium/install/dream_world/share/dream_world/models/Hospital_sign_board_1/model.sdf\n'}
[0.205605] (dream_world) StdoutLine: {'line': b'-- Up-to-date: /home/tharun/cognipilot/cranium/install/dream_world/share/dream_world/models/Hospital_sign_board_1/model.config\n'}
[0.205650] (dream_world) StdoutLine: {'line': b'-- Up-to-date: /home/tharun/cognipilot/cranium/install/dream_world/share/dream_world/models/lamp_post\n'}
[0.205715] (dream_world) StdoutLine: {'line': b'-- Up-to-date: /home/tharun/cognipilot/cranium/install/dream_world/share/dream_world/models/lamp_post/meshes\n'}
[0.205772] (dream_world) StdoutLine: {'line': b'-- Up-to-date: /home/tharun/cognipilot/cranium/install/dream_world/share/dream_world/models/lamp_post/meshes/lamp_post.dae\n'}
[0.205836] (dream_world) StdoutLine: {'line': b'-- Up-to-date: /home/tharun/cognipilot/cranium/install/dream_world/share/dream_world/models/lamp_post/model-1_3.sdf\n'}
[0.206137] (dream_world) StdoutLine: {'line': b'-- Up-to-date: /home/tharun/cognipilot/cranium/install/dream_world/share/dream_world/models/lamp_post/materials\n'}
[0.206385] (dream_world) StdoutLine: {'line': b'-- Up-to-date: /home/tharun/cognipilot/cranium/install/dream_world/share/dream_world/models/lamp_post/materials/textures\n'}
[0.206835] (dream_world) StdoutLine: {'line': b'-- Up-to-date: /home/tharun/cognipilot/cranium/install/dream_world/share/dream_world/models/lamp_post/materials/textures/Lamp_Post_Emissive.png\n'}
[0.206973] (dream_world) StdoutLine: {'line': b'-- Up-to-date: /home/tharun/cognipilot/cranium/install/dream_world/share/dream_world/models/lamp_post/materials/textures/Lamp_Post_Diffuse.png\n'}
[0.207048] (dream_world) StdoutLine: {'line': b'-- Up-to-date: /home/tharun/cognipilot/cranium/install/dream_world/share/dream_world/models/lamp_post/materials/textures/Lamp_Post_Spec.png\n'}
[0.207116] (dream_world) StdoutLine: {'line': b'-- Up-to-date: /home/tharun/cognipilot/cranium/install/dream_world/share/dream_world/models/lamp_post/model.sdf\n'}
[0.207246] (dream_world) StdoutLine: {'line': b'-- Up-to-date: /home/tharun/cognipilot/cranium/install/dream_world/share/dream_world/models/lamp_post/model-1_4.sdf\n'}
[0.207315] (dream_world) StdoutLine: {'line': b'-- Up-to-date: /home/tharun/cognipilot/cranium/install/dream_world/share/dream_world/models/lamp_post/model.config\n'}
[0.207380] (dream_world) StdoutLine: {'line': b'-- Up-to-date: /home/tharun/cognipilot/cranium/install/dream_world/share/dream_world/models/apartment\n'}
[0.207448] (dream_world) StdoutLine: {'line': b'-- Up-to-date: /home/tharun/cognipilot/cranium/install/dream_world/share/dream_world/models/apartment/meshes\n'}
[0.207526] (dream_world) StdoutLine: {'line': b'-- Up-to-date: /home/tharun/cognipilot/cranium/install/dream_world/share/dream_world/models/apartment/meshes/apartment.dae\n'}
[0.207628] (dream_world) StdoutLine: {'line': b'-- Up-to-date: /home/tharun/cognipilot/cranium/install/dream_world/share/dream_world/models/apartment/materials\n'}
[0.207730] (dream_world) StdoutLine: {'line': b'-- Up-to-date: /home/tharun/cognipilot/cranium/install/dream_world/share/dream_world/models/apartment/materials/textures\n'}
[0.207930] (dream_world) StdoutLine: {'line': b'-- Up-to-date: /home/tharun/cognipilot/cranium/install/dream_world/share/dream_world/models/apartment/materials/textures/apartment_diffuse.jpg\n'}
[0.208049] (dream_world) StdoutLine: {'line': b'-- Up-to-date: /home/tharun/cognipilot/cranium/install/dream_world/share/dream_world/models/apartment/materials/textures/apartment_spec.jpg\n'}
[0.208255] (dream_world) StdoutLine: {'line': b'-- Up-to-date: /home/tharun/cognipilot/cranium/install/dream_world/share/dream_world/models/apartment/model.sdf\n'}
[0.208331] (dream_world) StdoutLine: {'line': b'-- Up-to-date: /home/tharun/cognipilot/cranium/install/dream_world/share/dream_world/models/apartment/model.config\n'}
[0.208488] (dream_world) StdoutLine: {'line': b'-- Up-to-date: /home/tharun/cognipilot/cranium/install/dream_world/share/dream_world/models/Hospital_sign_board_2\n'}
[0.208613] (dream_world) StdoutLine: {'line': b'-- Up-to-date: /home/tharun/cognipilot/cranium/install/dream_world/share/dream_world/models/Hospital_sign_board_2/materials\n'}
[0.208702] (dream_world) StdoutLine: {'line': b'-- Up-to-date: /home/tharun/cognipilot/cranium/install/dream_world/share/dream_world/models/Hospital_sign_board_2/materials/textures\n'}
[0.208774] (dream_world) StdoutLine: {'line': b'-- Up-to-date: /home/tharun/cognipilot/cranium/install/dream_world/share/dream_world/models/Hospital_sign_board_2/materials/textures/qr_code_h2.png\n'}
[0.208950] (dream_world) StdoutLine: {'line': b'-- Up-to-date: /home/tharun/cognipilot/cranium/install/dream_world/share/dream_world/models/Hospital_sign_board_2/materials/scripts\n'}
[0.209095] (dream_world) StdoutLine: {'line': b'-- Up-to-date: /home/tharun/cognipilot/cranium/install/dream_world/share/dream_world/models/Hospital_sign_board_2/materials/scripts/finish_line.material\n'}
[0.209165] (dream_world) StdoutLine: {'line': b'-- Up-to-date: /home/tharun/cognipilot/cranium/install/dream_world/share/dream_world/models/Hospital_sign_board_2/model.sdf\n'}
[0.209235] (dream_world) StdoutLine: {'line': b'-- Up-to-date: /home/tharun/cognipilot/cranium/install/dream_world/share/dream_world/models/Hospital_sign_board_2/model.config\n'}
[0.209303] (dream_world) StdoutLine: {'line': b'-- Up-to-date: /home/tharun/cognipilot/cranium/install/dream_world/share/dream_world/models/TrolleyBedPatient\n'}
[0.209371] (dream_world) StdoutLine: {'line': b'-- Up-to-date: /home/tharun/cognipilot/cranium/install/dream_world/share/dream_world/models/TrolleyBedPatient/thumbnails\n'}
[0.209442] (dream_world) StdoutLine: {'line': b'-- Up-to-date: /home/tharun/cognipilot/cranium/install/dream_world/share/dream_world/models/TrolleyBedPatient/thumbnails/5.png\n'}
[0.209510] (dream_world) StdoutLine: {'line': b'-- Up-to-date: /home/tharun/cognipilot/cranium/install/dream_world/share/dream_world/models/TrolleyBedPatient/thumbnails/4.png\n'}
[0.209581] (dream_world) StdoutLine: {'line': b'-- Up-to-date: /home/tharun/cognipilot/cranium/install/dream_world/share/dream_world/models/TrolleyBedPatient/thumbnails/3.png\n'}
[0.209647] (dream_world) StdoutLine: {'line': b'-- Up-to-date: /home/tharun/cognipilot/cranium/install/dream_world/share/dream_world/models/TrolleyBedPatient/thumbnails/1.png\n'}
[0.209714] (dream_world) StdoutLine: {'line': b'-- Up-to-date: /home/tharun/cognipilot/cranium/install/dream_world/share/dream_world/models/TrolleyBedPatient/thumbnails/2.png\n'}
[0.209780] (dream_world) StdoutLine: {'line': b'-- Up-to-date: /home/tharun/cognipilot/cranium/install/dream_world/share/dream_world/models/TrolleyBedPatient/meshes\n'}
[0.209899] (dream_world) StdoutLine: {'line': b'-- Up-to-date: /home/tharun/cognipilot/cranium/install/dream_world/share/dream_world/models/TrolleyBedPatient/meshes/TrolleyBedPatient.obj\n'}
[0.209971] (dream_world) StdoutLine: {'line': b'-- Up-to-date: /home/tharun/cognipilot/cranium/install/dream_world/share/dream_world/models/TrolleyBedPatient/meshes/PatientF.png\n'}
[0.210041] (dream_world) StdoutLine: {'line': b'-- Up-to-date: /home/tharun/cognipilot/cranium/install/dream_world/share/dream_world/models/TrolleyBedPatient/meshes/TrolleyBedPatient.mtl\n'}
[0.210106] (dream_world) StdoutLine: {'line': b'-- Up-to-date: /home/tharun/cognipilot/cranium/install/dream_world/share/dream_world/models/TrolleyBedPatient/meshes/TrolleyBed_Diffuse.png\n'}
[0.210175] (dream_world) StdoutLine: {'line': b'-- Up-to-date: /home/tharun/cognipilot/cranium/install/dream_world/share/dream_world/models/TrolleyBedPatient/model.sdf\n'}
[0.210322] (dream_world) StdoutLine: {'line': b'-- Up-to-date: /home/tharun/cognipilot/cranium/install/dream_world/share/dream_world/models/TrolleyBedPatient/model.config\n'}
[0.210398] (dream_world) StdoutLine: {'line': b'-- Up-to-date: /home/tharun/cognipilot/cranium/install/dream_world/share/dream_world/models/some_office\n'}
[0.210471] (dream_world) StdoutLine: {'line': b'-- Up-to-date: /home/tharun/cognipilot/cranium/install/dream_world/share/dream_world/models/some_office/thumbnails\n'}
[0.210544] (dream_world) StdoutLine: {'line': b'-- Up-to-date: /home/tharun/cognipilot/cranium/install/dream_world/share/dream_world/models/some_office/thumbnails/5.png\n'}
[0.210618] (dream_world) StdoutLine: {'line': b'-- Up-to-date: /home/tharun/cognipilot/cranium/install/dream_world/share/dream_world/models/some_office/thumbnails/4.png\n'}
[0.210692] (dream_world) StdoutLine: {'line': b'-- Up-to-date: /home/tharun/cognipilot/cranium/install/dream_world/share/dream_world/models/some_office/thumbnails/3.png\n'}
[0.210765] (dream_world) StdoutLine: {'line': b'-- Up-to-date: /home/tharun/cognipilot/cranium/install/dream_world/share/dream_world/models/some_office/thumbnails/1.png\n'}
[0.210849] (dream_world) StdoutLine: {'line': b'-- Up-to-date: /home/tharun/cognipilot/cranium/install/dream_world/share/dream_world/models/some_office/thumbnails/2.png\n'}
[0.210925] (dream_world) StdoutLine: {'line': b'-- Up-to-date: /home/tharun/cognipilot/cranium/install/dream_world/share/dream_world/models/some_office/meshes\n'}
[0.211001] (dream_world) StdoutLine: {'line': b'-- Up-to-date: /home/tharun/cognipilot/cranium/install/dream_world/share/dream_world/models/some_office/meshes/osrf_first_office.dae\n'}
[0.211078] (dream_world) StdoutLine: {'line': b'-- Up-to-date: /home/tharun/cognipilot/cranium/install/dream_world/share/dream_world/models/some_office/materials\n'}
[0.211152] (dream_world) StdoutLine: {'line': b'-- Up-to-date: /home/tharun/cognipilot/cranium/install/dream_world/share/dream_world/models/some_office/materials/textures\n'}
[0.211310] (dream_world) StdoutLine: {'line': b'-- Up-to-date: /home/tharun/cognipilot/cranium/install/dream_world/share/dream_world/models/some_office/materials/textures/osrf_first_office_spec.jpg\n'}
[0.211387] (dream_world) StdoutLine: {'line': b'-- Up-to-date: /home/tharun/cognipilot/cranium/install/dream_world/share/dream_world/models/some_office/materials/textures/osrf_first_office_diffuse.jpg\n'}
[0.211462] (dream_world) StdoutLine: {'line': b'-- Up-to-date: /home/tharun/cognipilot/cranium/install/dream_world/share/dream_world/models/some_office/model.sdf\n'}
[0.211607] (dream_world) StdoutLine: {'line': b'-- Up-to-date: /home/tharun/cognipilot/cranium/install/dream_world/share/dream_world/models/some_office/model.config\n'}
[0.211643] (dream_world) StdoutLine: {'line': b'-- Up-to-date: /home/tharun/cognipilot/cranium/install/dream_world/share/dream_world/models/Parking_Lot\n'}
[0.211677] (dream_world) StdoutLine: {'line': b'-- Up-to-date: /home/tharun/cognipilot/cranium/install/dream_world/share/dream_world/models/Parking_Lot/meshes\n'}
[0.211708] (dream_world) StdoutLine: {'line': b'-- Up-to-date: /home/tharun/cognipilot/cranium/install/dream_world/share/dream_world/models/Parking_Lot/meshes/Parking_Lot.obj\n'}
[0.211742] (dream_world) StdoutLine: {'line': b'-- Up-to-date: /home/tharun/cognipilot/cranium/install/dream_world/share/dream_world/models/Parking_Lot/meshes/Parking_Lot.mtl\n'}
[0.211776] (dream_world) StdoutLine: {'line': b'-- Up-to-date: /home/tharun/cognipilot/cranium/install/dream_world/share/dream_world/models/Parking_Lot/model.sdf\n'}
[0.211813] (dream_world) StdoutLine: {'line': b'-- Up-to-date: /home/tharun/cognipilot/cranium/install/dream_world/share/dream_world/models/Parking_Lot/model.config\n'}
[0.211845] (dream_world) StdoutLine: {'line': b'-- Up-to-date: /home/tharun/cognipilot/cranium/install/dream_world/share/dream_world/models/fast_food\n'}
[0.211878] (dream_world) StdoutLine: {'line': b'-- Up-to-date: /home/tharun/cognipilot/cranium/install/dream_world/share/dream_world/models/fast_food/meshes\n'}
[0.211912] (dream_world) StdoutLine: {'line': b'-- Up-to-date: /home/tharun/cognipilot/cranium/install/dream_world/share/dream_world/models/fast_food/meshes/fast_food.dae\n'}
[0.211942] (dream_world) StdoutLine: {'line': b'-- Up-to-date: /home/tharun/cognipilot/cranium/install/dream_world/share/dream_world/models/fast_food/model-1_3.sdf\n'}
[0.211973] (dream_world) StdoutLine: {'line': b'-- Up-to-date: /home/tharun/cognipilot/cranium/install/dream_world/share/dream_world/models/fast_food/materials\n'}
[0.212006] (dream_world) StdoutLine: {'line': b'-- Up-to-date: /home/tharun/cognipilot/cranium/install/dream_world/share/dream_world/models/fast_food/materials/textures\n'}
[0.212036] (dream_world) StdoutLine: {'line': b'-- Up-to-date: /home/tharun/cognipilot/cranium/install/dream_world/share/dream_world/models/fast_food/materials/textures/FastFood_Normal.png\n'}
[0.212068] (dream_world) StdoutLine: {'line': b'-- Up-to-date: /home/tharun/cognipilot/cranium/install/dream_world/share/dream_world/models/fast_food/materials/textures/FastFood_Diffuse.png\n'}
[0.212098] (dream_world) StdoutLine: {'line': b'-- Up-to-date: /home/tharun/cognipilot/cranium/install/dream_world/share/dream_world/models/fast_food/materials/textures/FastFood_Spec.png\n'}
[0.212129] (dream_world) StdoutLine: {'line': b'-- Up-to-date: /home/tharun/cognipilot/cranium/install/dream_world/share/dream_world/models/fast_food/materials/scripts\n'}
[0.212163] (dream_world) StdoutLine: {'line': b'-- Up-to-date: /home/tharun/cognipilot/cranium/install/dream_world/share/dream_world/models/fast_food/materials/scripts/fast_food.material\n'}
[0.212194] (dream_world) StdoutLine: {'line': b'-- Up-to-date: /home/tharun/cognipilot/cranium/install/dream_world/share/dream_world/models/fast_food/model.sdf\n'}
[0.212226] (dream_world) StdoutLine: {'line': b'-- Up-to-date: /home/tharun/cognipilot/cranium/install/dream_world/share/dream_world/models/fast_food/model-1_4.sdf\n'}
[0.212257] (dream_world) StdoutLine: {'line': b'-- Up-to-date: /home/tharun/cognipilot/cranium/install/dream_world/share/dream_world/models/fast_food/model.config\n'}
[0.212287] (dream_world) StdoutLine: {'line': b'-- Up-to-date: /home/tharun/cognipilot/cranium/install/dream_world/share/dream_world/models/sign_board_4\n'}
[0.212318] (dream_world) StdoutLine: {'line': b'-- Up-to-date: /home/tharun/cognipilot/cranium/install/dream_world/share/dream_world/models/sign_board_4/materials\n'}
[0.212349] (dream_world) StdoutLine: {'line': b'-- Up-to-date: /home/tharun/cognipilot/cranium/install/dream_world/share/dream_world/models/sign_board_4/materials/textures\n'}
[0.212381] (dream_world) StdoutLine: {'line': b'-- Up-to-date: /home/tharun/cognipilot/cranium/install/dream_world/share/dream_world/models/sign_board_4/materials/textures/sb_front_4.png\n'}
[0.212412] (dream_world) StdoutLine: {'line': b'-- Up-to-date: /home/tharun/cognipilot/cranium/install/dream_world/share/dream_world/models/sign_board_4/materials/textures/sb_back_4.png\n'}
[0.212443] (dream_world) StdoutLine: {'line': b'-- Up-to-date: /home/tharun/cognipilot/cranium/install/dream_world/share/dream_world/models/sign_board_4/materials/scripts\n'}
[0.212474] (dream_world) StdoutLine: {'line': b'-- Up-to-date: /home/tharun/cognipilot/cranium/install/dream_world/share/dream_world/models/sign_board_4/materials/scripts/finish_line.material\n'}
[0.212505] (dream_world) StdoutLine: {'line': b'-- Up-to-date: /home/tharun/cognipilot/cranium/install/dream_world/share/dream_world/models/sign_board_4/model.sdf\n'}
[0.212536] (dream_world) StdoutLine: {'line': b'-- Up-to-date: /home/tharun/cognipilot/cranium/install/dream_world/share/dream_world/models/sign_board_4/model.config\n'}
[0.212626] (dream_world) StdoutLine: {'line': b'-- Up-to-date: /home/tharun/cognipilot/cranium/install/dream_world/share/dream_world/models/Patient_sign_board_1\n'}
[0.212658] (dream_world) StdoutLine: {'line': b'-- Up-to-date: /home/tharun/cognipilot/cranium/install/dream_world/share/dream_world/models/Patient_sign_board_1/materials\n'}
[0.212692] (dream_world) StdoutLine: {'line': b'-- Up-to-date: /home/tharun/cognipilot/cranium/install/dream_world/share/dream_world/models/Patient_sign_board_1/materials/textures\n'}
[0.212726] (dream_world) StdoutLine: {'line': b'-- Up-to-date: /home/tharun/cognipilot/cranium/install/dream_world/share/dream_world/models/Patient_sign_board_1/materials/textures/qr_code_p1.png\n'}
[0.212757] (dream_world) StdoutLine: {'line': b'-- Up-to-date: /home/tharun/cognipilot/cranium/install/dream_world/share/dream_world/models/Patient_sign_board_1/materials/scripts\n'}
[0.212789] (dream_world) StdoutLine: {'line': b'-- Up-to-date: /home/tharun/cognipilot/cranium/install/dream_world/share/dream_world/models/Patient_sign_board_1/materials/scripts/finish_line.material\n'}
[0.212827] (dream_world) StdoutLine: {'line': b'-- Up-to-date: /home/tharun/cognipilot/cranium/install/dream_world/share/dream_world/models/Patient_sign_board_1/model.sdf\n'}
[0.212859] (dream_world) StdoutLine: {'line': b'-- Up-to-date: /home/tharun/cognipilot/cranium/install/dream_world/share/dream_world/models/Patient_sign_board_1/model.config\n'}
[0.212890] (dream_world) StdoutLine: {'line': b'-- Up-to-date: /home/tharun/cognipilot/cranium/install/dream_world/share/dream_world/models/hatchback_red\n'}
[0.212922] (dream_world) StdoutLine: {'line': b'-- Up-to-date: /home/tharun/cognipilot/cranium/install/dream_world/share/dream_world/models/hatchback_red/thumbnails\n'}
[0.212954] (dream_world) StdoutLine: {'line': b'-- Up-to-date: /home/tharun/cognipilot/cranium/install/dream_world/share/dream_world/models/hatchback_red/thumbnails/5.png\n'}
[0.212984] (dream_world) StdoutLine: {'line': b'-- Up-to-date: /home/tharun/cognipilot/cranium/install/dream_world/share/dream_world/models/hatchback_red/thumbnails/4.png\n'}
[0.213018] (dream_world) StdoutLine: {'line': b'-- Up-to-date: /home/tharun/cognipilot/cranium/install/dream_world/share/dream_world/models/hatchback_red/thumbnails/3.png\n'}
[0.213051] (dream_world) StdoutLine: {'line': b'-- Up-to-date: /home/tharun/cognipilot/cranium/install/dream_world/share/dream_world/models/hatchback_red/thumbnails/1.png\n'}
[0.213083] (dream_world) StdoutLine: {'line': b'-- Up-to-date: /home/tharun/cognipilot/cranium/install/dream_world/share/dream_world/models/hatchback_red/thumbnails/2.png\n'}
[0.213115] (dream_world) StdoutLine: {'line': b'-- Up-to-date: /home/tharun/cognipilot/cranium/install/dream_world/share/dream_world/models/hatchback_red/meshes\n'}
[0.213147] (dream_world) StdoutLine: {'line': b'-- Up-to-date: /home/tharun/cognipilot/cranium/install/dream_world/share/dream_world/models/hatchback_red/meshes/hatchback_red.obj\n'}
[0.213180] (dream_world) StdoutLine: {'line': b'-- Up-to-date: /home/tharun/cognipilot/cranium/install/dream_world/share/dream_world/models/hatchback_red/meshes/hatchback_red.mtl\n'}
[0.213212] (dream_world) StdoutLine: {'line': b'-- Up-to-date: /home/tharun/cognipilot/cranium/install/dream_world/share/dream_world/models/hatchback_red/materials\n'}
[0.213250] (dream_world) StdoutLine: {'line': b'-- Up-to-date: /home/tharun/cognipilot/cranium/install/dream_world/share/dream_world/models/hatchback_red/materials/textures\n'}
[0.213289] (dream_world) StdoutLine: {'line': b'-- Up-to-date: /home/tharun/cognipilot/cranium/install/dream_world/share/dream_world/models/hatchback_red/materials/textures/hatchback_red.png\n'}
[0.213328] (dream_world) StdoutLine: {'line': b'-- Up-to-date: /home/tharun/cognipilot/cranium/install/dream_world/share/dream_world/models/hatchback_red/model.sdf\n'}
[0.213371] (dream_world) StdoutLine: {'line': b'-- Up-to-date: /home/tharun/cognipilot/cranium/install/dream_world/share/dream_world/models/hatchback_red/model.config\n'}
[0.213413] (dream_world) StdoutLine: {'line': b'-- Up-to-date: /home/tharun/cognipilot/cranium/install/dream_world/share/dream_world/models/sign_board_9\n'}
[0.213452] (dream_world) StdoutLine: {'line': b'-- Up-to-date: /home/tharun/cognipilot/cranium/install/dream_world/share/dream_world/models/sign_board_9/materials\n'}
[0.213492] (dream_world) StdoutLine: {'line': b'-- Up-to-date: /home/tharun/cognipilot/cranium/install/dream_world/share/dream_world/models/sign_board_9/materials/textures\n'}
[0.213602] (dream_world) StdoutLine: {'line': b'-- Up-to-date: /home/tharun/cognipilot/cranium/install/dream_world/share/dream_world/models/sign_board_9/materials/textures/sb_back_9.png\n'}
[0.213641] (dream_world) StdoutLine: {'line': b'-- Up-to-date: /home/tharun/cognipilot/cranium/install/dream_world/share/dream_world/models/sign_board_9/materials/textures/sb_front_9.png\n'}
[0.213681] (dream_world) StdoutLine: {'line': b'-- Up-to-date: /home/tharun/cognipilot/cranium/install/dream_world/share/dream_world/models/sign_board_9/materials/scripts\n'}
[0.213721] (dream_world) StdoutLine: {'line': b'-- Up-to-date: /home/tharun/cognipilot/cranium/install/dream_world/share/dream_world/models/sign_board_9/materials/scripts/finish_line.material\n'}
[0.213761] (dream_world) StdoutLine: {'line': b'-- Up-to-date: /home/tharun/cognipilot/cranium/install/dream_world/share/dream_world/models/sign_board_9/model.sdf\n'}
[0.213805] (dream_world) StdoutLine: {'line': b'-- Up-to-date: /home/tharun/cognipilot/cranium/install/dream_world/share/dream_world/models/sign_board_9/model.config\n'}
[0.213848] (dream_world) StdoutLine: {'line': b'-- Up-to-date: /home/tharun/cognipilot/cranium/install/dream_world/share/dream_world/models/sign_board_1\n'}
[0.213891] (dream_world) StdoutLine: {'line': b'-- Up-to-date: /home/tharun/cognipilot/cranium/install/dream_world/share/dream_world/models/sign_board_1/materials\n'}
[0.213930] (dream_world) StdoutLine: {'line': b'-- Up-to-date: /home/tharun/cognipilot/cranium/install/dream_world/share/dream_world/models/sign_board_1/materials/textures\n'}
[0.213971] (dream_world) StdoutLine: {'line': b'-- Up-to-date: /home/tharun/cognipilot/cranium/install/dream_world/share/dream_world/models/sign_board_1/materials/textures/sb_back_1.png\n'}
[0.214010] (dream_world) StdoutLine: {'line': b'-- Up-to-date: /home/tharun/cognipilot/cranium/install/dream_world/share/dream_world/models/sign_board_1/materials/textures/sb_front_1.png\n'}
[0.214049] (dream_world) StdoutLine: {'line': b'-- Up-to-date: /home/tharun/cognipilot/cranium/install/dream_world/share/dream_world/models/sign_board_1/materials/scripts\n'}
[0.214088] (dream_world) StdoutLine: {'line': b'-- Up-to-date: /home/tharun/cognipilot/cranium/install/dream_world/share/dream_world/models/sign_board_1/materials/scripts/finish_line.material\n'}
[0.214126] (dream_world) StdoutLine: {'line': b'-- Up-to-date: /home/tharun/cognipilot/cranium/install/dream_world/share/dream_world/models/sign_board_1/model.sdf\n'}
[0.214165] (dream_world) StdoutLine: {'line': b'-- Up-to-date: /home/tharun/cognipilot/cranium/install/dream_world/share/dream_world/models/sign_board_1/model.config\n'}
[0.214204] (dream_world) StdoutLine: {'line': b'-- Up-to-date: /home/tharun/cognipilot/cranium/install/dream_world/share/dream_world/models/Pine_Tree\n'}
[0.214243] (dream_world) StdoutLine: {'line': b'-- Up-to-date: /home/tharun/cognipilot/cranium/install/dream_world/share/dream_world/models/Pine_Tree/thumbnails\n'}
[0.214283] (dream_world) StdoutLine: {'line': b'-- Up-to-date: /home/tharun/cognipilot/cranium/install/dream_world/share/dream_world/models/Pine_Tree/thumbnails/5.png\n'}
[0.214321] (dream_world) StdoutLine: {'line': b'-- Up-to-date: /home/tharun/cognipilot/cranium/install/dream_world/share/dream_world/models/Pine_Tree/thumbnails/4.png\n'}
[0.214360] (dream_world) StdoutLine: {'line': b'-- Up-to-date: /home/tharun/cognipilot/cranium/install/dream_world/share/dream_world/models/Pine_Tree/thumbnails/3.png\n'}
[0.214400] (dream_world) StdoutLine: {'line': b'-- Up-to-date: /home/tharun/cognipilot/cranium/install/dream_world/share/dream_world/models/Pine_Tree/thumbnails/1.png\n'}
[0.214439] (dream_world) StdoutLine: {'line': b'-- Up-to-date: /home/tharun/cognipilot/cranium/install/dream_world/share/dream_world/models/Pine_Tree/thumbnails/2.png\n'}
[0.214477] (dream_world) StdoutLine: {'line': b'-- Up-to-date: /home/tharun/cognipilot/cranium/install/dream_world/share/dream_world/models/Pine_Tree/meshes\n'}
[0.214518] (dream_world) StdoutLine: {'line': b'-- Up-to-date: /home/tharun/cognipilot/cranium/install/dream_world/share/dream_world/models/Pine_Tree/meshes/pine_tree.dae\n'}
[0.214557] (dream_world) StdoutLine: {'line': b'-- Up-to-date: /home/tharun/cognipilot/cranium/install/dream_world/share/dream_world/models/Pine_Tree/materials\n'}
[0.214597] (dream_world) StdoutLine: {'line': b'-- Up-to-date: /home/tharun/cognipilot/cranium/install/dream_world/share/dream_world/models/Pine_Tree/materials/textures\n'}
[0.214635] (dream_world) StdoutLine: {'line': b'-- Up-to-date: /home/tharun/cognipilot/cranium/install/dream_world/share/dream_world/models/Pine_Tree/materials/textures/branch_2_diffuse.png\n'}
[0.214675] (dream_world) StdoutLine: {'line': b'-- Up-to-date: /home/tharun/cognipilot/cranium/install/dream_world/share/dream_world/models/Pine_Tree/materials/textures/bark_diffuse.png\n'}
[0.214714] (dream_world) StdoutLine: {'line': b'-- Up-to-date: /home/tharun/cognipilot/cranium/install/dream_world/share/dream_world/models/Pine_Tree/materials/scripts\n'}
[0.214752] (dream_world) StdoutLine: {'line': b'-- Up-to-date: /home/tharun/cognipilot/cranium/install/dream_world/share/dream_world/models/Pine_Tree/materials/scripts/pine_tree.material\n'}
[0.214794] (dream_world) StdoutLine: {'line': b'-- Up-to-date: /home/tharun/cognipilot/cranium/install/dream_world/share/dream_world/models/Pine_Tree/materials/scripts/caster_fp.glsl\n'}
[0.214838] (dream_world) StdoutLine: {'line': b'-- Up-to-date: /home/tharun/cognipilot/cranium/install/dream_world/share/dream_world/models/Pine_Tree/materials/scripts/caster_vp.glsl\n'}
[0.214877] (dream_world) StdoutLine: {'line': b'-- Up-to-date: /home/tharun/cognipilot/cranium/install/dream_world/share/dream_world/models/Pine_Tree/model.sdf\n'}
[0.214917] (dream_world) StdoutLine: {'line': b'-- Up-to-date: /home/tharun/cognipilot/cranium/install/dream_world/share/dream_world/models/Pine_Tree/model.config\n'}
[0.214955] (dream_world) StdoutLine: {'line': b'-- Up-to-date: /home/tharun/cognipilot/cranium/install/dream_world/share/dream_world/models/sign_board_10\n'}
[0.214986] (dream_world) StdoutLine: {'line': b'-- Up-to-date: /home/tharun/cognipilot/cranium/install/dream_world/share/dream_world/models/sign_board_10/materials\n'}
[0.215017] (dream_world) StdoutLine: {'line': b'-- Up-to-date: /home/tharun/cognipilot/cranium/install/dream_world/share/dream_world/models/sign_board_10/materials/textures\n'}
[0.215048] (dream_world) StdoutLine: {'line': b'-- Up-to-date: /home/tharun/cognipilot/cranium/install/dream_world/share/dream_world/models/sign_board_10/materials/textures/sb_back_10.png\n'}
[0.215080] (dream_world) StdoutLine: {'line': b'-- Up-to-date: /home/tharun/cognipilot/cranium/install/dream_world/share/dream_world/models/sign_board_10/materials/textures/sb_front_10.png\n'}
[0.215111] (dream_world) StdoutLine: {'line': b'-- Up-to-date: /home/tharun/cognipilot/cranium/install/dream_world/share/dream_world/models/sign_board_10/materials/scripts\n'}
[0.215144] (dream_world) StdoutLine: {'line': b'-- Up-to-date: /home/tharun/cognipilot/cranium/install/dream_world/share/dream_world/models/sign_board_10/materials/scripts/finish_line.material\n'}
[0.215175] (dream_world) StdoutLine: {'line': b'-- Up-to-date: /home/tharun/cognipilot/cranium/install/dream_world/share/dream_world/models/sign_board_10/model.sdf\n'}
[0.215206] (dream_world) StdoutLine: {'line': b'-- Up-to-date: /home/tharun/cognipilot/cranium/install/dream_world/share/dream_world/models/sign_board_10/model.config\n'}
[0.215237] (dream_world) StdoutLine: {'line': b'-- Up-to-date: /home/tharun/cognipilot/cranium/install/dream_world/share/dream_world/models/Construction_Cone_mini\n'}
[0.215270] (dream_world) StdoutLine: {'line': b'-- Up-to-date: /home/tharun/cognipilot/cranium/install/dream_world/share/dream_world/models/Construction_Cone_mini/meshes\n'}
[0.215303] (dream_world) StdoutLine: {'line': b'-- Up-to-date: /home/tharun/cognipilot/cranium/install/dream_world/share/dream_world/models/Construction_Cone_mini/meshes/construction_cone.dae\n'}
[0.215336] (dream_world) StdoutLine: {'line': b'-- Up-to-date: /home/tharun/cognipilot/cranium/install/dream_world/share/dream_world/models/Construction_Cone_mini/materials\n'}
[0.215367] (dream_world) StdoutLine: {'line': b'-- Up-to-date: /home/tharun/cognipilot/cranium/install/dream_world/share/dream_world/models/Construction_Cone_mini/materials/textures\n'}
[0.215400] (dream_world) StdoutLine: {'line': b'-- Up-to-date: /home/tharun/cognipilot/cranium/install/dream_world/share/dream_world/models/Construction_Cone_mini/materials/textures/cone.png\n'}
[0.215432] (dream_world) StdoutLine: {'line': b'-- Up-to-date: /home/tharun/cognipilot/cranium/install/dream_world/share/dream_world/models/Construction_Cone_mini/materials/textures/Construction_Cone_Diffuse.png\n'}
[0.215464] (dream_world) StdoutLine: {'line': b'-- Up-to-date: /home/tharun/cognipilot/cranium/install/dream_world/share/dream_world/models/Construction_Cone_mini/materials/scripts\n'}
[0.215494] (dream_world) StdoutLine: {'line': b'-- Up-to-date: /home/tharun/cognipilot/cranium/install/dream_world/share/dream_world/models/Construction_Cone_mini/materials/scripts/Construction_Cone.material\n'}
[0.215526] (dream_world) StdoutLine: {'line': b'-- Up-to-date: /home/tharun/cognipilot/cranium/install/dream_world/share/dream_world/models/Construction_Cone_mini/model.sdf\n'}
[0.215557] (dream_world) StdoutLine: {'line': b'-- Up-to-date: /home/tharun/cognipilot/cranium/install/dream_world/share/dream_world/models/Construction_Cone_mini/model.config\n'}
[0.215589] (dream_world) StdoutLine: {'line': b'-- Up-to-date: /home/tharun/cognipilot/cranium/install/dream_world/share/dream_world/models/sign_board_5\n'}
[0.215621] (dream_world) StdoutLine: {'line': b'-- Up-to-date: /home/tharun/cognipilot/cranium/install/dream_world/share/dream_world/models/sign_board_5/materials\n'}
[0.215652] (dream_world) StdoutLine: {'line': b'-- Up-to-date: /home/tharun/cognipilot/cranium/install/dream_world/share/dream_world/models/sign_board_5/materials/textures\n'}
[0.215768] (dream_world) StdoutLine: {'line': b'-- Up-to-date: /home/tharun/cognipilot/cranium/install/dream_world/share/dream_world/models/sign_board_5/materials/textures/sb_back_5.png\n'}
[0.215910] (dream_world) StdoutLine: {'line': b'-- Up-to-date: /home/tharun/cognipilot/cranium/install/dream_world/share/dream_world/models/sign_board_5/materials/textures/sb_front_5.png\n'}
[0.215947] (dream_world) StdoutLine: {'line': b'-- Up-to-date: /home/tharun/cognipilot/cranium/install/dream_world/share/dream_world/models/sign_board_5/materials/scripts\n'}
[0.215980] (dream_world) StdoutLine: {'line': b'-- Up-to-date: /home/tharun/cognipilot/cranium/install/dream_world/share/dream_world/models/sign_board_5/materials/scripts/finish_line.material\n'}
[0.216015] (dream_world) StdoutLine: {'line': b'-- Up-to-date: /home/tharun/cognipilot/cranium/install/dream_world/share/dream_world/models/sign_board_5/model.sdf\n'}
[0.216048] (dream_world) StdoutLine: {'line': b'-- Up-to-date: /home/tharun/cognipilot/cranium/install/dream_world/share/dream_world/models/sign_board_5/model.config\n'}
[0.216082] (dream_world) StdoutLine: {'line': b'-- Up-to-date: /home/tharun/cognipilot/cranium/install/dream_world/share/dream_world/models/sign_board_6\n'}
[0.216116] (dream_world) StdoutLine: {'line': b'-- Up-to-date: /home/tharun/cognipilot/cranium/install/dream_world/share/dream_world/models/sign_board_6/materials\n'}
[0.216153] (dream_world) StdoutLine: {'line': b'-- Up-to-date: /home/tharun/cognipilot/cranium/install/dream_world/share/dream_world/models/sign_board_6/materials/textures\n'}
[0.216185] (dream_world) StdoutLine: {'line': b'-- Up-to-date: /home/tharun/cognipilot/cranium/install/dream_world/share/dream_world/models/sign_board_6/materials/textures/sb_back_6.png\n'}
[0.216217] (dream_world) StdoutLine: {'line': b'-- Up-to-date: /home/tharun/cognipilot/cranium/install/dream_world/share/dream_world/models/sign_board_6/materials/textures/sb_front_6.png\n'}
[0.216250] (dream_world) StdoutLine: {'line': b'-- Up-to-date: /home/tharun/cognipilot/cranium/install/dream_world/share/dream_world/models/sign_board_6/materials/scripts\n'}
[0.216284] (dream_world) StdoutLine: {'line': b'-- Up-to-date: /home/tharun/cognipilot/cranium/install/dream_world/share/dream_world/models/sign_board_6/materials/scripts/finish_line.material\n'}
[0.216316] (dream_world) StdoutLine: {'line': b'-- Up-to-date: /home/tharun/cognipilot/cranium/install/dream_world/share/dream_world/models/sign_board_6/model.sdf\n'}
[0.216346] (dream_world) StdoutLine: {'line': b'-- Up-to-date: /home/tharun/cognipilot/cranium/install/dream_world/share/dream_world/models/sign_board_6/model.config\n'}
[0.216380] (dream_world) StdoutLine: {'line': b'-- Up-to-date: /home/tharun/cognipilot/cranium/install/dream_world/share/dream_world/models/postbox\n'}
[0.216415] (dream_world) StdoutLine: {'line': b'-- Up-to-date: /home/tharun/cognipilot/cranium/install/dream_world/share/dream_world/models/postbox/meshes\n'}
[0.216447] (dream_world) StdoutLine: {'line': b'-- Up-to-date: /home/tharun/cognipilot/cranium/install/dream_world/share/dream_world/models/postbox/meshes/postbox.dae\n'}
[0.216477] (dream_world) StdoutLine: {'line': b'-- Up-to-date: /home/tharun/cognipilot/cranium/install/dream_world/share/dream_world/models/postbox/materials\n'}
[0.216508] (dream_world) StdoutLine: {'line': b'-- Up-to-date: /home/tharun/cognipilot/cranium/install/dream_world/share/dream_world/models/postbox/materials/textures\n'}
[0.216539] (dream_world) StdoutLine: {'line': b'-- Up-to-date: /home/tharun/cognipilot/cranium/install/dream_world/share/dream_world/models/postbox/materials/textures/postbox_spec.jpg\n'}
[0.216572] (dream_world) StdoutLine: {'line': b'-- Up-to-date: /home/tharun/cognipilot/cranium/install/dream_world/share/dream_world/models/postbox/materials/textures/postbox_diffuse.jpg\n'}
[0.216602] (dream_world) StdoutLine: {'line': b'-- Up-to-date: /home/tharun/cognipilot/cranium/install/dream_world/share/dream_world/models/postbox/model.sdf\n'}
[0.216633] (dream_world) StdoutLine: {'line': b'-- Up-to-date: /home/tharun/cognipilot/cranium/install/dream_world/share/dream_world/models/postbox/model.config\n'}
[0.216663] (dream_world) StdoutLine: {'line': b'-- Up-to-date: /home/tharun/cognipilot/cranium/install/dream_world/share/dream_world/models/FoodCourtBarricade\n'}
[0.216694] (dream_world) StdoutLine: {'line': b'-- Up-to-date: /home/tharun/cognipilot/cranium/install/dream_world/share/dream_world/models/FoodCourtBarricade/thumbnails\n'}
[0.216723] (dream_world) StdoutLine: {'line': b'-- Up-to-date: /home/tharun/cognipilot/cranium/install/dream_world/share/dream_world/models/FoodCourtBarricade/thumbnails/5.png\n'}
[0.216754] (dream_world) StdoutLine: {'line': b'-- Up-to-date: /home/tharun/cognipilot/cranium/install/dream_world/share/dream_world/models/FoodCourtBarricade/thumbnails/4.png\n'}
[0.216786] (dream_world) StdoutLine: {'line': b'-- Up-to-date: /home/tharun/cognipilot/cranium/install/dream_world/share/dream_world/models/FoodCourtBarricade/thumbnails/3.png\n'}
[0.216827] (dream_world) StdoutLine: {'line': b'-- Up-to-date: /home/tharun/cognipilot/cranium/install/dream_world/share/dream_world/models/FoodCourtBarricade/thumbnails/1.png\n'}
[0.216859] (dream_world) StdoutLine: {'line': b'-- Up-to-date: /home/tharun/cognipilot/cranium/install/dream_world/share/dream_world/models/FoodCourtBarricade/thumbnails/2.png\n'}
[0.217008] (dream_world) StdoutLine: {'line': b'-- Up-to-date: /home/tharun/cognipilot/cranium/install/dream_world/share/dream_world/models/FoodCourtBarricade/meshes\n'}
[0.217049] (dream_world) StdoutLine: {'line': b'-- Up-to-date: /home/tharun/cognipilot/cranium/install/dream_world/share/dream_world/models/FoodCourtBarricade/meshes/FoodCourtBarricade_Col.mtl\n'}
[0.217081] (dream_world) StdoutLine: {'line': b'-- Up-to-date: /home/tharun/cognipilot/cranium/install/dream_world/share/dream_world/models/FoodCourtBarricade/meshes/FoodCourtBarricade_Diffuse.png\n'}
[0.217112] (dream_world) StdoutLine: {'line': b'-- Up-to-date: /home/tharun/cognipilot/cranium/install/dream_world/share/dream_world/models/FoodCourtBarricade/meshes/FoodCourtBarricade_Metal.png\n'}
[0.217309] (dream_world) StdoutLine: {'line': b'-- Up-to-date: /home/tharun/cognipilot/cranium/install/dream_world/share/dream_world/models/FoodCourtBarricade/meshes/FoodCourtBarricade.dae\n'}
[0.217342] (dream_world) StdoutLine: {'line': b'-- Up-to-date: /home/tharun/cognipilot/cranium/install/dream_world/share/dream_world/models/FoodCourtBarricade/meshes/FoodCourtBarricade_Col.obj\n'}
[0.217374] (dream_world) StdoutLine: {'line': b'-- Up-to-date: /home/tharun/cognipilot/cranium/install/dream_world/share/dream_world/models/FoodCourtBarricade/meshes/FoodCourtBarricade_Normal.png\n'}
[0.217404] (dream_world) StdoutLine: {'line': b'-- Up-to-date: /home/tharun/cognipilot/cranium/install/dream_world/share/dream_world/models/FoodCourtBarricade/meshes/FoodCourtBarricade_Rough.png\n'}
[0.217435] (dream_world) StdoutLine: {'line': b'-- Up-to-date: /home/tharun/cognipilot/cranium/install/dream_world/share/dream_world/models/FoodCourtBarricade/model.sdf\n'}
[0.217467] (dream_world) StdoutLine: {'line': b'-- Up-to-date: /home/tharun/cognipilot/cranium/install/dream_world/share/dream_world/models/FoodCourtBarricade/model.config\n'}
[0.217497] (dream_world) StdoutLine: {'line': b'-- Up-to-date: /home/tharun/cognipilot/cranium/install/dream_world/share/dream_world/models/Raceway_1\n'}
[0.217529] (dream_world) StdoutLine: {'line': b'-- Up-to-date: /home/tharun/cognipilot/cranium/install/dream_world/share/dream_world/models/Raceway_1/LICENSE\n'}
[0.217560] (dream_world) StdoutLine: {'line': b'-- Up-to-date: /home/tharun/cognipilot/cranium/install/dream_world/share/dream_world/models/Raceway_1/meshes\n'}
[0.217590] (dream_world) StdoutLine: {'line': b'-- Up-to-date: /home/tharun/cognipilot/cranium/install/dream_world/share/dream_world/models/Raceway_1/meshes/track.dae\n'}
[0.217621] (dream_world) StdoutLine: {'line': b'-- Up-to-date: /home/tharun/cognipilot/cranium/install/dream_world/share/dream_world/models/Raceway_1/model.sdf\n'}
[0.217651] (dream_world) StdoutLine: {'line': b'-- Up-to-date: /home/tharun/cognipilot/cranium/install/dream_world/share/dream_world/models/Raceway_1/model.config\n'}
[0.217680] (dream_world) StdoutLine: {'line': b'-- Up-to-date: /home/tharun/cognipilot/cranium/install/dream_world/share/dream_world/models/Hospital\n'}
[0.217715] (dream_world) StdoutLine: {'line': b'-- Up-to-date: /home/tharun/cognipilot/cranium/install/dream_world/share/dream_world/models/Hospital/thumbnails\n'}
[0.217744] (dream_world) StdoutLine: {'line': b'-- Up-to-date: /home/tharun/cognipilot/cranium/install/dream_world/share/dream_world/models/Hospital/thumbnails/5.png\n'}
[0.217774] (dream_world) StdoutLine: {'line': b'-- Up-to-date: /home/tharun/cognipilot/cranium/install/dream_world/share/dream_world/models/Hospital/thumbnails/4.png\n'}
[0.217821] (dream_world) StdoutLine: {'line': b'-- Up-to-date: /home/tharun/cognipilot/cranium/install/dream_world/share/dream_world/models/Hospital/thumbnails/3.png\n'}
[0.217856] (dream_world) StdoutLine: {'line': b'-- Up-to-date: /home/tharun/cognipilot/cranium/install/dream_world/share/dream_world/models/Hospital/thumbnails/1.png\n'}
[0.217888] (dream_world) StdoutLine: {'line': b'-- Up-to-date: /home/tharun/cognipilot/cranium/install/dream_world/share/dream_world/models/Hospital/thumbnails/2.png\n'}
[0.217921] (dream_world) StdoutLine: {'line': b'-- Up-to-date: /home/tharun/cognipilot/cranium/install/dream_world/share/dream_world/models/Hospital/meshes\n'}
[0.217953] (dream_world) StdoutLine: {'line': b'-- Up-to-date: /home/tharun/cognipilot/cranium/install/dream_world/share/dream_world/models/Hospital/meshes/post_office.dae\n'}
[0.217985] (dream_world) StdoutLine: {'line': b'-- Up-to-date: /home/tharun/cognipilot/cranium/install/dream_world/share/dream_world/models/Hospital/materials\n'}
[0.218016] (dream_world) StdoutLine: {'line': b'-- Up-to-date: /home/tharun/cognipilot/cranium/install/dream_world/share/dream_world/models/Hospital/materials/textures\n'}
[0.218048] (dream_world) StdoutLine: {'line': b'-- Up-to-date: /home/tharun/cognipilot/cranium/install/dream_world/share/dream_world/models/Hospital/materials/textures/post_office_diffuse.jpg\n'}
[0.218081] (dream_world) StdoutLine: {'line': b'-- Up-to-date: /home/tharun/cognipilot/cranium/install/dream_world/share/dream_world/models/Hospital/materials/textures/post_office_diffuse_old.jpg\n'}
[0.218113] (dream_world) StdoutLine: {'line': b'-- Up-to-date: /home/tharun/cognipilot/cranium/install/dream_world/share/dream_world/models/Hospital/materials/textures/post_office_spec.jpg\n'}
[0.218143] (dream_world) StdoutLine: {'line': b'-- Up-to-date: /home/tharun/cognipilot/cranium/install/dream_world/share/dream_world/models/Hospital/model.sdf\n'}
[0.218174] (dream_world) StdoutLine: {'line': b'-- Up-to-date: /home/tharun/cognipilot/cranium/install/dream_world/share/dream_world/models/Hospital/model.config\n'}
[0.218203] (dream_world) StdoutLine: {'line': b'-- Up-to-date: /home/tharun/cognipilot/cranium/install/dream_world/share/dream_world/models/sign_board_3\n'}
[0.218234] (dream_world) StdoutLine: {'line': b'-- Up-to-date: /home/tharun/cognipilot/cranium/install/dream_world/share/dream_world/models/sign_board_3/materials\n'}
[0.218263] (dream_world) StdoutLine: {'line': b'-- Up-to-date: /home/tharun/cognipilot/cranium/install/dream_world/share/dream_world/models/sign_board_3/materials/textures\n'}
[0.218294] (dream_world) StdoutLine: {'line': b'-- Up-to-date: /home/tharun/cognipilot/cranium/install/dream_world/share/dream_world/models/sign_board_3/materials/textures/sb_back_3.png\n'}
[0.218323] (dream_world) StdoutLine: {'line': b'-- Up-to-date: /home/tharun/cognipilot/cranium/install/dream_world/share/dream_world/models/sign_board_3/materials/textures/sb_front_3.png\n'}
[0.218354] (dream_world) StdoutLine: {'line': b'-- Up-to-date: /home/tharun/cognipilot/cranium/install/dream_world/share/dream_world/models/sign_board_3/materials/scripts\n'}
[0.218386] (dream_world) StdoutLine: {'line': b'-- Up-to-date: /home/tharun/cognipilot/cranium/install/dream_world/share/dream_world/models/sign_board_3/materials/scripts/finish_line.material\n'}
[0.218417] (dream_world) StdoutLine: {'line': b'-- Up-to-date: /home/tharun/cognipilot/cranium/install/dream_world/share/dream_world/models/sign_board_3/model.sdf\n'}
[0.218447] (dream_world) StdoutLine: {'line': b'-- Up-to-date: /home/tharun/cognipilot/cranium/install/dream_world/share/dream_world/models/sign_board_3/model.config\n'}
[0.218477] (dream_world) StdoutLine: {'line': b'-- Up-to-date: /home/tharun/cognipilot/cranium/install/dream_world/share/dream_world/models/fire_hydrant\n'}
[0.218508] (dream_world) StdoutLine: {'line': b'-- Up-to-date: /home/tharun/cognipilot/cranium/install/dream_world/share/dream_world/models/fire_hydrant/meshes\n'}
[0.218539] (dream_world) StdoutLine: {'line': b'-- Up-to-date: /home/tharun/cognipilot/cranium/install/dream_world/share/dream_world/models/fire_hydrant/meshes/fire_hydrant.dae\n'}
[0.218570] (dream_world) StdoutLine: {'line': b'-- Up-to-date: /home/tharun/cognipilot/cranium/install/dream_world/share/dream_world/models/fire_hydrant/materials\n'}
[0.218602] (dream_world) StdoutLine: {'line': b'-- Up-to-date: /home/tharun/cognipilot/cranium/install/dream_world/share/dream_world/models/fire_hydrant/materials/textures\n'}
[0.218632] (dream_world) StdoutLine: {'line': b'-- Up-to-date: /home/tharun/cognipilot/cranium/install/dream_world/share/dream_world/models/fire_hydrant/materials/textures/fire_hydrant_spec.png\n'}
[0.218663] (dream_world) StdoutLine: {'line': b'-- Up-to-date: /home/tharun/cognipilot/cranium/install/dream_world/share/dream_world/models/fire_hydrant/materials/textures/fire_hydrant_diffuse.png\n'}
[0.218693] (dream_world) StdoutLine: {'line': b'-- Up-to-date: /home/tharun/cognipilot/cranium/install/dream_world/share/dream_world/models/fire_hydrant/model.sdf\n'}
[0.218723] (dream_world) StdoutLine: {'line': b'-- Up-to-date: /home/tharun/cognipilot/cranium/install/dream_world/share/dream_world/models/fire_hydrant/model-1_4.sdf\n'}
[0.218756] (dream_world) StdoutLine: {'line': b'-- Up-to-date: /home/tharun/cognipilot/cranium/install/dream_world/share/dream_world/models/fire_hydrant/model.config\n'}
[0.218788] (dream_world) StdoutLine: {'line': b'-- Up-to-date: /home/tharun/cognipilot/cranium/install/dream_world/share/dream_world/models/Patient_sign_board_3\n'}
[0.218824] (dream_world) StdoutLine: {'line': b'-- Up-to-date: /home/tharun/cognipilot/cranium/install/dream_world/share/dream_world/models/Patient_sign_board_3/materials\n'}
[0.218856] (dream_world) StdoutLine: {'line': b'-- Up-to-date: /home/tharun/cognipilot/cranium/install/dream_world/share/dream_world/models/Patient_sign_board_3/materials/textures\n'}
[0.218887] (dream_world) StdoutLine: {'line': b'-- Up-to-date: /home/tharun/cognipilot/cranium/install/dream_world/share/dream_world/models/Patient_sign_board_3/materials/textures/qr_code_p3.png\n'}
[0.218917] (dream_world) StdoutLine: {'line': b'-- Up-to-date: /home/tharun/cognipilot/cranium/install/dream_world/share/dream_world/models/Patient_sign_board_3/materials/scripts\n'}
[0.218948] (dream_world) StdoutLine: {'line': b'-- Up-to-date: /home/tharun/cognipilot/cranium/install/dream_world/share/dream_world/models/Patient_sign_board_3/materials/scripts/finish_line.material\n'}
[0.218979] (dream_world) StdoutLine: {'line': b'-- Up-to-date: /home/tharun/cognipilot/cranium/install/dream_world/share/dream_world/models/Patient_sign_board_3/model.sdf\n'}
[0.219010] (dream_world) StdoutLine: {'line': b'-- Up-to-date: /home/tharun/cognipilot/cranium/install/dream_world/share/dream_world/models/Patient_sign_board_3/model.config\n'}
[0.219041] (dream_world) StdoutLine: {'line': b'-- Up-to-date: /home/tharun/cognipilot/cranium/install/dream_world/share/dream_world/models/barricade\n'}
[0.219072] (dream_world) StdoutLine: {'line': b'-- Up-to-date: /home/tharun/cognipilot/cranium/install/dream_world/share/dream_world/models/barricade/materials\n'}
[0.219101] (dream_world) StdoutLine: {'line': b'-- Up-to-date: /home/tharun/cognipilot/cranium/install/dream_world/share/dream_world/models/barricade/materials/textures\n'}
[0.219131] (dream_world) StdoutLine: {'line': b'-- Up-to-date: /home/tharun/cognipilot/cranium/install/dream_world/share/dream_world/models/barricade/materials/textures/barricade.png\n'}
[0.219160] (dream_world) StdoutLine: {'line': b'-- Up-to-date: /home/tharun/cognipilot/cranium/install/dream_world/share/dream_world/models/barricade/materials/textures/blue.png\n'}
[0.219189] (dream_world) StdoutLine: {'line': b'-- Up-to-date: /home/tharun/cognipilot/cranium/install/dream_world/share/dream_world/models/barricade/materials/scripts\n'}
[0.219218] (dream_world) StdoutLine: {'line': b'-- Up-to-date: /home/tharun/cognipilot/cranium/install/dream_world/share/dream_world/models/barricade/materials/scripts/barricade.material\n'}
[0.219248] (dream_world) StdoutLine: {'line': b'-- Up-to-date: /home/tharun/cognipilot/cranium/install/dream_world/share/dream_world/models/barricade/model.sdf\n'}
[0.219278] (dream_world) StdoutLine: {'line': b'-- Up-to-date: /home/tharun/cognipilot/cranium/install/dream_world/share/dream_world/models/barricade/model.config\n'}
[0.219306] (dream_world) StdoutLine: {'line': b'-- Up-to-date: /home/tharun/cognipilot/cranium/install/dream_world/share/dream_world/worlds\n'}
[0.219337] (dream_world) StdoutLine: {'line': b'-- Up-to-date: /home/tharun/cognipilot/cranium/install/dream_world/share/dream_world/worlds/Raceway_2.sdf\n'}
[0.219366] (dream_world) StdoutLine: {'line': b'-- Installing: /home/tharun/cognipilot/cranium/install/dream_world/share/dream_world/worlds/Raceway_1.sdf\n'}
[0.219396] (dream_world) StdoutLine: {'line': b'-- Up-to-date: /home/tharun/cognipilot/cranium/install/dream_world/share/dream_world/worlds/Raceway_3.sdf\n'}
[0.219426] (dream_world) StdoutLine: {'line': b'-- Up-to-date: /home/tharun/cognipilot/cranium/install/dream_world/share/dream_world/environment/dream_world.dsv\n'}
[0.219455] (dream_world) StdoutLine: {'line': b'-- Up-to-date: /home/tharun/cognipilot/cranium/install/dream_world/share/ament_index/resource_index/package_run_dependencies/dream_world\n'}
[0.219487] (dream_world) StdoutLine: {'line': b'-- Up-to-date: /home/tharun/cognipilot/cranium/install/dream_world/share/ament_index/resource_index/parent_prefix_path/dream_world\n'}
[0.219516] (dream_world) StdoutLine: {'line': b'-- Up-to-date: /home/tharun/cognipilot/cranium/install/dream_world/share/dream_world/environment/ament_prefix_path.sh\n'}
[0.219545] (dream_world) StdoutLine: {'line': b'-- Up-to-date: /home/tharun/cognipilot/cranium/install/dream_world/share/dream_world/environment/ament_prefix_path.dsv\n'}
[0.219574] (dream_world) StdoutLine: {'line': b'-- Up-to-date: /home/tharun/cognipilot/cranium/install/dream_world/share/dream_world/environment/path.sh\n'}
[0.219604] (dream_world) StdoutLine: {'line': b'-- Up-to-date: /home/tharun/cognipilot/cranium/install/dream_world/share/dream_world/environment/path.dsv\n'}
[0.219633] (dream_world) StdoutLine: {'line': b'-- Up-to-date: /home/tharun/cognipilot/cranium/install/dream_world/share/dream_world/local_setup.bash\n'}
[0.219662] (dream_world) StdoutLine: {'line': b'-- Up-to-date: /home/tharun/cognipilot/cranium/install/dream_world/share/dream_world/local_setup.sh\n'}
[0.219692] (dream_world) StdoutLine: {'line': b'-- Up-to-date: /home/tharun/cognipilot/cranium/install/dream_world/share/dream_world/local_setup.zsh\n'}
[0.219721] (dream_world) StdoutLine: {'line': b'-- Up-to-date: /home/tharun/cognipilot/cranium/install/dream_world/share/dream_world/local_setup.dsv\n'}
[0.219751] (dream_world) StdoutLine: {'line': b'-- Up-to-date: /home/tharun/cognipilot/cranium/install/dream_world/share/dream_world/package.dsv\n'}
[0.219781] (dream_world) StdoutLine: {'line': b'-- Up-to-date: /home/tharun/cognipilot/cranium/install/dream_world/share/ament_index/resource_index/packages/dream_world\n'}
[0.219845] (dream_world) StdoutLine: {'line': b'-- Up-to-date: /home/tharun/cognipilot/cranium/install/dream_world/share/dream_world/cmake/dream_worldConfig.cmake\n'}
[0.219879] (dream_world) StdoutLine: {'line': b'-- Up-to-date: /home/tharun/cognipilot/cranium/install/dream_world/share/dream_world/cmake/dream_worldConfig-version.cmake\n'}
[0.219909] (dream_world) StdoutLine: {'line': b'-- Up-to-date: /home/tharun/cognipilot/cranium/install/dream_world/share/dream_world/package.xml\n'}
[0.220465] (dream_world) CommandEnded: {'returncode': 0}
[0.238149] (dream_world) JobEnded: {'identifier': 'dream_world', 'rc': 0}
[0.299986] (-) TimerEvent: {}
[0.400375] (-) TimerEvent: {}
[0.438857] (b3rb_ros_line_follower) Command: {'cmd': ['/usr/bin/python3', '-W', 'ignore:setup.py install is deprecated', '-W', 'ignore:easy_install command is deprecated', 'setup.py', 'egg_info', '--egg-base', '../../../build/b3rb_ros_line_follower', 'build', '--build-base', '/home/tharun/cognipilot/cranium/build/b3rb_ros_line_follower/build', 'install', '--record', '/home/tharun/cognipilot/cranium/build/b3rb_ros_line_follower/install.log', '--install-scripts', '$base/lib/b3rb_ros_line_follower', '--single-version-externally-managed', 'install_data'], 'cwd': '/home/tharun/cognipilot/cranium/src/b3rb_ros_line_follower/b3rb_ros_line_follower', 'env': {'GJS_DEBUG_TOPICS': 'JS ERROR;JS LOG', 'LESSOPEN': '| /usr/bin/lesspipe %s', 'VSCODE_CWD': '/home/tharun', 'PYTHONWARNINGS': 'ignore:::setuptools.installer,ignore:::setuptools.command.install,ignore:::setuptools.command.easy_install', 'CCACHE_TEMPDIR': '/tmp/ccache', 'LANGUAGE': 'en_IN:en', 'USER': 'tharun', 'VSCODE_NLS_CONFIG': '{"userLocale":"en-gb","osLocale":"en-in","resolvedLanguage":"en","defaultMessagesFile":"/usr/share/antigravity/resources/app/out/nls.messages.json","locale":"en-gb","availableLanguages":{}}', 'XDG_SESSION_TYPE': 'wayland', 'SHLVL': '1', 'LD_LIBRARY_PATH': '/home/tharun/cognipilot/cranium/install/synapse_msgs/lib:/opt/ros/humble/opt/rviz_ogre_vendor/lib:/opt/ros/humble/lib/x86_64-linux-gnu:/opt/ros/humble/lib', 'HOME': '/home/tharun', 'CHROME_DESKTOP': 'antigravity.desktop', 'OLDPWD': '/home/tharun/cognipilot/cranium', 'DESKTOP_SESSION': 'ubuntu', 'VSCODE_IPC_HOOK': '/run/user/1000/vscode-81e22ab7-1.10-main.sock', 'GIO_LAUNCHED_DESKTOP_FILE': '/usr/share/applications/antigravity.desktop', 'ROS_PYTHON_VERSION': '3', 'GNOME_SHELL_SESSION_MODE': 'ubuntu', 'GTK_MODULES': 'gail:atk-bridge:appmenu-gtk-module', 'PAGER': 'cat', 'MANAGERPID': '1479', 'SYSTEMD_EXEC_PID': '1655', 'IM_CONFIG_CHECK_ENV': '1', 'DBUS_SESSION_BUS_ADDRESS': 'unix:path=/run/user/1000/bus', 'ANTIGRAVITY_AGENT': '1', 'GIO_LAUNCHED_DESKTOP_FILE_PID': '32772', 'IM_CONFIG_PHASE': '1', 'WAYLAND_DISPLAY': 'wayland-0', 'COLCON_PREFIX_PATH': '/home/tharun/cognipilot/electrode/install', 'ROS_DISTRO': 'humble', 'LOGNAME': 'tharun', 'JOURNAL_STREAM': '8:9856', '_': '/usr/bin/colcon', 'ROS_VERSION': '2', 'XDG_SESSION_CLASS': 'user', 'USERNAME': 'tharun', 'TERM': 'dumb', 'GNOME_DESKTOP_SESSION_ID': 'this-is-deprecated', 'FC_FONTATIONS': '1', 'ROS_LOCALHOST_ONLY': '0', 'ANTIGRAVITY_EDITOR_APP_ROOT': '/usr/share/antigravity/resources/app', 'PATH': '/home/tharun/.local/bin:/home/tharun/bin:/home/tharun/cognipilot/ws/cerebri/install/bin:/opt/ros/humble/bin:/home/tharun/.local/bin:/home/tharun/bin:/usr/local/sbin:/usr/local/bin:/usr/sbin:/usr/bin:/sbin:/bin:/usr/games:/usr/local/games:/snap/bin:/snap/bin', 'SESSION_MANAGER': 'local/tharun:@/tmp/.ICE-unix/1615,unix/tharun:/tmp/.ICE-unix/1615', 'INVOCATION_ID': 'ae73b0871f9f4627ba95eabb41107f17', 'XDG_MENU_PREFIX': 'gnome-', 'GNOME_SETUP_DISPLAY': ':1', 'XDG_RUNTIME_DIR': '/run/user/1000', 'GDK_BACKEND': 'wayland', 'DISPLAY': ':0', 'LANG': 'en_IN', 'XDG_CURRENT_DESKTOP': 'ubuntu:GNOME', 'RMW_IMPLEMENTATION': 'rmw_cyclonedds_cpp', 'XMODIFIERS': '@im=ibus', 'XDG_SESSION_DESKTOP': 'ubuntu', 'XAUTHORITY': '/run/user/1000/.mutter-Xwaylandauth.7RZLT3', 'LS_COLORS': '', 'SSH_AGENT_LAUNCHER': 'gnome-keyring', 'SSH_AUTH_SOCK': '/run/user/1000/keyring/ssh', 'ROS_DOMAIN_ID': '7', 'AMENT_PREFIX_PATH': '/home/tharun/cognipilot/cranium/install/synapse_msgs:/home/tharun/cognipilot/electrode/install/electrode:/opt/ros/humble', 'SHELL': '/bin/bash', 'QT_ACCESSIBILITY': '1', 'GDMSESSION': 'ubuntu', 'LESSCLOSE': '/usr/bin/lesspipe %s %s', 'CMAKE_EXPORT_COMPILE_COMMANDS': 'ON', 'GJS_DEBUG_OUTPUT': 'stderr', 'QT_IM_MODULE': 'ibus', 'ANTIGRAVITY_TRAJECTORY_ID': 'c8584e39-2f39-4bc1-b1eb-f0572f31fecc', 'PWD': '/home/tharun/cognipilot/cranium/build/b3rb_ros_line_follower', 'XDG_CONFIG_DIRS': '/etc/xdg/xdg-ubuntu:/etc/xdg', 'VSCODE_CODE_CACHE_PATH': '/home/tharun/.config/Antigravity/CachedData/15487b3041e65228cae24980a3f796c905ef582c', 'XDG_DATA_DIRS': '/usr/share/ubuntu:/usr/local/share/:/usr/share/:/var/lib/snapd/desktop', 'PYTHONPATH': '/home/tharun/cognipilot/cranium/build/b3rb_ros_line_follower/prefix_override:/usr/lib/python3/dist-packages/colcon_core/task/python/colcon_distutils_commands:/home/tharun/cognipilot/cranium/install/b3rb_ros_line_follower/lib/python3.10/site-packages:/home/tharun/cognipilot/cranium/install/synapse_msgs/local/lib/python3.10/dist-packages:/opt/ros/humble/lib/python3.10/site-packages:/opt/ros/humble/local/lib/python3.10/dist-packages', 'COLCON': '1', 'CMAKE_PREFIX_PATH': '/home/tharun/cognipilot/cranium/install/synapse_msgs:/home/tharun/cognipilot/electrode/install/electrode', 'VSCODE_PID': '32772'}, 'shell': False}
[0.500570] (-) TimerEvent: {}
[0.590601] (b3rb_ros_line_follower) StdoutLine: {'line': b'running egg_info\n'}
[0.591047] (b3rb_ros_line_follower) StdoutLine: {'line': b'writing ../../../build/b3rb_ros_line_follower/b3rb_ros_line_follower.egg-info/PKG-INFO\n'}
[0.591294] (b3rb_ros_line_follower) StdoutLine: {'line': b'writing dependency_links to ../../../build/b3rb_ros_line_follower/b3rb_ros_line_follower.egg-info/dependency_links.txt\n'}
[0.591443] (b3rb_ros_line_follower) StdoutLine: {'line': b'writing entry points to ../../../build/b3rb_ros_line_follower/b3rb_ros_line_follower.egg-info/entry_points.txt\n'}
[0.591674] (b3rb_ros_line_follower) StdoutLine: {'line': b'writing requirements to ../../../build/b3rb_ros_line_follower/b3rb_ros_line_follower.egg-info/requires.txt\n'}
[0.591824] (b3rb_ros_line_follower) StdoutLine: {'line': b'writing top-level names to ../../../build/b3rb_ros_line_follower/b3rb_ros_line_follower.egg-info/top_level.txt\n'}
[0.592564] (b3rb_ros_line_follower) StdoutLine: {'line': b"reading manifest file '../../../build/b3rb_ros_line_follower/b3rb_ros_line_follower.egg-info/SOURCES.txt'\n"}
[0.592726] (b3rb_ros_line_follower) StdoutLine: {'line': b"adding license file 'LICENSE'\n"}
[0.593089] (b3rb_ros_line_follower) StdoutLine: {'line': b"writing manifest file '../../../build/b3rb_ros_line_follower/b3rb_ros_line_follower.egg-info/SOURCES.txt'\n"}
[0.593253] (b3rb_ros_line_follower) StdoutLine: {'line': b'running build\n'}
[0.593368] (b3rb_ros_line_follower) StdoutLine: {'line': b'running build_py\n'}
[0.593479] (b3rb_ros_line_follower) StdoutLine: {'line': b'copying b3rb_ros_line_follower/b3rb_ros_object_recog.py -> /home/tharun/cognipilot/cranium/build/b3rb_ros_line_follower/build/lib/b3rb_ros_line_follower\n'}
[0.593574] (b3rb_ros_line_follower) StdoutLine: {'line': b'copying b3rb_ros_line_follower/b3rb_ros_line_follower.py -> /home/tharun/cognipilot/cranium/build/b3rb_ros_line_follower/build/lib/b3rb_ros_line_follower\n'}
[0.593664] (b3rb_ros_line_follower) StdoutLine: {'line': b'copying b3rb_ros_line_follower/b3rb_ros_qr_detector.py -> /home/tharun/cognipilot/cranium/build/b3rb_ros_line_follower/build/lib/b3rb_ros_line_follower\n'}
[0.593780] (b3rb_ros_line_follower) StdoutLine: {'line': b'running install\n'}
[0.593896] (b3rb_ros_line_follower) StdoutLine: {'line': b'running install_lib\n'}
[0.594770] (b3rb_ros_line_follower) StdoutLine: {'line': b'copying /home/tharun/cognipilot/cranium/build/b3rb_ros_line_follower/build/lib/b3rb_ros_line_follower/b3rb_ros_object_recog.py -> /home/tharun/cognipilot/cranium/install/b3rb_ros_line_follower/lib/python3.10/site-packages/b3rb_ros_line_follower\n'}
[0.594894] (b3rb_ros_line_follower) StdoutLine: {'line': b'copying /home/tharun/cognipilot/cranium/build/b3rb_ros_line_follower/build/lib/b3rb_ros_line_follower/b3rb_ros_line_follower.py -> /home/tharun/cognipilot/cranium/install/b3rb_ros_line_follower/lib/python3.10/site-packages/b3rb_ros_line_follower\n'}
[0.594997] (b3rb_ros_line_follower) StdoutLine: {'line': b'copying /home/tharun/cognipilot/cranium/build/b3rb_ros_line_follower/build/lib/b3rb_ros_line_follower/b3rb_ros_qr_detector.py -> /home/tharun/cognipilot/cranium/install/b3rb_ros_line_follower/lib/python3.10/site-packages/b3rb_ros_line_follower\n'}
[0.595223] (b3rb_ros_line_follower) StdoutLine: {'line': b'byte-compiling /home/tharun/cognipilot/cranium/install/b3rb_ros_line_follower/lib/python3.10/site-packages/b3rb_ros_line_follower/b3rb_ros_object_recog.py to b3rb_ros_object_recog.cpython-310.pyc\n'}
[0.596193] (b3rb_ros_line_follower) StdoutLine: {'line': b'byte-compiling /home/tharun/cognipilot/cranium/install/b3rb_ros_line_follower/lib/python3.10/site-packages/b3rb_ros_line_follower/b3rb_ros_line_follower.py to b3rb_ros_line_follower.cpython-310.pyc\n'}
[0.598249] (b3rb_ros_line_follower) StdoutLine: {'line': b'byte-compiling /home/tharun/cognipilot/cranium/install/b3rb_ros_line_follower/lib/python3.10/site-packages/b3rb_ros_line_follower/b3rb_ros_qr_detector.py to b3rb_ros_qr_detector.cpython-310.pyc\n'}
[0.598989] (b3rb_ros_line_follower) StdoutLine: {'line': b'running install_data\n'}
[0.599095] (b3rb_ros_line_follower) StdoutLine: {'line': b'running install_egg_info\n'}
[0.600213] (b3rb_ros_line_follower) StdoutLine: {'line': b"removing '/home/tharun/cognipilot/cranium/install/b3rb_ros_line_follower/lib/python3.10/site-packages/b3rb_ros_line_follower-0.0.0-py3.10.egg-info' (and everything under it)\n"}
[0.600330] (b3rb_ros_line_follower) StdoutLine: {'line': b'Copying ../../../build/b3rb_ros_line_follower/b3rb_ros_line_follower.egg-info to /home/tharun/cognipilot/cranium/install/b3rb_ros_line_follower/lib/python3.10/site-packages/b3rb_ros_line_follower-0.0.0-py3.10.egg-info\n'}
[0.600623] (-) TimerEvent: {}
[0.600746] (b3rb_ros_line_follower) StdoutLine: {'line': b'running install_scripts\n'}
[0.613817] (b3rb_ros_line_follower) StdoutLine: {'line': b'Installing detect script to /home/tharun/cognipilot/cranium/install/b3rb_ros_line_follower/lib/b3rb_ros_line_follower\n'}
[0.613986] (b3rb_ros_line_follower) StdoutLine: {'line': b'Installing qr_detect script to /home/tharun/cognipilot/cranium/install/b3rb_ros_line_follower/lib/b3rb_ros_line_follower\n'}
[0.614094] (b3rb_ros_line_follower) StdoutLine: {'line': b'Installing runner script to /home/tharun/cognipilot/cranium/install/b3rb_ros_line_follower/lib/b3rb_ros_line_follower\n'}
[0.614174] (b3rb_ros_line_follower) StdoutLine: {'line': b'Installing vectors script to /home/tharun/cognipilot/cranium/install/b3rb_ros_line_follower/lib/b3rb_ros_line_follower\n'}
[0.614283] (b3rb_ros_line_follower) StdoutLine: {'line': b"writing list of installed files to '/home/tharun/cognipilot/cranium/build/b3rb_ros_line_follower/install.log'\n"}
[0.630935] (b3rb_ros_line_follower) CommandEnded: {'returncode': 0}
[0.636928] (b3rb_ros_line_follower) JobEnded: {'identifier': 'b3rb_ros_line_follower', 'rc': 0}
[0.637575] (-) EventReactorShutdown: {}
