[0.174s] Invoking command in '/home/tharun/cognipilot/cranium/build/corti': CMAKE_PREFIX_PATH=/home/tharun/cognipilot/cranium/install/synapse_msgs:/home/tharun/cognipilot/cranium/install/synapse_ros:/home/tharun/cognipilot/cranium/install/synapse_gz:/home/tharun/cognipilot/cranium/install/synapse_tinyframe:/home/tharun/cognipilot/cranium/install/synapse_protobuf:/home/tharun/cognipilot/cranium/install/corti:/home/tharun/cognipilot/cranium/install/dream_world:/home/tharun/cognipilot/cranium/install/cerebri_bringup:/home/tharun/cognipilot/cranium/install/b3rb_simulator:/home/tharun/cognipilot/cranium/install/b3rb_desktop:/home/tharun/cognipilot/cranium/install/b3rb_rviz:/home/tharun/cognipilot/cranium/install/b3rb_nav2:/home/tharun/cognipilot/cranium/install/b3rb_gz_resource:/home/tharun/cognipilot/cranium/install/b3rb_gz_bringup:/home/tharun/cognipilot/cranium/install/b3rb_description:/home/tharun/cognipilot/electrode/install/electrode:/home/tharun/cognipilot/cranium/install/b3rb_ros_line_follower:/opt/ros/humble LD_LIBRARY_PATH=/home/tharun/cognipilot/cranium/install/synapse_msgs/lib:/home/tharun/cognipilot/cranium/install/synapse_tinyframe/lib:/home/tharun/cognipilot/cranium/install/synapse_protobuf/lib:/opt/ros/humble/opt/rviz_ogre_vendor/lib:/opt/ros/humble/lib/x86_64-linux-gnu:/opt/ros/humble/lib /usr/bin/cmake --build /home/tharun/cognipilot/cranium/build/corti -- -j12 -l12
[0.197s] -- Found ament_cmake: 1.3.14 (/opt/ros/humble/share/ament_cmake/cmake)
[0.287s] -- Found geometry_msgs: 4.9.2 (/opt/ros/humble/share/geometry_msgs/cmake)
[0.304s] -- Found rosidl_generator_c: 3.1.9 (/opt/ros/humble/share/rosidl_generator_c/cmake)
[0.306s] -- Found rosidl_adapter: 3.1.9 (/opt/ros/humble/share/rosidl_adapter/cmake)
[0.310s] -- Found rosidl_generator_cpp: 3.1.9 (/opt/ros/humble/share/rosidl_generator_cpp/cmake)
[0.317s] -- Using all available rosidl_typesupport_c: rosidl_typesupport_fastrtps_c;rosidl_typesupport_introspection_c
[0.325s] -- Using all available rosidl_typesupport_cpp: rosidl_typesupport_fastrtps_cpp;rosidl_typesupport_introspection_cpp
[0.348s] -- Found nav_msgs: 4.9.2 (/opt/ros/humble/share/nav_msgs/cmake)
[0.360s] -- Found rclcpp: 16.0.19 (/opt/ros/humble/share/rclcpp/cmake)
[0.377s] -- Found rmw_implementation_cmake: 6.1.3 (/opt/ros/humble/share/rmw_implementation_cmake/cmake)
[0.378s] -- Found rmw_cyclonedds_cpp: 1.3.4 (/opt/ros/humble/share/rmw_cyclonedds_cpp/cmake)
[0.391s] -- Using RMW implementation 'rmw_cyclonedds_cpp' as default
[0.419s] -- Found rclpy: 3.3.21 (/opt/ros/humble/share/rclpy/cmake)
[0.419s] -- Found synapse_msgs: 0.0.1 (/home/tharun/cognipilot/cranium/install/synapse_msgs/share/synapse_msgs/cmake)
[0.428s] -- Found tf2: 0.25.22 (/opt/ros/humble/share/tf2/cmake)
[0.431s] -- Found tf2_ros: 0.25.22 (/opt/ros/humble/share/tf2_ros/cmake)
[0.488s] -- Found ament_lint_auto: 0.12.15 (/opt/ros/humble/share/ament_lint_auto/cmake)
[0.536s] -- Added test 'cppcheck' to perform static code analysis on C / C++ code
[0.536s] -- Configured cppcheck include dirs: 
[0.536s] -- Configured cppcheck exclude dirs and/or files: 
[0.537s] -- Added test 'flake8' to check Python code syntax and style conventions
[0.537s] -- Added test 'lint_cmake' to check CMake code style
[0.537s] -- Added test 'pep257' to check Python code against some of the docstring style conventions in PEP 257
[0.538s] -- Added test 'uncrustify' to check C / C++ code style
[0.538s] -- Configured uncrustify additional arguments: 
[0.538s] -- Added test 'xmllint' to check XML markup files
[0.538s] -- Configuring done
[0.551s] -- Generating done
[0.557s] -- Build files have been written to: /home/tharun/cognipilot/cranium/build/corti
[0.577s] [35m[1mConsolidate compiler generated dependencies of target bezier6[0m
[0.589s] [ 25%] Built target bezier6
[0.622s] [ 25%] Built target ament_cmake_python_copy_corti
[0.630s] [35m[1mConsolidate compiler generated dependencies of target rover_planner[0m
[0.646s] [ 37%] [32mBuilding CXX object CMakeFiles/rover_planner.dir/src/rover_planner.cpp.o[0m
[6.721s] [ 50%] [32m[1mLinking CXX executable rover_planner[0m
[7.060s] [ 50%] Built target rover_planner
[7.216s] running egg_info
[7.216s] writing corti.egg-info/PKG-INFO
[7.216s] writing dependency_links to corti.egg-info/dependency_links.txt
[7.216s] writing top-level names to corti.egg-info/top_level.txt
[7.218s] reading manifest file 'corti.egg-info/SOURCES.txt'
[7.218s] writing manifest file 'corti.egg-info/SOURCES.txt'
[7.240s] [ 50%] Built target ament_cmake_python_build_corti_egg
[7.251s] [35m[1mConsolidate compiler generated dependencies of target tf_to_odom[0m
[7.269s] [ 75%] Built target tf_to_odom
[7.278s] [35m[1mConsolidate compiler generated dependencies of target odom_to_tf[0m
[7.294s] [100%] Built target odom_to_tf
[7.303s] Invoked command in '/home/tharun/cognipilot/cranium/build/corti' returned '0': CMAKE_PREFIX_PATH=/home/tharun/cognipilot/cranium/install/synapse_msgs:/home/tharun/cognipilot/cranium/install/synapse_ros:/home/tharun/cognipilot/cranium/install/synapse_gz:/home/tharun/cognipilot/cranium/install/synapse_tinyframe:/home/tharun/cognipilot/cranium/install/synapse_protobuf:/home/tharun/cognipilot/cranium/install/corti:/home/tharun/cognipilot/cranium/install/dream_world:/home/tharun/cognipilot/cranium/install/cerebri_bringup:/home/tharun/cognipilot/cranium/install/b3rb_simulator:/home/tharun/cognipilot/cranium/install/b3rb_desktop:/home/tharun/cognipilot/cranium/install/b3rb_rviz:/home/tharun/cognipilot/cranium/install/b3rb_nav2:/home/tharun/cognipilot/cranium/install/b3rb_gz_resource:/home/tharun/cognipilot/cranium/install/b3rb_gz_bringup:/home/tharun/cognipilot/cranium/install/b3rb_description:/home/tharun/cognipilot/electrode/install/electrode:/home/tharun/cognipilot/cranium/install/b3rb_ros_line_follower:/opt/ros/humble LD_LIBRARY_PATH=/home/tharun/cognipilot/cranium/install/synapse_msgs/lib:/home/tharun/cognipilot/cranium/install/synapse_tinyframe/lib:/home/tharun/cognipilot/cranium/install/synapse_protobuf/lib:/opt/ros/humble/opt/rviz_ogre_vendor/lib:/opt/ros/humble/lib/x86_64-linux-gnu:/opt/ros/humble/lib /usr/bin/cmake --build /home/tharun/cognipilot/cranium/build/corti -- -j12 -l12
[7.305s] Invoking command in '/home/tharun/cognipilot/cranium/build/corti': CMAKE_PREFIX_PATH=/home/tharun/cognipilot/cranium/install/synapse_msgs:/home/tharun/cognipilot/cranium/install/synapse_ros:/home/tharun/cognipilot/cranium/install/synapse_gz:/home/tharun/cognipilot/cranium/install/synapse_tinyframe:/home/tharun/cognipilot/cranium/install/synapse_protobuf:/home/tharun/cognipilot/cranium/install/corti:/home/tharun/cognipilot/cranium/install/dream_world:/home/tharun/cognipilot/cranium/install/cerebri_bringup:/home/tharun/cognipilot/cranium/install/b3rb_simulator:/home/tharun/cognipilot/cranium/install/b3rb_desktop:/home/tharun/cognipilot/cranium/install/b3rb_rviz:/home/tharun/cognipilot/cranium/install/b3rb_nav2:/home/tharun/cognipilot/cranium/install/b3rb_gz_resource:/home/tharun/cognipilot/cranium/install/b3rb_gz_bringup:/home/tharun/cognipilot/cranium/install/b3rb_description:/home/tharun/cognipilot/electrode/install/electrode:/home/tharun/cognipilot/cranium/install/b3rb_ros_line_follower:/opt/ros/humble LD_LIBRARY_PATH=/home/tharun/cognipilot/cranium/install/synapse_msgs/lib:/home/tharun/cognipilot/cranium/install/synapse_tinyframe/lib:/home/tharun/cognipilot/cranium/install/synapse_protobuf/lib:/opt/ros/humble/opt/rviz_ogre_vendor/lib:/opt/ros/humble/lib/x86_64-linux-gnu:/opt/ros/humble/lib /usr/bin/cmake --install /home/tharun/cognipilot/cranium/build/corti
[7.310s] -- Install configuration: ""
[7.311s] -- Up-to-date: /home/tharun/cognipilot/cranium/install/corti/share/corti/environment/pythonpath.sh
[7.311s] -- Installing: /home/tharun/cognipilot/cranium/install/corti/share/corti/environment/pythonpath.dsv
[7.311s] -- Up-to-date: /home/tharun/cognipilot/cranium/install/corti/local/lib/python3.10/dist-packages/corti-0.0.0-py3.10.egg-info
[7.311s] -- Installing: /home/tharun/cognipilot/cranium/install/corti/local/lib/python3.10/dist-packages/corti-0.0.0-py3.10.egg-info/dependency_links.txt
[7.311s] -- Installing: /home/tharun/cognipilot/cranium/install/corti/local/lib/python3.10/dist-packages/corti-0.0.0-py3.10.egg-info/SOURCES.txt
[7.311s] -- Installing: /home/tharun/cognipilot/cranium/install/corti/local/lib/python3.10/dist-packages/corti-0.0.0-py3.10.egg-info/top_level.txt
[7.311s] -- Installing: /home/tharun/cognipilot/cranium/install/corti/local/lib/python3.10/dist-packages/corti-0.0.0-py3.10.egg-info/PKG-INFO
[7.311s] -- Up-to-date: /home/tharun/cognipilot/cranium/install/corti/local/lib/python3.10/dist-packages/corti
[7.311s] -- Installing: /home/tharun/cognipilot/cranium/install/corti/local/lib/python3.10/dist-packages/corti/bezier_rover_planning.py
[7.311s] -- Installing: /home/tharun/cognipilot/cranium/install/corti/local/lib/python3.10/dist-packages/corti/TimeOptBez.py
[7.311s] -- Installing: /home/tharun/cognipilot/cranium/install/corti/local/lib/python3.10/dist-packages/corti/__init__.py
[7.311s] -- Installing: /home/tharun/cognipilot/cranium/install/corti/local/lib/python3.10/dist-packages/corti/rover_planning.py
[7.311s] -- Installing: /home/tharun/cognipilot/cranium/install/corti/local/lib/python3.10/dist-packages/corti/rover_control.py
[7.311s] -- Installing: /home/tharun/cognipilot/cranium/install/corti/local/lib/python3.10/dist-packages/corti/SE2Lie.py
[7.347s] Listing '/home/tharun/cognipilot/cranium/install/corti/local/lib/python3.10/dist-packages/corti'...
[7.347s] Compiling '/home/tharun/cognipilot/cranium/install/corti/local/lib/python3.10/dist-packages/corti/SE2Lie.py'...
[7.347s] Compiling '/home/tharun/cognipilot/cranium/install/corti/local/lib/python3.10/dist-packages/corti/TimeOptBez.py'...
[7.347s] Compiling '/home/tharun/cognipilot/cranium/install/corti/local/lib/python3.10/dist-packages/corti/__init__.py'...
[7.347s] Compiling '/home/tharun/cognipilot/cranium/install/corti/local/lib/python3.10/dist-packages/corti/bezier_rover_planning.py'...
[7.347s] Compiling '/home/tharun/cognipilot/cranium/install/corti/local/lib/python3.10/dist-packages/corti/rover_control.py'...
[7.347s] Compiling '/home/tharun/cognipilot/cranium/install/corti/local/lib/python3.10/dist-packages/corti/rover_planning.py'...
[7.350s] -- Installing: /home/tharun/cognipilot/cranium/install/corti/lib/corti/rover_planner
[7.357s] -- Set runtime path of "/home/tharun/cognipilot/cranium/install/corti/lib/corti/rover_planner" to ""
[7.357s] -- Installing: /home/tharun/cognipilot/cranium/install/corti/lib/corti/odom_to_tf
[7.360s] -- Set runtime path of "/home/tharun/cognipilot/cranium/install/corti/lib/corti/odom_to_tf" to ""
[7.360s] -- Installing: /home/tharun/cognipilot/cranium/install/corti/lib/corti/tf_to_odom
[7.361s] -- Set runtime path of "/home/tharun/cognipilot/cranium/install/corti/lib/corti/tf_to_odom" to ""
[7.361s] -- Up-to-date: /home/tharun/cognipilot/cranium/install/corti/share/corti/launch
[7.361s] -- Installing: /home/tharun/cognipilot/cranium/install/corti/share/corti/launch/corti.launch.py
[7.361s] -- Installing: /home/tharun/cognipilot/cranium/install/corti/share/corti/launch/virtual_joy.launch.py
[7.361s] -- Installing: /home/tharun/cognipilot/cranium/install/corti/lib/corti/virtual_joy.py
[7.362s] -- Installing: /home/tharun/cognipilot/cranium/install/corti/lib/corti/rover_fixed_trajectory.py
[7.362s] -- Installing: /home/tharun/cognipilot/cranium/install/corti/share/ament_index/resource_index/package_run_dependencies/corti
[7.362s] -- Installing: /home/tharun/cognipilot/cranium/install/corti/share/ament_index/resource_index/parent_prefix_path/corti
[7.362s] -- Installing: /home/tharun/cognipilot/cranium/install/corti/share/corti/environment/ament_prefix_path.sh
[7.362s] -- Installing: /home/tharun/cognipilot/cranium/install/corti/share/corti/environment/ament_prefix_path.dsv
[7.362s] -- Installing: /home/tharun/cognipilot/cranium/install/corti/share/corti/environment/path.sh
[7.362s] -- Installing: /home/tharun/cognipilot/cranium/install/corti/share/corti/environment/path.dsv
[7.362s] -- Up-to-date: /home/tharun/cognipilot/cranium/install/corti/share/corti/local_setup.bash
[7.362s] -- Up-to-date: /home/tharun/cognipilot/cranium/install/corti/share/corti/local_setup.sh
[7.362s] -- Up-to-date: /home/tharun/cognipilot/cranium/install/corti/share/corti/local_setup.zsh
[7.362s] -- Installing: /home/tharun/cognipilot/cranium/install/corti/share/corti/local_setup.dsv
[7.362s] -- Installing: /home/tharun/cognipilot/cranium/install/corti/share/corti/package.dsv
[7.363s] -- Installing: /home/tharun/cognipilot/cranium/install/corti/share/ament_index/resource_index/packages/corti
[7.363s] -- Up-to-date: /home/tharun/cognipilot/cranium/install/corti/share/corti/cmake/cortiConfig.cmake
[7.363s] -- Up-to-date: /home/tharun/cognipilot/cranium/install/corti/share/corti/cmake/cortiConfig-version.cmake
[7.363s] -- Installing: /home/tharun/cognipilot/cranium/install/corti/share/corti/package.xml
[7.364s] Invoked command in '/home/tharun/cognipilot/cranium/build/corti' returned '0': CMAKE_PREFIX_PATH=/home/tharun/cognipilot/cranium/install/synapse_msgs:/home/tharun/cognipilot/cranium/install/synapse_ros:/home/tharun/cognipilot/cranium/install/synapse_gz:/home/tharun/cognipilot/cranium/install/synapse_tinyframe:/home/tharun/cognipilot/cranium/install/synapse_protobuf:/home/tharun/cognipilot/cranium/install/corti:/home/tharun/cognipilot/cranium/install/dream_world:/home/tharun/cognipilot/cranium/install/cerebri_bringup:/home/tharun/cognipilot/cranium/install/b3rb_simulator:/home/tharun/cognipilot/cranium/install/b3rb_desktop:/home/tharun/cognipilot/cranium/install/b3rb_rviz:/home/tharun/cognipilot/cranium/install/b3rb_nav2:/home/tharun/cognipilot/cranium/install/b3rb_gz_resource:/home/tharun/cognipilot/cranium/install/b3rb_gz_bringup:/home/tharun/cognipilot/cranium/install/b3rb_description:/home/tharun/cognipilot/electrode/install/electrode:/home/tharun/cognipilot/cranium/install/b3rb_ros_line_follower:/opt/ros/humble LD_LIBRARY_PATH=/home/tharun/cognipilot/cranium/install/synapse_msgs/lib:/home/tharun/cognipilot/cranium/install/synapse_tinyframe/lib:/home/tharun/cognipilot/cranium/install/synapse_protobuf/lib:/opt/ros/humble/opt/rviz_ogre_vendor/lib:/opt/ros/humble/lib/x86_64-linux-gnu:/opt/ros/humble/lib /usr/bin/cmake --install /home/tharun/cognipilot/cranium/build/corti
