[0.095s] Invoking command in '/home/tharun/cognipilot/cranium/build/b3rb_rviz': CMAKE_PREFIX_PATH=${CMAKE_PREFIX_PATH}:/home/tharun/cognipilot/cranium/install/b3rb_ros_line_follower:/opt/ros/humble /usr/bin/cmake --build /home/tharun/cognipilot/cranium/build/b3rb_rviz -- -j12 -l12
[0.196s] Invoked command in '/home/tharun/cognipilot/cranium/build/b3rb_rviz' returned '0': CMAKE_PREFIX_PATH=${CMAKE_PREFIX_PATH}:/home/tharun/cognipilot/cranium/install/b3rb_ros_line_follower:/opt/ros/humble /usr/bin/cmake --build /home/tharun/cognipilot/cranium/build/b3rb_rviz -- -j12 -l12
[0.197s] Invoking command in '/home/tharun/cognipilot/cranium/build/b3rb_rviz': CMAKE_PREFIX_PATH=${CMAKE_PREFIX_PATH}:/home/tharun/cognipilot/cranium/install/b3rb_ros_line_follower:/opt/ros/humble /usr/bin/cmake --install /home/tharun/cognipilot/cranium/build/b3rb_rviz
[0.225s] -- Install configuration: ""
[0.225s] -- Execute custom install script
[0.225s] -- Up-to-date symlink: /home/tharun/cognipilot/cranium/install/b3rb_rviz/share/b3rb_rviz/rviz/nav2/robot.rviz
[0.225s] -- Up-to-date symlink: /home/tharun/cognipilot/cranium/install/b3rb_rviz/share/b3rb_rviz/launch/view_robot.launch.py
[0.225s] -- Up-to-date symlink: /home/tharun/cognipilot/cranium/install/b3rb_rviz/share/ament_index/resource_index/package_run_dependencies/b3rb_rviz
[0.225s] -- Up-to-date symlink: /home/tharun/cognipilot/cranium/install/b3rb_rviz/share/ament_index/resource_index/parent_prefix_path/b3rb_rviz
[0.226s] -- Up-to-date symlink: /home/tharun/cognipilot/cranium/install/b3rb_rviz/share/b3rb_rviz/environment/ament_prefix_path.sh
[0.226s] -- Up-to-date symlink: /home/tharun/cognipilot/cranium/install/b3rb_rviz/share/b3rb_rviz/environment/ament_prefix_path.dsv
[0.228s] -- Up-to-date symlink: /home/tharun/cognipilot/cranium/install/b3rb_rviz/share/b3rb_rviz/environment/path.sh
[0.229s] -- Up-to-date symlink: /home/tharun/cognipilot/cranium/install/b3rb_rviz/share/b3rb_rviz/environment/path.dsv
[0.229s] -- Up-to-date symlink: /home/tharun/cognipilot/cranium/install/b3rb_rviz/share/b3rb_rviz/local_setup.bash
[0.231s] -- Up-to-date symlink: /home/tharun/cognipilot/cranium/install/b3rb_rviz/share/b3rb_rviz/local_setup.sh
[0.231s] -- Up-to-date symlink: /home/tharun/cognipilot/cranium/install/b3rb_rviz/share/b3rb_rviz/local_setup.zsh
[0.231s] -- Up-to-date symlink: /home/tharun/cognipilot/cranium/install/b3rb_rviz/share/b3rb_rviz/local_setup.dsv
[0.232s] -- Symlinking: /home/tharun/cognipilot/cranium/install/b3rb_rviz/share/b3rb_rviz/package.dsv
[0.232s] -- Up-to-date symlink: /home/tharun/cognipilot/cranium/install/b3rb_rviz/share/ament_index/resource_index/packages/b3rb_rviz
[0.232s] -- Up-to-date symlink: /home/tharun/cognipilot/cranium/install/b3rb_rviz/share/b3rb_rviz/cmake/b3rb_rvizConfig.cmake
[0.232s] -- Up-to-date symlink: /home/tharun/cognipilot/cranium/install/b3rb_rviz/share/b3rb_rviz/cmake/b3rb_rvizConfig-version.cmake
[0.233s] -- Up-to-date symlink: /home/tharun/cognipilot/cranium/install/b3rb_rviz/share/b3rb_rviz/package.xml
[0.316s] Invoked command in '/home/tharun/cognipilot/cranium/build/b3rb_rviz' returned '0': CMAKE_PREFIX_PATH=${CMAKE_PREFIX_PATH}:/home/tharun/cognipilot/cranium/install/b3rb_ros_line_follower:/opt/ros/humble /usr/bin/cmake --install /home/tharun/cognipilot/cranium/build/b3rb_rviz
