[0.629s] Invoking command in '/home/tharun/cognipilot/cranium/src/b3rb_ros_line_follower/b3rb_ros_line_follower': CMAKE_PREFIX_PATH=/home/tharun/cognipilot/cranium/install/synapse_msgs:/home/tharun/cognipilot/electrode/install/electrode:/home/tharun/cognipilot/cranium/install/synapse_ros:/home/tharun/cognipilot/cranium/install/synapse_gz:/home/tharun/cognipilot/cranium/install/synapse_tinyframe:/home/tharun/cognipilot/cranium/install/synapse_protobuf:/home/tharun/cognipilot/cranium/install/corti:/home/tharun/cognipilot/cranium/install/dream_world:/home/tharun/cognipilot/cranium/install/cerebri_bringup:/home/tharun/cognipilot/cranium/install/b3rb_simulator:/home/tharun/cognipilot/cranium/install/b3rb_desktop:/home/tharun/cognipilot/cranium/install/b3rb_rviz:/home/tharun/cognipilot/cranium/install/b3rb_nav2:/home/tharun/cognipilot/cranium/install/b3rb_gz_resource:/home/tharun/cognipilot/cranium/install/b3rb_gz_bringup:/home/tharun/cognipilot/cranium/install/b3rb_description LD_LIBRARY_PATH=/home/tharun/cognipilot/cranium/install/synapse_msgs/lib:/home/tharun/cognipilot/cranium/install/synapse_tinyframe/lib:/home/tharun/cognipilot/cranium/install/synapse_protobuf/lib:/opt/ros/humble/opt/rviz_ogre_vendor/lib:/opt/ros/humble/lib/x86_64-linux-gnu:/opt/ros/humble/lib PYTHONPATH=/home/tharun/cognipilot/cranium/build/b3rb_ros_line_follower/prefix_override:/usr/lib/python3/dist-packages/colcon_core/task/python/colcon_distutils_commands:/home/tharun/cognipilot/cranium/install/b3rb_ros_line_follower/lib/python3.10/site-packages:${PYTHONPATH} /usr/bin/python3 -W ignore:setup.py install is deprecated -W ignore:easy_install command is deprecated setup.py egg_info --egg-base ../../../build/b3rb_ros_line_follower build --build-base /home/tharun/cognipilot/cranium/build/b3rb_ros_line_follower/build install --record /home/tharun/cognipilot/cranium/build/b3rb_ros_line_follower/install.log --install-scripts $base/lib/b3rb_ros_line_follower --single-version-externally-managed install_data
[0.797s] running egg_info
[0.798s] creating ../../../build/b3rb_ros_line_follower/b3rb_ros_line_follower.egg-info
[0.798s] writing ../../../build/b3rb_ros_line_follower/b3rb_ros_line_follower.egg-info/PKG-INFO
[0.798s] writing dependency_links to ../../../build/b3rb_ros_line_follower/b3rb_ros_line_follower.egg-info/dependency_links.txt
[0.798s] writing entry points to ../../../build/b3rb_ros_line_follower/b3rb_ros_line_follower.egg-info/entry_points.txt
[0.798s] writing requirements to ../../../build/b3rb_ros_line_follower/b3rb_ros_line_follower.egg-info/requires.txt
[0.798s] writing top-level names to ../../../build/b3rb_ros_line_follower/b3rb_ros_line_follower.egg-info/top_level.txt
[0.798s] writing manifest file '../../../build/b3rb_ros_line_follower/b3rb_ros_line_follower.egg-info/SOURCES.txt'
[0.800s] reading manifest file '../../../build/b3rb_ros_line_follower/b3rb_ros_line_follower.egg-info/SOURCES.txt'
[0.800s] adding license file 'LICENSE'
[0.800s] writing manifest file '../../../build/b3rb_ros_line_follower/b3rb_ros_line_follower.egg-info/SOURCES.txt'
[0.800s] running build
[0.800s] running build_py
[0.800s] creating /home/tharun/cognipilot/cranium/build/b3rb_ros_line_follower/build
[0.800s] creating /home/tharun/cognipilot/cranium/build/b3rb_ros_line_follower/build/lib
[0.800s] creating /home/tharun/cognipilot/cranium/build/b3rb_ros_line_follower/build/lib/b3rb_ros_line_follower
[0.801s] copying b3rb_ros_line_follower/b3rb_ros_object_recog.py -> /home/tharun/cognipilot/cranium/build/b3rb_ros_line_follower/build/lib/b3rb_ros_line_follower
[0.801s] copying b3rb_ros_line_follower/b3rb_ros_line_follower.py -> /home/tharun/cognipilot/cranium/build/b3rb_ros_line_follower/build/lib/b3rb_ros_line_follower
[0.801s] copying b3rb_ros_line_follower/__init__.py -> /home/tharun/cognipilot/cranium/build/b3rb_ros_line_follower/build/lib/b3rb_ros_line_follower
[0.801s] copying b3rb_ros_line_follower/b3rb_ros_edge_vectors.py -> /home/tharun/cognipilot/cranium/build/b3rb_ros_line_follower/build/lib/b3rb_ros_line_follower
[0.801s] copying b3rb_ros_line_follower/b3rb_ros_qr_detector.py -> /home/tharun/cognipilot/cranium/build/b3rb_ros_line_follower/build/lib/b3rb_ros_line_follower
[0.801s] running install
[0.801s] running install_lib
[0.802s] creating /home/tharun/cognipilot/cranium/install/b3rb_ros_line_follower/lib/python3.10/site-packages/b3rb_ros_line_follower
[0.803s] copying /home/tharun/cognipilot/cranium/build/b3rb_ros_line_follower/build/lib/b3rb_ros_line_follower/b3rb_ros_object_recog.py -> /home/tharun/cognipilot/cranium/install/b3rb_ros_line_follower/lib/python3.10/site-packages/b3rb_ros_line_follower
[0.803s] copying /home/tharun/cognipilot/cranium/build/b3rb_ros_line_follower/build/lib/b3rb_ros_line_follower/b3rb_ros_line_follower.py -> /home/tharun/cognipilot/cranium/install/b3rb_ros_line_follower/lib/python3.10/site-packages/b3rb_ros_line_follower
[0.803s] copying /home/tharun/cognipilot/cranium/build/b3rb_ros_line_follower/build/lib/b3rb_ros_line_follower/__init__.py -> /home/tharun/cognipilot/cranium/install/b3rb_ros_line_follower/lib/python3.10/site-packages/b3rb_ros_line_follower
[0.803s] copying /home/tharun/cognipilot/cranium/build/b3rb_ros_line_follower/build/lib/b3rb_ros_line_follower/b3rb_ros_edge_vectors.py -> /home/tharun/cognipilot/cranium/install/b3rb_ros_line_follower/lib/python3.10/site-packages/b3rb_ros_line_follower
[0.803s] copying /home/tharun/cognipilot/cranium/build/b3rb_ros_line_follower/build/lib/b3rb_ros_line_follower/b3rb_ros_qr_detector.py -> /home/tharun/cognipilot/cranium/install/b3rb_ros_line_follower/lib/python3.10/site-packages/b3rb_ros_line_follower
[0.803s] byte-compiling /home/tharun/cognipilot/cranium/install/b3rb_ros_line_follower/lib/python3.10/site-packages/b3rb_ros_line_follower/b3rb_ros_object_recog.py to b3rb_ros_object_recog.cpython-310.pyc
[0.804s] byte-compiling /home/tharun/cognipilot/cranium/install/b3rb_ros_line_follower/lib/python3.10/site-packages/b3rb_ros_line_follower/b3rb_ros_line_follower.py to b3rb_ros_line_follower.cpython-310.pyc
[0.804s] byte-compiling /home/tharun/cognipilot/cranium/install/b3rb_ros_line_follower/lib/python3.10/site-packages/b3rb_ros_line_follower/__init__.py to __init__.cpython-310.pyc
[0.805s] byte-compiling /home/tharun/cognipilot/cranium/install/b3rb_ros_line_follower/lib/python3.10/site-packages/b3rb_ros_line_follower/b3rb_ros_edge_vectors.py to b3rb_ros_edge_vectors.cpython-310.pyc
[0.806s] byte-compiling /home/tharun/cognipilot/cranium/install/b3rb_ros_line_follower/lib/python3.10/site-packages/b3rb_ros_line_follower/b3rb_ros_qr_detector.py to b3rb_ros_qr_detector.cpython-310.pyc
[0.806s] running install_data
[0.806s] creating /home/tharun/cognipilot/cranium/install/b3rb_ros_line_follower/share/ament_index
[0.806s] creating /home/tharun/cognipilot/cranium/install/b3rb_ros_line_follower/share/ament_index/resource_index
[0.806s] creating /home/tharun/cognipilot/cranium/install/b3rb_ros_line_follower/share/ament_index/resource_index/packages
[0.806s] copying resource/b3rb_ros_line_follower -> /home/tharun/cognipilot/cranium/install/b3rb_ros_line_follower/share/ament_index/resource_index/packages
[0.806s] copying package.xml -> /home/tharun/cognipilot/cranium/install/b3rb_ros_line_follower/share/b3rb_ros_line_follower
[0.806s] running install_egg_info
[0.808s] Copying ../../../build/b3rb_ros_line_follower/b3rb_ros_line_follower.egg-info to /home/tharun/cognipilot/cranium/install/b3rb_ros_line_follower/lib/python3.10/site-packages/b3rb_ros_line_follower-0.0.0-py3.10.egg-info
[0.808s] running install_scripts
[0.823s] Installing detect script to /home/tharun/cognipilot/cranium/install/b3rb_ros_line_follower/lib/b3rb_ros_line_follower
[0.823s] Installing qr_detect script to /home/tharun/cognipilot/cranium/install/b3rb_ros_line_follower/lib/b3rb_ros_line_follower
[0.823s] Installing runner script to /home/tharun/cognipilot/cranium/install/b3rb_ros_line_follower/lib/b3rb_ros_line_follower
[0.823s] Installing vectors script to /home/tharun/cognipilot/cranium/install/b3rb_ros_line_follower/lib/b3rb_ros_line_follower
[0.823s] writing list of installed files to '/home/tharun/cognipilot/cranium/build/b3rb_ros_line_follower/install.log'
[0.846s] Invoked command in '/home/tharun/cognipilot/cranium/src/b3rb_ros_line_follower/b3rb_ros_line_follower' returned '0': CMAKE_PREFIX_PATH=/home/tharun/cognipilot/cranium/install/synapse_msgs:/home/tharun/cognipilot/electrode/install/electrode:/home/tharun/cognipilot/cranium/install/synapse_ros:/home/tharun/cognipilot/cranium/install/synapse_gz:/home/tharun/cognipilot/cranium/install/synapse_tinyframe:/home/tharun/cognipilot/cranium/install/synapse_protobuf:/home/tharun/cognipilot/cranium/install/corti:/home/tharun/cognipilot/cranium/install/dream_world:/home/tharun/cognipilot/cranium/install/cerebri_bringup:/home/tharun/cognipilot/cranium/install/b3rb_simulator:/home/tharun/cognipilot/cranium/install/b3rb_desktop:/home/tharun/cognipilot/cranium/install/b3rb_rviz:/home/tharun/cognipilot/cranium/install/b3rb_nav2:/home/tharun/cognipilot/cranium/install/b3rb_gz_resource:/home/tharun/cognipilot/cranium/install/b3rb_gz_bringup:/home/tharun/cognipilot/cranium/install/b3rb_description LD_LIBRARY_PATH=/home/tharun/cognipilot/cranium/install/synapse_msgs/lib:/home/tharun/cognipilot/cranium/install/synapse_tinyframe/lib:/home/tharun/cognipilot/cranium/install/synapse_protobuf/lib:/opt/ros/humble/opt/rviz_ogre_vendor/lib:/opt/ros/humble/lib/x86_64-linux-gnu:/opt/ros/humble/lib PYTHONPATH=/home/tharun/cognipilot/cranium/build/b3rb_ros_line_follower/prefix_override:/usr/lib/python3/dist-packages/colcon_core/task/python/colcon_distutils_commands:/home/tharun/cognipilot/cranium/install/b3rb_ros_line_follower/lib/python3.10/site-packages:${PYTHONPATH} /usr/bin/python3 -W ignore:setup.py install is deprecated -W ignore:easy_install command is deprecated setup.py egg_info --egg-base ../../../build/b3rb_ros_line_follower build --build-base /home/tharun/cognipilot/cranium/build/b3rb_ros_line_follower/build install --record /home/tharun/cognipilot/cranium/build/b3rb_ros_line_follower/install.log --install-scripts $base/lib/b3rb_ros_line_follower --single-version-externally-managed install_data
