[0.012s] Invoking command in '/home/tharun/cognipilot/cranium/build/synapse_gz': CMAKE_PREFIX_PATH=/home/tharun/cognipilot/cranium/install/synapse_tinyframe:/home/tharun/cognipilot/cranium/install/synapse_protobuf:/home/tharun/cognipilot/cranium/install/synapse_ros:/home/tharun/cognipilot/cranium/install/synapse_gz:/home/tharun/cognipilot/cranium/install/corti:/home/tharun/cognipilot/cranium/install/synapse_msgs:/home/tharun/cognipilot/cranium/install/dream_world:/home/tharun/cognipilot/cranium/install/cerebri_bringup:/home/tharun/cognipilot/cranium/install/b3rb_simulator:/home/tharun/cognipilot/cranium/install/b3rb_desktop:/home/tharun/cognipilot/cranium/install/b3rb_rviz:/home/tharun/cognipilot/cranium/install/b3rb_nav2:/home/tharun/cognipilot/cranium/install/b3rb_gz_resource:/home/tharun/cognipilot/cranium/install/b3rb_gz_bringup:/home/tharun/cognipilot/cranium/install/b3rb_description:/home/tharun/cognipilot/electrode/install/electrode:/home/tharun/cognipilot/cranium/install/b3rb_ros_line_follower:/opt/ros/humble /usr/bin/cmake --build /home/tharun/cognipilot/cranium/build/synapse_gz -- -j12 -l12
[0.130s] [100%] Built target synapse_gz
[0.139s] Invoked command in '/home/tharun/cognipilot/cranium/build/synapse_gz' returned '0': CMAKE_PREFIX_PATH=/home/tharun/cognipilot/cranium/install/synapse_tinyframe:/home/tharun/cognipilot/cranium/install/synapse_protobuf:/home/tharun/cognipilot/cranium/install/synapse_ros:/home/tharun/cognipilot/cranium/install/synapse_gz:/home/tharun/cognipilot/cranium/install/corti:/home/tharun/cognipilot/cranium/install/synapse_msgs:/home/tharun/cognipilot/cranium/install/dream_world:/home/tharun/cognipilot/cranium/install/cerebri_bringup:/home/tharun/cognipilot/cranium/install/b3rb_simulator:/home/tharun/cognipilot/cranium/install/b3rb_desktop:/home/tharun/cognipilot/cranium/install/b3rb_rviz:/home/tharun/cognipilot/cranium/install/b3rb_nav2:/home/tharun/cognipilot/cranium/install/b3rb_gz_resource:/home/tharun/cognipilot/cranium/install/b3rb_gz_bringup:/home/tharun/cognipilot/cranium/install/b3rb_description:/home/tharun/cognipilot/electrode/install/electrode:/home/tharun/cognipilot/cranium/install/b3rb_ros_line_follower:/opt/ros/humble /usr/bin/cmake --build /home/tharun/cognipilot/cranium/build/synapse_gz -- -j12 -l12
[0.143s] Invoking command in '/home/tharun/cognipilot/cranium/build/synapse_gz': CMAKE_PREFIX_PATH=/home/tharun/cognipilot/cranium/install/synapse_tinyframe:/home/tharun/cognipilot/cranium/install/synapse_protobuf:/home/tharun/cognipilot/cranium/install/synapse_ros:/home/tharun/cognipilot/cranium/install/synapse_gz:/home/tharun/cognipilot/cranium/install/corti:/home/tharun/cognipilot/cranium/install/synapse_msgs:/home/tharun/cognipilot/cranium/install/dream_world:/home/tharun/cognipilot/cranium/install/cerebri_bringup:/home/tharun/cognipilot/cranium/install/b3rb_simulator:/home/tharun/cognipilot/cranium/install/b3rb_desktop:/home/tharun/cognipilot/cranium/install/b3rb_rviz:/home/tharun/cognipilot/cranium/install/b3rb_nav2:/home/tharun/cognipilot/cranium/install/b3rb_gz_resource:/home/tharun/cognipilot/cranium/install/b3rb_gz_bringup:/home/tharun/cognipilot/cranium/install/b3rb_description:/home/tharun/cognipilot/electrode/install/electrode:/home/tharun/cognipilot/cranium/install/b3rb_ros_line_follower:/opt/ros/humble /usr/bin/cmake --install /home/tharun/cognipilot/cranium/build/synapse_gz
[0.148s] -- Install configuration: ""
[0.148s] -- Execute custom install script
[0.149s] -- Up-to-date symlink: /home/tharun/cognipilot/cranium/install/synapse_gz/lib/synapse_gz/synapse_gz
[0.149s] -- Up-to-date symlink: /home/tharun/cognipilot/cranium/install/synapse_gz/share/synapse_gz/launch/synapse_gz.launch.py
[0.150s] -- Up-to-date symlink: /home/tharun/cognipilot/cranium/install/synapse_gz/share/ament_index/resource_index/package_run_dependencies/synapse_gz
[0.150s] -- Up-to-date symlink: /home/tharun/cognipilot/cranium/install/synapse_gz/share/ament_index/resource_index/parent_prefix_path/synapse_gz
[0.150s] -- Up-to-date symlink: /home/tharun/cognipilot/cranium/install/synapse_gz/share/synapse_gz/environment/ament_prefix_path.sh
[0.150s] -- Up-to-date symlink: /home/tharun/cognipilot/cranium/install/synapse_gz/share/synapse_gz/environment/ament_prefix_path.dsv
[0.150s] -- Up-to-date symlink: /home/tharun/cognipilot/cranium/install/synapse_gz/share/synapse_gz/environment/path.sh
[0.150s] -- Up-to-date symlink: /home/tharun/cognipilot/cranium/install/synapse_gz/share/synapse_gz/environment/path.dsv
[0.151s] -- Up-to-date symlink: /home/tharun/cognipilot/cranium/install/synapse_gz/share/synapse_gz/local_setup.bash
[0.151s] -- Up-to-date symlink: /home/tharun/cognipilot/cranium/install/synapse_gz/share/synapse_gz/local_setup.sh
[0.151s] -- Up-to-date symlink: /home/tharun/cognipilot/cranium/install/synapse_gz/share/synapse_gz/local_setup.zsh
[0.151s] -- Up-to-date symlink: /home/tharun/cognipilot/cranium/install/synapse_gz/share/synapse_gz/local_setup.dsv
[0.151s] -- Symlinking: /home/tharun/cognipilot/cranium/install/synapse_gz/share/synapse_gz/package.dsv
[0.159s] -- Up-to-date symlink: /home/tharun/cognipilot/cranium/install/synapse_gz/share/ament_index/resource_index/packages/synapse_gz
[0.159s] -- Up-to-date symlink: /home/tharun/cognipilot/cranium/install/synapse_gz/share/synapse_gz/cmake/synapse_gzConfig.cmake
[0.160s] -- Up-to-date symlink: /home/tharun/cognipilot/cranium/install/synapse_gz/share/synapse_gz/cmake/synapse_gzConfig-version.cmake
[0.160s] -- Up-to-date symlink: /home/tharun/cognipilot/cranium/install/synapse_gz/share/synapse_gz/package.xml
[0.162s] Invoked command in '/home/tharun/cognipilot/cranium/build/synapse_gz' returned '0': CMAKE_PREFIX_PATH=/home/tharun/cognipilot/cranium/install/synapse_tinyframe:/home/tharun/cognipilot/cranium/install/synapse_protobuf:/home/tharun/cognipilot/cranium/install/synapse_ros:/home/tharun/cognipilot/cranium/install/synapse_gz:/home/tharun/cognipilot/cranium/install/corti:/home/tharun/cognipilot/cranium/install/synapse_msgs:/home/tharun/cognipilot/cranium/install/dream_world:/home/tharun/cognipilot/cranium/install/cerebri_bringup:/home/tharun/cognipilot/cranium/install/b3rb_simulator:/home/tharun/cognipilot/cranium/install/b3rb_desktop:/home/tharun/cognipilot/cranium/install/b3rb_rviz:/home/tharun/cognipilot/cranium/install/b3rb_nav2:/home/tharun/cognipilot/cranium/install/b3rb_gz_resource:/home/tharun/cognipilot/cranium/install/b3rb_gz_bringup:/home/tharun/cognipilot/cranium/install/b3rb_description:/home/tharun/cognipilot/electrode/install/electrode:/home/tharun/cognipilot/cranium/install/b3rb_ros_line_follower:/opt/ros/humble /usr/bin/cmake --install /home/tharun/cognipilot/cranium/build/synapse_gz
