-- Found ament_cmake: 1.3.14 (/opt/ros/humble/share/ament_cmake/cmake)
-- Override CMake install command with custom implementation using symlinks instead of copying resources
-- Found ament_lint_auto: 0.12.15 (/opt/ros/humble/share/ament_lint_auto/cmake)
-- Added test 'lint_cmake' to check CMake code style
-- Added test 'xmllint' to check XML markup files
-- Configuring done
-- Generating done
-- Build files have been written to: /home/tharun/cognipilot/cranium/build/b3rb_desktop
-- Install configuration: ""
-- Execute custom install script
-- Symlinking: /home/tharun/cognipilot/cranium/install/b3rb_desktop/share/ament_index/resource_index/package_run_dependencies/b3rb_desktop
-- Symlinking: /home/tharun/cognipilot/cranium/install/b3rb_desktop/share/ament_index/resource_index/parent_prefix_path/b3rb_desktop
-- Symlinking: /home/tharun/cognipilot/cranium/install/b3rb_desktop/share/b3rb_desktop/environment/ament_prefix_path.sh
-- Symlinking: /home/tharun/cognipilot/cranium/install/b3rb_desktop/share/b3rb_desktop/environment/ament_prefix_path.dsv
-- Symlinking: /home/tharun/cognipilot/cranium/install/b3rb_desktop/share/b3rb_desktop/environment/path.sh
-- Symlinking: /home/tharun/cognipilot/cranium/install/b3rb_desktop/share/b3rb_desktop/environment/path.dsv
-- Symlinking: /home/tharun/cognipilot/cranium/install/b3rb_desktop/share/b3rb_desktop/local_setup.bash
-- Symlinking: /home/tharun/cognipilot/cranium/install/b3rb_desktop/share/b3rb_desktop/local_setup.sh
-- Symlinking: /home/tharun/cognipilot/cranium/install/b3rb_desktop/share/b3rb_desktop/local_setup.zsh
-- Symlinking: /home/tharun/cognipilot/cranium/install/b3rb_desktop/share/b3rb_desktop/local_setup.dsv
-- Symlinking: /home/tharun/cognipilot/cranium/install/b3rb_desktop/share/b3rb_desktop/package.dsv
-- Symlinking: /home/tharun/cognipilot/cranium/install/b3rb_desktop/share/ament_index/resource_index/packages/b3rb_desktop
-- Symlinking: /home/tharun/cognipilot/cranium/install/b3rb_desktop/share/b3rb_desktop/cmake/b3rb_desktopConfig.cmake
-- Symlinking: /home/tharun/cognipilot/cranium/install/b3rb_desktop/share/b3rb_desktop/cmake/b3rb_desktopConfig-version.cmake
-- Symlinking: /home/tharun/cognipilot/cranium/install/b3rb_desktop/share/b3rb_desktop/package.xml
