[0.040s] Invoking command in '/home/tharun/cognipilot/cranium/build/synapse_msgs': CMAKE_PREFIX_PATH=${CMAKE_PREFIX_PATH}:/home/tharun/cognipilot/cranium/install/b3rb_ros_line_follower:/opt/ros/humble /usr/bin/cmake --build /home/tharun/cognipilot/cranium/build/synapse_msgs -- -j12 -l12
[0.072s] -- Found ament_cmake: 1.3.14 (/opt/ros/humble/share/ament_cmake/cmake)
[0.319s] -- Found rosidl_default_generators: 1.2.1 (/opt/ros/humble/share/rosidl_default_generators/cmake)
[0.324s] -- Using all available rosidl_typesupport_c: rosidl_typesupport_fastrtps_c;rosidl_typesupport_introspection_c
[0.328s] -- Found rosidl_adapter: 3.1.9 (/opt/ros/humble/share/rosidl_adapter/cmake)
[0.407s] -- Using all available rosidl_typesupport_cpp: rosidl_typesupport_fastrtps_cpp;rosidl_typesupport_introspection_cpp
[0.459s] -- Found std_msgs: 4.9.2 (/opt/ros/humble/share/std_msgs/cmake)
[0.551s] -- Found geometry_msgs: 4.9.2 (/opt/ros/humble/share/geometry_msgs/cmake)
[1.333s] -- Found ament_cmake_cppcheck: 0.12.15 (/opt/ros/humble/share/ament_cmake_cppcheck/cmake)
[1.334s] -- Found ament_cmake_cpplint: 0.12.15 (/opt/ros/humble/share/ament_cmake_cpplint/cmake)
[1.339s] -- Found ament_cmake_uncrustify: 0.12.15 (/opt/ros/humble/share/ament_cmake_uncrustify/cmake)
[1.340s] -- Found ament_cmake_ros: 0.10.0 (/opt/ros/humble/share/ament_cmake_ros/cmake)
[1.985s] -- Using all available rosidl_typesupport_c: rosidl_typesupport_fastrtps_c;rosidl_typesupport_introspection_c
[2.695s] -- Using all available rosidl_typesupport_cpp: rosidl_typesupport_fastrtps_cpp;rosidl_typesupport_introspection_cpp
[2.791s] -- Found python_cmake_module: 0.10.0 (/opt/ros/humble/share/python_cmake_module/cmake)
[2.885s] -- Using PYTHON_EXECUTABLE: /usr/bin/python3
[2.885s] -- Using PYTHON_INCLUDE_DIRS: /usr/include/python3.10
[2.885s] -- Using PYTHON_LIBRARIES: /usr/lib/x86_64-linux-gnu/libpython3.10.so
[3.020s] -- Found ament_cmake_flake8: 0.12.15 (/opt/ros/humble/share/ament_cmake_flake8/cmake)
[3.020s] -- Found ament_cmake_pep257: 0.12.15 (/opt/ros/humble/share/ament_cmake_pep257/cmake)
[3.195s] -- Configuring done
[3.304s] -- Generating done
[3.327s] -- Build files have been written to: /home/tharun/cognipilot/cranium/build/synapse_msgs
[3.401s] [35m[1mConsolidate compiler generated dependencies of target synapse_msgs__rosidl_generator_c[0m
[3.425s] [  1%] Built target synapse_msgs__rs
[3.435s] [  3%] Built target synapse_msgs__cpp
[3.446s] [  4%] [32mBuilding C object CMakeFiles/synapse_msgs__rosidl_generator_c.dir/rosidl_generator_c/synapse_msgs/msg/detail/bezier_curve__functions.c.o[0m
[3.451s] [  4%] Built target ament_cmake_python_copy_synapse_msgs
[3.455s] [  6%] [32mBuilding C object CMakeFiles/synapse_msgs__rosidl_generator_c.dir/rosidl_generator_c/synapse_msgs/msg/detail/bezier_trajectory__functions.c.o[0m
[3.455s] [  7%] [32mBuilding C object CMakeFiles/synapse_msgs__rosidl_generator_c.dir/rosidl_generator_c/synapse_msgs/msg/detail/edge_vectors__functions.c.o[0m
[3.458s] [  9%] [32mBuilding C object CMakeFiles/synapse_msgs__rosidl_generator_c.dir/rosidl_generator_c/synapse_msgs/msg/detail/server_communication__functions.c.o[0m
[3.463s] [ 10%] [32mBuilding C object CMakeFiles/synapse_msgs__rosidl_generator_c.dir/rosidl_generator_c/synapse_msgs/msg/detail/status__functions.c.o[0m
[3.463s] [35m[1mConsolidate compiler generated dependencies of target synapse_msgs__rosidl_typesupport_fastrtps_cpp[0m
[3.489s] [35m[1mConsolidate compiler generated dependencies of target synapse_msgs__rosidl_typesupport_introspection_cpp[0m
[3.512s] [35m[1mConsolidate compiler generated dependencies of target synapse_msgs__rosidl_typesupport_cpp[0m
[3.512s] [ 12%] [32mBuilding CXX object CMakeFiles/synapse_msgs__rosidl_typesupport_fastrtps_cpp.dir/rosidl_typesupport_fastrtps_cpp/synapse_msgs/msg/detail/dds_fastrtps/status__type_support.cpp.o[0m
[3.512s] [ 14%] [32mBuilding CXX object CMakeFiles/synapse_msgs__rosidl_typesupport_fastrtps_cpp.dir/rosidl_typesupport_fastrtps_cpp/synapse_msgs/msg/detail/dds_fastrtps/bezier_curve__type_support.cpp.o[0m
[3.512s] [ 15%] [32mBuilding CXX object CMakeFiles/synapse_msgs__rosidl_typesupport_fastrtps_cpp.dir/rosidl_typesupport_fastrtps_cpp/synapse_msgs/msg/detail/dds_fastrtps/edge_vectors__type_support.cpp.o[0m
[3.513s] [ 17%] [32mBuilding CXX object CMakeFiles/synapse_msgs__rosidl_typesupport_fastrtps_cpp.dir/rosidl_typesupport_fastrtps_cpp/synapse_msgs/msg/detail/dds_fastrtps/bezier_trajectory__type_support.cpp.o[0m
[3.538s] [ 18%] [32mBuilding CXX object CMakeFiles/synapse_msgs__rosidl_typesupport_cpp.dir/rosidl_typesupport_cpp/synapse_msgs/msg/bezier_curve__type_support.cpp.o[0m
[3.544s] [ 20%] [32mBuilding CXX object CMakeFiles/synapse_msgs__rosidl_typesupport_introspection_cpp.dir/rosidl_typesupport_introspection_cpp/synapse_msgs/msg/detail/bezier_curve__type_support.cpp.o[0m
[3.658s] [ 21%] [32mBuilding CXX object CMakeFiles/synapse_msgs__rosidl_typesupport_cpp.dir/rosidl_typesupport_cpp/synapse_msgs/msg/bezier_trajectory__type_support.cpp.o[0m
[3.659s] [ 23%] [32mBuilding CXX object CMakeFiles/synapse_msgs__rosidl_typesupport_introspection_cpp.dir/rosidl_typesupport_introspection_cpp/synapse_msgs/msg/detail/bezier_trajectory__type_support.cpp.o[0m
[3.659s] [ 25%] [32mBuilding CXX object CMakeFiles/synapse_msgs__rosidl_typesupport_fastrtps_cpp.dir/rosidl_typesupport_fastrtps_cpp/synapse_msgs/msg/detail/dds_fastrtps/server_communication__type_support.cpp.o[0m
[3.659s] [ 26%] [32mBuilding CXX object CMakeFiles/synapse_msgs__rosidl_typesupport_introspection_cpp.dir/rosidl_typesupport_introspection_cpp/synapse_msgs/msg/detail/status__type_support.cpp.o[0m
[3.662s] [ 28%] [32m[1mLinking C shared library libsynapse_msgs__rosidl_generator_c.so[0m
[3.813s] [ 29%] Built target synapse_msgs__rosidl_generator_c
[3.842s] [ 31%] [32mBuilding CXX object CMakeFiles/synapse_msgs__rosidl_typesupport_cpp.dir/rosidl_typesupport_cpp/synapse_msgs/msg/status__type_support.cpp.o[0m
[3.991s] running egg_info
[3.992s] writing synapse_msgs.egg-info/PKG-INFO
[3.992s] writing dependency_links to synapse_msgs.egg-info/dependency_links.txt
[3.993s] writing top-level names to synapse_msgs.egg-info/top_level.txt
[3.997s] reading manifest file 'synapse_msgs.egg-info/SOURCES.txt'
[3.999s] writing manifest file 'synapse_msgs.egg-info/SOURCES.txt'
[4.143s] [ 31%] Built target ament_cmake_python_build_synapse_msgs_egg
[4.173s] [35m[1mConsolidate compiler generated dependencies of target synapse_msgs__rosidl_typesupport_fastrtps_c[0m
[4.208s] [35m[1mConsolidate compiler generated dependencies of target synapse_msgs__rosidl_typesupport_introspection_c[0m
[4.235s] [ 32%] [32mBuilding CXX object CMakeFiles/synapse_msgs__rosidl_typesupport_fastrtps_c.dir/rosidl_typesupport_fastrtps_c/synapse_msgs/msg/detail/bezier_curve__type_support_c.cpp.o[0m
[4.250s] [ 34%] [32mBuilding C object CMakeFiles/synapse_msgs__rosidl_typesupport_introspection_c.dir/rosidl_typesupport_introspection_c/synapse_msgs/msg/detail/bezier_curve__type_support.c.o[0m
[4.274s] [ 35%] [32mBuilding CXX object CMakeFiles/synapse_msgs__rosidl_typesupport_introspection_cpp.dir/rosidl_typesupport_introspection_cpp/synapse_msgs/msg/detail/edge_vectors__type_support.cpp.o[0m
[4.373s] [ 37%] [32mBuilding C object CMakeFiles/synapse_msgs__rosidl_typesupport_introspection_c.dir/rosidl_typesupport_introspection_c/synapse_msgs/msg/detail/bezier_trajectory__type_support.c.o[0m
[4.384s] [ 39%] [32mBuilding C object CMakeFiles/synapse_msgs__rosidl_typesupport_introspection_c.dir/rosidl_typesupport_introspection_c/synapse_msgs/msg/detail/status__type_support.c.o[0m
[4.438s] [ 40%] [32mBuilding CXX object CMakeFiles/synapse_msgs__rosidl_typesupport_fastrtps_c.dir/rosidl_typesupport_fastrtps_c/synapse_msgs/msg/detail/bezier_trajectory__type_support_c.cpp.o[0m
[4.455s] [35m[1mConsolidate compiler generated dependencies of target synapse_msgs__rosidl_typesupport_c[0m
[4.465s] [ 42%] [32mBuilding C object CMakeFiles/synapse_msgs__rosidl_typesupport_introspection_c.dir/rosidl_typesupport_introspection_c/synapse_msgs/msg/detail/edge_vectors__type_support.c.o[0m
[4.474s] [ 43%] [32mBuilding CXX object CMakeFiles/synapse_msgs__rosidl_typesupport_cpp.dir/rosidl_typesupport_cpp/synapse_msgs/msg/edge_vectors__type_support.cpp.o[0m
[4.478s] [ 46%] [32mBuilding CXX object CMakeFiles/synapse_msgs__rosidl_typesupport_fastrtps_c.dir/rosidl_typesupport_fastrtps_c/synapse_msgs/msg/detail/status__type_support_c.cpp.o[0m
[4.478s] [ 45%] [32mBuilding CXX object CMakeFiles/synapse_msgs__rosidl_typesupport_fastrtps_c.dir/rosidl_typesupport_fastrtps_c/synapse_msgs/msg/detail/edge_vectors__type_support_c.cpp.o[0m
[4.483s] [ 48%] [32mBuilding CXX object CMakeFiles/synapse_msgs__rosidl_typesupport_c.dir/rosidl_typesupport_c/synapse_msgs/msg/bezier_curve__type_support.cpp.o[0m
[4.568s] [ 50%] [32mBuilding CXX object CMakeFiles/synapse_msgs__rosidl_typesupport_c.dir/rosidl_typesupport_c/synapse_msgs/msg/bezier_trajectory__type_support.cpp.o[0m
[4.570s] [ 51%] [32mBuilding C object CMakeFiles/synapse_msgs__rosidl_typesupport_introspection_c.dir/rosidl_typesupport_introspection_c/synapse_msgs/msg/detail/server_communication__type_support.c.o[0m
[4.609s] [ 53%] [32mBuilding CXX object CMakeFiles/synapse_msgs__rosidl_typesupport_c.dir/rosidl_typesupport_c/synapse_msgs/msg/status__type_support.cpp.o[0m
[4.647s] [ 54%] [32m[1mLinking C shared library libsynapse_msgs__rosidl_typesupport_introspection_c.so[0m
[4.661s] [ 56%] [32mBuilding CXX object CMakeFiles/synapse_msgs__rosidl_typesupport_c.dir/rosidl_typesupport_c/synapse_msgs/msg/edge_vectors__type_support.cpp.o[0m
[4.671s] [ 57%] [32mBuilding CXX object CMakeFiles/synapse_msgs__rosidl_typesupport_cpp.dir/rosidl_typesupport_cpp/synapse_msgs/msg/server_communication__type_support.cpp.o[0m
[4.676s] [ 59%] [32mBuilding CXX object CMakeFiles/synapse_msgs__rosidl_typesupport_fastrtps_c.dir/rosidl_typesupport_fastrtps_c/synapse_msgs/msg/detail/server_communication__type_support_c.cpp.o[0m
[4.684s] [ 60%] [32mBuilding CXX object CMakeFiles/synapse_msgs__rosidl_typesupport_introspection_cpp.dir/rosidl_typesupport_introspection_cpp/synapse_msgs/msg/detail/server_communication__type_support.cpp.o[0m
[4.733s] [ 62%] [32mBuilding CXX object CMakeFiles/synapse_msgs__rosidl_typesupport_c.dir/rosidl_typesupport_c/synapse_msgs/msg/server_communication__type_support.cpp.o[0m
[4.735s] [ 64%] Built target synapse_msgs__rosidl_typesupport_introspection_c
[4.758s] [ 65%] [32m[1mLinking CXX shared library libsynapse_msgs__rosidl_typesupport_fastrtps_cpp.so[0m
[4.793s] [ 67%] [32m[1mLinking CXX shared library libsynapse_msgs__rosidl_typesupport_c.so[0m
[4.861s] [ 68%] Built target synapse_msgs__rosidl_typesupport_c
[4.945s] [ 70%] Built target synapse_msgs__rosidl_typesupport_fastrtps_cpp
[5.012s] [ 71%] [32m[1mLinking CXX shared library libsynapse_msgs__rosidl_typesupport_cpp.so[0m
[5.044s] [ 73%] Built target synapse_msgs__rosidl_typesupport_cpp
[5.097s] [ 75%] [32m[1mLinking CXX shared library libsynapse_msgs__rosidl_typesupport_fastrtps_c.so[0m
[5.099s] [ 76%] [32m[1mLinking CXX shared library libsynapse_msgs__rosidl_typesupport_introspection_cpp.so[0m
[5.169s] [ 79%] Built target synapse_msgs__rosidl_typesupport_fastrtps_c
[5.169s] [ 79%] Built target synapse_msgs__rosidl_typesupport_introspection_cpp
[5.186s] [ 79%] Built target synapse_msgs
[5.203s] [ 81%] Built target synapse_msgs__py
[5.211s] [35m[1mConsolidate compiler generated dependencies of target synapse_msgs__rosidl_generator_py[0m
[5.228s] [ 82%] [32mBuilding C object CMakeFiles/synapse_msgs__rosidl_generator_py.dir/rosidl_generator_py/synapse_msgs/msg/_bezier_curve_s.c.o[0m
[5.229s] [ 84%] [32mBuilding C object CMakeFiles/synapse_msgs__rosidl_generator_py.dir/rosidl_generator_py/synapse_msgs/msg/_bezier_trajectory_s.c.o[0m
[5.230s] [ 85%] [32mBuilding C object CMakeFiles/synapse_msgs__rosidl_generator_py.dir/rosidl_generator_py/synapse_msgs/msg/_status_s.c.o[0m
[5.232s] [ 87%] [32mBuilding C object CMakeFiles/synapse_msgs__rosidl_generator_py.dir/rosidl_generator_py/synapse_msgs/msg/_server_communication_s.c.o[0m
[5.234s] [ 89%] [32mBuilding C object CMakeFiles/synapse_msgs__rosidl_generator_py.dir/rosidl_generator_py/synapse_msgs/msg/_edge_vectors_s.c.o[0m
[5.361s] [ 90%] [32m[1mLinking C shared library rosidl_generator_py/synapse_msgs/libsynapse_msgs__rosidl_generator_py.so[0m
[5.410s] [ 90%] Built target synapse_msgs__rosidl_generator_py
[5.420s] [35m[1mConsolidate compiler generated dependencies of target synapse_msgs__rosidl_typesupport_c__pyext[0m
[5.420s] [35m[1mConsolidate compiler generated dependencies of target synapse_msgs__rosidl_typesupport_introspection_c__pyext[0m
[5.420s] [35m[1mConsolidate compiler generated dependencies of target synapse_msgs__rosidl_typesupport_fastrtps_c__pyext[0m
[5.440s] [ 92%] [32mBuilding C object CMakeFiles/synapse_msgs__rosidl_typesupport_c__pyext.dir/rosidl_generator_py/synapse_msgs/_synapse_msgs_s.ep.rosidl_typesupport_c.c.o[0m
[5.448s] [ 93%] [32mBuilding C object CMakeFiles/synapse_msgs__rosidl_typesupport_fastrtps_c__pyext.dir/rosidl_generator_py/synapse_msgs/_synapse_msgs_s.ep.rosidl_typesupport_fastrtps_c.c.o[0m
[5.448s] [ 95%] [32mBuilding C object CMakeFiles/synapse_msgs__rosidl_typesupport_introspection_c__pyext.dir/rosidl_generator_py/synapse_msgs/_synapse_msgs_s.ep.rosidl_typesupport_introspection_c.c.o[0m
[5.525s] [ 96%] [32m[1mLinking C shared library rosidl_generator_py/synapse_msgs/synapse_msgs_s__rosidl_typesupport_c.cpython-310-x86_64-linux-gnu.so[0m
[5.529s] [ 98%] [32m[1mLinking C shared library rosidl_generator_py/synapse_msgs/synapse_msgs_s__rosidl_typesupport_fastrtps_c.cpython-310-x86_64-linux-gnu.so[0m
[5.556s] [ 98%] Built target synapse_msgs__rosidl_typesupport_fastrtps_c__pyext
[5.561s] [ 98%] Built target synapse_msgs__rosidl_typesupport_c__pyext
[5.583s] [100%] [32m[1mLinking C shared library rosidl_generator_py/synapse_msgs/synapse_msgs_s__rosidl_typesupport_introspection_c.cpython-310-x86_64-linux-gnu.so[0m
[5.617s] [100%] Built target synapse_msgs__rosidl_typesupport_introspection_c__pyext
[5.626s] Invoked command in '/home/tharun/cognipilot/cranium/build/synapse_msgs' returned '0': CMAKE_PREFIX_PATH=${CMAKE_PREFIX_PATH}:/home/tharun/cognipilot/cranium/install/b3rb_ros_line_follower:/opt/ros/humble /usr/bin/cmake --build /home/tharun/cognipilot/cranium/build/synapse_msgs -- -j12 -l12
[5.628s] Invoking command in '/home/tharun/cognipilot/cranium/build/synapse_msgs': CMAKE_PREFIX_PATH=${CMAKE_PREFIX_PATH}:/home/tharun/cognipilot/cranium/install/b3rb_ros_line_follower:/opt/ros/humble /usr/bin/cmake --install /home/tharun/cognipilot/cranium/build/synapse_msgs
[5.636s] -- Install configuration: ""
[5.636s] -- Installing: /home/tharun/cognipilot/cranium/install/synapse_msgs/share/ament_index/resource_index/rosidl_interfaces/synapse_msgs
[5.636s] -- Up-to-date: /home/tharun/cognipilot/cranium/install/synapse_msgs/include/synapse_msgs/synapse_msgs
[5.636s] -- Up-to-date: /home/tharun/cognipilot/cranium/install/synapse_msgs/include/synapse_msgs/synapse_msgs/msg
[5.636s] -- Installing: /home/tharun/cognipilot/cranium/install/synapse_msgs/include/synapse_msgs/synapse_msgs/msg/edge_vectors.h
[5.636s] -- Installing: /home/tharun/cognipilot/cranium/install/synapse_msgs/include/synapse_msgs/synapse_msgs/msg/bezier_curve.h
[5.636s] -- Installing: /home/tharun/cognipilot/cranium/install/synapse_msgs/include/synapse_msgs/synapse_msgs/msg/bezier_trajectory.h
[5.637s] -- Installing: /home/tharun/cognipilot/cranium/install/synapse_msgs/include/synapse_msgs/synapse_msgs/msg/rosidl_generator_c__visibility_control.h
[5.637s] -- Installing: /home/tharun/cognipilot/cranium/install/synapse_msgs/include/synapse_msgs/synapse_msgs/msg/server_communication.h
[5.637s] -- Up-to-date: /home/tharun/cognipilot/cranium/install/synapse_msgs/include/synapse_msgs/synapse_msgs/msg/detail
[5.637s] -- Installing: /home/tharun/cognipilot/cranium/install/synapse_msgs/include/synapse_msgs/synapse_msgs/msg/detail/edge_vectors__type_support.h
[5.637s] -- Installing: /home/tharun/cognipilot/cranium/install/synapse_msgs/include/synapse_msgs/synapse_msgs/msg/detail/bezier_curve__struct.h
[5.637s] -- Installing: /home/tharun/cognipilot/cranium/install/synapse_msgs/include/synapse_msgs/synapse_msgs/msg/detail/edge_vectors__functions.h
[5.637s] -- Installing: /home/tharun/cognipilot/cranium/install/synapse_msgs/include/synapse_msgs/synapse_msgs/msg/detail/status__type_support.h
[5.637s] -- Installing: /home/tharun/cognipilot/cranium/install/synapse_msgs/include/synapse_msgs/synapse_msgs/msg/detail/server_communication__functions.c
[5.638s] -- Installing: /home/tharun/cognipilot/cranium/install/synapse_msgs/include/synapse_msgs/synapse_msgs/msg/detail/server_communication__functions.h
[5.638s] -- Installing: /home/tharun/cognipilot/cranium/install/synapse_msgs/include/synapse_msgs/synapse_msgs/msg/detail/server_communication__type_support.h
[5.638s] -- Installing: /home/tharun/cognipilot/cranium/install/synapse_msgs/include/synapse_msgs/synapse_msgs/msg/detail/status__struct.h
[5.638s] -- Installing: /home/tharun/cognipilot/cranium/install/synapse_msgs/include/synapse_msgs/synapse_msgs/msg/detail/bezier_curve__functions.h
[5.638s] -- Installing: /home/tharun/cognipilot/cranium/install/synapse_msgs/include/synapse_msgs/synapse_msgs/msg/detail/server_communication__struct.h
[5.638s] -- Installing: /home/tharun/cognipilot/cranium/install/synapse_msgs/include/synapse_msgs/synapse_msgs/msg/detail/bezier_trajectory__functions.h
[5.638s] -- Installing: /home/tharun/cognipilot/cranium/install/synapse_msgs/include/synapse_msgs/synapse_msgs/msg/detail/bezier_trajectory__functions.c
[5.638s] -- Installing: /home/tharun/cognipilot/cranium/install/synapse_msgs/include/synapse_msgs/synapse_msgs/msg/detail/bezier_curve__functions.c
[5.639s] -- Installing: /home/tharun/cognipilot/cranium/install/synapse_msgs/include/synapse_msgs/synapse_msgs/msg/detail/bezier_trajectory__struct.h
[5.639s] -- Installing: /home/tharun/cognipilot/cranium/install/synapse_msgs/include/synapse_msgs/synapse_msgs/msg/detail/bezier_trajectory__type_support.h
[5.639s] -- Installing: /home/tharun/cognipilot/cranium/install/synapse_msgs/include/synapse_msgs/synapse_msgs/msg/detail/edge_vectors__struct.h
[5.639s] -- Installing: /home/tharun/cognipilot/cranium/install/synapse_msgs/include/synapse_msgs/synapse_msgs/msg/detail/edge_vectors__functions.c
[5.639s] -- Installing: /home/tharun/cognipilot/cranium/install/synapse_msgs/include/synapse_msgs/synapse_msgs/msg/detail/status__functions.c
[5.639s] -- Installing: /home/tharun/cognipilot/cranium/install/synapse_msgs/include/synapse_msgs/synapse_msgs/msg/detail/bezier_curve__type_support.h
[5.639s] -- Installing: /home/tharun/cognipilot/cranium/install/synapse_msgs/include/synapse_msgs/synapse_msgs/msg/detail/status__functions.h
[5.640s] -- Installing: /home/tharun/cognipilot/cranium/install/synapse_msgs/include/synapse_msgs/synapse_msgs/msg/status.h
[5.640s] -- Installing: /home/tharun/cognipilot/cranium/install/synapse_msgs/share/synapse_msgs/environment/library_path.sh
[5.640s] -- Installing: /home/tharun/cognipilot/cranium/install/synapse_msgs/share/synapse_msgs/environment/library_path.dsv
[5.640s] -- Installing: /home/tharun/cognipilot/cranium/install/synapse_msgs/lib/libsynapse_msgs__rosidl_generator_c.so
[5.640s] -- Set runtime path of "/home/tharun/cognipilot/cranium/install/synapse_msgs/lib/libsynapse_msgs__rosidl_generator_c.so" to ""
[5.640s] -- Up-to-date: /home/tharun/cognipilot/cranium/install/synapse_msgs/include/synapse_msgs/synapse_msgs
[5.640s] -- Up-to-date: /home/tharun/cognipilot/cranium/install/synapse_msgs/include/synapse_msgs/synapse_msgs/msg
[5.640s] -- Installing: /home/tharun/cognipilot/cranium/install/synapse_msgs/include/synapse_msgs/synapse_msgs/msg/rosidl_typesupport_fastrtps_c__visibility_control.h
[5.641s] -- Up-to-date: /home/tharun/cognipilot/cranium/install/synapse_msgs/include/synapse_msgs/synapse_msgs/msg/detail
[5.641s] -- Installing: /home/tharun/cognipilot/cranium/install/synapse_msgs/include/synapse_msgs/synapse_msgs/msg/detail/server_communication__rosidl_typesupport_fastrtps_c.h
[5.641s] -- Installing: /home/tharun/cognipilot/cranium/install/synapse_msgs/include/synapse_msgs/synapse_msgs/msg/detail/status__rosidl_typesupport_fastrtps_c.h
[5.641s] -- Installing: /home/tharun/cognipilot/cranium/install/synapse_msgs/include/synapse_msgs/synapse_msgs/msg/detail/bezier_trajectory__rosidl_typesupport_fastrtps_c.h
[5.641s] -- Installing: /home/tharun/cognipilot/cranium/install/synapse_msgs/include/synapse_msgs/synapse_msgs/msg/detail/bezier_curve__rosidl_typesupport_fastrtps_c.h
[5.641s] -- Installing: /home/tharun/cognipilot/cranium/install/synapse_msgs/include/synapse_msgs/synapse_msgs/msg/detail/edge_vectors__rosidl_typesupport_fastrtps_c.h
[5.641s] -- Installing: /home/tharun/cognipilot/cranium/install/synapse_msgs/lib/libsynapse_msgs__rosidl_typesupport_fastrtps_c.so
[5.641s] -- Set runtime path of "/home/tharun/cognipilot/cranium/install/synapse_msgs/lib/libsynapse_msgs__rosidl_typesupport_fastrtps_c.so" to ""
[5.642s] -- Up-to-date: /home/tharun/cognipilot/cranium/install/synapse_msgs/include/synapse_msgs/synapse_msgs
[5.642s] -- Up-to-date: /home/tharun/cognipilot/cranium/install/synapse_msgs/include/synapse_msgs/synapse_msgs/msg
[5.642s] -- Installing: /home/tharun/cognipilot/cranium/install/synapse_msgs/include/synapse_msgs/synapse_msgs/msg/rosidl_typesupport_introspection_c__visibility_control.h
[5.642s] -- Up-to-date: /home/tharun/cognipilot/cranium/install/synapse_msgs/include/synapse_msgs/synapse_msgs/msg/detail
[5.642s] -- Installing: /home/tharun/cognipilot/cranium/install/synapse_msgs/include/synapse_msgs/synapse_msgs/msg/detail/status__type_support.c
[5.642s] -- Installing: /home/tharun/cognipilot/cranium/install/synapse_msgs/include/synapse_msgs/synapse_msgs/msg/detail/status__rosidl_typesupport_introspection_c.h
[5.642s] -- Installing: /home/tharun/cognipilot/cranium/install/synapse_msgs/include/synapse_msgs/synapse_msgs/msg/detail/bezier_curve__type_support.c
[5.642s] -- Installing: /home/tharun/cognipilot/cranium/install/synapse_msgs/include/synapse_msgs/synapse_msgs/msg/detail/server_communication__type_support.c
[5.643s] -- Installing: /home/tharun/cognipilot/cranium/install/synapse_msgs/include/synapse_msgs/synapse_msgs/msg/detail/bezier_curve__rosidl_typesupport_introspection_c.h
[5.643s] -- Installing: /home/tharun/cognipilot/cranium/install/synapse_msgs/include/synapse_msgs/synapse_msgs/msg/detail/bezier_trajectory__rosidl_typesupport_introspection_c.h
[5.643s] -- Installing: /home/tharun/cognipilot/cranium/install/synapse_msgs/include/synapse_msgs/synapse_msgs/msg/detail/edge_vectors__rosidl_typesupport_introspection_c.h
[5.643s] -- Installing: /home/tharun/cognipilot/cranium/install/synapse_msgs/include/synapse_msgs/synapse_msgs/msg/detail/server_communication__rosidl_typesupport_introspection_c.h
[5.643s] -- Installing: /home/tharun/cognipilot/cranium/install/synapse_msgs/include/synapse_msgs/synapse_msgs/msg/detail/edge_vectors__type_support.c
[5.643s] -- Installing: /home/tharun/cognipilot/cranium/install/synapse_msgs/include/synapse_msgs/synapse_msgs/msg/detail/bezier_trajectory__type_support.c
[5.643s] -- Installing: /home/tharun/cognipilot/cranium/install/synapse_msgs/lib/libsynapse_msgs__rosidl_typesupport_introspection_c.so
[5.644s] -- Set runtime path of "/home/tharun/cognipilot/cranium/install/synapse_msgs/lib/libsynapse_msgs__rosidl_typesupport_introspection_c.so" to ""
[5.644s] -- Installing: /home/tharun/cognipilot/cranium/install/synapse_msgs/lib/libsynapse_msgs__rosidl_typesupport_c.so
[5.644s] -- Set runtime path of "/home/tharun/cognipilot/cranium/install/synapse_msgs/lib/libsynapse_msgs__rosidl_typesupport_c.so" to ""
[5.644s] -- Up-to-date: /home/tharun/cognipilot/cranium/install/synapse_msgs/include/synapse_msgs/synapse_msgs
[5.644s] -- Up-to-date: /home/tharun/cognipilot/cranium/install/synapse_msgs/include/synapse_msgs/synapse_msgs/msg
[5.644s] -- Installing: /home/tharun/cognipilot/cranium/install/synapse_msgs/include/synapse_msgs/synapse_msgs/msg/bezier_trajectory.hpp
[5.644s] -- Installing: /home/tharun/cognipilot/cranium/install/synapse_msgs/include/synapse_msgs/synapse_msgs/msg/bezier_curve.hpp
[5.644s] -- Installing: /home/tharun/cognipilot/cranium/install/synapse_msgs/include/synapse_msgs/synapse_msgs/msg/status.hpp
[5.645s] -- Installing: /home/tharun/cognipilot/cranium/install/synapse_msgs/include/synapse_msgs/synapse_msgs/msg/edge_vectors.hpp
[5.645s] -- Installing: /home/tharun/cognipilot/cranium/install/synapse_msgs/include/synapse_msgs/synapse_msgs/msg/rosidl_generator_cpp__visibility_control.hpp
[5.645s] -- Up-to-date: /home/tharun/cognipilot/cranium/install/synapse_msgs/include/synapse_msgs/synapse_msgs/msg/detail
[5.645s] -- Installing: /home/tharun/cognipilot/cranium/install/synapse_msgs/include/synapse_msgs/synapse_msgs/msg/detail/status__struct.hpp
[5.645s] -- Installing: /home/tharun/cognipilot/cranium/install/synapse_msgs/include/synapse_msgs/synapse_msgs/msg/detail/server_communication__traits.hpp
[5.645s] -- Installing: /home/tharun/cognipilot/cranium/install/synapse_msgs/include/synapse_msgs/synapse_msgs/msg/detail/server_communication__builder.hpp
[5.645s] -- Installing: /home/tharun/cognipilot/cranium/install/synapse_msgs/include/synapse_msgs/synapse_msgs/msg/detail/edge_vectors__type_support.hpp
[5.645s] -- Installing: /home/tharun/cognipilot/cranium/install/synapse_msgs/include/synapse_msgs/synapse_msgs/msg/detail/server_communication__struct.hpp
[5.646s] -- Installing: /home/tharun/cognipilot/cranium/install/synapse_msgs/include/synapse_msgs/synapse_msgs/msg/detail/bezier_trajectory__traits.hpp
[5.646s] -- Installing: /home/tharun/cognipilot/cranium/install/synapse_msgs/include/synapse_msgs/synapse_msgs/msg/detail/bezier_curve__type_support.hpp
[5.646s] -- Installing: /home/tharun/cognipilot/cranium/install/synapse_msgs/include/synapse_msgs/synapse_msgs/msg/detail/edge_vectors__struct.hpp
[5.646s] -- Installing: /home/tharun/cognipilot/cranium/install/synapse_msgs/include/synapse_msgs/synapse_msgs/msg/detail/bezier_trajectory__struct.hpp
[5.646s] -- Installing: /home/tharun/cognipilot/cranium/install/synapse_msgs/include/synapse_msgs/synapse_msgs/msg/detail/edge_vectors__traits.hpp
[5.646s] -- Installing: /home/tharun/cognipilot/cranium/install/synapse_msgs/include/synapse_msgs/synapse_msgs/msg/detail/server_communication__type_support.hpp
[5.646s] -- Installing: /home/tharun/cognipilot/cranium/install/synapse_msgs/include/synapse_msgs/synapse_msgs/msg/detail/edge_vectors__builder.hpp
[5.646s] -- Installing: /home/tharun/cognipilot/cranium/install/synapse_msgs/include/synapse_msgs/synapse_msgs/msg/detail/bezier_curve__struct.hpp
[5.646s] -- Installing: /home/tharun/cognipilot/cranium/install/synapse_msgs/include/synapse_msgs/synapse_msgs/msg/detail/bezier_trajectory__builder.hpp
[5.646s] -- Installing: /home/tharun/cognipilot/cranium/install/synapse_msgs/include/synapse_msgs/synapse_msgs/msg/detail/bezier_curve__builder.hpp
[5.647s] -- Installing: /home/tharun/cognipilot/cranium/install/synapse_msgs/include/synapse_msgs/synapse_msgs/msg/detail/status__type_support.hpp
[5.647s] -- Installing: /home/tharun/cognipilot/cranium/install/synapse_msgs/include/synapse_msgs/synapse_msgs/msg/detail/bezier_trajectory__type_support.hpp
[5.647s] -- Installing: /home/tharun/cognipilot/cranium/install/synapse_msgs/include/synapse_msgs/synapse_msgs/msg/detail/status__builder.hpp
[5.647s] -- Installing: /home/tharun/cognipilot/cranium/install/synapse_msgs/include/synapse_msgs/synapse_msgs/msg/detail/bezier_curve__traits.hpp
[5.647s] -- Installing: /home/tharun/cognipilot/cranium/install/synapse_msgs/include/synapse_msgs/synapse_msgs/msg/detail/status__traits.hpp
[5.647s] -- Installing: /home/tharun/cognipilot/cranium/install/synapse_msgs/include/synapse_msgs/synapse_msgs/msg/server_communication.hpp
[5.647s] -- Up-to-date: /home/tharun/cognipilot/cranium/install/synapse_msgs/include/synapse_msgs/synapse_msgs
[5.647s] -- Up-to-date: /home/tharun/cognipilot/cranium/install/synapse_msgs/include/synapse_msgs/synapse_msgs/msg
[5.647s] -- Installing: /home/tharun/cognipilot/cranium/install/synapse_msgs/include/synapse_msgs/synapse_msgs/msg/rosidl_typesupport_fastrtps_cpp__visibility_control.h
[5.647s] -- Up-to-date: /home/tharun/cognipilot/cranium/install/synapse_msgs/include/synapse_msgs/synapse_msgs/msg/detail
[5.647s] -- Installing: /home/tharun/cognipilot/cranium/install/synapse_msgs/include/synapse_msgs/synapse_msgs/msg/detail/edge_vectors__rosidl_typesupport_fastrtps_cpp.hpp
[5.648s] -- Installing: /home/tharun/cognipilot/cranium/install/synapse_msgs/include/synapse_msgs/synapse_msgs/msg/detail/bezier_trajectory__rosidl_typesupport_fastrtps_cpp.hpp
[5.648s] -- Installing: /home/tharun/cognipilot/cranium/install/synapse_msgs/include/synapse_msgs/synapse_msgs/msg/detail/bezier_curve__rosidl_typesupport_fastrtps_cpp.hpp
[5.648s] -- Installing: /home/tharun/cognipilot/cranium/install/synapse_msgs/include/synapse_msgs/synapse_msgs/msg/detail/server_communication__rosidl_typesupport_fastrtps_cpp.hpp
[5.648s] -- Up-to-date: /home/tharun/cognipilot/cranium/install/synapse_msgs/include/synapse_msgs/synapse_msgs/msg/detail/dds_fastrtps
[5.648s] -- Installing: /home/tharun/cognipilot/cranium/install/synapse_msgs/include/synapse_msgs/synapse_msgs/msg/detail/status__rosidl_typesupport_fastrtps_cpp.hpp
[5.648s] -- Installing: /home/tharun/cognipilot/cranium/install/synapse_msgs/lib/libsynapse_msgs__rosidl_typesupport_fastrtps_cpp.so
[5.648s] -- Set runtime path of "/home/tharun/cognipilot/cranium/install/synapse_msgs/lib/libsynapse_msgs__rosidl_typesupport_fastrtps_cpp.so" to ""
[5.648s] -- Up-to-date: /home/tharun/cognipilot/cranium/install/synapse_msgs/include/synapse_msgs/synapse_msgs
[5.648s] -- Up-to-date: /home/tharun/cognipilot/cranium/install/synapse_msgs/include/synapse_msgs/synapse_msgs/msg
[5.648s] -- Up-to-date: /home/tharun/cognipilot/cranium/install/synapse_msgs/include/synapse_msgs/synapse_msgs/msg/detail
[5.649s] -- Installing: /home/tharun/cognipilot/cranium/install/synapse_msgs/include/synapse_msgs/synapse_msgs/msg/detail/bezier_trajectory__type_support.cpp
[5.649s] -- Installing: /home/tharun/cognipilot/cranium/install/synapse_msgs/include/synapse_msgs/synapse_msgs/msg/detail/bezier_curve__type_support.cpp
[5.649s] -- Installing: /home/tharun/cognipilot/cranium/install/synapse_msgs/include/synapse_msgs/synapse_msgs/msg/detail/status__rosidl_typesupport_introspection_cpp.hpp
[5.649s] -- Installing: /home/tharun/cognipilot/cranium/install/synapse_msgs/include/synapse_msgs/synapse_msgs/msg/detail/status__type_support.cpp
[5.649s] -- Installing: /home/tharun/cognipilot/cranium/install/synapse_msgs/include/synapse_msgs/synapse_msgs/msg/detail/server_communication__type_support.cpp
[5.649s] -- Installing: /home/tharun/cognipilot/cranium/install/synapse_msgs/include/synapse_msgs/synapse_msgs/msg/detail/bezier_trajectory__rosidl_typesupport_introspection_cpp.hpp
[5.649s] -- Installing: /home/tharun/cognipilot/cranium/install/synapse_msgs/include/synapse_msgs/synapse_msgs/msg/detail/edge_vectors__type_support.cpp
[5.649s] -- Installing: /home/tharun/cognipilot/cranium/install/synapse_msgs/include/synapse_msgs/synapse_msgs/msg/detail/server_communication__rosidl_typesupport_introspection_cpp.hpp
[5.649s] -- Installing: /home/tharun/cognipilot/cranium/install/synapse_msgs/include/synapse_msgs/synapse_msgs/msg/detail/edge_vectors__rosidl_typesupport_introspection_cpp.hpp
[5.649s] -- Installing: /home/tharun/cognipilot/cranium/install/synapse_msgs/include/synapse_msgs/synapse_msgs/msg/detail/bezier_curve__rosidl_typesupport_introspection_cpp.hpp
[5.649s] -- Installing: /home/tharun/cognipilot/cranium/install/synapse_msgs/lib/libsynapse_msgs__rosidl_typesupport_introspection_cpp.so
[5.650s] -- Set runtime path of "/home/tharun/cognipilot/cranium/install/synapse_msgs/lib/libsynapse_msgs__rosidl_typesupport_introspection_cpp.so" to ""
[5.650s] -- Installing: /home/tharun/cognipilot/cranium/install/synapse_msgs/lib/libsynapse_msgs__rosidl_typesupport_cpp.so
[5.650s] -- Set runtime path of "/home/tharun/cognipilot/cranium/install/synapse_msgs/lib/libsynapse_msgs__rosidl_typesupport_cpp.so" to ""
[5.650s] -- Installing: /home/tharun/cognipilot/cranium/install/synapse_msgs/share/synapse_msgs/environment/pythonpath.sh
[5.650s] -- Installing: /home/tharun/cognipilot/cranium/install/synapse_msgs/share/synapse_msgs/environment/pythonpath.dsv
[5.650s] -- Up-to-date: /home/tharun/cognipilot/cranium/install/synapse_msgs/local/lib/python3.10/dist-packages/synapse_msgs-0.0.1-py3.10.egg-info
[5.650s] -- Installing: /home/tharun/cognipilot/cranium/install/synapse_msgs/local/lib/python3.10/dist-packages/synapse_msgs-0.0.1-py3.10.egg-info/dependency_links.txt
[5.650s] -- Installing: /home/tharun/cognipilot/cranium/install/synapse_msgs/local/lib/python3.10/dist-packages/synapse_msgs-0.0.1-py3.10.egg-info/SOURCES.txt
[5.650s] -- Installing: /home/tharun/cognipilot/cranium/install/synapse_msgs/local/lib/python3.10/dist-packages/synapse_msgs-0.0.1-py3.10.egg-info/top_level.txt
[5.650s] -- Installing: /home/tharun/cognipilot/cranium/install/synapse_msgs/local/lib/python3.10/dist-packages/synapse_msgs-0.0.1-py3.10.egg-info/PKG-INFO
[5.650s] -- Up-to-date: /home/tharun/cognipilot/cranium/install/synapse_msgs/local/lib/python3.10/dist-packages/synapse_msgs
[5.651s] -- Installing: /home/tharun/cognipilot/cranium/install/synapse_msgs/local/lib/python3.10/dist-packages/synapse_msgs/synapse_msgs_s__rosidl_typesupport_fastrtps_c.cpython-310-x86_64-linux-gnu.so
[5.651s] -- Installing: /home/tharun/cognipilot/cranium/install/synapse_msgs/local/lib/python3.10/dist-packages/synapse_msgs/libsynapse_msgs__rosidl_generator_py.so
[5.651s] -- Installing: /home/tharun/cognipilot/cranium/install/synapse_msgs/local/lib/python3.10/dist-packages/synapse_msgs/_synapse_msgs_s.ep.rosidl_typesupport_introspection_c.c
[5.651s] -- Installing: /home/tharun/cognipilot/cranium/install/synapse_msgs/local/lib/python3.10/dist-packages/synapse_msgs/synapse_msgs_s__rosidl_typesupport_introspection_c.cpython-310-x86_64-linux-gnu.so
[5.651s] -- Up-to-date: /home/tharun/cognipilot/cranium/install/synapse_msgs/local/lib/python3.10/dist-packages/synapse_msgs/msg
[5.651s] -- Installing: /home/tharun/cognipilot/cranium/install/synapse_msgs/local/lib/python3.10/dist-packages/synapse_msgs/msg/_bezier_trajectory.py
[5.651s] -- Installing: /home/tharun/cognipilot/cranium/install/synapse_msgs/local/lib/python3.10/dist-packages/synapse_msgs/msg/_status.py
[5.651s] -- Installing: /home/tharun/cognipilot/cranium/install/synapse_msgs/local/lib/python3.10/dist-packages/synapse_msgs/msg/_bezier_trajectory_s.c
[5.651s] -- Installing: /home/tharun/cognipilot/cranium/install/synapse_msgs/local/lib/python3.10/dist-packages/synapse_msgs/msg/_edge_vectors.py
[5.651s] -- Installing: /home/tharun/cognipilot/cranium/install/synapse_msgs/local/lib/python3.10/dist-packages/synapse_msgs/msg/__init__.py
[5.651s] -- Installing: /home/tharun/cognipilot/cranium/install/synapse_msgs/local/lib/python3.10/dist-packages/synapse_msgs/msg/_server_communication_s.c
[5.652s] -- Installing: /home/tharun/cognipilot/cranium/install/synapse_msgs/local/lib/python3.10/dist-packages/synapse_msgs/msg/_bezier_curve.py
[5.652s] -- Installing: /home/tharun/cognipilot/cranium/install/synapse_msgs/local/lib/python3.10/dist-packages/synapse_msgs/msg/_server_communication.py
[5.652s] -- Installing: /home/tharun/cognipilot/cranium/install/synapse_msgs/local/lib/python3.10/dist-packages/synapse_msgs/msg/_edge_vectors_s.c
[5.652s] -- Installing: /home/tharun/cognipilot/cranium/install/synapse_msgs/local/lib/python3.10/dist-packages/synapse_msgs/msg/_status_s.c
[5.652s] -- Installing: /home/tharun/cognipilot/cranium/install/synapse_msgs/local/lib/python3.10/dist-packages/synapse_msgs/msg/_bezier_curve_s.c
[5.652s] -- Installing: /home/tharun/cognipilot/cranium/install/synapse_msgs/local/lib/python3.10/dist-packages/synapse_msgs/synapse_msgs_s__rosidl_typesupport_c.cpython-310-x86_64-linux-gnu.so
[5.652s] -- Installing: /home/tharun/cognipilot/cranium/install/synapse_msgs/local/lib/python3.10/dist-packages/synapse_msgs/__init__.py
[5.652s] -- Installing: /home/tharun/cognipilot/cranium/install/synapse_msgs/local/lib/python3.10/dist-packages/synapse_msgs/_synapse_msgs_s.ep.rosidl_typesupport_c.c
[5.652s] -- Installing: /home/tharun/cognipilot/cranium/install/synapse_msgs/local/lib/python3.10/dist-packages/synapse_msgs/_synapse_msgs_s.ep.rosidl_typesupport_fastrtps_c.c
[5.675s] Listing '/home/tharun/cognipilot/cranium/install/synapse_msgs/local/lib/python3.10/dist-packages/synapse_msgs'...
[5.675s] Compiling '/home/tharun/cognipilot/cranium/install/synapse_msgs/local/lib/python3.10/dist-packages/synapse_msgs/__init__.py'...
[5.675s] Listing '/home/tharun/cognipilot/cranium/install/synapse_msgs/local/lib/python3.10/dist-packages/synapse_msgs/msg'...
[5.675s] Compiling '/home/tharun/cognipilot/cranium/install/synapse_msgs/local/lib/python3.10/dist-packages/synapse_msgs/msg/__init__.py'...
[5.675s] Compiling '/home/tharun/cognipilot/cranium/install/synapse_msgs/local/lib/python3.10/dist-packages/synapse_msgs/msg/_bezier_curve.py'...
[5.675s] Compiling '/home/tharun/cognipilot/cranium/install/synapse_msgs/local/lib/python3.10/dist-packages/synapse_msgs/msg/_bezier_trajectory.py'...
[5.675s] Compiling '/home/tharun/cognipilot/cranium/install/synapse_msgs/local/lib/python3.10/dist-packages/synapse_msgs/msg/_edge_vectors.py'...
[5.675s] Compiling '/home/tharun/cognipilot/cranium/install/synapse_msgs/local/lib/python3.10/dist-packages/synapse_msgs/msg/_server_communication.py'...
[5.675s] Compiling '/home/tharun/cognipilot/cranium/install/synapse_msgs/local/lib/python3.10/dist-packages/synapse_msgs/msg/_status.py'...
[5.678s] -- Installing: /home/tharun/cognipilot/cranium/install/synapse_msgs/local/lib/python3.10/dist-packages/synapse_msgs/synapse_msgs_s__rosidl_typesupport_fastrtps_c.cpython-310-x86_64-linux-gnu.so
[5.678s] -- Set runtime path of "/home/tharun/cognipilot/cranium/install/synapse_msgs/local/lib/python3.10/dist-packages/synapse_msgs/synapse_msgs_s__rosidl_typesupport_fastrtps_c.cpython-310-x86_64-linux-gnu.so" to ""
[5.678s] -- Installing: /home/tharun/cognipilot/cranium/install/synapse_msgs/local/lib/python3.10/dist-packages/synapse_msgs/synapse_msgs_s__rosidl_typesupport_introspection_c.cpython-310-x86_64-linux-gnu.so
[5.679s] -- Set runtime path of "/home/tharun/cognipilot/cranium/install/synapse_msgs/local/lib/python3.10/dist-packages/synapse_msgs/synapse_msgs_s__rosidl_typesupport_introspection_c.cpython-310-x86_64-linux-gnu.so" to ""
[5.679s] -- Installing: /home/tharun/cognipilot/cranium/install/synapse_msgs/local/lib/python3.10/dist-packages/synapse_msgs/synapse_msgs_s__rosidl_typesupport_c.cpython-310-x86_64-linux-gnu.so
[5.679s] -- Set runtime path of "/home/tharun/cognipilot/cranium/install/synapse_msgs/local/lib/python3.10/dist-packages/synapse_msgs/synapse_msgs_s__rosidl_typesupport_c.cpython-310-x86_64-linux-gnu.so" to ""
[5.679s] -- Installing: /home/tharun/cognipilot/cranium/install/synapse_msgs/lib/libsynapse_msgs__rosidl_generator_py.so
[5.679s] -- Set runtime path of "/home/tharun/cognipilot/cranium/install/synapse_msgs/lib/libsynapse_msgs__rosidl_generator_py.so" to ""
[5.679s] -- Installing: /home/tharun/cognipilot/cranium/install/synapse_msgs/share/ament_index/resource_index/rust_packages/synapse_msgs
[5.679s] -- Up-to-date: /home/tharun/cognipilot/cranium/install/synapse_msgs/share/synapse_msgs/rust
[5.680s] -- Installing: /home/tharun/cognipilot/cranium/install/synapse_msgs/share/synapse_msgs/rust/build.rs
[5.680s] -- Up-to-date: /home/tharun/cognipilot/cranium/install/synapse_msgs/share/synapse_msgs/rust/src
[5.680s] -- Up-to-date: /home/tharun/cognipilot/cranium/install/synapse_msgs/share/synapse_msgs/rust/src/msg
[5.680s] -- Installing: /home/tharun/cognipilot/cranium/install/synapse_msgs/share/synapse_msgs/rust/src/msg/rmw.rs
[5.680s] -- Installing: /home/tharun/cognipilot/cranium/install/synapse_msgs/share/synapse_msgs/rust/src/msg.rs
[5.680s] -- Installing: /home/tharun/cognipilot/cranium/install/synapse_msgs/share/synapse_msgs/rust/src/lib.rs
[5.680s] -- Installing: /home/tharun/cognipilot/cranium/install/synapse_msgs/share/synapse_msgs/rust/Cargo.toml
[5.680s] -- Installing: /home/tharun/cognipilot/cranium/install/synapse_msgs/share/synapse_msgs/msg/BezierCurve.idl
[5.681s] -- Installing: /home/tharun/cognipilot/cranium/install/synapse_msgs/share/synapse_msgs/msg/BezierTrajectory.idl
[5.681s] -- Installing: /home/tharun/cognipilot/cranium/install/synapse_msgs/share/synapse_msgs/msg/Status.idl
[5.681s] -- Installing: /home/tharun/cognipilot/cranium/install/synapse_msgs/share/synapse_msgs/msg/EdgeVectors.idl
[5.681s] -- Installing: /home/tharun/cognipilot/cranium/install/synapse_msgs/share/synapse_msgs/msg/ServerCommunication.idl
[5.681s] -- Installing: /home/tharun/cognipilot/cranium/install/synapse_msgs/share/synapse_msgs/msg/BezierCurve.msg
[5.681s] -- Installing: /home/tharun/cognipilot/cranium/install/synapse_msgs/share/synapse_msgs/msg/BezierTrajectory.msg
[5.681s] -- Installing: /home/tharun/cognipilot/cranium/install/synapse_msgs/share/synapse_msgs/msg/Status.msg
[5.681s] -- Installing: /home/tharun/cognipilot/cranium/install/synapse_msgs/share/synapse_msgs/msg/EdgeVectors.msg
[5.681s] -- Installing: /home/tharun/cognipilot/cranium/install/synapse_msgs/share/synapse_msgs/msg/ServerCommunication.msg
[5.681s] -- Installing: /home/tharun/cognipilot/cranium/install/synapse_msgs/share/ament_index/resource_index/package_run_dependencies/synapse_msgs
[5.681s] -- Installing: /home/tharun/cognipilot/cranium/install/synapse_msgs/share/ament_index/resource_index/parent_prefix_path/synapse_msgs
[5.681s] -- Installing: /home/tharun/cognipilot/cranium/install/synapse_msgs/share/synapse_msgs/environment/ament_prefix_path.sh
[5.681s] -- Installing: /home/tharun/cognipilot/cranium/install/synapse_msgs/share/synapse_msgs/environment/ament_prefix_path.dsv
[5.681s] -- Installing: /home/tharun/cognipilot/cranium/install/synapse_msgs/share/synapse_msgs/environment/path.sh
[5.681s] -- Installing: /home/tharun/cognipilot/cranium/install/synapse_msgs/share/synapse_msgs/environment/path.dsv
[5.682s] -- Installing: /home/tharun/cognipilot/cranium/install/synapse_msgs/share/synapse_msgs/local_setup.bash
[5.682s] -- Installing: /home/tharun/cognipilot/cranium/install/synapse_msgs/share/synapse_msgs/local_setup.sh
[5.682s] -- Installing: /home/tharun/cognipilot/cranium/install/synapse_msgs/share/synapse_msgs/local_setup.zsh
[5.682s] -- Installing: /home/tharun/cognipilot/cranium/install/synapse_msgs/share/synapse_msgs/local_setup.dsv
[5.682s] -- Installing: /home/tharun/cognipilot/cranium/install/synapse_msgs/share/synapse_msgs/package.dsv
[5.682s] -- Installing: /home/tharun/cognipilot/cranium/install/synapse_msgs/share/ament_index/resource_index/packages/synapse_msgs
[5.682s] -- Installing: /home/tharun/cognipilot/cranium/install/synapse_msgs/share/synapse_msgs/cmake/export_synapse_msgs__rosidl_generator_cExport.cmake
[5.682s] -- Installing: /home/tharun/cognipilot/cranium/install/synapse_msgs/share/synapse_msgs/cmake/export_synapse_msgs__rosidl_generator_cExport-noconfig.cmake
[5.682s] -- Installing: /home/tharun/cognipilot/cranium/install/synapse_msgs/share/synapse_msgs/cmake/export_synapse_msgs__rosidl_typesupport_fastrtps_cExport.cmake
[5.682s] -- Installing: /home/tharun/cognipilot/cranium/install/synapse_msgs/share/synapse_msgs/cmake/export_synapse_msgs__rosidl_typesupport_fastrtps_cExport-noconfig.cmake
[5.682s] -- Installing: /home/tharun/cognipilot/cranium/install/synapse_msgs/share/synapse_msgs/cmake/synapse_msgs__rosidl_typesupport_introspection_cExport.cmake
[5.682s] -- Installing: /home/tharun/cognipilot/cranium/install/synapse_msgs/share/synapse_msgs/cmake/synapse_msgs__rosidl_typesupport_introspection_cExport-noconfig.cmake
[5.682s] -- Installing: /home/tharun/cognipilot/cranium/install/synapse_msgs/share/synapse_msgs/cmake/synapse_msgs__rosidl_typesupport_cExport.cmake
[5.683s] -- Installing: /home/tharun/cognipilot/cranium/install/synapse_msgs/share/synapse_msgs/cmake/synapse_msgs__rosidl_typesupport_cExport-noconfig.cmake
[5.683s] -- Installing: /home/tharun/cognipilot/cranium/install/synapse_msgs/share/synapse_msgs/cmake/export_synapse_msgs__rosidl_generator_cppExport.cmake
[5.683s] -- Installing: /home/tharun/cognipilot/cranium/install/synapse_msgs/share/synapse_msgs/cmake/export_synapse_msgs__rosidl_typesupport_fastrtps_cppExport.cmake
[5.683s] -- Installing: /home/tharun/cognipilot/cranium/install/synapse_msgs/share/synapse_msgs/cmake/export_synapse_msgs__rosidl_typesupport_fastrtps_cppExport-noconfig.cmake
[5.683s] -- Installing: /home/tharun/cognipilot/cranium/install/synapse_msgs/share/synapse_msgs/cmake/synapse_msgs__rosidl_typesupport_introspection_cppExport.cmake
[5.683s] -- Installing: /home/tharun/cognipilot/cranium/install/synapse_msgs/share/synapse_msgs/cmake/synapse_msgs__rosidl_typesupport_introspection_cppExport-noconfig.cmake
[5.683s] -- Installing: /home/tharun/cognipilot/cranium/install/synapse_msgs/share/synapse_msgs/cmake/synapse_msgs__rosidl_typesupport_cppExport.cmake
[5.683s] -- Installing: /home/tharun/cognipilot/cranium/install/synapse_msgs/share/synapse_msgs/cmake/synapse_msgs__rosidl_typesupport_cppExport-noconfig.cmake
[5.683s] -- Installing: /home/tharun/cognipilot/cranium/install/synapse_msgs/share/synapse_msgs/cmake/export_synapse_msgs__rosidl_generator_pyExport.cmake
[5.683s] -- Installing: /home/tharun/cognipilot/cranium/install/synapse_msgs/share/synapse_msgs/cmake/export_synapse_msgs__rosidl_generator_pyExport-noconfig.cmake
[5.683s] -- Installing: /home/tharun/cognipilot/cranium/install/synapse_msgs/share/synapse_msgs/cmake/rosidl_cmake-extras.cmake
[5.683s] -- Installing: /home/tharun/cognipilot/cranium/install/synapse_msgs/share/synapse_msgs/cmake/ament_cmake_export_dependencies-extras.cmake
[5.683s] -- Installing: /home/tharun/cognipilot/cranium/install/synapse_msgs/share/synapse_msgs/cmake/ament_cmake_export_include_directories-extras.cmake
[5.683s] -- Installing: /home/tharun/cognipilot/cranium/install/synapse_msgs/share/synapse_msgs/cmake/ament_cmake_export_libraries-extras.cmake
[5.683s] -- Installing: /home/tharun/cognipilot/cranium/install/synapse_msgs/share/synapse_msgs/cmake/ament_cmake_export_targets-extras.cmake
[5.683s] -- Installing: /home/tharun/cognipilot/cranium/install/synapse_msgs/share/synapse_msgs/cmake/rosidl_cmake_export_typesupport_targets-extras.cmake
[5.683s] -- Installing: /home/tharun/cognipilot/cranium/install/synapse_msgs/share/synapse_msgs/cmake/rosidl_cmake_export_typesupport_libraries-extras.cmake
[5.684s] -- Installing: /home/tharun/cognipilot/cranium/install/synapse_msgs/share/synapse_msgs/cmake/rosidl_cmake_aggregate_target-extras.cmake
[5.684s] -- Installing: /home/tharun/cognipilot/cranium/install/synapse_msgs/share/synapse_msgs/cmake/synapse_msgsConfig.cmake
[5.684s] -- Installing: /home/tharun/cognipilot/cranium/install/synapse_msgs/share/synapse_msgs/cmake/synapse_msgsConfig-version.cmake
[5.684s] -- Installing: /home/tharun/cognipilot/cranium/install/synapse_msgs/share/synapse_msgs/package.xml
[5.686s] Invoked command in '/home/tharun/cognipilot/cranium/build/synapse_msgs' returned '0': CMAKE_PREFIX_PATH=${CMAKE_PREFIX_PATH}:/home/tharun/cognipilot/cranium/install/b3rb_ros_line_follower:/opt/ros/humble /usr/bin/cmake --install /home/tharun/cognipilot/cranium/build/synapse_msgs
