[0.026s] Invoking command in '/home/tharun/cognipilot/cranium/build/synapse_protobuf': CMAKE_PREFIX_PATH=${CMAKE_PREFIX_PATH}:/opt/ros/humble /usr/bin/cmake /home/tharun/cognipilot/cranium/src/synapse_protobuf -DCMAKE_INSTALL_PREFIX=/home/tharun/cognipilot/cranium/install/synapse_protobuf
[0.112s] -- The C compiler identification is GNU 11.4.0
[0.174s] -- The CXX compiler identification is GNU 11.4.0
[0.190s] -- Detecting C compiler ABI info
[0.274s] -- Detecting C compiler ABI info - done
[0.287s] -- Check for working C compiler: /usr/bin/cc - skipped
[0.288s] -- Detecting C compile features
[0.288s] -- Detecting C compile features - done
[0.289s] -- Detecting CXX compiler ABI info
[0.373s] -- Detecting CXX compiler ABI info - done
[0.378s] -- Check for working CXX compiler: /usr/bin/c++ - skipped
[0.379s] -- Detecting CXX compile features
[0.379s] -- Detecting CXX compile features - done
[0.384s] -- Found ament_cmake: 1.3.14 (/opt/ros/humble/share/ament_cmake/cmake)
[0.545s] -- Found Python3: /usr/bin/python3 (found version "3.10.12") found components: Interpreter 
[0.862s] -- Found Protobuf: /usr/lib/x86_64-linux-gnu/libprotobuf.so (found version "3.12.4") 
[0.867s] -- proto_src: /home/tharun/cognipilot/cranium/build/synapse_protobuf/proto/actuators.pb.cc;/home/tharun/cognipilot/cranium/build/synapse_protobuf/proto/altimeter.pb.cc;/home/tharun/cognipilot/cranium/build/synapse_protobuf/proto/battery_state.pb.cc;/home/tharun/cognipilot/cranium/build/synapse_protobuf/proto/bezier_curve.pb.cc;/home/tharun/cognipilot/cranium/build/synapse_protobuf/proto/bezier_trajectory.pb.cc;/home/tharun/cognipilot/cranium/build/synapse_protobuf/proto/can.pb.cc;/home/tharun/cognipilot/cranium/build/synapse_protobuf/proto/header.pb.cc;/home/tharun/cognipilot/cranium/build/synapse_protobuf/proto/imu.pb.cc;/home/tharun/cognipilot/cranium/build/synapse_protobuf/proto/joy.pb.cc;/home/tharun/cognipilot/cranium/build/synapse_protobuf/proto/led.pb.cc;/home/tharun/cognipilot/cranium/build/synapse_protobuf/proto/led_array.pb.cc;/home/tharun/cognipilot/cranium/build/synapse_protobuf/proto/magnetic_field.pb.cc;/home/tharun/cognipilot/cranium/build/synapse_protobuf/proto/nav_sat_fix.pb.cc;/home/tharun/cognipilot/cranium/build/synapse_protobuf/proto/nav_sat_status.pb.cc;/home/tharun/cognipilot/cranium/build/synapse_protobuf/proto/odometry.pb.cc;/home/tharun/cognipilot/cranium/build/synapse_protobuf/proto/pixy_vector.pb.cc;/home/tharun/cognipilot/cranium/build/synapse_protobuf/proto/point.pb.cc;/home/tharun/cognipilot/cranium/build/synapse_protobuf/proto/pose.pb.cc;/home/tharun/cognipilot/cranium/build/synapse_protobuf/proto/pose_with_covariance.pb.cc;/home/tharun/cognipilot/cranium/build/synapse_protobuf/proto/quaternion.pb.cc;/home/tharun/cognipilot/cranium/build/synapse_protobuf/proto/safety.pb.cc;/home/tharun/cognipilot/cranium/build/synapse_protobuf/proto/sim_clock.pb.cc;/home/tharun/cognipilot/cranium/build/synapse_protobuf/proto/status.pb.cc;/home/tharun/cognipilot/cranium/build/synapse_protobuf/proto/time.pb.cc;/home/tharun/cognipilot/cranium/build/synapse_protobuf/proto/twist.pb.cc;/home/tharun/cognipilot/cranium/build/synapse_protobuf/proto/twist_with_covariance.pb.cc;/home/tharun/cognipilot/cranium/build/synapse_protobuf/proto/vector3.pb.cc;/home/tharun/cognipilot/cranium/build/synapse_protobuf/proto/wheel_odometry.pb.cc
[0.868s] -- proto_hdrs: /home/tharun/cognipilot/cranium/build/synapse_protobuf/proto/actuators.pb.h;/home/tharun/cognipilot/cranium/build/synapse_protobuf/proto/altimeter.pb.h;/home/tharun/cognipilot/cranium/build/synapse_protobuf/proto/battery_state.pb.h;/home/tharun/cognipilot/cranium/build/synapse_protobuf/proto/bezier_curve.pb.h;/home/tharun/cognipilot/cranium/build/synapse_protobuf/proto/bezier_trajectory.pb.h;/home/tharun/cognipilot/cranium/build/synapse_protobuf/proto/can.pb.h;/home/tharun/cognipilot/cranium/build/synapse_protobuf/proto/header.pb.h;/home/tharun/cognipilot/cranium/build/synapse_protobuf/proto/imu.pb.h;/home/tharun/cognipilot/cranium/build/synapse_protobuf/proto/joy.pb.h;/home/tharun/cognipilot/cranium/build/synapse_protobuf/proto/led.pb.h;/home/tharun/cognipilot/cranium/build/synapse_protobuf/proto/led_array.pb.h;/home/tharun/cognipilot/cranium/build/synapse_protobuf/proto/magnetic_field.pb.h;/home/tharun/cognipilot/cranium/build/synapse_protobuf/proto/nav_sat_fix.pb.h;/home/tharun/cognipilot/cranium/build/synapse_protobuf/proto/nav_sat_status.pb.h;/home/tharun/cognipilot/cranium/build/synapse_protobuf/proto/odometry.pb.h;/home/tharun/cognipilot/cranium/build/synapse_protobuf/proto/pixy_vector.pb.h;/home/tharun/cognipilot/cranium/build/synapse_protobuf/proto/point.pb.h;/home/tharun/cognipilot/cranium/build/synapse_protobuf/proto/pose.pb.h;/home/tharun/cognipilot/cranium/build/synapse_protobuf/proto/pose_with_covariance.pb.h;/home/tharun/cognipilot/cranium/build/synapse_protobuf/proto/quaternion.pb.h;/home/tharun/cognipilot/cranium/build/synapse_protobuf/proto/safety.pb.h;/home/tharun/cognipilot/cranium/build/synapse_protobuf/proto/sim_clock.pb.h;/home/tharun/cognipilot/cranium/build/synapse_protobuf/proto/status.pb.h;/home/tharun/cognipilot/cranium/build/synapse_protobuf/proto/time.pb.h;/home/tharun/cognipilot/cranium/build/synapse_protobuf/proto/twist.pb.h;/home/tharun/cognipilot/cranium/build/synapse_protobuf/proto/twist_with_covariance.pb.h;/home/tharun/cognipilot/cranium/build/synapse_protobuf/proto/vector3.pb.h;/home/tharun/cognipilot/cranium/build/synapse_protobuf/proto/wheel_odometry.pb.h
[0.873s] -- Found ament_lint_auto: 0.12.15 (/opt/ros/humble/share/ament_lint_auto/cmake)
[0.938s] -- Added test 'copyright' to check source files copyright and LICENSE
[0.940s] -- Added test 'lint_cmake' to check CMake code style
[0.941s] -- Added test 'xmllint' to check XML markup files
[0.942s] -- Configuring done
[0.949s] -- Generating done
[0.951s] -- Build files have been written to: /home/tharun/cognipilot/cranium/build/synapse_protobuf
[0.975s] Invoked command in '/home/tharun/cognipilot/cranium/build/synapse_protobuf' returned '0': CMAKE_PREFIX_PATH=${CMAKE_PREFIX_PATH}:/opt/ros/humble /usr/bin/cmake /home/tharun/cognipilot/cranium/src/synapse_protobuf -DCMAKE_INSTALL_PREFIX=/home/tharun/cognipilot/cranium/install/synapse_protobuf
[0.979s] Invoking command in '/home/tharun/cognipilot/cranium/build/synapse_protobuf': CMAKE_PREFIX_PATH=${CMAKE_PREFIX_PATH}:/opt/ros/humble /usr/bin/cmake --build /home/tharun/cognipilot/cranium/build/synapse_protobuf -- -j12 -l12
[1.017s] [  1%] [34m[1mRunning cpp protocol buffer compiler on wheel_odometry.proto[0m
[1.017s] [  5%] [34m[1mRunning cpp protocol buffer compiler on altimeter.proto[0m
[1.018s] [  5%] [34m[1mRunning cpp protocol buffer compiler on battery_state.proto[0m
[1.018s] [  7%] [34m[1mRunning cpp protocol buffer compiler on actuators.proto[0m
[1.018s] [  8%] [34m[1mRunning cpp protocol buffer compiler on bezier_trajectory.proto[0m
[1.018s] [ 10%] [34m[1mRunning cpp protocol buffer compiler on bezier_curve.proto[0m
[1.021s] [ 12%] [34m[1mRunning cpp protocol buffer compiler on imu.proto[0m
[1.022s] [ 14%] [34m[1mRunning cpp protocol buffer compiler on header.proto[0m
[1.029s] [ 15%] [34m[1mRunning cpp protocol buffer compiler on joy.proto[0m
[1.032s] [ 17%] [34m[1mRunning cpp protocol buffer compiler on led_array.proto[0m
[1.032s] [ 19%] [34m[1mRunning cpp protocol buffer compiler on nav_sat_fix.proto[0m
[1.032s] [ 21%] [34m[1mRunning cpp protocol buffer compiler on can.proto[0m
[1.032s] [ 22%] [34m[1mRunning cpp protocol buffer compiler on led.proto[0m
[1.039s] [ 24%] [34m[1mRunning cpp protocol buffer compiler on nav_sat_status.proto[0m
[1.052s] [ 26%] [34m[1mRunning cpp protocol buffer compiler on point.proto[0m
[1.052s] [ 28%] [34m[1mRunning cpp protocol buffer compiler on magnetic_field.proto[0m
[1.052s] [ 29%] [34m[1mRunning cpp protocol buffer compiler on pixy_vector.proto[0m
[1.052s] [ 31%] [34m[1mRunning cpp protocol buffer compiler on odometry.proto[0m
[1.052s] [ 33%] [34m[1mRunning cpp protocol buffer compiler on pose_with_covariance.proto[0m
[1.052s] [ 35%] [34m[1mRunning cpp protocol buffer compiler on pose.proto[0m
[1.053s] [ 38%] [34m[1mRunning cpp protocol buffer compiler on safety.proto[0m
[1.053s] [ 38%] [34m[1mRunning cpp protocol buffer compiler on sim_clock.proto[0m
[1.055s] [ 40%] [34m[1mRunning cpp protocol buffer compiler on quaternion.proto[0m
[1.055s] [ 42%] [34m[1mRunning cpp protocol buffer compiler on status.proto[0m
[1.067s] [ 43%] [34m[1mRunning cpp protocol buffer compiler on time.proto[0m
[1.070s] [ 45%] [34m[1mRunning cpp protocol buffer compiler on twist.proto[0m
[1.070s] [ 47%] [34m[1mRunning cpp protocol buffer compiler on twist_with_covariance.proto[0m
[1.070s] [ 49%] [34m[1mRunning cpp protocol buffer compiler on vector3.proto[0m
[1.132s] [ 56%] [32mBuilding CXX object proto/CMakeFiles/synapse_protobuf.dir/can.pb.cc.o[0m
[1.132s] [ 56%] [32mBuilding CXX object proto/CMakeFiles/synapse_protobuf.dir/bezier_trajectory.pb.cc.o[0m
[1.132s] [ 56%] [32mBuilding CXX object proto/CMakeFiles/synapse_protobuf.dir/bezier_curve.pb.cc.o[0m
[1.132s] [ 57%] [32mBuilding CXX object proto/CMakeFiles/synapse_protobuf.dir/battery_state.pb.cc.o[0m
[1.132s] [ 57%] [32mBuilding CXX object proto/CMakeFiles/synapse_protobuf.dir/header.pb.cc.o[0m
[1.132s] [ 59%] [32mBuilding CXX object proto/CMakeFiles/synapse_protobuf.dir/imu.pb.cc.o[0m
[1.132s] [ 61%] [32mBuilding CXX object proto/CMakeFiles/synapse_protobuf.dir/altimeter.pb.cc.o[0m
[1.132s] [ 63%] [32mBuilding CXX object proto/CMakeFiles/synapse_protobuf.dir/actuators.pb.cc.o[0m
[1.140s] [ 64%] [32mBuilding CXX object proto/CMakeFiles/synapse_protobuf.dir/joy.pb.cc.o[0m
[1.140s] [ 66%] [32mBuilding CXX object proto/CMakeFiles/synapse_protobuf.dir/led_array.pb.cc.o[0m
[1.147s] [ 68%] [32mBuilding CXX object proto/CMakeFiles/synapse_protobuf.dir/magnetic_field.pb.cc.o[0m
[1.147s] [ 70%] [32mBuilding CXX object proto/CMakeFiles/synapse_protobuf.dir/led.pb.cc.o[0m
[2.360s] [ 71%] [32mBuilding CXX object proto/CMakeFiles/synapse_protobuf.dir/nav_sat_fix.pb.cc.o[0m
[2.742s] [ 73%] [32mBuilding CXX object proto/CMakeFiles/synapse_protobuf.dir/nav_sat_status.pb.cc.o[0m
[2.773s] [ 75%] [32mBuilding CXX object proto/CMakeFiles/synapse_protobuf.dir/odometry.pb.cc.o[0m
[2.784s] [ 77%] [32mBuilding CXX object proto/CMakeFiles/synapse_protobuf.dir/pixy_vector.pb.cc.o[0m
[2.939s] [ 78%] [32mBuilding CXX object proto/CMakeFiles/synapse_protobuf.dir/point.pb.cc.o[0m
[2.958s] [ 80%] [32mBuilding CXX object proto/CMakeFiles/synapse_protobuf.dir/pose.pb.cc.o[0m
[2.998s] [ 82%] [32mBuilding CXX object proto/CMakeFiles/synapse_protobuf.dir/pose_with_covariance.pb.cc.o[0m
[3.001s] [ 84%] [32mBuilding CXX object proto/CMakeFiles/synapse_protobuf.dir/quaternion.pb.cc.o[0m
[3.073s] [ 85%] [32mBuilding CXX object proto/CMakeFiles/synapse_protobuf.dir/safety.pb.cc.o[0m
[3.073s] [ 87%] [32mBuilding CXX object proto/CMakeFiles/synapse_protobuf.dir/sim_clock.pb.cc.o[0m
[3.122s] [ 89%] [32mBuilding CXX object proto/CMakeFiles/synapse_protobuf.dir/status.pb.cc.o[0m
[3.195s] [ 91%] [32mBuilding CXX object proto/CMakeFiles/synapse_protobuf.dir/time.pb.cc.o[0m
[3.960s] [ 92%] [32mBuilding CXX object proto/CMakeFiles/synapse_protobuf.dir/twist.pb.cc.o[0m
[4.096s] [ 94%] [32mBuilding CXX object proto/CMakeFiles/synapse_protobuf.dir/twist_with_covariance.pb.cc.o[0m
[4.148s] [ 96%] [32mBuilding CXX object proto/CMakeFiles/synapse_protobuf.dir/vector3.pb.cc.o[0m
[4.272s] [ 98%] [32mBuilding CXX object proto/CMakeFiles/synapse_protobuf.dir/wheel_odometry.pb.cc.o[0m
[5.347s] [100%] [32m[1mLinking CXX static library libsynapse_protobuf.a[0m
[5.651s] [100%] Built target synapse_protobuf
[5.677s] Invoked command in '/home/tharun/cognipilot/cranium/build/synapse_protobuf' returned '0': CMAKE_PREFIX_PATH=${CMAKE_PREFIX_PATH}:/opt/ros/humble /usr/bin/cmake --build /home/tharun/cognipilot/cranium/build/synapse_protobuf -- -j12 -l12
[5.677s] Invoking command in '/home/tharun/cognipilot/cranium/build/synapse_protobuf': CMAKE_PREFIX_PATH=${CMAKE_PREFIX_PATH}:/opt/ros/humble /usr/bin/cmake --install /home/tharun/cognipilot/cranium/build/synapse_protobuf
[5.696s] -- Install configuration: ""
[5.696s] -- Installing: /home/tharun/cognipilot/cranium/install/synapse_protobuf/share/synapse_protobuf/environment/library_path.sh
[5.701s] -- Installing: /home/tharun/cognipilot/cranium/install/synapse_protobuf/share/synapse_protobuf/environment/library_path.dsv
[5.701s] -- Installing: /home/tharun/cognipilot/cranium/install/synapse_protobuf/share/ament_index/resource_index/package_run_dependencies/synapse_protobuf
[5.701s] -- Installing: /home/tharun/cognipilot/cranium/install/synapse_protobuf/share/ament_index/resource_index/parent_prefix_path/synapse_protobuf
[5.701s] -- Installing: /home/tharun/cognipilot/cranium/install/synapse_protobuf/share/synapse_protobuf/environment/ament_prefix_path.sh
[5.701s] -- Installing: /home/tharun/cognipilot/cranium/install/synapse_protobuf/share/synapse_protobuf/environment/ament_prefix_path.dsv
[5.701s] -- Installing: /home/tharun/cognipilot/cranium/install/synapse_protobuf/share/synapse_protobuf/environment/path.sh
[5.702s] -- Installing: /home/tharun/cognipilot/cranium/install/synapse_protobuf/share/synapse_protobuf/environment/path.dsv
[5.702s] -- Installing: /home/tharun/cognipilot/cranium/install/synapse_protobuf/share/synapse_protobuf/local_setup.bash
[5.702s] -- Installing: /home/tharun/cognipilot/cranium/install/synapse_protobuf/share/synapse_protobuf/local_setup.sh
[5.702s] -- Installing: /home/tharun/cognipilot/cranium/install/synapse_protobuf/share/synapse_protobuf/local_setup.zsh
[5.702s] -- Installing: /home/tharun/cognipilot/cranium/install/synapse_protobuf/share/synapse_protobuf/local_setup.dsv
[5.702s] -- Installing: /home/tharun/cognipilot/cranium/install/synapse_protobuf/share/synapse_protobuf/package.dsv
[5.702s] -- Installing: /home/tharun/cognipilot/cranium/install/synapse_protobuf/share/ament_index/resource_index/packages/synapse_protobuf
[5.702s] -- Installing: /home/tharun/cognipilot/cranium/install/synapse_protobuf/share/synapse_protobuf/cmake/synapse_protobufExport.cmake
[5.702s] -- Installing: /home/tharun/cognipilot/cranium/install/synapse_protobuf/share/synapse_protobuf/cmake/synapse_protobufExport-noconfig.cmake
[5.702s] -- Installing: /home/tharun/cognipilot/cranium/install/synapse_protobuf/share/synapse_protobuf/cmake/ament_cmake_export_targets-extras.cmake
[5.702s] -- Installing: /home/tharun/cognipilot/cranium/install/synapse_protobuf/share/synapse_protobuf/cmake/ament_cmake_export_dependencies-extras.cmake
[5.703s] -- Installing: /home/tharun/cognipilot/cranium/install/synapse_protobuf/share/synapse_protobuf/cmake/synapse_protobufConfig.cmake
[5.703s] -- Installing: /home/tharun/cognipilot/cranium/install/synapse_protobuf/share/synapse_protobuf/cmake/synapse_protobufConfig-version.cmake
[5.703s] -- Installing: /home/tharun/cognipilot/cranium/install/synapse_protobuf/share/synapse_protobuf/package.xml
[5.703s] -- Installing: /home/tharun/cognipilot/cranium/install/synapse_protobuf/lib/libsynapse_protobuf.a
[5.709s] -- Installing: /home/tharun/cognipilot/cranium/install/synapse_protobuf/include/synapse_protobuf/actuators.pb.h
[5.709s] -- Installing: /home/tharun/cognipilot/cranium/install/synapse_protobuf/include/synapse_protobuf/altimeter.pb.h
[5.709s] -- Installing: /home/tharun/cognipilot/cranium/install/synapse_protobuf/include/synapse_protobuf/battery_state.pb.h
[5.713s] -- Installing: /home/tharun/cognipilot/cranium/install/synapse_protobuf/include/synapse_protobuf/bezier_curve.pb.h
[5.713s] -- Installing: /home/tharun/cognipilot/cranium/install/synapse_protobuf/include/synapse_protobuf/bezier_trajectory.pb.h
[5.713s] -- Installing: /home/tharun/cognipilot/cranium/install/synapse_protobuf/include/synapse_protobuf/can.pb.h
[5.713s] -- Installing: /home/tharun/cognipilot/cranium/install/synapse_protobuf/include/synapse_protobuf/header.pb.h
[5.713s] -- Installing: /home/tharun/cognipilot/cranium/install/synapse_protobuf/include/synapse_protobuf/imu.pb.h
[5.713s] -- Installing: /home/tharun/cognipilot/cranium/install/synapse_protobuf/include/synapse_protobuf/joy.pb.h
[5.713s] -- Installing: /home/tharun/cognipilot/cranium/install/synapse_protobuf/include/synapse_protobuf/led.pb.h
[5.714s] -- Installing: /home/tharun/cognipilot/cranium/install/synapse_protobuf/include/synapse_protobuf/led_array.pb.h
[5.714s] -- Installing: /home/tharun/cognipilot/cranium/install/synapse_protobuf/include/synapse_protobuf/magnetic_field.pb.h
[5.714s] -- Installing: /home/tharun/cognipilot/cranium/install/synapse_protobuf/include/synapse_protobuf/nav_sat_fix.pb.h
[5.714s] -- Installing: /home/tharun/cognipilot/cranium/install/synapse_protobuf/include/synapse_protobuf/nav_sat_status.pb.h
[5.714s] -- Installing: /home/tharun/cognipilot/cranium/install/synapse_protobuf/include/synapse_protobuf/odometry.pb.h
[5.714s] -- Installing: /home/tharun/cognipilot/cranium/install/synapse_protobuf/include/synapse_protobuf/pixy_vector.pb.h
[5.714s] -- Installing: /home/tharun/cognipilot/cranium/install/synapse_protobuf/include/synapse_protobuf/point.pb.h
[5.714s] -- Installing: /home/tharun/cognipilot/cranium/install/synapse_protobuf/include/synapse_protobuf/pose.pb.h
[5.714s] -- Installing: /home/tharun/cognipilot/cranium/install/synapse_protobuf/include/synapse_protobuf/pose_with_covariance.pb.h
[5.714s] -- Installing: /home/tharun/cognipilot/cranium/install/synapse_protobuf/include/synapse_protobuf/quaternion.pb.h
[5.714s] -- Installing: /home/tharun/cognipilot/cranium/install/synapse_protobuf/include/synapse_protobuf/safety.pb.h
[5.714s] -- Installing: /home/tharun/cognipilot/cranium/install/synapse_protobuf/include/synapse_protobuf/sim_clock.pb.h
[5.715s] -- Installing: /home/tharun/cognipilot/cranium/install/synapse_protobuf/include/synapse_protobuf/status.pb.h
[5.715s] -- Installing: /home/tharun/cognipilot/cranium/install/synapse_protobuf/include/synapse_protobuf/time.pb.h
[5.715s] -- Installing: /home/tharun/cognipilot/cranium/install/synapse_protobuf/include/synapse_protobuf/twist.pb.h
[5.715s] -- Installing: /home/tharun/cognipilot/cranium/install/synapse_protobuf/include/synapse_protobuf/twist_with_covariance.pb.h
[5.715s] -- Installing: /home/tharun/cognipilot/cranium/install/synapse_protobuf/include/synapse_protobuf/vector3.pb.h
[5.715s] -- Installing: /home/tharun/cognipilot/cranium/install/synapse_protobuf/include/synapse_protobuf/wheel_odometry.pb.h
[5.722s] Invoked command in '/home/tharun/cognipilot/cranium/build/synapse_protobuf' returned '0': CMAKE_PREFIX_PATH=${CMAKE_PREFIX_PATH}:/opt/ros/humble /usr/bin/cmake --install /home/tharun/cognipilot/cranium/build/synapse_protobuf
