-- Found ament_cmake: 1.3.14 (/opt/ros/humble/share/ament_cmake/cmake)
-- Found ament_lint_auto: 0.12.15 (/opt/ros/humble/share/ament_lint_auto/cmake)
-- Added test 'lint_cmake' to check CMake code style
-- Added test 'xmllint' to check XML markup files
-- Configuring done
-- Generating done
-- Build files have been written to: /home/tharun/cognipilot/cranium/build/dream_world
-- Install configuration: ""
-- Up-to-date: /home/tharun/cognipilot/cranium/install/dream_world/share/dream_world/models
-- Up-to-date: /home/tharun/cognipilot/cranium/install/dream_world/share/dream_world/models/Patient_sign_board_2
-- Up-to-date: /home/tharun/cognipilot/cranium/install/dream_world/share/dream_world/models/Patient_sign_board_2/materials
-- Up-to-date: /home/tharun/cognipilot/cranium/install/dream_world/share/dream_world/models/Patient_sign_board_2/materials/textures
-- Installing: /home/tharun/cognipilot/cranium/install/dream_world/share/dream_world/models/Patient_sign_board_2/materials/textures/qr_code_p2.png
-- Up-to-date: /home/tharun/cognipilot/cranium/install/dream_world/share/dream_world/models/Patient_sign_board_2/materials/scripts
-- Installing: /home/tharun/cognipilot/cranium/install/dream_world/share/dream_world/models/Patient_sign_board_2/materials/scripts/finish_line.material
-- Installing: /home/tharun/cognipilot/cranium/install/dream_world/share/dream_world/models/Patient_sign_board_2/model.sdf
-- Installing: /home/tharun/cognipilot/cranium/install/dream_world/share/dream_world/models/Patient_sign_board_2/model.config
-- Up-to-date: /home/tharun/cognipilot/cranium/install/dream_world/share/dream_world/models/gas_station
-- Up-to-date: /home/tharun/cognipilot/cranium/install/dream_world/share/dream_world/models/gas_station/meshes
-- Installing: /home/tharun/cognipilot/cranium/install/dream_world/share/dream_world/models/gas_station/meshes/gas_station.dae
-- Installing: /home/tharun/cognipilot/cranium/install/dream_world/share/dream_world/models/gas_station/model-1_3.sdf
-- Up-to-date: /home/tharun/cognipilot/cranium/install/dream_world/share/dream_world/models/gas_station/materials
-- Up-to-date: /home/tharun/cognipilot/cranium/install/dream_world/share/dream_world/models/gas_station/materials/textures
-- Installing: /home/tharun/cognipilot/cranium/install/dream_world/share/dream_world/models/gas_station/materials/textures/GasStation_Normal.png
-- Installing: /home/tharun/cognipilot/cranium/install/dream_world/share/dream_world/models/gas_station/materials/textures/GasStation_Spec.png
-- Installing: /home/tharun/cognipilot/cranium/install/dream_world/share/dream_world/models/gas_station/materials/textures/GasStation_Diffuse.png
-- Up-to-date: /home/tharun/cognipilot/cranium/install/dream_world/share/dream_world/models/gas_station/materials/scripts
-- Installing: /home/tharun/cognipilot/cranium/install/dream_world/share/dream_world/models/gas_station/materials/scripts/gas_station.material
-- Installing: /home/tharun/cognipilot/cranium/install/dream_world/share/dream_world/models/gas_station/model.sdf
-- Installing: /home/tharun/cognipilot/cranium/install/dream_world/share/dream_world/models/gas_station/model-1_4.sdf
-- Installing: /home/tharun/cognipilot/cranium/install/dream_world/share/dream_world/models/gas_station/model.config
-- Up-to-date: /home/tharun/cognipilot/cranium/install/dream_world/share/dream_world/models/Hospital_sign_board_3
-- Up-to-date: /home/tharun/cognipilot/cranium/install/dream_world/share/dream_world/models/Hospital_sign_board_3/materials
-- Up-to-date: /home/tharun/cognipilot/cranium/install/dream_world/share/dream_world/models/Hospital_sign_board_3/materials/textures
-- Installing: /home/tharun/cognipilot/cranium/install/dream_world/share/dream_world/models/Hospital_sign_board_3/materials/textures/qr_code_h3.png
-- Up-to-date: /home/tharun/cognipilot/cranium/install/dream_world/share/dream_world/models/Hospital_sign_board_3/materials/scripts
-- Installing: /home/tharun/cognipilot/cranium/install/dream_world/share/dream_world/models/Hospital_sign_board_3/materials/scripts/finish_line.material
-- Installing: /home/tharun/cognipilot/cranium/install/dream_world/share/dream_world/models/Hospital_sign_board_3/model.sdf
-- Installing: /home/tharun/cognipilot/cranium/install/dream_world/share/dream_world/models/Hospital_sign_board_3/model.config
-- Up-to-date: /home/tharun/cognipilot/cranium/install/dream_world/share/dream_world/models/nxp_logo
-- Up-to-date: /home/tharun/cognipilot/cranium/install/dream_world/share/dream_world/models/nxp_logo/materials
-- Up-to-date: /home/tharun/cognipilot/cranium/install/dream_world/share/dream_world/models/nxp_logo/materials/textures
-- Installing: /home/tharun/cognipilot/cranium/install/dream_world/share/dream_world/models/nxp_logo/materials/textures/nxp_logo.PNG
-- Up-to-date: /home/tharun/cognipilot/cranium/install/dream_world/share/dream_world/models/nxp_logo/materials/scripts
-- Installing: /home/tharun/cognipilot/cranium/install/dream_world/share/dream_world/models/nxp_logo/materials/scripts/finish_line.material
-- Installing: /home/tharun/cognipilot/cranium/install/dream_world/share/dream_world/models/nxp_logo/model.sdf
-- Installing: /home/tharun/cognipilot/cranium/install/dream_world/share/dream_world/models/nxp_logo/model.config
-- Up-to-date: /home/tharun/cognipilot/cranium/install/dream_world/share/dream_world/models/sign_board_2
-- Up-to-date: /home/tharun/cognipilot/cranium/install/dream_world/share/dream_world/models/sign_board_2/materials
-- Up-to-date: /home/tharun/cognipilot/cranium/install/dream_world/share/dream_world/models/sign_board_2/materials/textures
-- Installing: /home/tharun/cognipilot/cranium/install/dream_world/share/dream_world/models/sign_board_2/materials/textures/sb_back_2.png
-- Installing: /home/tharun/cognipilot/cranium/install/dream_world/share/dream_world/models/sign_board_2/materials/textures/sb_front_2.png
-- Up-to-date: /home/tharun/cognipilot/cranium/install/dream_world/share/dream_world/models/sign_board_2/materials/scripts
-- Installing: /home/tharun/cognipilot/cranium/install/dream_world/share/dream_world/models/sign_board_2/materials/scripts/finish_line.material
-- Installing: /home/tharun/cognipilot/cranium/install/dream_world/share/dream_world/models/sign_board_2/model.sdf
-- Installing: /home/tharun/cognipilot/cranium/install/dream_world/share/dream_world/models/sign_board_2/model.config
-- Up-to-date: /home/tharun/cognipilot/cranium/install/dream_world/share/dream_world/models/sign_board_7
-- Up-to-date: /home/tharun/cognipilot/cranium/install/dream_world/share/dream_world/models/sign_board_7/materials
-- Up-to-date: /home/tharun/cognipilot/cranium/install/dream_world/share/dream_world/models/sign_board_7/materials/textures
-- Installing: /home/tharun/cognipilot/cranium/install/dream_world/share/dream_world/models/sign_board_7/materials/textures/sb_back_7.png
-- Installing: /home/tharun/cognipilot/cranium/install/dream_world/share/dream_world/models/sign_board_7/materials/textures/sb_front_7.png
-- Up-to-date: /home/tharun/cognipilot/cranium/install/dream_world/share/dream_world/models/sign_board_7/materials/scripts
-- Installing: /home/tharun/cognipilot/cranium/install/dream_world/share/dream_world/models/sign_board_7/materials/scripts/finish_line.material
-- Installing: /home/tharun/cognipilot/cranium/install/dream_world/share/dream_world/models/sign_board_7/model.sdf
-- Installing: /home/tharun/cognipilot/cranium/install/dream_world/share/dream_world/models/sign_board_7/model.config
-- Up-to-date: /home/tharun/cognipilot/cranium/install/dream_world/share/dream_world/models/car_blue
-- Up-to-date: /home/tharun/cognipilot/cranium/install/dream_world/share/dream_world/models/car_blue/meshes
-- Installing: /home/tharun/cognipilot/cranium/install/dream_world/share/dream_world/models/car_blue/meshes/hatchback.obj
-- Installing: /home/tharun/cognipilot/cranium/install/dream_world/share/dream_world/models/car_blue/meshes/hatchback.mtl
-- Up-to-date: /home/tharun/cognipilot/cranium/install/dream_world/share/dream_world/models/car_blue/materials
-- Up-to-date: /home/tharun/cognipilot/cranium/install/dream_world/share/dream_world/models/car_blue/materials/textures
-- Installing: /home/tharun/cognipilot/cranium/install/dream_world/share/dream_world/models/car_blue/materials/textures/hatchback.png
-- Installing: /home/tharun/cognipilot/cranium/install/dream_world/share/dream_world/models/car_blue/model.sdf
-- Installing: /home/tharun/cognipilot/cranium/install/dream_world/share/dream_world/models/car_blue/model.config
-- Up-to-date: /home/tharun/cognipilot/cranium/install/dream_world/share/dream_world/models/Ambulance
-- Up-to-date: /home/tharun/cognipilot/cranium/install/dream_world/share/dream_world/models/Ambulance/thumbnails
-- Installing: /home/tharun/cognipilot/cranium/install/dream_world/share/dream_world/models/Ambulance/thumbnails/5.png
-- Installing: /home/tharun/cognipilot/cranium/install/dream_world/share/dream_world/models/Ambulance/thumbnails/4.png
-- Installing: /home/tharun/cognipilot/cranium/install/dream_world/share/dream_world/models/Ambulance/thumbnails/3.png
-- Installing: /home/tharun/cognipilot/cranium/install/dream_world/share/dream_world/models/Ambulance/thumbnails/1.png
-- Installing: /home/tharun/cognipilot/cranium/install/dream_world/share/dream_world/models/Ambulance/thumbnails/2.png
-- Up-to-date: /home/tharun/cognipilot/cranium/install/dream_world/share/dream_world/models/Ambulance/meshes
-- Installing: /home/tharun/cognipilot/cranium/install/dream_world/share/dream_world/models/Ambulance/meshes/ambulance.mtl
-- Installing: /home/tharun/cognipilot/cranium/install/dream_world/share/dream_world/models/Ambulance/meshes/ambulance.obj
-- Up-to-date: /home/tharun/cognipilot/cranium/install/dream_world/share/dream_world/models/Ambulance/materials
-- Up-to-date: /home/tharun/cognipilot/cranium/install/dream_world/share/dream_world/models/Ambulance/materials/textures
-- Installing: /home/tharun/cognipilot/cranium/install/dream_world/share/dream_world/models/Ambulance/materials/textures/ambulance.png
-- Installing: /home/tharun/cognipilot/cranium/install/dream_world/share/dream_world/models/Ambulance/model.sdf
-- Installing: /home/tharun/cognipilot/cranium/install/dream_world/share/dream_world/models/Ambulance/model.config
-- Installing: /home/tharun/cognipilot/cranium/install/dream_world/share/dream_world/models/Ambulance/metadata.pbtxt
-- Up-to-date: /home/tharun/cognipilot/cranium/install/dream_world/share/dream_world/models/sign_board_8
-- Up-to-date: /home/tharun/cognipilot/cranium/install/dream_world/share/dream_world/models/sign_board_8/materials
-- Up-to-date: /home/tharun/cognipilot/cranium/install/dream_world/share/dream_world/models/sign_board_8/materials/textures
-- Installing: /home/tharun/cognipilot/cranium/install/dream_world/share/dream_world/models/sign_board_8/materials/textures/sb_front_8.png
-- Installing: /home/tharun/cognipilot/cranium/install/dream_world/share/dream_world/models/sign_board_8/materials/textures/sb_back_8.png
-- Up-to-date: /home/tharun/cognipilot/cranium/install/dream_world/share/dream_world/models/sign_board_8/materials/scripts
-- Installing: /home/tharun/cognipilot/cranium/install/dream_world/share/dream_world/models/sign_board_8/materials/scripts/finish_line.material
-- Installing: /home/tharun/cognipilot/cranium/install/dream_world/share/dream_world/models/sign_board_8/model.sdf
-- Installing: /home/tharun/cognipilot/cranium/install/dream_world/share/dream_world/models/sign_board_8/model.config
-- Up-to-date: /home/tharun/cognipilot/cranium/install/dream_world/share/dream_world/models/oak_tree_mini
-- Up-to-date: /home/tharun/cognipilot/cranium/install/dream_world/share/dream_world/models/oak_tree_mini/meshes
-- Installing: /home/tharun/cognipilot/cranium/install/dream_world/share/dream_world/models/oak_tree_mini/meshes/oak_tree.dae
-- Up-to-date: /home/tharun/cognipilot/cranium/install/dream_world/share/dream_world/models/oak_tree_mini/materials
-- Up-to-date: /home/tharun/cognipilot/cranium/install/dream_world/share/dream_world/models/oak_tree_mini/materials/textures
-- Installing: /home/tharun/cognipilot/cranium/install/dream_world/share/dream_world/models/oak_tree_mini/materials/textures/bark_diffuse.png
-- Installing: /home/tharun/cognipilot/cranium/install/dream_world/share/dream_world/models/oak_tree_mini/materials/textures/branch_diffuse.png
-- Up-to-date: /home/tharun/cognipilot/cranium/install/dream_world/share/dream_world/models/oak_tree_mini/materials/scripts
-- Installing: /home/tharun/cognipilot/cranium/install/dream_world/share/dream_world/models/oak_tree_mini/materials/scripts/oak_tree.material
-- Installing: /home/tharun/cognipilot/cranium/install/dream_world/share/dream_world/models/oak_tree_mini/materials/scripts/caster_fp.glsl
-- Installing: /home/tharun/cognipilot/cranium/install/dream_world/share/dream_world/models/oak_tree_mini/materials/scripts/caster_vp.glsl
-- Installing: /home/tharun/cognipilot/cranium/install/dream_world/share/dream_world/models/oak_tree_mini/model.sdf
-- Installing: /home/tharun/cognipilot/cranium/install/dream_world/share/dream_world/models/oak_tree_mini/model.config
-- Up-to-date: /home/tharun/cognipilot/cranium/install/dream_world/share/dream_world/models/Hospital_sign_board_1
-- Up-to-date: /home/tharun/cognipilot/cranium/install/dream_world/share/dream_world/models/Hospital_sign_board_1/materials
-- Up-to-date: /home/tharun/cognipilot/cranium/install/dream_world/share/dream_world/models/Hospital_sign_board_1/materials/textures
-- Installing: /home/tharun/cognipilot/cranium/install/dream_world/share/dream_world/models/Hospital_sign_board_1/materials/textures/qr_code_h1.png
-- Up-to-date: /home/tharun/cognipilot/cranium/install/dream_world/share/dream_world/models/Hospital_sign_board_1/materials/scripts
-- Installing: /home/tharun/cognipilot/cranium/install/dream_world/share/dream_world/models/Hospital_sign_board_1/materials/scripts/finish_line.material
-- Installing: /home/tharun/cognipilot/cranium/install/dream_world/share/dream_world/models/Hospital_sign_board_1/model.sdf
-- Installing: /home/tharun/cognipilot/cranium/install/dream_world/share/dream_world/models/Hospital_sign_board_1/model.config
-- Up-to-date: /home/tharun/cognipilot/cranium/install/dream_world/share/dream_world/models/lamp_post
-- Up-to-date: /home/tharun/cognipilot/cranium/install/dream_world/share/dream_world/models/lamp_post/meshes
-- Installing: /home/tharun/cognipilot/cranium/install/dream_world/share/dream_world/models/lamp_post/meshes/lamp_post.dae
-- Installing: /home/tharun/cognipilot/cranium/install/dream_world/share/dream_world/models/lamp_post/model-1_3.sdf
-- Up-to-date: /home/tharun/cognipilot/cranium/install/dream_world/share/dream_world/models/lamp_post/materials
-- Up-to-date: /home/tharun/cognipilot/cranium/install/dream_world/share/dream_world/models/lamp_post/materials/textures
-- Installing: /home/tharun/cognipilot/cranium/install/dream_world/share/dream_world/models/lamp_post/materials/textures/Lamp_Post_Emissive.png
-- Installing: /home/tharun/cognipilot/cranium/install/dream_world/share/dream_world/models/lamp_post/materials/textures/Lamp_Post_Diffuse.png
-- Installing: /home/tharun/cognipilot/cranium/install/dream_world/share/dream_world/models/lamp_post/materials/textures/Lamp_Post_Spec.png
-- Installing: /home/tharun/cognipilot/cranium/install/dream_world/share/dream_world/models/lamp_post/model.sdf
-- Installing: /home/tharun/cognipilot/cranium/install/dream_world/share/dream_world/models/lamp_post/model-1_4.sdf
-- Installing: /home/tharun/cognipilot/cranium/install/dream_world/share/dream_world/models/lamp_post/model.config
-- Up-to-date: /home/tharun/cognipilot/cranium/install/dream_world/share/dream_world/models/apartment
-- Up-to-date: /home/tharun/cognipilot/cranium/install/dream_world/share/dream_world/models/apartment/meshes
-- Installing: /home/tharun/cognipilot/cranium/install/dream_world/share/dream_world/models/apartment/meshes/apartment.dae
-- Up-to-date: /home/tharun/cognipilot/cranium/install/dream_world/share/dream_world/models/apartment/materials
-- Up-to-date: /home/tharun/cognipilot/cranium/install/dream_world/share/dream_world/models/apartment/materials/textures
-- Installing: /home/tharun/cognipilot/cranium/install/dream_world/share/dream_world/models/apartment/materials/textures/apartment_diffuse.jpg
-- Installing: /home/tharun/cognipilot/cranium/install/dream_world/share/dream_world/models/apartment/materials/textures/apartment_spec.jpg
-- Installing: /home/tharun/cognipilot/cranium/install/dream_world/share/dream_world/models/apartment/model.sdf
-- Installing: /home/tharun/cognipilot/cranium/install/dream_world/share/dream_world/models/apartment/model.config
-- Up-to-date: /home/tharun/cognipilot/cranium/install/dream_world/share/dream_world/models/Hospital_sign_board_2
-- Up-to-date: /home/tharun/cognipilot/cranium/install/dream_world/share/dream_world/models/Hospital_sign_board_2/materials
-- Up-to-date: /home/tharun/cognipilot/cranium/install/dream_world/share/dream_world/models/Hospital_sign_board_2/materials/textures
-- Installing: /home/tharun/cognipilot/cranium/install/dream_world/share/dream_world/models/Hospital_sign_board_2/materials/textures/qr_code_h2.png
-- Up-to-date: /home/tharun/cognipilot/cranium/install/dream_world/share/dream_world/models/Hospital_sign_board_2/materials/scripts
-- Installing: /home/tharun/cognipilot/cranium/install/dream_world/share/dream_world/models/Hospital_sign_board_2/materials/scripts/finish_line.material
-- Installing: /home/tharun/cognipilot/cranium/install/dream_world/share/dream_world/models/Hospital_sign_board_2/model.sdf
-- Installing: /home/tharun/cognipilot/cranium/install/dream_world/share/dream_world/models/Hospital_sign_board_2/model.config
-- Up-to-date: /home/tharun/cognipilot/cranium/install/dream_world/share/dream_world/models/TrolleyBedPatient
-- Up-to-date: /home/tharun/cognipilot/cranium/install/dream_world/share/dream_world/models/TrolleyBedPatient/thumbnails
-- Installing: /home/tharun/cognipilot/cranium/install/dream_world/share/dream_world/models/TrolleyBedPatient/thumbnails/5.png
-- Installing: /home/tharun/cognipilot/cranium/install/dream_world/share/dream_world/models/TrolleyBedPatient/thumbnails/4.png
-- Installing: /home/tharun/cognipilot/cranium/install/dream_world/share/dream_world/models/TrolleyBedPatient/thumbnails/3.png
-- Installing: /home/tharun/cognipilot/cranium/install/dream_world/share/dream_world/models/TrolleyBedPatient/thumbnails/1.png
-- Installing: /home/tharun/cognipilot/cranium/install/dream_world/share/dream_world/models/TrolleyBedPatient/thumbnails/2.png
-- Up-to-date: /home/tharun/cognipilot/cranium/install/dream_world/share/dream_world/models/TrolleyBedPatient/meshes
-- Installing: /home/tharun/cognipilot/cranium/install/dream_world/share/dream_world/models/TrolleyBedPatient/meshes/TrolleyBedPatient.obj
-- Installing: /home/tharun/cognipilot/cranium/install/dream_world/share/dream_world/models/TrolleyBedPatient/meshes/PatientF.png
-- Installing: /home/tharun/cognipilot/cranium/install/dream_world/share/dream_world/models/TrolleyBedPatient/meshes/TrolleyBedPatient.mtl
-- Installing: /home/tharun/cognipilot/cranium/install/dream_world/share/dream_world/models/TrolleyBedPatient/meshes/TrolleyBed_Diffuse.png
-- Installing: /home/tharun/cognipilot/cranium/install/dream_world/share/dream_world/models/TrolleyBedPatient/model.sdf
-- Installing: /home/tharun/cognipilot/cranium/install/dream_world/share/dream_world/models/TrolleyBedPatient/model.config
-- Up-to-date: /home/tharun/cognipilot/cranium/install/dream_world/share/dream_world/models/some_office
-- Up-to-date: /home/tharun/cognipilot/cranium/install/dream_world/share/dream_world/models/some_office/thumbnails
-- Installing: /home/tharun/cognipilot/cranium/install/dream_world/share/dream_world/models/some_office/thumbnails/5.png
-- Installing: /home/tharun/cognipilot/cranium/install/dream_world/share/dream_world/models/some_office/thumbnails/4.png
-- Installing: /home/tharun/cognipilot/cranium/install/dream_world/share/dream_world/models/some_office/thumbnails/3.png
-- Installing: /home/tharun/cognipilot/cranium/install/dream_world/share/dream_world/models/some_office/thumbnails/1.png
-- Installing: /home/tharun/cognipilot/cranium/install/dream_world/share/dream_world/models/some_office/thumbnails/2.png
-- Up-to-date: /home/tharun/cognipilot/cranium/install/dream_world/share/dream_world/models/some_office/meshes
-- Installing: /home/tharun/cognipilot/cranium/install/dream_world/share/dream_world/models/some_office/meshes/osrf_first_office.dae
-- Up-to-date: /home/tharun/cognipilot/cranium/install/dream_world/share/dream_world/models/some_office/materials
-- Up-to-date: /home/tharun/cognipilot/cranium/install/dream_world/share/dream_world/models/some_office/materials/textures
-- Installing: /home/tharun/cognipilot/cranium/install/dream_world/share/dream_world/models/some_office/materials/textures/osrf_first_office_spec.jpg
-- Installing: /home/tharun/cognipilot/cranium/install/dream_world/share/dream_world/models/some_office/materials/textures/osrf_first_office_diffuse.jpg
-- Installing: /home/tharun/cognipilot/cranium/install/dream_world/share/dream_world/models/some_office/model.sdf
-- Installing: /home/tharun/cognipilot/cranium/install/dream_world/share/dream_world/models/some_office/model.config
-- Up-to-date: /home/tharun/cognipilot/cranium/install/dream_world/share/dream_world/models/Parking_Lot
-- Up-to-date: /home/tharun/cognipilot/cranium/install/dream_world/share/dream_world/models/Parking_Lot/meshes
-- Installing: /home/tharun/cognipilot/cranium/install/dream_world/share/dream_world/models/Parking_Lot/meshes/Parking_Lot.obj
-- Installing: /home/tharun/cognipilot/cranium/install/dream_world/share/dream_world/models/Parking_Lot/meshes/Parking_Lot.mtl
-- Installing: /home/tharun/cognipilot/cranium/install/dream_world/share/dream_world/models/Parking_Lot/model.sdf
-- Installing: /home/tharun/cognipilot/cranium/install/dream_world/share/dream_world/models/Parking_Lot/model.config
-- Up-to-date: /home/tharun/cognipilot/cranium/install/dream_world/share/dream_world/models/fast_food
-- Up-to-date: /home/tharun/cognipilot/cranium/install/dream_world/share/dream_world/models/fast_food/meshes
-- Installing: /home/tharun/cognipilot/cranium/install/dream_world/share/dream_world/models/fast_food/meshes/fast_food.dae
-- Installing: /home/tharun/cognipilot/cranium/install/dream_world/share/dream_world/models/fast_food/model-1_3.sdf
-- Up-to-date: /home/tharun/cognipilot/cranium/install/dream_world/share/dream_world/models/fast_food/materials
-- Up-to-date: /home/tharun/cognipilot/cranium/install/dream_world/share/dream_world/models/fast_food/materials/textures
-- Installing: /home/tharun/cognipilot/cranium/install/dream_world/share/dream_world/models/fast_food/materials/textures/FastFood_Normal.png
-- Installing: /home/tharun/cognipilot/cranium/install/dream_world/share/dream_world/models/fast_food/materials/textures/FastFood_Diffuse.png
-- Installing: /home/tharun/cognipilot/cranium/install/dream_world/share/dream_world/models/fast_food/materials/textures/FastFood_Spec.png
-- Up-to-date: /home/tharun/cognipilot/cranium/install/dream_world/share/dream_world/models/fast_food/materials/scripts
-- Installing: /home/tharun/cognipilot/cranium/install/dream_world/share/dream_world/models/fast_food/materials/scripts/fast_food.material
-- Installing: /home/tharun/cognipilot/cranium/install/dream_world/share/dream_world/models/fast_food/model.sdf
-- Installing: /home/tharun/cognipilot/cranium/install/dream_world/share/dream_world/models/fast_food/model-1_4.sdf
-- Installing: /home/tharun/cognipilot/cranium/install/dream_world/share/dream_world/models/fast_food/model.config
-- Up-to-date: /home/tharun/cognipilot/cranium/install/dream_world/share/dream_world/models/sign_board_4
-- Up-to-date: /home/tharun/cognipilot/cranium/install/dream_world/share/dream_world/models/sign_board_4/materials
-- Up-to-date: /home/tharun/cognipilot/cranium/install/dream_world/share/dream_world/models/sign_board_4/materials/textures
-- Installing: /home/tharun/cognipilot/cranium/install/dream_world/share/dream_world/models/sign_board_4/materials/textures/sb_front_4.png
-- Installing: /home/tharun/cognipilot/cranium/install/dream_world/share/dream_world/models/sign_board_4/materials/textures/sb_back_4.png
-- Up-to-date: /home/tharun/cognipilot/cranium/install/dream_world/share/dream_world/models/sign_board_4/materials/scripts
-- Installing: /home/tharun/cognipilot/cranium/install/dream_world/share/dream_world/models/sign_board_4/materials/scripts/finish_line.material
-- Installing: /home/tharun/cognipilot/cranium/install/dream_world/share/dream_world/models/sign_board_4/model.sdf
-- Installing: /home/tharun/cognipilot/cranium/install/dream_world/share/dream_world/models/sign_board_4/model.config
-- Up-to-date: /home/tharun/cognipilot/cranium/install/dream_world/share/dream_world/models/Patient_sign_board_1
-- Up-to-date: /home/tharun/cognipilot/cranium/install/dream_world/share/dream_world/models/Patient_sign_board_1/materials
-- Up-to-date: /home/tharun/cognipilot/cranium/install/dream_world/share/dream_world/models/Patient_sign_board_1/materials/textures
-- Installing: /home/tharun/cognipilot/cranium/install/dream_world/share/dream_world/models/Patient_sign_board_1/materials/textures/qr_code_p1.png
-- Up-to-date: /home/tharun/cognipilot/cranium/install/dream_world/share/dream_world/models/Patient_sign_board_1/materials/scripts
-- Installing: /home/tharun/cognipilot/cranium/install/dream_world/share/dream_world/models/Patient_sign_board_1/materials/scripts/finish_line.material
-- Installing: /home/tharun/cognipilot/cranium/install/dream_world/share/dream_world/models/Patient_sign_board_1/model.sdf
-- Installing: /home/tharun/cognipilot/cranium/install/dream_world/share/dream_world/models/Patient_sign_board_1/model.config
-- Up-to-date: /home/tharun/cognipilot/cranium/install/dream_world/share/dream_world/models/hatchback_red
-- Up-to-date: /home/tharun/cognipilot/cranium/install/dream_world/share/dream_world/models/hatchback_red/thumbnails
-- Installing: /home/tharun/cognipilot/cranium/install/dream_world/share/dream_world/models/hatchback_red/thumbnails/5.png
-- Installing: /home/tharun/cognipilot/cranium/install/dream_world/share/dream_world/models/hatchback_red/thumbnails/4.png
-- Installing: /home/tharun/cognipilot/cranium/install/dream_world/share/dream_world/models/hatchback_red/thumbnails/3.png
-- Installing: /home/tharun/cognipilot/cranium/install/dream_world/share/dream_world/models/hatchback_red/thumbnails/1.png
-- Installing: /home/tharun/cognipilot/cranium/install/dream_world/share/dream_world/models/hatchback_red/thumbnails/2.png
-- Up-to-date: /home/tharun/cognipilot/cranium/install/dream_world/share/dream_world/models/hatchback_red/meshes
-- Installing: /home/tharun/cognipilot/cranium/install/dream_world/share/dream_world/models/hatchback_red/meshes/hatchback_red.obj
-- Installing: /home/tharun/cognipilot/cranium/install/dream_world/share/dream_world/models/hatchback_red/meshes/hatchback_red.mtl
-- Up-to-date: /home/tharun/cognipilot/cranium/install/dream_world/share/dream_world/models/hatchback_red/materials
-- Up-to-date: /home/tharun/cognipilot/cranium/install/dream_world/share/dream_world/models/hatchback_red/materials/textures
-- Installing: /home/tharun/cognipilot/cranium/install/dream_world/share/dream_world/models/hatchback_red/materials/textures/hatchback_red.png
-- Installing: /home/tharun/cognipilot/cranium/install/dream_world/share/dream_world/models/hatchback_red/model.sdf
-- Installing: /home/tharun/cognipilot/cranium/install/dream_world/share/dream_world/models/hatchback_red/model.config
-- Up-to-date: /home/tharun/cognipilot/cranium/install/dream_world/share/dream_world/models/sign_board_9
-- Up-to-date: /home/tharun/cognipilot/cranium/install/dream_world/share/dream_world/models/sign_board_9/materials
-- Up-to-date: /home/tharun/cognipilot/cranium/install/dream_world/share/dream_world/models/sign_board_9/materials/textures
-- Installing: /home/tharun/cognipilot/cranium/install/dream_world/share/dream_world/models/sign_board_9/materials/textures/sb_back_9.png
-- Installing: /home/tharun/cognipilot/cranium/install/dream_world/share/dream_world/models/sign_board_9/materials/textures/sb_front_9.png
-- Up-to-date: /home/tharun/cognipilot/cranium/install/dream_world/share/dream_world/models/sign_board_9/materials/scripts
-- Installing: /home/tharun/cognipilot/cranium/install/dream_world/share/dream_world/models/sign_board_9/materials/scripts/finish_line.material
-- Installing: /home/tharun/cognipilot/cranium/install/dream_world/share/dream_world/models/sign_board_9/model.sdf
-- Installing: /home/tharun/cognipilot/cranium/install/dream_world/share/dream_world/models/sign_board_9/model.config
-- Up-to-date: /home/tharun/cognipilot/cranium/install/dream_world/share/dream_world/models/sign_board_1
-- Up-to-date: /home/tharun/cognipilot/cranium/install/dream_world/share/dream_world/models/sign_board_1/materials
-- Up-to-date: /home/tharun/cognipilot/cranium/install/dream_world/share/dream_world/models/sign_board_1/materials/textures
-- Installing: /home/tharun/cognipilot/cranium/install/dream_world/share/dream_world/models/sign_board_1/materials/textures/sb_back_1.png
-- Installing: /home/tharun/cognipilot/cranium/install/dream_world/share/dream_world/models/sign_board_1/materials/textures/sb_front_1.png
-- Up-to-date: /home/tharun/cognipilot/cranium/install/dream_world/share/dream_world/models/sign_board_1/materials/scripts
-- Installing: /home/tharun/cognipilot/cranium/install/dream_world/share/dream_world/models/sign_board_1/materials/scripts/finish_line.material
-- Installing: /home/tharun/cognipilot/cranium/install/dream_world/share/dream_world/models/sign_board_1/model.sdf
-- Installing: /home/tharun/cognipilot/cranium/install/dream_world/share/dream_world/models/sign_board_1/model.config
-- Up-to-date: /home/tharun/cognipilot/cranium/install/dream_world/share/dream_world/models/Pine_Tree
-- Up-to-date: /home/tharun/cognipilot/cranium/install/dream_world/share/dream_world/models/Pine_Tree/thumbnails
-- Installing: /home/tharun/cognipilot/cranium/install/dream_world/share/dream_world/models/Pine_Tree/thumbnails/5.png
-- Installing: /home/tharun/cognipilot/cranium/install/dream_world/share/dream_world/models/Pine_Tree/thumbnails/4.png
-- Installing: /home/tharun/cognipilot/cranium/install/dream_world/share/dream_world/models/Pine_Tree/thumbnails/3.png
-- Installing: /home/tharun/cognipilot/cranium/install/dream_world/share/dream_world/models/Pine_Tree/thumbnails/1.png
-- Installing: /home/tharun/cognipilot/cranium/install/dream_world/share/dream_world/models/Pine_Tree/thumbnails/2.png
-- Up-to-date: /home/tharun/cognipilot/cranium/install/dream_world/share/dream_world/models/Pine_Tree/meshes
-- Installing: /home/tharun/cognipilot/cranium/install/dream_world/share/dream_world/models/Pine_Tree/meshes/pine_tree.dae
-- Up-to-date: /home/tharun/cognipilot/cranium/install/dream_world/share/dream_world/models/Pine_Tree/materials
-- Up-to-date: /home/tharun/cognipilot/cranium/install/dream_world/share/dream_world/models/Pine_Tree/materials/textures
-- Installing: /home/tharun/cognipilot/cranium/install/dream_world/share/dream_world/models/Pine_Tree/materials/textures/branch_2_diffuse.png
-- Installing: /home/tharun/cognipilot/cranium/install/dream_world/share/dream_world/models/Pine_Tree/materials/textures/bark_diffuse.png
-- Up-to-date: /home/tharun/cognipilot/cranium/install/dream_world/share/dream_world/models/Pine_Tree/materials/scripts
-- Installing: /home/tharun/cognipilot/cranium/install/dream_world/share/dream_world/models/Pine_Tree/materials/scripts/pine_tree.material
-- Installing: /home/tharun/cognipilot/cranium/install/dream_world/share/dream_world/models/Pine_Tree/materials/scripts/caster_fp.glsl
-- Installing: /home/tharun/cognipilot/cranium/install/dream_world/share/dream_world/models/Pine_Tree/materials/scripts/caster_vp.glsl
-- Installing: /home/tharun/cognipilot/cranium/install/dream_world/share/dream_world/models/Pine_Tree/model.sdf
-- Installing: /home/tharun/cognipilot/cranium/install/dream_world/share/dream_world/models/Pine_Tree/model.config
-- Up-to-date: /home/tharun/cognipilot/cranium/install/dream_world/share/dream_world/models/sign_board_10
-- Up-to-date: /home/tharun/cognipilot/cranium/install/dream_world/share/dream_world/models/sign_board_10/materials
-- Up-to-date: /home/tharun/cognipilot/cranium/install/dream_world/share/dream_world/models/sign_board_10/materials/textures
-- Installing: /home/tharun/cognipilot/cranium/install/dream_world/share/dream_world/models/sign_board_10/materials/textures/sb_back_10.png
-- Installing: /home/tharun/cognipilot/cranium/install/dream_world/share/dream_world/models/sign_board_10/materials/textures/sb_front_10.png
-- Up-to-date: /home/tharun/cognipilot/cranium/install/dream_world/share/dream_world/models/sign_board_10/materials/scripts
-- Installing: /home/tharun/cognipilot/cranium/install/dream_world/share/dream_world/models/sign_board_10/materials/scripts/finish_line.material
-- Installing: /home/tharun/cognipilot/cranium/install/dream_world/share/dream_world/models/sign_board_10/model.sdf
-- Installing: /home/tharun/cognipilot/cranium/install/dream_world/share/dream_world/models/sign_board_10/model.config
-- Up-to-date: /home/tharun/cognipilot/cranium/install/dream_world/share/dream_world/models/Construction_Cone_mini
-- Up-to-date: /home/tharun/cognipilot/cranium/install/dream_world/share/dream_world/models/Construction_Cone_mini/meshes
-- Installing: /home/tharun/cognipilot/cranium/install/dream_world/share/dream_world/models/Construction_Cone_mini/meshes/construction_cone.dae
-- Up-to-date: /home/tharun/cognipilot/cranium/install/dream_world/share/dream_world/models/Construction_Cone_mini/materials
-- Up-to-date: /home/tharun/cognipilot/cranium/install/dream_world/share/dream_world/models/Construction_Cone_mini/materials/textures
-- Installing: /home/tharun/cognipilot/cranium/install/dream_world/share/dream_world/models/Construction_Cone_mini/materials/textures/cone.png
-- Installing: /home/tharun/cognipilot/cranium/install/dream_world/share/dream_world/models/Construction_Cone_mini/materials/textures/Construction_Cone_Diffuse.png
-- Up-to-date: /home/tharun/cognipilot/cranium/install/dream_world/share/dream_world/models/Construction_Cone_mini/materials/scripts
-- Installing: /home/tharun/cognipilot/cranium/install/dream_world/share/dream_world/models/Construction_Cone_mini/materials/scripts/Construction_Cone.material
-- Installing: /home/tharun/cognipilot/cranium/install/dream_world/share/dream_world/models/Construction_Cone_mini/model.sdf
-- Installing: /home/tharun/cognipilot/cranium/install/dream_world/share/dream_world/models/Construction_Cone_mini/model.config
-- Up-to-date: /home/tharun/cognipilot/cranium/install/dream_world/share/dream_world/models/sign_board_5
-- Up-to-date: /home/tharun/cognipilot/cranium/install/dream_world/share/dream_world/models/sign_board_5/materials
-- Up-to-date: /home/tharun/cognipilot/cranium/install/dream_world/share/dream_world/models/sign_board_5/materials/textures
-- Installing: /home/tharun/cognipilot/cranium/install/dream_world/share/dream_world/models/sign_board_5/materials/textures/sb_back_5.png
-- Installing: /home/tharun/cognipilot/cranium/install/dream_world/share/dream_world/models/sign_board_5/materials/textures/sb_front_5.png
-- Up-to-date: /home/tharun/cognipilot/cranium/install/dream_world/share/dream_world/models/sign_board_5/materials/scripts
-- Installing: /home/tharun/cognipilot/cranium/install/dream_world/share/dream_world/models/sign_board_5/materials/scripts/finish_line.material
-- Installing: /home/tharun/cognipilot/cranium/install/dream_world/share/dream_world/models/sign_board_5/model.sdf
-- Installing: /home/tharun/cognipilot/cranium/install/dream_world/share/dream_world/models/sign_board_5/model.config
-- Up-to-date: /home/tharun/cognipilot/cranium/install/dream_world/share/dream_world/models/sign_board_6
-- Up-to-date: /home/tharun/cognipilot/cranium/install/dream_world/share/dream_world/models/sign_board_6/materials
-- Up-to-date: /home/tharun/cognipilot/cranium/install/dream_world/share/dream_world/models/sign_board_6/materials/textures
-- Installing: /home/tharun/cognipilot/cranium/install/dream_world/share/dream_world/models/sign_board_6/materials/textures/sb_back_6.png
-- Installing: /home/tharun/cognipilot/cranium/install/dream_world/share/dream_world/models/sign_board_6/materials/textures/sb_front_6.png
-- Up-to-date: /home/tharun/cognipilot/cranium/install/dream_world/share/dream_world/models/sign_board_6/materials/scripts
-- Installing: /home/tharun/cognipilot/cranium/install/dream_world/share/dream_world/models/sign_board_6/materials/scripts/finish_line.material
-- Installing: /home/tharun/cognipilot/cranium/install/dream_world/share/dream_world/models/sign_board_6/model.sdf
-- Installing: /home/tharun/cognipilot/cranium/install/dream_world/share/dream_world/models/sign_board_6/model.config
-- Up-to-date: /home/tharun/cognipilot/cranium/install/dream_world/share/dream_world/models/postbox
-- Up-to-date: /home/tharun/cognipilot/cranium/install/dream_world/share/dream_world/models/postbox/meshes
-- Installing: /home/tharun/cognipilot/cranium/install/dream_world/share/dream_world/models/postbox/meshes/postbox.dae
-- Up-to-date: /home/tharun/cognipilot/cranium/install/dream_world/share/dream_world/models/postbox/materials
-- Up-to-date: /home/tharun/cognipilot/cranium/install/dream_world/share/dream_world/models/postbox/materials/textures
-- Installing: /home/tharun/cognipilot/cranium/install/dream_world/share/dream_world/models/postbox/materials/textures/postbox_spec.jpg
-- Installing: /home/tharun/cognipilot/cranium/install/dream_world/share/dream_world/models/postbox/materials/textures/postbox_diffuse.jpg
-- Installing: /home/tharun/cognipilot/cranium/install/dream_world/share/dream_world/models/postbox/model.sdf
-- Installing: /home/tharun/cognipilot/cranium/install/dream_world/share/dream_world/models/postbox/model.config
-- Up-to-date: /home/tharun/cognipilot/cranium/install/dream_world/share/dream_world/models/FoodCourtBarricade
-- Up-to-date: /home/tharun/cognipilot/cranium/install/dream_world/share/dream_world/models/FoodCourtBarricade/thumbnails
-- Installing: /home/tharun/cognipilot/cranium/install/dream_world/share/dream_world/models/FoodCourtBarricade/thumbnails/5.png
-- Installing: /home/tharun/cognipilot/cranium/install/dream_world/share/dream_world/models/FoodCourtBarricade/thumbnails/4.png
-- Installing: /home/tharun/cognipilot/cranium/install/dream_world/share/dream_world/models/FoodCourtBarricade/thumbnails/3.png
-- Installing: /home/tharun/cognipilot/cranium/install/dream_world/share/dream_world/models/FoodCourtBarricade/thumbnails/1.png
-- Installing: /home/tharun/cognipilot/cranium/install/dream_world/share/dream_world/models/FoodCourtBarricade/thumbnails/2.png
-- Up-to-date: /home/tharun/cognipilot/cranium/install/dream_world/share/dream_world/models/FoodCourtBarricade/meshes
-- Installing: /home/tharun/cognipilot/cranium/install/dream_world/share/dream_world/models/FoodCourtBarricade/meshes/FoodCourtBarricade_Col.mtl
-- Installing: /home/tharun/cognipilot/cranium/install/dream_world/share/dream_world/models/FoodCourtBarricade/meshes/FoodCourtBarricade_Diffuse.png
-- Installing: /home/tharun/cognipilot/cranium/install/dream_world/share/dream_world/models/FoodCourtBarricade/meshes/FoodCourtBarricade_Metal.png
-- Installing: /home/tharun/cognipilot/cranium/install/dream_world/share/dream_world/models/FoodCourtBarricade/meshes/FoodCourtBarricade.dae
-- Installing: /home/tharun/cognipilot/cranium/install/dream_world/share/dream_world/models/FoodCourtBarricade/meshes/FoodCourtBarricade_Col.obj
-- Installing: /home/tharun/cognipilot/cranium/install/dream_world/share/dream_world/models/FoodCourtBarricade/meshes/FoodCourtBarricade_Normal.png
-- Installing: /home/tharun/cognipilot/cranium/install/dream_world/share/dream_world/models/FoodCourtBarricade/meshes/FoodCourtBarricade_Rough.png
-- Installing: /home/tharun/cognipilot/cranium/install/dream_world/share/dream_world/models/FoodCourtBarricade/model.sdf
-- Installing: /home/tharun/cognipilot/cranium/install/dream_world/share/dream_world/models/FoodCourtBarricade/model.config
-- Up-to-date: /home/tharun/cognipilot/cranium/install/dream_world/share/dream_world/models/Raceway_1
-- Installing: /home/tharun/cognipilot/cranium/install/dream_world/share/dream_world/models/Raceway_1/LICENSE
-- Up-to-date: /home/tharun/cognipilot/cranium/install/dream_world/share/dream_world/models/Raceway_1/meshes
-- Installing: /home/tharun/cognipilot/cranium/install/dream_world/share/dream_world/models/Raceway_1/meshes/track.dae
-- Installing: /home/tharun/cognipilot/cranium/install/dream_world/share/dream_world/models/Raceway_1/model.sdf
-- Installing: /home/tharun/cognipilot/cranium/install/dream_world/share/dream_world/models/Raceway_1/model.config
-- Up-to-date: /home/tharun/cognipilot/cranium/install/dream_world/share/dream_world/models/Hospital
-- Up-to-date: /home/tharun/cognipilot/cranium/install/dream_world/share/dream_world/models/Hospital/thumbnails
-- Installing: /home/tharun/cognipilot/cranium/install/dream_world/share/dream_world/models/Hospital/thumbnails/5.png
-- Installing: /home/tharun/cognipilot/cranium/install/dream_world/share/dream_world/models/Hospital/thumbnails/4.png
-- Installing: /home/tharun/cognipilot/cranium/install/dream_world/share/dream_world/models/Hospital/thumbnails/3.png
-- Installing: /home/tharun/cognipilot/cranium/install/dream_world/share/dream_world/models/Hospital/thumbnails/1.png
-- Installing: /home/tharun/cognipilot/cranium/install/dream_world/share/dream_world/models/Hospital/thumbnails/2.png
-- Up-to-date: /home/tharun/cognipilot/cranium/install/dream_world/share/dream_world/models/Hospital/meshes
-- Installing: /home/tharun/cognipilot/cranium/install/dream_world/share/dream_world/models/Hospital/meshes/post_office.dae
-- Up-to-date: /home/tharun/cognipilot/cranium/install/dream_world/share/dream_world/models/Hospital/materials
-- Up-to-date: /home/tharun/cognipilot/cranium/install/dream_world/share/dream_world/models/Hospital/materials/textures
-- Installing: /home/tharun/cognipilot/cranium/install/dream_world/share/dream_world/models/Hospital/materials/textures/post_office_diffuse.jpg
-- Installing: /home/tharun/cognipilot/cranium/install/dream_world/share/dream_world/models/Hospital/materials/textures/post_office_diffuse_old.jpg
-- Installing: /home/tharun/cognipilot/cranium/install/dream_world/share/dream_world/models/Hospital/materials/textures/post_office_spec.jpg
-- Installing: /home/tharun/cognipilot/cranium/install/dream_world/share/dream_world/models/Hospital/model.sdf
-- Installing: /home/tharun/cognipilot/cranium/install/dream_world/share/dream_world/models/Hospital/model.config
-- Up-to-date: /home/tharun/cognipilot/cranium/install/dream_world/share/dream_world/models/sign_board_3
-- Up-to-date: /home/tharun/cognipilot/cranium/install/dream_world/share/dream_world/models/sign_board_3/materials
-- Up-to-date: /home/tharun/cognipilot/cranium/install/dream_world/share/dream_world/models/sign_board_3/materials/textures
-- Installing: /home/tharun/cognipilot/cranium/install/dream_world/share/dream_world/models/sign_board_3/materials/textures/sb_back_3.png
-- Installing: /home/tharun/cognipilot/cranium/install/dream_world/share/dream_world/models/sign_board_3/materials/textures/sb_front_3.png
-- Up-to-date: /home/tharun/cognipilot/cranium/install/dream_world/share/dream_world/models/sign_board_3/materials/scripts
-- Installing: /home/tharun/cognipilot/cranium/install/dream_world/share/dream_world/models/sign_board_3/materials/scripts/finish_line.material
-- Installing: /home/tharun/cognipilot/cranium/install/dream_world/share/dream_world/models/sign_board_3/model.sdf
-- Installing: /home/tharun/cognipilot/cranium/install/dream_world/share/dream_world/models/sign_board_3/model.config
-- Up-to-date: /home/tharun/cognipilot/cranium/install/dream_world/share/dream_world/models/fire_hydrant
-- Up-to-date: /home/tharun/cognipilot/cranium/install/dream_world/share/dream_world/models/fire_hydrant/meshes
-- Installing: /home/tharun/cognipilot/cranium/install/dream_world/share/dream_world/models/fire_hydrant/meshes/fire_hydrant.dae
-- Up-to-date: /home/tharun/cognipilot/cranium/install/dream_world/share/dream_world/models/fire_hydrant/materials
-- Up-to-date: /home/tharun/cognipilot/cranium/install/dream_world/share/dream_world/models/fire_hydrant/materials/textures
-- Installing: /home/tharun/cognipilot/cranium/install/dream_world/share/dream_world/models/fire_hydrant/materials/textures/fire_hydrant_spec.png
-- Installing: /home/tharun/cognipilot/cranium/install/dream_world/share/dream_world/models/fire_hydrant/materials/textures/fire_hydrant_diffuse.png
-- Installing: /home/tharun/cognipilot/cranium/install/dream_world/share/dream_world/models/fire_hydrant/model.sdf
-- Installing: /home/tharun/cognipilot/cranium/install/dream_world/share/dream_world/models/fire_hydrant/model-1_4.sdf
-- Installing: /home/tharun/cognipilot/cranium/install/dream_world/share/dream_world/models/fire_hydrant/model.config
-- Up-to-date: /home/tharun/cognipilot/cranium/install/dream_world/share/dream_world/models/Patient_sign_board_3
-- Up-to-date: /home/tharun/cognipilot/cranium/install/dream_world/share/dream_world/models/Patient_sign_board_3/materials
-- Up-to-date: /home/tharun/cognipilot/cranium/install/dream_world/share/dream_world/models/Patient_sign_board_3/materials/textures
-- Installing: /home/tharun/cognipilot/cranium/install/dream_world/share/dream_world/models/Patient_sign_board_3/materials/textures/qr_code_p3.png
-- Up-to-date: /home/tharun/cognipilot/cranium/install/dream_world/share/dream_world/models/Patient_sign_board_3/materials/scripts
-- Installing: /home/tharun/cognipilot/cranium/install/dream_world/share/dream_world/models/Patient_sign_board_3/materials/scripts/finish_line.material
-- Installing: /home/tharun/cognipilot/cranium/install/dream_world/share/dream_world/models/Patient_sign_board_3/model.sdf
-- Installing: /home/tharun/cognipilot/cranium/install/dream_world/share/dream_world/models/Patient_sign_board_3/model.config
-- Up-to-date: /home/tharun/cognipilot/cranium/install/dream_world/share/dream_world/models/barricade
-- Up-to-date: /home/tharun/cognipilot/cranium/install/dream_world/share/dream_world/models/barricade/materials
-- Up-to-date: /home/tharun/cognipilot/cranium/install/dream_world/share/dream_world/models/barricade/materials/textures
-- Installing: /home/tharun/cognipilot/cranium/install/dream_world/share/dream_world/models/barricade/materials/textures/barricade.png
-- Installing: /home/tharun/cognipilot/cranium/install/dream_world/share/dream_world/models/barricade/materials/textures/blue.png
-- Up-to-date: /home/tharun/cognipilot/cranium/install/dream_world/share/dream_world/models/barricade/materials/scripts
-- Installing: /home/tharun/cognipilot/cranium/install/dream_world/share/dream_world/models/barricade/materials/scripts/barricade.material
-- Installing: /home/tharun/cognipilot/cranium/install/dream_world/share/dream_world/models/barricade/model.sdf
-- Installing: /home/tharun/cognipilot/cranium/install/dream_world/share/dream_world/models/barricade/model.config
-- Up-to-date: /home/tharun/cognipilot/cranium/install/dream_world/share/dream_world/worlds
-- Installing: /home/tharun/cognipilot/cranium/install/dream_world/share/dream_world/worlds/Raceway_2.sdf
-- Installing: /home/tharun/cognipilot/cranium/install/dream_world/share/dream_world/worlds/Raceway_1.sdf
-- Installing: /home/tharun/cognipilot/cranium/install/dream_world/share/dream_world/worlds/Raceway_3.sdf
-- Installing: /home/tharun/cognipilot/cranium/install/dream_world/share/dream_world/environment/dream_world.dsv
-- Installing: /home/tharun/cognipilot/cranium/install/dream_world/share/ament_index/resource_index/package_run_dependencies/dream_world
-- Installing: /home/tharun/cognipilot/cranium/install/dream_world/share/ament_index/resource_index/parent_prefix_path/dream_world
-- Installing: /home/tharun/cognipilot/cranium/install/dream_world/share/dream_world/environment/ament_prefix_path.sh
-- Installing: /home/tharun/cognipilot/cranium/install/dream_world/share/dream_world/environment/ament_prefix_path.dsv
-- Installing: /home/tharun/cognipilot/cranium/install/dream_world/share/dream_world/environment/path.sh
-- Installing: /home/tharun/cognipilot/cranium/install/dream_world/share/dream_world/environment/path.dsv
-- Installing: /home/tharun/cognipilot/cranium/install/dream_world/share/dream_world/local_setup.bash
-- Installing: /home/tharun/cognipilot/cranium/install/dream_world/share/dream_world/local_setup.sh
-- Installing: /home/tharun/cognipilot/cranium/install/dream_world/share/dream_world/local_setup.zsh
-- Installing: /home/tharun/cognipilot/cranium/install/dream_world/share/dream_world/local_setup.dsv
-- Installing: /home/tharun/cognipilot/cranium/install/dream_world/share/dream_world/package.dsv
-- Installing: /home/tharun/cognipilot/cranium/install/dream_world/share/ament_index/resource_index/packages/dream_world
-- Installing: /home/tharun/cognipilot/cranium/install/dream_world/share/dream_world/cmake/dream_worldConfig.cmake
-- Installing: /home/tharun/cognipilot/cranium/install/dream_world/share/dream_world/cmake/dream_worldConfig-version.cmake
-- Installing: /home/tharun/cognipilot/cranium/install/dream_world/share/dream_world/package.xml
