[0.183s] Invoking command in '/home/tharun/cognipilot/cranium/build/synapse_msgs': CMAKE_PREFIX_PATH=${CMAKE_PREFIX_PATH}:/home/tharun/cognipilot/cranium/install/b3rb_ros_line_follower:/opt/ros/humble /usr/bin/cmake --build /home/tharun/cognipilot/cranium/build/synapse_msgs -- -j12 -l12
[0.302s] [  1%] Built target synapse_msgs__rs
[0.365s] [  1%] Built target ament_cmake_python_symlink_synapse_msgs
[0.430s] [  3%] Built target synapse_msgs__cpp
[0.887s] running egg_info
[0.889s] writing synapse_msgs.egg-info/PKG-INFO
[0.889s] writing dependency_links to synapse_msgs.egg-info/dependency_links.txt
[0.889s] writing top-level names to synapse_msgs.egg-info/top_level.txt
[0.898s] reading manifest file 'synapse_msgs.egg-info/SOURCES.txt'
[0.907s] writing manifest file 'synapse_msgs.egg-info/SOURCES.txt'
[0.988s] [  3%] Built target ament_cmake_python_build_synapse_msgs_egg
[1.025s] [ 14%] Built target synapse_msgs__rosidl_typesupport_cpp
[1.066s] [ 25%] Built target synapse_msgs__rosidl_typesupport_introspection_cpp
[1.123s] [ 35%] Built target synapse_msgs__rosidl_typesupport_fastrtps_cpp
[1.188s] [ 46%] Built target synapse_msgs__rosidl_generator_c
[1.256s] [ 57%] Built target synapse_msgs__rosidl_typesupport_fastrtps_c
[1.321s] [ 68%] Built target synapse_msgs__rosidl_typesupport_c
[1.397s] [ 79%] Built target synapse_msgs__rosidl_typesupport_introspection_c
[1.444s] [ 79%] Built target synapse_msgs
[1.481s] [ 81%] Built target synapse_msgs__py
[1.518s] [ 90%] Built target synapse_msgs__rosidl_generator_py
[1.553s] [ 93%] Built target synapse_msgs__rosidl_typesupport_fastrtps_c__pyext
[1.588s] [ 96%] Built target synapse_msgs__rosidl_typesupport_c__pyext
[1.655s] [100%] Built target synapse_msgs__rosidl_typesupport_introspection_c__pyext
[1.678s] Invoked command in '/home/tharun/cognipilot/cranium/build/synapse_msgs' returned '0': CMAKE_PREFIX_PATH=${CMAKE_PREFIX_PATH}:/home/tharun/cognipilot/cranium/install/b3rb_ros_line_follower:/opt/ros/humble /usr/bin/cmake --build /home/tharun/cognipilot/cranium/build/synapse_msgs -- -j12 -l12
[1.680s] Invoking command in '/home/tharun/cognipilot/cranium/build/synapse_msgs': CMAKE_PREFIX_PATH=${CMAKE_PREFIX_PATH}:/home/tharun/cognipilot/cranium/install/b3rb_ros_line_follower:/opt/ros/humble /usr/bin/cmake --install /home/tharun/cognipilot/cranium/build/synapse_msgs
[1.694s] -- Install configuration: ""
[1.695s] -- Execute custom install script
[1.695s] -- Up-to-date symlink: /home/tharun/cognipilot/cranium/install/synapse_msgs/share/ament_index/resource_index/rosidl_interfaces/synapse_msgs
[1.696s] -- Up-to-date symlink: /home/tharun/cognipilot/cranium/install/synapse_msgs/include/synapse_msgs/synapse_msgs/msg/bezier_curve.h
[1.696s] -- Up-to-date symlink: /home/tharun/cognipilot/cranium/install/synapse_msgs/include/synapse_msgs/synapse_msgs/msg/bezier_trajectory.h
[1.697s] -- Up-to-date symlink: /home/tharun/cognipilot/cranium/install/synapse_msgs/include/synapse_msgs/synapse_msgs/msg/detail/bezier_curve__functions.h
[1.697s] -- Up-to-date symlink: /home/tharun/cognipilot/cranium/install/synapse_msgs/include/synapse_msgs/synapse_msgs/msg/detail/bezier_curve__struct.h
[1.697s] -- Up-to-date symlink: /home/tharun/cognipilot/cranium/install/synapse_msgs/include/synapse_msgs/synapse_msgs/msg/detail/bezier_curve__type_support.h
[1.697s] -- Up-to-date symlink: /home/tharun/cognipilot/cranium/install/synapse_msgs/include/synapse_msgs/synapse_msgs/msg/detail/bezier_trajectory__functions.h
[1.698s] -- Up-to-date symlink: /home/tharun/cognipilot/cranium/install/synapse_msgs/include/synapse_msgs/synapse_msgs/msg/detail/bezier_trajectory__struct.h
[1.698s] -- Up-to-date symlink: /home/tharun/cognipilot/cranium/install/synapse_msgs/include/synapse_msgs/synapse_msgs/msg/detail/bezier_trajectory__type_support.h
[1.698s] -- Up-to-date symlink: /home/tharun/cognipilot/cranium/install/synapse_msgs/include/synapse_msgs/synapse_msgs/msg/detail/edge_vectors__functions.h
[1.698s] -- Up-to-date symlink: /home/tharun/cognipilot/cranium/install/synapse_msgs/include/synapse_msgs/synapse_msgs/msg/detail/edge_vectors__struct.h
[1.698s] -- Up-to-date symlink: /home/tharun/cognipilot/cranium/install/synapse_msgs/include/synapse_msgs/synapse_msgs/msg/detail/edge_vectors__type_support.h
[1.698s] -- Up-to-date symlink: /home/tharun/cognipilot/cranium/install/synapse_msgs/include/synapse_msgs/synapse_msgs/msg/detail/server_communication__functions.h
[1.698s] -- Up-to-date symlink: /home/tharun/cognipilot/cranium/install/synapse_msgs/include/synapse_msgs/synapse_msgs/msg/detail/server_communication__struct.h
[1.698s] -- Up-to-date symlink: /home/tharun/cognipilot/cranium/install/synapse_msgs/include/synapse_msgs/synapse_msgs/msg/detail/server_communication__type_support.h
[1.698s] -- Up-to-date symlink: /home/tharun/cognipilot/cranium/install/synapse_msgs/include/synapse_msgs/synapse_msgs/msg/detail/status__functions.h
[1.698s] -- Up-to-date symlink: /home/tharun/cognipilot/cranium/install/synapse_msgs/include/synapse_msgs/synapse_msgs/msg/detail/status__struct.h
[1.699s] -- Up-to-date symlink: /home/tharun/cognipilot/cranium/install/synapse_msgs/include/synapse_msgs/synapse_msgs/msg/detail/status__type_support.h
[1.699s] -- Up-to-date symlink: /home/tharun/cognipilot/cranium/install/synapse_msgs/include/synapse_msgs/synapse_msgs/msg/edge_vectors.h
[1.699s] -- Up-to-date symlink: /home/tharun/cognipilot/cranium/install/synapse_msgs/include/synapse_msgs/synapse_msgs/msg/rosidl_generator_c__visibility_control.h
[1.699s] -- Up-to-date symlink: /home/tharun/cognipilot/cranium/install/synapse_msgs/include/synapse_msgs/synapse_msgs/msg/server_communication.h
[1.699s] -- Up-to-date symlink: /home/tharun/cognipilot/cranium/install/synapse_msgs/include/synapse_msgs/synapse_msgs/msg/status.h
[1.699s] -- Up-to-date symlink: /home/tharun/cognipilot/cranium/install/synapse_msgs/share/synapse_msgs/environment/library_path.sh
[1.699s] -- Up-to-date symlink: /home/tharun/cognipilot/cranium/install/synapse_msgs/share/synapse_msgs/environment/library_path.dsv
[1.699s] -- Up-to-date symlink: /home/tharun/cognipilot/cranium/install/synapse_msgs/include/synapse_msgs/synapse_msgs/msg/detail/bezier_curve__rosidl_typesupport_fastrtps_c.h
[1.700s] -- Up-to-date symlink: /home/tharun/cognipilot/cranium/install/synapse_msgs/include/synapse_msgs/synapse_msgs/msg/detail/bezier_trajectory__rosidl_typesupport_fastrtps_c.h
[1.700s] -- Up-to-date symlink: /home/tharun/cognipilot/cranium/install/synapse_msgs/include/synapse_msgs/synapse_msgs/msg/detail/edge_vectors__rosidl_typesupport_fastrtps_c.h
[1.700s] -- Up-to-date symlink: /home/tharun/cognipilot/cranium/install/synapse_msgs/include/synapse_msgs/synapse_msgs/msg/detail/server_communication__rosidl_typesupport_fastrtps_c.h
[1.700s] -- Up-to-date symlink: /home/tharun/cognipilot/cranium/install/synapse_msgs/include/synapse_msgs/synapse_msgs/msg/detail/status__rosidl_typesupport_fastrtps_c.h
[1.700s] -- Up-to-date symlink: /home/tharun/cognipilot/cranium/install/synapse_msgs/include/synapse_msgs/synapse_msgs/msg/rosidl_typesupport_fastrtps_c__visibility_control.h
[1.700s] -- Up-to-date symlink: /home/tharun/cognipilot/cranium/install/synapse_msgs/include/synapse_msgs/synapse_msgs/msg/detail/bezier_curve__rosidl_typesupport_introspection_c.h
[1.700s] -- Up-to-date symlink: /home/tharun/cognipilot/cranium/install/synapse_msgs/include/synapse_msgs/synapse_msgs/msg/detail/bezier_trajectory__rosidl_typesupport_introspection_c.h
[1.701s] -- Up-to-date symlink: /home/tharun/cognipilot/cranium/install/synapse_msgs/include/synapse_msgs/synapse_msgs/msg/detail/edge_vectors__rosidl_typesupport_introspection_c.h
[1.701s] -- Up-to-date symlink: /home/tharun/cognipilot/cranium/install/synapse_msgs/include/synapse_msgs/synapse_msgs/msg/detail/server_communication__rosidl_typesupport_introspection_c.h
[1.701s] -- Up-to-date symlink: /home/tharun/cognipilot/cranium/install/synapse_msgs/include/synapse_msgs/synapse_msgs/msg/detail/status__rosidl_typesupport_introspection_c.h
[1.701s] -- Up-to-date symlink: /home/tharun/cognipilot/cranium/install/synapse_msgs/include/synapse_msgs/synapse_msgs/msg/rosidl_typesupport_introspection_c__visibility_control.h
[1.702s] -- Up-to-date symlink: /home/tharun/cognipilot/cranium/install/synapse_msgs/include/synapse_msgs/synapse_msgs/msg/bezier_curve.hpp
[1.702s] -- Up-to-date symlink: /home/tharun/cognipilot/cranium/install/synapse_msgs/include/synapse_msgs/synapse_msgs/msg/bezier_trajectory.hpp
[1.702s] -- Up-to-date symlink: /home/tharun/cognipilot/cranium/install/synapse_msgs/include/synapse_msgs/synapse_msgs/msg/detail/bezier_curve__builder.hpp
[1.702s] -- Up-to-date symlink: /home/tharun/cognipilot/cranium/install/synapse_msgs/include/synapse_msgs/synapse_msgs/msg/detail/bezier_curve__struct.hpp
[1.702s] -- Up-to-date symlink: /home/tharun/cognipilot/cranium/install/synapse_msgs/include/synapse_msgs/synapse_msgs/msg/detail/bezier_curve__traits.hpp
[1.703s] -- Up-to-date symlink: /home/tharun/cognipilot/cranium/install/synapse_msgs/include/synapse_msgs/synapse_msgs/msg/detail/bezier_curve__type_support.hpp
[1.703s] -- Up-to-date symlink: /home/tharun/cognipilot/cranium/install/synapse_msgs/include/synapse_msgs/synapse_msgs/msg/detail/bezier_trajectory__builder.hpp
[1.703s] -- Up-to-date symlink: /home/tharun/cognipilot/cranium/install/synapse_msgs/include/synapse_msgs/synapse_msgs/msg/detail/bezier_trajectory__struct.hpp
[1.703s] -- Up-to-date symlink: /home/tharun/cognipilot/cranium/install/synapse_msgs/include/synapse_msgs/synapse_msgs/msg/detail/bezier_trajectory__traits.hpp
[1.704s] -- Up-to-date symlink: /home/tharun/cognipilot/cranium/install/synapse_msgs/include/synapse_msgs/synapse_msgs/msg/detail/bezier_trajectory__type_support.hpp
[1.704s] -- Up-to-date symlink: /home/tharun/cognipilot/cranium/install/synapse_msgs/include/synapse_msgs/synapse_msgs/msg/detail/edge_vectors__builder.hpp
[1.704s] -- Up-to-date symlink: /home/tharun/cognipilot/cranium/install/synapse_msgs/include/synapse_msgs/synapse_msgs/msg/detail/edge_vectors__struct.hpp
[1.704s] -- Up-to-date symlink: /home/tharun/cognipilot/cranium/install/synapse_msgs/include/synapse_msgs/synapse_msgs/msg/detail/edge_vectors__traits.hpp
[1.704s] -- Up-to-date symlink: /home/tharun/cognipilot/cranium/install/synapse_msgs/include/synapse_msgs/synapse_msgs/msg/detail/edge_vectors__type_support.hpp
[1.704s] -- Up-to-date symlink: /home/tharun/cognipilot/cranium/install/synapse_msgs/include/synapse_msgs/synapse_msgs/msg/detail/server_communication__builder.hpp
[1.704s] -- Up-to-date symlink: /home/tharun/cognipilot/cranium/install/synapse_msgs/include/synapse_msgs/synapse_msgs/msg/detail/server_communication__struct.hpp
[1.705s] -- Up-to-date symlink: /home/tharun/cognipilot/cranium/install/synapse_msgs/include/synapse_msgs/synapse_msgs/msg/detail/server_communication__traits.hpp
[1.705s] -- Up-to-date symlink: /home/tharun/cognipilot/cranium/install/synapse_msgs/include/synapse_msgs/synapse_msgs/msg/detail/server_communication__type_support.hpp
[1.705s] -- Up-to-date symlink: /home/tharun/cognipilot/cranium/install/synapse_msgs/include/synapse_msgs/synapse_msgs/msg/detail/status__builder.hpp
[1.705s] -- Up-to-date symlink: /home/tharun/cognipilot/cranium/install/synapse_msgs/include/synapse_msgs/synapse_msgs/msg/detail/status__struct.hpp
[1.705s] -- Up-to-date symlink: /home/tharun/cognipilot/cranium/install/synapse_msgs/include/synapse_msgs/synapse_msgs/msg/detail/status__traits.hpp
[1.705s] -- Up-to-date symlink: /home/tharun/cognipilot/cranium/install/synapse_msgs/include/synapse_msgs/synapse_msgs/msg/detail/status__type_support.hpp
[1.705s] -- Up-to-date symlink: /home/tharun/cognipilot/cranium/install/synapse_msgs/include/synapse_msgs/synapse_msgs/msg/edge_vectors.hpp
[1.705s] -- Up-to-date symlink: /home/tharun/cognipilot/cranium/install/synapse_msgs/include/synapse_msgs/synapse_msgs/msg/rosidl_generator_cpp__visibility_control.hpp
[1.705s] -- Up-to-date symlink: /home/tharun/cognipilot/cranium/install/synapse_msgs/include/synapse_msgs/synapse_msgs/msg/server_communication.hpp
[1.705s] -- Up-to-date symlink: /home/tharun/cognipilot/cranium/install/synapse_msgs/include/synapse_msgs/synapse_msgs/msg/status.hpp
[1.706s] -- Up-to-date symlink: /home/tharun/cognipilot/cranium/install/synapse_msgs/include/synapse_msgs/synapse_msgs/msg/detail/bezier_curve__rosidl_typesupport_fastrtps_cpp.hpp
[1.706s] -- Up-to-date symlink: /home/tharun/cognipilot/cranium/install/synapse_msgs/include/synapse_msgs/synapse_msgs/msg/detail/bezier_trajectory__rosidl_typesupport_fastrtps_cpp.hpp
[1.706s] -- Up-to-date symlink: /home/tharun/cognipilot/cranium/install/synapse_msgs/include/synapse_msgs/synapse_msgs/msg/detail/edge_vectors__rosidl_typesupport_fastrtps_cpp.hpp
[1.706s] -- Up-to-date symlink: /home/tharun/cognipilot/cranium/install/synapse_msgs/include/synapse_msgs/synapse_msgs/msg/detail/server_communication__rosidl_typesupport_fastrtps_cpp.hpp
[1.706s] -- Up-to-date symlink: /home/tharun/cognipilot/cranium/install/synapse_msgs/include/synapse_msgs/synapse_msgs/msg/detail/status__rosidl_typesupport_fastrtps_cpp.hpp
[1.706s] -- Up-to-date symlink: /home/tharun/cognipilot/cranium/install/synapse_msgs/include/synapse_msgs/synapse_msgs/msg/rosidl_typesupport_fastrtps_cpp__visibility_control.h
[1.706s] -- Up-to-date symlink: /home/tharun/cognipilot/cranium/install/synapse_msgs/include/synapse_msgs/synapse_msgs/msg/detail/bezier_curve__rosidl_typesupport_introspection_cpp.hpp
[1.707s] -- Up-to-date symlink: /home/tharun/cognipilot/cranium/install/synapse_msgs/include/synapse_msgs/synapse_msgs/msg/detail/bezier_trajectory__rosidl_typesupport_introspection_cpp.hpp
[1.707s] -- Up-to-date symlink: /home/tharun/cognipilot/cranium/install/synapse_msgs/include/synapse_msgs/synapse_msgs/msg/detail/edge_vectors__rosidl_typesupport_introspection_cpp.hpp
[1.707s] -- Up-to-date symlink: /home/tharun/cognipilot/cranium/install/synapse_msgs/include/synapse_msgs/synapse_msgs/msg/detail/server_communication__rosidl_typesupport_introspection_cpp.hpp
[1.707s] -- Up-to-date symlink: /home/tharun/cognipilot/cranium/install/synapse_msgs/include/synapse_msgs/synapse_msgs/msg/detail/status__rosidl_typesupport_introspection_cpp.hpp
[1.707s] -- Up-to-date symlink: /home/tharun/cognipilot/cranium/install/synapse_msgs/share/synapse_msgs/environment/pythonpath.sh
[1.707s] -- Up-to-date symlink: /home/tharun/cognipilot/cranium/install/synapse_msgs/share/synapse_msgs/environment/pythonpath.dsv
[1.707s] -- Up-to-date symlink: /home/tharun/cognipilot/cranium/install/synapse_msgs/local/lib/python3.10/dist-packages/synapse_msgs-0.0.1-py3.10.egg-info/PKG-INFO
[1.708s] -- Up-to-date symlink: /home/tharun/cognipilot/cranium/install/synapse_msgs/local/lib/python3.10/dist-packages/synapse_msgs-0.0.1-py3.10.egg-info/SOURCES.txt
[1.708s] -- Up-to-date symlink: /home/tharun/cognipilot/cranium/install/synapse_msgs/local/lib/python3.10/dist-packages/synapse_msgs-0.0.1-py3.10.egg-info/dependency_links.txt
[1.708s] -- Up-to-date symlink: /home/tharun/cognipilot/cranium/install/synapse_msgs/local/lib/python3.10/dist-packages/synapse_msgs-0.0.1-py3.10.egg-info/top_level.txt
[1.710s] -- Up-to-date symlink: /home/tharun/cognipilot/cranium/install/synapse_msgs/local/lib/python3.10/dist-packages/synapse_msgs/__init__.py
[1.710s] -- Up-to-date symlink: /home/tharun/cognipilot/cranium/install/synapse_msgs/local/lib/python3.10/dist-packages/synapse_msgs/_synapse_msgs_s.ep.rosidl_typesupport_c.c
[1.710s] -- Up-to-date symlink: /home/tharun/cognipilot/cranium/install/synapse_msgs/local/lib/python3.10/dist-packages/synapse_msgs/_synapse_msgs_s.ep.rosidl_typesupport_fastrtps_c.c
[1.710s] -- Up-to-date symlink: /home/tharun/cognipilot/cranium/install/synapse_msgs/local/lib/python3.10/dist-packages/synapse_msgs/_synapse_msgs_s.ep.rosidl_typesupport_introspection_c.c
[1.710s] -- Up-to-date symlink: /home/tharun/cognipilot/cranium/install/synapse_msgs/local/lib/python3.10/dist-packages/synapse_msgs/libsynapse_msgs__rosidl_generator_py.so
[1.710s] -- Up-to-date symlink: /home/tharun/cognipilot/cranium/install/synapse_msgs/local/lib/python3.10/dist-packages/synapse_msgs/msg/__init__.py
[1.710s] -- Up-to-date symlink: /home/tharun/cognipilot/cranium/install/synapse_msgs/local/lib/python3.10/dist-packages/synapse_msgs/msg/_bezier_curve.py
[1.711s] -- Up-to-date symlink: /home/tharun/cognipilot/cranium/install/synapse_msgs/local/lib/python3.10/dist-packages/synapse_msgs/msg/_bezier_curve_s.c
[1.711s] -- Up-to-date symlink: /home/tharun/cognipilot/cranium/install/synapse_msgs/local/lib/python3.10/dist-packages/synapse_msgs/msg/_bezier_trajectory.py
[1.711s] -- Up-to-date symlink: /home/tharun/cognipilot/cranium/install/synapse_msgs/local/lib/python3.10/dist-packages/synapse_msgs/msg/_bezier_trajectory_s.c
[1.711s] -- Up-to-date symlink: /home/tharun/cognipilot/cranium/install/synapse_msgs/local/lib/python3.10/dist-packages/synapse_msgs/msg/_edge_vectors.py
[1.711s] -- Up-to-date symlink: /home/tharun/cognipilot/cranium/install/synapse_msgs/local/lib/python3.10/dist-packages/synapse_msgs/msg/_edge_vectors_s.c
[1.711s] -- Up-to-date symlink: /home/tharun/cognipilot/cranium/install/synapse_msgs/local/lib/python3.10/dist-packages/synapse_msgs/msg/_server_communication.py
[1.711s] -- Up-to-date symlink: /home/tharun/cognipilot/cranium/install/synapse_msgs/local/lib/python3.10/dist-packages/synapse_msgs/msg/_server_communication_s.c
[1.712s] -- Up-to-date symlink: /home/tharun/cognipilot/cranium/install/synapse_msgs/local/lib/python3.10/dist-packages/synapse_msgs/msg/_status.py
[1.712s] -- Up-to-date symlink: /home/tharun/cognipilot/cranium/install/synapse_msgs/local/lib/python3.10/dist-packages/synapse_msgs/msg/_status_s.c
[1.712s] -- Up-to-date symlink: /home/tharun/cognipilot/cranium/install/synapse_msgs/local/lib/python3.10/dist-packages/synapse_msgs/synapse_msgs_s__rosidl_typesupport_c.cpython-310-x86_64-linux-gnu.so
[1.712s] -- Up-to-date symlink: /home/tharun/cognipilot/cranium/install/synapse_msgs/local/lib/python3.10/dist-packages/synapse_msgs/synapse_msgs_s__rosidl_typesupport_fastrtps_c.cpython-310-x86_64-linux-gnu.so
[1.712s] -- Up-to-date symlink: /home/tharun/cognipilot/cranium/install/synapse_msgs/local/lib/python3.10/dist-packages/synapse_msgs/synapse_msgs_s__rosidl_typesupport_introspection_c.cpython-310-x86_64-linux-gnu.so
[1.712s] -- Up-to-date symlink: /home/tharun/cognipilot/cranium/install/synapse_msgs/local/lib/python3.10/dist-packages/synapse_msgs/synapse_msgs_s__rosidl_typesupport_fastrtps_c.cpython-310-x86_64-linux-gnu.so
[1.712s] -- Up-to-date symlink: /home/tharun/cognipilot/cranium/install/synapse_msgs/local/lib/python3.10/dist-packages/synapse_msgs/synapse_msgs_s__rosidl_typesupport_introspection_c.cpython-310-x86_64-linux-gnu.so
[1.712s] -- Up-to-date symlink: /home/tharun/cognipilot/cranium/install/synapse_msgs/local/lib/python3.10/dist-packages/synapse_msgs/synapse_msgs_s__rosidl_typesupport_c.cpython-310-x86_64-linux-gnu.so
[1.712s] -- Up-to-date symlink: /home/tharun/cognipilot/cranium/install/synapse_msgs/share/ament_index/resource_index/rust_packages/synapse_msgs
[1.713s] -- Up-to-date symlink: /home/tharun/cognipilot/cranium/install/synapse_msgs/share/synapse_msgs/rust/Cargo.toml
[1.713s] -- Up-to-date symlink: /home/tharun/cognipilot/cranium/install/synapse_msgs/share/synapse_msgs/rust/build.rs
[1.713s] -- Up-to-date symlink: /home/tharun/cognipilot/cranium/install/synapse_msgs/share/synapse_msgs/rust/src/lib.rs
[1.713s] -- Up-to-date symlink: /home/tharun/cognipilot/cranium/install/synapse_msgs/share/synapse_msgs/rust/src/msg.rs
[1.714s] -- Up-to-date symlink: /home/tharun/cognipilot/cranium/install/synapse_msgs/share/synapse_msgs/rust/src/msg/rmw.rs
[1.714s] -- Up-to-date symlink: /home/tharun/cognipilot/cranium/install/synapse_msgs/share/synapse_msgs/msg/BezierCurve.idl
[1.715s] -- Up-to-date symlink: /home/tharun/cognipilot/cranium/install/synapse_msgs/share/synapse_msgs/msg/BezierTrajectory.idl
[1.715s] -- Up-to-date symlink: /home/tharun/cognipilot/cranium/install/synapse_msgs/share/synapse_msgs/msg/Status.idl
[1.715s] -- Up-to-date symlink: /home/tharun/cognipilot/cranium/install/synapse_msgs/share/synapse_msgs/msg/EdgeVectors.idl
[1.715s] -- Up-to-date symlink: /home/tharun/cognipilot/cranium/install/synapse_msgs/share/synapse_msgs/msg/ServerCommunication.idl
[1.715s] -- Up-to-date symlink: /home/tharun/cognipilot/cranium/install/synapse_msgs/share/synapse_msgs/msg/BezierCurve.msg
[1.716s] -- Up-to-date symlink: /home/tharun/cognipilot/cranium/install/synapse_msgs/share/synapse_msgs/msg/BezierTrajectory.msg
[1.717s] -- Up-to-date symlink: /home/tharun/cognipilot/cranium/install/synapse_msgs/share/synapse_msgs/msg/Status.msg
[1.717s] -- Up-to-date symlink: /home/tharun/cognipilot/cranium/install/synapse_msgs/share/synapse_msgs/msg/EdgeVectors.msg
[1.718s] -- Up-to-date symlink: /home/tharun/cognipilot/cranium/install/synapse_msgs/share/synapse_msgs/msg/ServerCommunication.msg
[1.718s] -- Up-to-date symlink: /home/tharun/cognipilot/cranium/install/synapse_msgs/share/ament_index/resource_index/package_run_dependencies/synapse_msgs
[1.718s] -- Up-to-date symlink: /home/tharun/cognipilot/cranium/install/synapse_msgs/share/ament_index/resource_index/parent_prefix_path/synapse_msgs
[1.718s] -- Up-to-date symlink: /home/tharun/cognipilot/cranium/install/synapse_msgs/share/synapse_msgs/environment/ament_prefix_path.sh
[1.718s] -- Up-to-date symlink: /home/tharun/cognipilot/cranium/install/synapse_msgs/share/synapse_msgs/environment/ament_prefix_path.dsv
[1.718s] -- Up-to-date symlink: /home/tharun/cognipilot/cranium/install/synapse_msgs/share/synapse_msgs/environment/path.sh
[1.718s] -- Up-to-date symlink: /home/tharun/cognipilot/cranium/install/synapse_msgs/share/synapse_msgs/environment/path.dsv
[1.719s] -- Up-to-date symlink: /home/tharun/cognipilot/cranium/install/synapse_msgs/share/synapse_msgs/local_setup.bash
[1.719s] -- Up-to-date symlink: /home/tharun/cognipilot/cranium/install/synapse_msgs/share/synapse_msgs/local_setup.sh
[1.719s] -- Up-to-date symlink: /home/tharun/cognipilot/cranium/install/synapse_msgs/share/synapse_msgs/local_setup.zsh
[1.719s] -- Up-to-date symlink: /home/tharun/cognipilot/cranium/install/synapse_msgs/share/synapse_msgs/local_setup.dsv
[1.719s] -- Symlinking: /home/tharun/cognipilot/cranium/install/synapse_msgs/share/synapse_msgs/package.dsv
[1.730s] -- Up-to-date symlink: /home/tharun/cognipilot/cranium/install/synapse_msgs/share/ament_index/resource_index/packages/synapse_msgs
[1.730s] -- Up-to-date symlink: /home/tharun/cognipilot/cranium/install/synapse_msgs/share/synapse_msgs/cmake/rosidl_cmake-extras.cmake
[1.730s] -- Up-to-date symlink: /home/tharun/cognipilot/cranium/install/synapse_msgs/share/synapse_msgs/cmake/ament_cmake_export_dependencies-extras.cmake
[1.730s] -- Up-to-date symlink: /home/tharun/cognipilot/cranium/install/synapse_msgs/share/synapse_msgs/cmake/ament_cmake_export_include_directories-extras.cmake
[1.731s] -- Up-to-date symlink: /home/tharun/cognipilot/cranium/install/synapse_msgs/share/synapse_msgs/cmake/ament_cmake_export_libraries-extras.cmake
[1.731s] -- Up-to-date symlink: /home/tharun/cognipilot/cranium/install/synapse_msgs/share/synapse_msgs/cmake/ament_cmake_export_targets-extras.cmake
[1.731s] -- Up-to-date symlink: /home/tharun/cognipilot/cranium/install/synapse_msgs/share/synapse_msgs/cmake/rosidl_cmake_export_typesupport_targets-extras.cmake
[1.731s] -- Up-to-date symlink: /home/tharun/cognipilot/cranium/install/synapse_msgs/share/synapse_msgs/cmake/rosidl_cmake_export_typesupport_libraries-extras.cmake
[1.731s] -- Up-to-date symlink: /home/tharun/cognipilot/cranium/install/synapse_msgs/share/synapse_msgs/cmake/rosidl_cmake_aggregate_target-extras.cmake
[1.732s] -- Up-to-date symlink: /home/tharun/cognipilot/cranium/install/synapse_msgs/share/synapse_msgs/cmake/synapse_msgsConfig.cmake
[1.732s] -- Up-to-date symlink: /home/tharun/cognipilot/cranium/install/synapse_msgs/share/synapse_msgs/cmake/synapse_msgsConfig-version.cmake
[1.733s] -- Up-to-date symlink: /home/tharun/cognipilot/cranium/install/synapse_msgs/share/synapse_msgs/package.xml
[1.733s] -- Up-to-date: /home/tharun/cognipilot/cranium/install/synapse_msgs/lib/libsynapse_msgs__rosidl_generator_c.so
[1.733s] -- Up-to-date: /home/tharun/cognipilot/cranium/install/synapse_msgs/lib/libsynapse_msgs__rosidl_typesupport_fastrtps_c.so
[1.734s] -- Up-to-date: /home/tharun/cognipilot/cranium/install/synapse_msgs/lib/libsynapse_msgs__rosidl_typesupport_introspection_c.so
[1.734s] -- Up-to-date: /home/tharun/cognipilot/cranium/install/synapse_msgs/lib/libsynapse_msgs__rosidl_typesupport_c.so
[1.734s] -- Up-to-date: /home/tharun/cognipilot/cranium/install/synapse_msgs/lib/libsynapse_msgs__rosidl_typesupport_fastrtps_cpp.so
[1.735s] -- Up-to-date: /home/tharun/cognipilot/cranium/install/synapse_msgs/lib/libsynapse_msgs__rosidl_typesupport_introspection_cpp.so
[1.735s] -- Up-to-date: /home/tharun/cognipilot/cranium/install/synapse_msgs/lib/libsynapse_msgs__rosidl_typesupport_cpp.so
[1.788s] Listing '/home/tharun/cognipilot/cranium/install/synapse_msgs/local/lib/python3.10/dist-packages/synapse_msgs'...
[1.789s] Listing '/home/tharun/cognipilot/cranium/install/synapse_msgs/local/lib/python3.10/dist-packages/synapse_msgs/msg'...
[1.797s] -- Up-to-date: /home/tharun/cognipilot/cranium/install/synapse_msgs/lib/libsynapse_msgs__rosidl_generator_py.so
[1.798s] -- Up-to-date: /home/tharun/cognipilot/cranium/install/synapse_msgs/share/synapse_msgs/cmake/export_synapse_msgs__rosidl_generator_cExport.cmake
[1.798s] -- Up-to-date: /home/tharun/cognipilot/cranium/install/synapse_msgs/share/synapse_msgs/cmake/export_synapse_msgs__rosidl_generator_cExport-noconfig.cmake
[1.798s] -- Up-to-date: /home/tharun/cognipilot/cranium/install/synapse_msgs/share/synapse_msgs/cmake/export_synapse_msgs__rosidl_typesupport_fastrtps_cExport.cmake
[1.798s] -- Up-to-date: /home/tharun/cognipilot/cranium/install/synapse_msgs/share/synapse_msgs/cmake/export_synapse_msgs__rosidl_typesupport_fastrtps_cExport-noconfig.cmake
[1.799s] -- Up-to-date: /home/tharun/cognipilot/cranium/install/synapse_msgs/share/synapse_msgs/cmake/synapse_msgs__rosidl_typesupport_introspection_cExport.cmake
[1.799s] -- Up-to-date: /home/tharun/cognipilot/cranium/install/synapse_msgs/share/synapse_msgs/cmake/synapse_msgs__rosidl_typesupport_introspection_cExport-noconfig.cmake
[1.799s] -- Up-to-date: /home/tharun/cognipilot/cranium/install/synapse_msgs/share/synapse_msgs/cmake/synapse_msgs__rosidl_typesupport_cExport.cmake
[1.800s] -- Up-to-date: /home/tharun/cognipilot/cranium/install/synapse_msgs/share/synapse_msgs/cmake/synapse_msgs__rosidl_typesupport_cExport-noconfig.cmake
[1.800s] -- Up-to-date: /home/tharun/cognipilot/cranium/install/synapse_msgs/share/synapse_msgs/cmake/export_synapse_msgs__rosidl_generator_cppExport.cmake
[1.800s] -- Up-to-date: /home/tharun/cognipilot/cranium/install/synapse_msgs/share/synapse_msgs/cmake/export_synapse_msgs__rosidl_typesupport_fastrtps_cppExport.cmake
[1.800s] -- Up-to-date: /home/tharun/cognipilot/cranium/install/synapse_msgs/share/synapse_msgs/cmake/export_synapse_msgs__rosidl_typesupport_fastrtps_cppExport-noconfig.cmake
[1.800s] -- Up-to-date: /home/tharun/cognipilot/cranium/install/synapse_msgs/share/synapse_msgs/cmake/synapse_msgs__rosidl_typesupport_introspection_cppExport.cmake
[1.800s] -- Up-to-date: /home/tharun/cognipilot/cranium/install/synapse_msgs/share/synapse_msgs/cmake/synapse_msgs__rosidl_typesupport_introspection_cppExport-noconfig.cmake
[1.800s] -- Up-to-date: /home/tharun/cognipilot/cranium/install/synapse_msgs/share/synapse_msgs/cmake/synapse_msgs__rosidl_typesupport_cppExport.cmake
[1.800s] -- Up-to-date: /home/tharun/cognipilot/cranium/install/synapse_msgs/share/synapse_msgs/cmake/synapse_msgs__rosidl_typesupport_cppExport-noconfig.cmake
[1.800s] -- Up-to-date: /home/tharun/cognipilot/cranium/install/synapse_msgs/share/synapse_msgs/cmake/export_synapse_msgs__rosidl_generator_pyExport.cmake
[1.800s] -- Up-to-date: /home/tharun/cognipilot/cranium/install/synapse_msgs/share/synapse_msgs/cmake/export_synapse_msgs__rosidl_generator_pyExport-noconfig.cmake
[1.805s] Invoked command in '/home/tharun/cognipilot/cranium/build/synapse_msgs' returned '0': CMAKE_PREFIX_PATH=${CMAKE_PREFIX_PATH}:/home/tharun/cognipilot/cranium/install/b3rb_ros_line_follower:/opt/ros/humble /usr/bin/cmake --install /home/tharun/cognipilot/cranium/build/synapse_msgs
