[0.042s] Invoking command in '/home/tharun/cognipilot/cranium/build/synapse_msgs': CMAKE_PREFIX_PATH=${CMAKE_PREFIX_PATH}:/home/tharun/cognipilot/cranium/install/b3rb_ros_line_follower:/opt/ros/humble /usr/bin/cmake /home/tharun/cognipilot/cranium/src/synapse_msgs -DAMENT_CMAKE_SYMLINK_INSTALL=1 -DCMAKE_INSTALL_PREFIX=/home/tharun/cognipilot/cranium/install/synapse_msgs
[0.067s] -- Found ament_cmake: 1.3.14 (/opt/ros/humble/share/ament_cmake/cmake)
[0.214s] -- Override CMake install command with custom implementation using symlinks instead of copying resources
[0.233s] -- Found rosidl_default_generators: 1.2.1 (/opt/ros/humble/share/rosidl_default_generators/cmake)
[0.237s] -- Using all available rosidl_typesupport_c: rosidl_typesupport_fastrtps_c;rosidl_typesupport_introspection_c
[0.244s] -- Found rosidl_adapter: 3.1.9 (/opt/ros/humble/share/rosidl_adapter/cmake)
[0.288s] -- Using all available rosidl_typesupport_cpp: rosidl_typesupport_fastrtps_cpp;rosidl_typesupport_introspection_cpp
[0.332s] -- Found std_msgs: 4.9.2 (/opt/ros/humble/share/std_msgs/cmake)
[0.363s] -- Found geometry_msgs: 4.9.2 (/opt/ros/humble/share/geometry_msgs/cmake)
[0.841s] -- Found ament_cmake_cppcheck: 0.12.15 (/opt/ros/humble/share/ament_cmake_cppcheck/cmake)
[0.842s] -- Found ament_cmake_cpplint: 0.12.15 (/opt/ros/humble/share/ament_cmake_cpplint/cmake)
[0.842s] -- Found ament_cmake_uncrustify: 0.12.15 (/opt/ros/humble/share/ament_cmake_uncrustify/cmake)
[0.843s] -- Found ament_cmake_ros: 0.10.0 (/opt/ros/humble/share/ament_cmake_ros/cmake)
[1.090s] -- Using all available rosidl_typesupport_c: rosidl_typesupport_fastrtps_c;rosidl_typesupport_introspection_c
[1.342s] -- Using all available rosidl_typesupport_cpp: rosidl_typesupport_fastrtps_cpp;rosidl_typesupport_introspection_cpp
[1.362s] -- Found python_cmake_module: 0.10.0 (/opt/ros/humble/share/python_cmake_module/cmake)
[1.381s] -- Using PYTHON_EXECUTABLE: /usr/bin/python3
[1.381s] -- Using PYTHON_INCLUDE_DIRS: /usr/include/python3.10
[1.381s] -- Using PYTHON_LIBRARIES: /usr/lib/x86_64-linux-gnu/libpython3.10.so
[1.414s] -- Found ament_cmake_flake8: 0.12.15 (/opt/ros/humble/share/ament_cmake_flake8/cmake)
[1.414s] -- Found ament_cmake_pep257: 0.12.15 (/opt/ros/humble/share/ament_cmake_pep257/cmake)
[1.491s] -- Configuring done
[1.520s] -- Generating done
[1.529s] -- Build files have been written to: /home/tharun/cognipilot/cranium/build/synapse_msgs
[1.536s] Invoked command in '/home/tharun/cognipilot/cranium/build/synapse_msgs' returned '0': CMAKE_PREFIX_PATH=${CMAKE_PREFIX_PATH}:/home/tharun/cognipilot/cranium/install/b3rb_ros_line_follower:/opt/ros/humble /usr/bin/cmake /home/tharun/cognipilot/cranium/src/synapse_msgs -DAMENT_CMAKE_SYMLINK_INSTALL=1 -DCMAKE_INSTALL_PREFIX=/home/tharun/cognipilot/cranium/install/synapse_msgs
[1.538s] Invoking command in '/home/tharun/cognipilot/cranium/build/synapse_msgs': CMAKE_PREFIX_PATH=${CMAKE_PREFIX_PATH}:/home/tharun/cognipilot/cranium/install/b3rb_ros_line_follower:/opt/ros/humble /usr/bin/cmake --build /home/tharun/cognipilot/cranium/build/synapse_msgs -- -j12 -l12
[1.578s] [35m[1mConsolidate compiler generated dependencies of target synapse_msgs__rosidl_generator_c[0m
[1.587s] [  1%] Built target synapse_msgs__cpp
[1.587s] [ 12%] Built target synapse_msgs__rosidl_generator_c
[1.590s] failed to create symbolic link '/home/tharun/cognipilot/cranium/build/synapse_msgs/ament_cmake_python/synapse_msgs/synapse_msgs' because existing path cannot be removed: Is a directory
[1.593s] gmake[2]: *** [CMakeFiles/ament_cmake_python_symlink_synapse_msgs.dir/build.make:70: CMakeFiles/ament_cmake_python_symlink_synapse_msgs] Error 1
[1.593s] gmake[1]: *** [CMakeFiles/Makefile2:440: CMakeFiles/ament_cmake_python_symlink_synapse_msgs.dir/all] Error 2
[1.593s] gmake[1]: *** Waiting for unfinished jobs....
[1.596s] [ 14%] Built target synapse_msgs__rs
[1.598s] [35m[1mConsolidate compiler generated dependencies of target synapse_msgs__rosidl_typesupport_cpp[0m
[1.599s] [35m[1mConsolidate compiler generated dependencies of target synapse_msgs__rosidl_typesupport_introspection_cpp[0m
[1.599s] [35m[1mConsolidate compiler generated dependencies of target synapse_msgs__rosidl_typesupport_fastrtps_cpp[0m
[1.612s] [ 28%] Built target synapse_msgs__rosidl_typesupport_cpp
[1.613s] [ 35%] Built target synapse_msgs__rosidl_typesupport_introspection_cpp
[1.616s] [ 46%] Built target synapse_msgs__rosidl_typesupport_fastrtps_cpp
[1.618s] gmake: *** [Makefile:146: all] Error 2
[1.620s] Invoked command in '/home/tharun/cognipilot/cranium/build/synapse_msgs' returned '2': CMAKE_PREFIX_PATH=${CMAKE_PREFIX_PATH}:/home/tharun/cognipilot/cranium/install/b3rb_ros_line_follower:/opt/ros/humble /usr/bin/cmake --build /home/tharun/cognipilot/cranium/build/synapse_msgs -- -j12 -l12
