-- Found ament_cmake: 1.3.14 (/opt/ros/humble/share/ament_cmake/cmake)
-- Override CMake install command with custom implementation using symlinks instead of copying resources
-- Found ament_lint_auto: 0.12.15 (/opt/ros/humble/share/ament_lint_auto/cmake)
-- Added test 'copyright' to check source files copyright and LICENSE
-- Added test 'flake8' to check Python code syntax and style conventions
-- Added test 'lint_cmake' to check CMake code style
-- Added test 'pep257' to check Python code against some of the docstring style conventions in PEP 257
-- Added test 'xmllint' to check XML markup files
-- Configuring done
-- Generating done
-- Build files have been written to: /home/tharun/cognipilot/cranium/build/cerebri_bringup
-- Install configuration: ""
-- Execute custom install script
-- Symlinking: /home/tharun/cognipilot/cranium/install/cerebri_bringup/share/cerebri_bringup/launch/cerebri.launch.py
-- Symlinking: /home/tharun/cognipilot/cranium/install/cerebri_bringup/share/ament_index/resource_index/package_run_dependencies/cerebri_bringup
-- Symlinking: /home/tharun/cognipilot/cranium/install/cerebri_bringup/share/ament_index/resource_index/parent_prefix_path/cerebri_bringup
-- Symlinking: /home/tharun/cognipilot/cranium/install/cerebri_bringup/share/cerebri_bringup/environment/ament_prefix_path.sh
-- Symlinking: /home/tharun/cognipilot/cranium/install/cerebri_bringup/share/cerebri_bringup/environment/ament_prefix_path.dsv
-- Symlinking: /home/tharun/cognipilot/cranium/install/cerebri_bringup/share/cerebri_bringup/environment/path.sh
-- Symlinking: /home/tharun/cognipilot/cranium/install/cerebri_bringup/share/cerebri_bringup/environment/path.dsv
-- Symlinking: /home/tharun/cognipilot/cranium/install/cerebri_bringup/share/cerebri_bringup/local_setup.bash
-- Symlinking: /home/tharun/cognipilot/cranium/install/cerebri_bringup/share/cerebri_bringup/local_setup.sh
-- Symlinking: /home/tharun/cognipilot/cranium/install/cerebri_bringup/share/cerebri_bringup/local_setup.zsh
-- Symlinking: /home/tharun/cognipilot/cranium/install/cerebri_bringup/share/cerebri_bringup/local_setup.dsv
-- Symlinking: /home/tharun/cognipilot/cranium/install/cerebri_bringup/share/cerebri_bringup/package.dsv
-- Symlinking: /home/tharun/cognipilot/cranium/install/cerebri_bringup/share/ament_index/resource_index/packages/cerebri_bringup
-- Symlinking: /home/tharun/cognipilot/cranium/install/cerebri_bringup/share/cerebri_bringup/cmake/cerebri_bringupConfig.cmake
-- Symlinking: /home/tharun/cognipilot/cranium/install/cerebri_bringup/share/cerebri_bringup/cmake/cerebri_bringupConfig-version.cmake
-- Symlinking: /home/tharun/cognipilot/cranium/install/cerebri_bringup/share/cerebri_bringup/package.xml
