[0.012s] Invoking command in '/home/tharun/cognipilot/cranium/build/synapse_gz': CMAKE_PREFIX_PATH=/home/tharun/cognipilot/cranium/install/synapse_tinyframe:/home/tharun/cognipilot/cranium/install/synapse_protobuf:/home/tharun/cognipilot/cranium/install/synapse_ros:/home/tharun/cognipilot/cranium/install/synapse_gz:/home/tharun/cognipilot/cranium/install/corti:/home/tharun/cognipilot/cranium/install/synapse_msgs:/home/tharun/cognipilot/cranium/install/dream_world:/home/tharun/cognipilot/cranium/install/cerebri_bringup:/home/tharun/cognipilot/cranium/install/b3rb_simulator:/home/tharun/cognipilot/cranium/install/b3rb_desktop:/home/tharun/cognipilot/cranium/install/b3rb_rviz:/home/tharun/cognipilot/cranium/install/b3rb_nav2:/home/tharun/cognipilot/cranium/install/b3rb_gz_resource:/home/tharun/cognipilot/cranium/install/b3rb_gz_bringup:/home/tharun/cognipilot/cranium/install/b3rb_description:/home/tharun/cognipilot/electrode/install/electrode:/home/tharun/cognipilot/cranium/install/b3rb_ros_line_follower:/opt/ros/humble /usr/bin/cmake /home/tharun/cognipilot/cranium/src/synapse_gz -DAMENT_CMAKE_SYMLINK_INSTALL=1 -DCMAKE_INSTALL_PREFIX=/home/tharun/cognipilot/cranium/install/synapse_gz
[0.022s] -- Found rclcpp: 16.0.19 (/opt/ros/humble/share/rclcpp/cmake)
[0.161s] -- Override CMake install command with custom implementation using symlinks instead of copying resources
[0.206s] -- Found rosidl_generator_c: 3.1.9 (/opt/ros/humble/share/rosidl_generator_c/cmake)
[0.209s] -- Found rosidl_adapter: 3.1.9 (/opt/ros/humble/share/rosidl_adapter/cmake)
[0.214s] -- Found rosidl_generator_cpp: 3.1.9 (/opt/ros/humble/share/rosidl_generator_cpp/cmake)
[0.222s] -- Using all available rosidl_typesupport_c: rosidl_typesupport_fastrtps_c;rosidl_typesupport_introspection_c
[0.232s] -- Using all available rosidl_typesupport_cpp: rosidl_typesupport_fastrtps_cpp;rosidl_typesupport_introspection_cpp
[0.260s] -- Found rmw_implementation_cmake: 6.1.3 (/opt/ros/humble/share/rmw_implementation_cmake/cmake)
[0.262s] -- Found rmw_cyclonedds_cpp: 1.3.4 (/opt/ros/humble/share/rmw_cyclonedds_cpp/cmake)
[0.274s] -- Using RMW implementation 'rmw_cyclonedds_cpp' as default
[0.315s] -- Found synapse_protobuf: 0.0.0 (/home/tharun/cognipilot/cranium/install/synapse_protobuf/share/synapse_protobuf/cmake)
[0.322s] -- Found synapse_tinyframe: 0.0.0 (/home/tharun/cognipilot/cranium/install/synapse_tinyframe/share/synapse_tinyframe/cmake)
[0.322s] -- Looking for gz-transport13 -- found version 13.5.0
[0.327s] -- Searching for dependencies of gz-transport13
[0.347s] -- Config-file not installed for ZeroMQ -- checking for pkg-config
[0.350s] -- Checking for module 'libzmq >= 4'
[0.362s] --   Found libzmq , version 4.3.4
[0.395s] -- Checking for module 'uuid'
[0.405s] --   Found uuid, version 2.37.2
[0.431s] -- Looking for gz-utils2 -- found version 2.2.1
[0.432s] -- Searching for dependencies of gz-utils2
[0.432s] -- Searching for <gz-utils2> component [cli]
[0.432s] -- Looking for gz-utils2-cli -- found version 2.2.1
[0.433s] -- Searching for dependencies of gz-utils2-cli
[0.433s] -- Looking for gz-msgs10 -- found version 10.4.0
[0.434s] -- Searching for dependencies of gz-msgs10
[0.450s] -- Looking for gz-utils2 -- found version 2.2.1
[0.450s] -- Looking for gz-math7 -- found version 7.6.0
[0.451s] -- Searching for dependencies of gz-math7
[0.451s] -- Looking for gz-utils2 -- found version 2.2.1
[0.457s] -- Checking for module 'tinyxml2'
[0.468s] --   Found tinyxml2, version 9.0.0
[0.502s] -- Found ament_lint_auto: 0.12.15 (/opt/ros/humble/share/ament_lint_auto/cmake)
[0.551s] -- Added test 'copyright' to check source files copyright and LICENSE
[0.552s] -- Added test 'cppcheck' to perform static code analysis on C / C++ code
[0.552s] -- Configured cppcheck include dirs: /home/tharun/cognipilot/cranium/src/synapse_gz/src/clients
[0.552s] -- Configured cppcheck exclude dirs and/or files: 
[0.552s] -- Added test 'cpplint' to check C / C++ code against the Google style
[0.552s] -- Configured cpplint exclude dirs and/or files: 
[0.553s] -- Added test 'flake8' to check Python code syntax and style conventions
[0.553s] -- Added test 'lint_cmake' to check CMake code style
[0.553s] -- Added test 'pep257' to check Python code against some of the docstring style conventions in PEP 257
[0.553s] -- Added test 'uncrustify' to check C / C++ code style
[0.554s] -- Configured uncrustify additional arguments: 
[0.554s] -- Added test 'xmllint' to check XML markup files
[0.554s] -- Configuring done
[0.561s] -- Generating done
[0.563s] -- Build files have been written to: /home/tharun/cognipilot/cranium/build/synapse_gz
[0.569s] Invoked command in '/home/tharun/cognipilot/cranium/build/synapse_gz' returned '0': CMAKE_PREFIX_PATH=/home/tharun/cognipilot/cranium/install/synapse_tinyframe:/home/tharun/cognipilot/cranium/install/synapse_protobuf:/home/tharun/cognipilot/cranium/install/synapse_ros:/home/tharun/cognipilot/cranium/install/synapse_gz:/home/tharun/cognipilot/cranium/install/corti:/home/tharun/cognipilot/cranium/install/synapse_msgs:/home/tharun/cognipilot/cranium/install/dream_world:/home/tharun/cognipilot/cranium/install/cerebri_bringup:/home/tharun/cognipilot/cranium/install/b3rb_simulator:/home/tharun/cognipilot/cranium/install/b3rb_desktop:/home/tharun/cognipilot/cranium/install/b3rb_rviz:/home/tharun/cognipilot/cranium/install/b3rb_nav2:/home/tharun/cognipilot/cranium/install/b3rb_gz_resource:/home/tharun/cognipilot/cranium/install/b3rb_gz_bringup:/home/tharun/cognipilot/cranium/install/b3rb_description:/home/tharun/cognipilot/electrode/install/electrode:/home/tharun/cognipilot/cranium/install/b3rb_ros_line_follower:/opt/ros/humble /usr/bin/cmake /home/tharun/cognipilot/cranium/src/synapse_gz -DAMENT_CMAKE_SYMLINK_INSTALL=1 -DCMAKE_INSTALL_PREFIX=/home/tharun/cognipilot/cranium/install/synapse_gz
[0.570s] Invoking command in '/home/tharun/cognipilot/cranium/build/synapse_gz': CMAKE_PREFIX_PATH=/home/tharun/cognipilot/cranium/install/synapse_tinyframe:/home/tharun/cognipilot/cranium/install/synapse_protobuf:/home/tharun/cognipilot/cranium/install/synapse_ros:/home/tharun/cognipilot/cranium/install/synapse_gz:/home/tharun/cognipilot/cranium/install/corti:/home/tharun/cognipilot/cranium/install/synapse_msgs:/home/tharun/cognipilot/cranium/install/dream_world:/home/tharun/cognipilot/cranium/install/cerebri_bringup:/home/tharun/cognipilot/cranium/install/b3rb_simulator:/home/tharun/cognipilot/cranium/install/b3rb_desktop:/home/tharun/cognipilot/cranium/install/b3rb_rviz:/home/tharun/cognipilot/cranium/install/b3rb_nav2:/home/tharun/cognipilot/cranium/install/b3rb_gz_resource:/home/tharun/cognipilot/cranium/install/b3rb_gz_bringup:/home/tharun/cognipilot/cranium/install/b3rb_description:/home/tharun/cognipilot/electrode/install/electrode:/home/tharun/cognipilot/cranium/install/b3rb_ros_line_follower:/opt/ros/humble /usr/bin/cmake --build /home/tharun/cognipilot/cranium/build/synapse_gz -- -j12 -l12
[0.616s] [35m[1mConsolidate compiler generated dependencies of target synapse_gz[0m
[0.642s] [ 25%] [32m[1mLinking CXX executable synapse_gz[0m
[0.978s] [100%] Built target synapse_gz
