[0.199s] Invoking command in '/home/tharun/cognipilot/cranium/build/corti': CMAKE_PREFIX_PATH=/home/tharun/cognipilot/cranium/install/synapse_msgs:/home/tharun/cognipilot/electrode/install/electrode:/home/tharun/cognipilot/cranium/install/synapse_ros:/home/tharun/cognipilot/cranium/install/synapse_gz:/home/tharun/cognipilot/cranium/install/synapse_tinyframe:/home/tharun/cognipilot/cranium/install/synapse_protobuf:/home/tharun/cognipilot/cranium/install/corti:/home/tharun/cognipilot/cranium/install/dream_world:/home/tharun/cognipilot/cranium/install/cerebri_bringup:/home/tharun/cognipilot/cranium/install/b3rb_simulator:/home/tharun/cognipilot/cranium/install/b3rb_desktop:/home/tharun/cognipilot/cranium/install/b3rb_rviz:/home/tharun/cognipilot/cranium/install/b3rb_nav2:/home/tharun/cognipilot/cranium/install/b3rb_gz_resource:/home/tharun/cognipilot/cranium/install/b3rb_gz_bringup:/home/tharun/cognipilot/cranium/install/b3rb_description:/opt/ros/humble LD_LIBRARY_PATH=/home/tharun/cognipilot/cranium/install/synapse_msgs/lib:/home/tharun/cognipilot/cranium/install/synapse_tinyframe/lib:/home/tharun/cognipilot/cranium/install/synapse_protobuf/lib:/opt/ros/humble/opt/rviz_ogre_vendor/lib:/opt/ros/humble/lib/x86_64-linux-gnu:/opt/ros/humble/lib /usr/bin/cmake /home/tharun/cognipilot/cranium/src/corti -DCMAKE_INSTALL_PREFIX=/home/tharun/cognipilot/cranium/install/corti
[0.262s] -- The C compiler identification is GNU 11.4.0
[0.302s] -- The CXX compiler identification is GNU 11.4.0
[0.307s] -- Detecting C compiler ABI info
[0.387s] -- Detecting C compiler ABI info - done
[0.393s] -- Check for working C compiler: /usr/bin/cc - skipped
[0.393s] -- Detecting C compile features
[0.393s] -- Detecting C compile features - done
[0.396s] -- Detecting CXX compiler ABI info
[0.467s] -- Detecting CXX compiler ABI info - done
[0.477s] -- Check for working CXX compiler: /usr/bin/c++ - skipped
[0.477s] -- Detecting CXX compile features
[0.478s] -- Detecting CXX compile features - done
[0.482s] -- Found ament_cmake: 1.3.14 (/opt/ros/humble/share/ament_cmake/cmake)
[0.659s] -- Found Python3: /usr/bin/python3 (found version "3.10.12") found components: Interpreter 
[0.799s] -- Found geometry_msgs: 4.9.2 (/opt/ros/humble/share/geometry_msgs/cmake)
[0.857s] -- Found rosidl_generator_c: 3.1.9 (/opt/ros/humble/share/rosidl_generator_c/cmake)
[0.861s] -- Found rosidl_adapter: 3.1.9 (/opt/ros/humble/share/rosidl_adapter/cmake)
[0.868s] -- Found rosidl_generator_cpp: 3.1.9 (/opt/ros/humble/share/rosidl_generator_cpp/cmake)
[0.877s] -- Using all available rosidl_typesupport_c: rosidl_typesupport_fastrtps_c;rosidl_typesupport_introspection_c
[0.890s] -- Using all available rosidl_typesupport_cpp: rosidl_typesupport_fastrtps_cpp;rosidl_typesupport_introspection_cpp
[0.925s] -- Found nav_msgs: 4.9.2 (/opt/ros/humble/share/nav_msgs/cmake)
[0.957s] -- Found rclcpp: 16.0.19 (/opt/ros/humble/share/rclcpp/cmake)
[1.015s] -- Found rmw_implementation_cmake: 6.1.3 (/opt/ros/humble/share/rmw_implementation_cmake/cmake)
[1.020s] -- Found rmw_cyclonedds_cpp: 1.3.4 (/opt/ros/humble/share/rmw_cyclonedds_cpp/cmake)
[1.047s] -- Using RMW implementation 'rmw_cyclonedds_cpp' as default
[1.054s] -- Looking for pthread.h
[1.118s] -- Looking for pthread.h - found
[1.118s] -- Performing Test CMAKE_HAVE_LIBC_PTHREAD
[1.205s] -- Performing Test CMAKE_HAVE_LIBC_PTHREAD - Success
[1.207s] -- Found Threads: TRUE  
[1.241s] -- Found rclpy: 3.3.21 (/opt/ros/humble/share/rclpy/cmake)
[1.241s] -- Found synapse_msgs: 0.0.1 (/home/tharun/cognipilot/cranium/install/synapse_msgs/share/synapse_msgs/cmake)
[1.259s] -- Found tf2: 0.25.22 (/opt/ros/humble/share/tf2/cmake)
[1.269s] -- Found tf2_ros: 0.25.22 (/opt/ros/humble/share/tf2_ros/cmake)
[1.398s] -- Found ament_lint_auto: 0.12.15 (/opt/ros/humble/share/ament_lint_auto/cmake)
[1.536s] -- Added test 'cppcheck' to perform static code analysis on C / C++ code
[1.536s] -- Configured cppcheck include dirs: 
[1.536s] -- Configured cppcheck exclude dirs and/or files: 
[1.537s] -- Added test 'flake8' to check Python code syntax and style conventions
[1.539s] -- Added test 'lint_cmake' to check CMake code style
[1.539s] -- Added test 'pep257' to check Python code against some of the docstring style conventions in PEP 257
[1.541s] -- Added test 'uncrustify' to check C / C++ code style
[1.541s] -- Configured uncrustify additional arguments: 
[1.542s] -- Added test 'xmllint' to check XML markup files
[1.544s] -- Configuring done
[1.573s] -- Generating done
[1.584s] -- Build files have been written to: /home/tharun/cognipilot/cranium/build/corti
[1.597s] Invoked command in '/home/tharun/cognipilot/cranium/build/corti' returned '0': CMAKE_PREFIX_PATH=/home/tharun/cognipilot/cranium/install/synapse_msgs:/home/tharun/cognipilot/electrode/install/electrode:/home/tharun/cognipilot/cranium/install/synapse_ros:/home/tharun/cognipilot/cranium/install/synapse_gz:/home/tharun/cognipilot/cranium/install/synapse_tinyframe:/home/tharun/cognipilot/cranium/install/synapse_protobuf:/home/tharun/cognipilot/cranium/install/corti:/home/tharun/cognipilot/cranium/install/dream_world:/home/tharun/cognipilot/cranium/install/cerebri_bringup:/home/tharun/cognipilot/cranium/install/b3rb_simulator:/home/tharun/cognipilot/cranium/install/b3rb_desktop:/home/tharun/cognipilot/cranium/install/b3rb_rviz:/home/tharun/cognipilot/cranium/install/b3rb_nav2:/home/tharun/cognipilot/cranium/install/b3rb_gz_resource:/home/tharun/cognipilot/cranium/install/b3rb_gz_bringup:/home/tharun/cognipilot/cranium/install/b3rb_description:/opt/ros/humble LD_LIBRARY_PATH=/home/tharun/cognipilot/cranium/install/synapse_msgs/lib:/home/tharun/cognipilot/cranium/install/synapse_tinyframe/lib:/home/tharun/cognipilot/cranium/install/synapse_protobuf/lib:/opt/ros/humble/opt/rviz_ogre_vendor/lib:/opt/ros/humble/lib/x86_64-linux-gnu:/opt/ros/humble/lib /usr/bin/cmake /home/tharun/cognipilot/cranium/src/corti -DCMAKE_INSTALL_PREFIX=/home/tharun/cognipilot/cranium/install/corti
[1.599s] Invoking command in '/home/tharun/cognipilot/cranium/build/corti': CMAKE_PREFIX_PATH=/home/tharun/cognipilot/cranium/install/synapse_msgs:/home/tharun/cognipilot/electrode/install/electrode:/home/tharun/cognipilot/cranium/install/synapse_ros:/home/tharun/cognipilot/cranium/install/synapse_gz:/home/tharun/cognipilot/cranium/install/synapse_tinyframe:/home/tharun/cognipilot/cranium/install/synapse_protobuf:/home/tharun/cognipilot/cranium/install/corti:/home/tharun/cognipilot/cranium/install/dream_world:/home/tharun/cognipilot/cranium/install/cerebri_bringup:/home/tharun/cognipilot/cranium/install/b3rb_simulator:/home/tharun/cognipilot/cranium/install/b3rb_desktop:/home/tharun/cognipilot/cranium/install/b3rb_rviz:/home/tharun/cognipilot/cranium/install/b3rb_nav2:/home/tharun/cognipilot/cranium/install/b3rb_gz_resource:/home/tharun/cognipilot/cranium/install/b3rb_gz_bringup:/home/tharun/cognipilot/cranium/install/b3rb_description:/opt/ros/humble LD_LIBRARY_PATH=/home/tharun/cognipilot/cranium/install/synapse_msgs/lib:/home/tharun/cognipilot/cranium/install/synapse_tinyframe/lib:/home/tharun/cognipilot/cranium/install/synapse_protobuf/lib:/opt/ros/humble/opt/rviz_ogre_vendor/lib:/opt/ros/humble/lib/x86_64-linux-gnu:/opt/ros/humble/lib /usr/bin/cmake --build /home/tharun/cognipilot/cranium/build/corti -- -j12 -l12
[1.664s] [ 25%] [32mBuilding C object CMakeFiles/bezier6.dir/src/casadi/bezier6.c.o[0m
[1.664s] [ 25%] [32mBuilding CXX object CMakeFiles/odom_to_tf.dir/src/odom_to_tf.cpp.o[0m
[1.664s] [ 37%] [32mBuilding CXX object CMakeFiles/tf_to_odom.dir/src/tf_to_odom.cpp.o[0m
[1.673s] [ 37%] Built target ament_cmake_python_copy_corti
[1.726s] [ 50%] [32m[1mLinking C static library libbezier6.a[0m
[1.788s] [ 50%] Built target bezier6
[1.810s] [ 62%] [32mBuilding CXX object CMakeFiles/rover_planner.dir/src/rover_planner.cpp.o[0m
[2.027s] running egg_info
[2.028s] creating corti.egg-info
[2.029s] writing corti.egg-info/PKG-INFO
[2.029s] writing dependency_links to corti.egg-info/dependency_links.txt
[2.029s] writing top-level names to corti.egg-info/top_level.txt
[2.030s] writing manifest file 'corti.egg-info/SOURCES.txt'
[2.033s] reading manifest file 'corti.egg-info/SOURCES.txt'
[2.034s] writing manifest file 'corti.egg-info/SOURCES.txt'
[2.085s] [ 62%] Built target ament_cmake_python_build_corti_egg
[7.228s] [ 75%] [32m[1mLinking CXX executable tf_to_odom[0m
[7.420s] [ 75%] Built target tf_to_odom
[8.927s] [ 87%] [32m[1mLinking CXX executable odom_to_tf[0m
[9.260s] [ 87%] Built target odom_to_tf
[10.587s] [100%] [32m[1mLinking CXX executable rover_planner[0m
[10.921s] [100%] Built target rover_planner
[10.931s] Invoked command in '/home/tharun/cognipilot/cranium/build/corti' returned '0': CMAKE_PREFIX_PATH=/home/tharun/cognipilot/cranium/install/synapse_msgs:/home/tharun/cognipilot/electrode/install/electrode:/home/tharun/cognipilot/cranium/install/synapse_ros:/home/tharun/cognipilot/cranium/install/synapse_gz:/home/tharun/cognipilot/cranium/install/synapse_tinyframe:/home/tharun/cognipilot/cranium/install/synapse_protobuf:/home/tharun/cognipilot/cranium/install/corti:/home/tharun/cognipilot/cranium/install/dream_world:/home/tharun/cognipilot/cranium/install/cerebri_bringup:/home/tharun/cognipilot/cranium/install/b3rb_simulator:/home/tharun/cognipilot/cranium/install/b3rb_desktop:/home/tharun/cognipilot/cranium/install/b3rb_rviz:/home/tharun/cognipilot/cranium/install/b3rb_nav2:/home/tharun/cognipilot/cranium/install/b3rb_gz_resource:/home/tharun/cognipilot/cranium/install/b3rb_gz_bringup:/home/tharun/cognipilot/cranium/install/b3rb_description:/opt/ros/humble LD_LIBRARY_PATH=/home/tharun/cognipilot/cranium/install/synapse_msgs/lib:/home/tharun/cognipilot/cranium/install/synapse_tinyframe/lib:/home/tharun/cognipilot/cranium/install/synapse_protobuf/lib:/opt/ros/humble/opt/rviz_ogre_vendor/lib:/opt/ros/humble/lib/x86_64-linux-gnu:/opt/ros/humble/lib /usr/bin/cmake --build /home/tharun/cognipilot/cranium/build/corti -- -j12 -l12
[10.932s] Invoking command in '/home/tharun/cognipilot/cranium/build/corti': CMAKE_PREFIX_PATH=/home/tharun/cognipilot/cranium/install/synapse_msgs:/home/tharun/cognipilot/electrode/install/electrode:/home/tharun/cognipilot/cranium/install/synapse_ros:/home/tharun/cognipilot/cranium/install/synapse_gz:/home/tharun/cognipilot/cranium/install/synapse_tinyframe:/home/tharun/cognipilot/cranium/install/synapse_protobuf:/home/tharun/cognipilot/cranium/install/corti:/home/tharun/cognipilot/cranium/install/dream_world:/home/tharun/cognipilot/cranium/install/cerebri_bringup:/home/tharun/cognipilot/cranium/install/b3rb_simulator:/home/tharun/cognipilot/cranium/install/b3rb_desktop:/home/tharun/cognipilot/cranium/install/b3rb_rviz:/home/tharun/cognipilot/cranium/install/b3rb_nav2:/home/tharun/cognipilot/cranium/install/b3rb_gz_resource:/home/tharun/cognipilot/cranium/install/b3rb_gz_bringup:/home/tharun/cognipilot/cranium/install/b3rb_description:/opt/ros/humble LD_LIBRARY_PATH=/home/tharun/cognipilot/cranium/install/synapse_msgs/lib:/home/tharun/cognipilot/cranium/install/synapse_tinyframe/lib:/home/tharun/cognipilot/cranium/install/synapse_protobuf/lib:/opt/ros/humble/opt/rviz_ogre_vendor/lib:/opt/ros/humble/lib/x86_64-linux-gnu:/opt/ros/humble/lib /usr/bin/cmake --install /home/tharun/cognipilot/cranium/build/corti
[10.939s] -- Install configuration: ""
[10.939s] -- Installing: /home/tharun/cognipilot/cranium/install/corti/share/corti/environment/pythonpath.sh
[10.939s] -- Installing: /home/tharun/cognipilot/cranium/install/corti/share/corti/environment/pythonpath.dsv
[10.939s] -- Installing: /home/tharun/cognipilot/cranium/install/corti/local/lib/python3.10/dist-packages/corti-0.0.0-py3.10.egg-info
[10.939s] -- Installing: /home/tharun/cognipilot/cranium/install/corti/local/lib/python3.10/dist-packages/corti-0.0.0-py3.10.egg-info/dependency_links.txt
[10.939s] -- Installing: /home/tharun/cognipilot/cranium/install/corti/local/lib/python3.10/dist-packages/corti-0.0.0-py3.10.egg-info/SOURCES.txt
[10.940s] -- Installing: /home/tharun/cognipilot/cranium/install/corti/local/lib/python3.10/dist-packages/corti-0.0.0-py3.10.egg-info/top_level.txt
[10.940s] -- Installing: /home/tharun/cognipilot/cranium/install/corti/local/lib/python3.10/dist-packages/corti-0.0.0-py3.10.egg-info/PKG-INFO
[10.940s] -- Installing: /home/tharun/cognipilot/cranium/install/corti/local/lib/python3.10/dist-packages/corti
[10.940s] -- Installing: /home/tharun/cognipilot/cranium/install/corti/local/lib/python3.10/dist-packages/corti/bezier_rover_planning.py
[10.940s] -- Installing: /home/tharun/cognipilot/cranium/install/corti/local/lib/python3.10/dist-packages/corti/TimeOptBez.py
[10.940s] -- Installing: /home/tharun/cognipilot/cranium/install/corti/local/lib/python3.10/dist-packages/corti/__init__.py
[10.940s] -- Installing: /home/tharun/cognipilot/cranium/install/corti/local/lib/python3.10/dist-packages/corti/rover_planning.py
[10.940s] -- Installing: /home/tharun/cognipilot/cranium/install/corti/local/lib/python3.10/dist-packages/corti/rover_control.py
[10.940s] -- Installing: /home/tharun/cognipilot/cranium/install/corti/local/lib/python3.10/dist-packages/corti/SE2Lie.py
[10.975s] Listing '/home/tharun/cognipilot/cranium/install/corti/local/lib/python3.10/dist-packages/corti'...
[10.975s] Compiling '/home/tharun/cognipilot/cranium/install/corti/local/lib/python3.10/dist-packages/corti/SE2Lie.py'...
[10.975s] Compiling '/home/tharun/cognipilot/cranium/install/corti/local/lib/python3.10/dist-packages/corti/TimeOptBez.py'...
[10.975s] Compiling '/home/tharun/cognipilot/cranium/install/corti/local/lib/python3.10/dist-packages/corti/__init__.py'...
[10.975s] Compiling '/home/tharun/cognipilot/cranium/install/corti/local/lib/python3.10/dist-packages/corti/bezier_rover_planning.py'...
[10.975s] Compiling '/home/tharun/cognipilot/cranium/install/corti/local/lib/python3.10/dist-packages/corti/rover_control.py'...
[10.976s] Compiling '/home/tharun/cognipilot/cranium/install/corti/local/lib/python3.10/dist-packages/corti/rover_planning.py'...
[10.979s] -- Installing: /home/tharun/cognipilot/cranium/install/corti/lib/corti/rover_planner
[10.981s] -- Set runtime path of "/home/tharun/cognipilot/cranium/install/corti/lib/corti/rover_planner" to ""
[10.981s] -- Installing: /home/tharun/cognipilot/cranium/install/corti/lib/corti/odom_to_tf
[10.983s] -- Set runtime path of "/home/tharun/cognipilot/cranium/install/corti/lib/corti/odom_to_tf" to ""
[10.983s] -- Installing: /home/tharun/cognipilot/cranium/install/corti/lib/corti/tf_to_odom
[10.983s] -- Set runtime path of "/home/tharun/cognipilot/cranium/install/corti/lib/corti/tf_to_odom" to ""
[10.984s] -- Installing: /home/tharun/cognipilot/cranium/install/corti/share/corti/launch
[10.984s] -- Installing: /home/tharun/cognipilot/cranium/install/corti/share/corti/launch/corti.launch.py
[10.984s] -- Installing: /home/tharun/cognipilot/cranium/install/corti/share/corti/launch/virtual_joy.launch.py
[10.984s] -- Installing: /home/tharun/cognipilot/cranium/install/corti/lib/corti/virtual_joy.py
[10.984s] -- Installing: /home/tharun/cognipilot/cranium/install/corti/lib/corti/rover_fixed_trajectory.py
[10.984s] -- Installing: /home/tharun/cognipilot/cranium/install/corti/share/ament_index/resource_index/package_run_dependencies/corti
[10.984s] -- Installing: /home/tharun/cognipilot/cranium/install/corti/share/ament_index/resource_index/parent_prefix_path/corti
[10.984s] -- Installing: /home/tharun/cognipilot/cranium/install/corti/share/corti/environment/ament_prefix_path.sh
[10.984s] -- Installing: /home/tharun/cognipilot/cranium/install/corti/share/corti/environment/ament_prefix_path.dsv
[10.986s] -- Installing: /home/tharun/cognipilot/cranium/install/corti/share/corti/environment/path.sh
[10.986s] -- Installing: /home/tharun/cognipilot/cranium/install/corti/share/corti/environment/path.dsv
[10.986s] -- Installing: /home/tharun/cognipilot/cranium/install/corti/share/corti/local_setup.bash
[10.987s] -- Installing: /home/tharun/cognipilot/cranium/install/corti/share/corti/local_setup.sh
[10.987s] -- Installing: /home/tharun/cognipilot/cranium/install/corti/share/corti/local_setup.zsh
[10.987s] -- Installing: /home/tharun/cognipilot/cranium/install/corti/share/corti/local_setup.dsv
[10.987s] -- Installing: /home/tharun/cognipilot/cranium/install/corti/share/corti/package.dsv
[10.987s] -- Installing: /home/tharun/cognipilot/cranium/install/corti/share/ament_index/resource_index/packages/corti
[10.987s] -- Installing: /home/tharun/cognipilot/cranium/install/corti/share/corti/cmake/cortiConfig.cmake
[10.987s] -- Installing: /home/tharun/cognipilot/cranium/install/corti/share/corti/cmake/cortiConfig-version.cmake
[10.987s] -- Installing: /home/tharun/cognipilot/cranium/install/corti/share/corti/package.xml
[10.989s] Invoked command in '/home/tharun/cognipilot/cranium/build/corti' returned '0': CMAKE_PREFIX_PATH=/home/tharun/cognipilot/cranium/install/synapse_msgs:/home/tharun/cognipilot/electrode/install/electrode:/home/tharun/cognipilot/cranium/install/synapse_ros:/home/tharun/cognipilot/cranium/install/synapse_gz:/home/tharun/cognipilot/cranium/install/synapse_tinyframe:/home/tharun/cognipilot/cranium/install/synapse_protobuf:/home/tharun/cognipilot/cranium/install/corti:/home/tharun/cognipilot/cranium/install/dream_world:/home/tharun/cognipilot/cranium/install/cerebri_bringup:/home/tharun/cognipilot/cranium/install/b3rb_simulator:/home/tharun/cognipilot/cranium/install/b3rb_desktop:/home/tharun/cognipilot/cranium/install/b3rb_rviz:/home/tharun/cognipilot/cranium/install/b3rb_nav2:/home/tharun/cognipilot/cranium/install/b3rb_gz_resource:/home/tharun/cognipilot/cranium/install/b3rb_gz_bringup:/home/tharun/cognipilot/cranium/install/b3rb_description:/opt/ros/humble LD_LIBRARY_PATH=/home/tharun/cognipilot/cranium/install/synapse_msgs/lib:/home/tharun/cognipilot/cranium/install/synapse_tinyframe/lib:/home/tharun/cognipilot/cranium/install/synapse_protobuf/lib:/opt/ros/humble/opt/rviz_ogre_vendor/lib:/opt/ros/humble/lib/x86_64-linux-gnu:/opt/ros/humble/lib /usr/bin/cmake --install /home/tharun/cognipilot/cranium/build/corti
