[0.031s] Invoking command in '/home/tharun/cognipilot/cranium/build/cerebri_bringup': CMAKE_PREFIX_PATH=${CMAKE_PREFIX_PATH}:/home/tharun/cognipilot/cranium/install/b3rb_ros_line_follower:/opt/ros/humble /usr/bin/cmake --build /home/tharun/cognipilot/cranium/build/cerebri_bringup -- -j12 -l12
[0.055s] -- Found ament_cmake: 1.3.14 (/opt/ros/humble/share/ament_cmake/cmake)
[0.224s] -- Found ament_lint_auto: 0.12.15 (/opt/ros/humble/share/ament_lint_auto/cmake)
[0.303s] -- Added test 'copyright' to check source files copyright and LICENSE
[0.305s] -- Added test 'flake8' to check Python code syntax and style conventions
[0.306s] -- Added test 'lint_cmake' to check CMake code style
[0.306s] -- Added test 'pep257' to check Python code against some of the docstring style conventions in PEP 257
[0.308s] -- Added test 'xmllint' to check XML markup files
[0.309s] -- Configuring done
[0.313s] -- Generating done
[0.316s] -- Build files have been written to: /home/tharun/cognipilot/cranium/build/cerebri_bringup
[0.342s] Invoked command in '/home/tharun/cognipilot/cranium/build/cerebri_bringup' returned '0': CMAKE_PREFIX_PATH=${CMAKE_PREFIX_PATH}:/home/tharun/cognipilot/cranium/install/b3rb_ros_line_follower:/opt/ros/humble /usr/bin/cmake --build /home/tharun/cognipilot/cranium/build/cerebri_bringup -- -j12 -l12
[0.344s] Invoking command in '/home/tharun/cognipilot/cranium/build/cerebri_bringup': CMAKE_PREFIX_PATH=${CMAKE_PREFIX_PATH}:/home/tharun/cognipilot/cranium/install/b3rb_ros_line_follower:/opt/ros/humble /usr/bin/cmake --install /home/tharun/cognipilot/cranium/build/cerebri_bringup
[0.349s] -- Install configuration: ""
[0.350s] -- Up-to-date: /home/tharun/cognipilot/cranium/install/cerebri_bringup/share/cerebri_bringup/launch
[0.350s] -- Installing: /home/tharun/cognipilot/cranium/install/cerebri_bringup/share/cerebri_bringup/launch/cerebri.launch.py
[0.350s] -- Installing: /home/tharun/cognipilot/cranium/install/cerebri_bringup/share/ament_index/resource_index/package_run_dependencies/cerebri_bringup
[0.350s] -- Installing: /home/tharun/cognipilot/cranium/install/cerebri_bringup/share/ament_index/resource_index/parent_prefix_path/cerebri_bringup
[0.350s] -- Installing: /home/tharun/cognipilot/cranium/install/cerebri_bringup/share/cerebri_bringup/environment/ament_prefix_path.sh
[0.350s] -- Installing: /home/tharun/cognipilot/cranium/install/cerebri_bringup/share/cerebri_bringup/environment/ament_prefix_path.dsv
[0.350s] -- Installing: /home/tharun/cognipilot/cranium/install/cerebri_bringup/share/cerebri_bringup/environment/path.sh
[0.350s] -- Installing: /home/tharun/cognipilot/cranium/install/cerebri_bringup/share/cerebri_bringup/environment/path.dsv
[0.350s] -- Up-to-date: /home/tharun/cognipilot/cranium/install/cerebri_bringup/share/cerebri_bringup/local_setup.bash
[0.351s] -- Up-to-date: /home/tharun/cognipilot/cranium/install/cerebri_bringup/share/cerebri_bringup/local_setup.sh
[0.351s] -- Up-to-date: /home/tharun/cognipilot/cranium/install/cerebri_bringup/share/cerebri_bringup/local_setup.zsh
[0.351s] -- Installing: /home/tharun/cognipilot/cranium/install/cerebri_bringup/share/cerebri_bringup/local_setup.dsv
[0.351s] -- Installing: /home/tharun/cognipilot/cranium/install/cerebri_bringup/share/cerebri_bringup/package.dsv
[0.351s] -- Installing: /home/tharun/cognipilot/cranium/install/cerebri_bringup/share/ament_index/resource_index/packages/cerebri_bringup
[0.351s] -- Up-to-date: /home/tharun/cognipilot/cranium/install/cerebri_bringup/share/cerebri_bringup/cmake/cerebri_bringupConfig.cmake
[0.351s] -- Up-to-date: /home/tharun/cognipilot/cranium/install/cerebri_bringup/share/cerebri_bringup/cmake/cerebri_bringupConfig-version.cmake
[0.351s] -- Installing: /home/tharun/cognipilot/cranium/install/cerebri_bringup/share/cerebri_bringup/package.xml
[0.355s] Invoked command in '/home/tharun/cognipilot/cranium/build/cerebri_bringup' returned '0': CMAKE_PREFIX_PATH=${CMAKE_PREFIX_PATH}:/home/tharun/cognipilot/cranium/install/b3rb_ros_line_follower:/opt/ros/humble /usr/bin/cmake --install /home/tharun/cognipilot/cranium/build/cerebri_bringup
