-- Found ament_cmake: 1.3.14 (/opt/ros/humble/share/ament_cmake/cmake)
-- Found ament_lint_auto: 0.12.15 (/opt/ros/humble/share/ament_lint_auto/cmake)
-- Added test 'copyright' to check source files copyright and LICENSE
-- Added test 'cppcheck' to perform static code analysis on C / C++ code
-- Configured cppcheck include dirs: $<BUILD_INTERFACE:/home/tharun/cognipilot/cranium/src/synapse_tinyframe/include>;$<BUILD_INTERFACE:/home/tharun/cognipilot/cranium/src/synapse_tinyframe/include/synapse_tinyframe>
-- Configured cppcheck exclude dirs and/or files: 
-- Added test 'cpplint' to check C / C++ code against the Google style
-- Configured cpplint exclude dirs and/or files: 
-- Added test 'flake8' to check Python code syntax and style conventions
-- Added test 'lint_cmake' to check CMake code style
-- Added test 'pep257' to check Python code against some of the docstring style conventions in PEP 257
-- Added test 'uncrustify' to check C / C++ code style
-- Configured uncrustify additional arguments: 
-- Added test 'xmllint' to check XML markup files
-- Configuring done
-- Generating done
-- Build files have been written to: /home/tharun/cognipilot/cranium/build/synapse_tinyframe
[35m[1mConsolidate compiler generated dependencies of target synapse_tinyframe[0m
[100%] Built target synapse_tinyframe
-- Install configuration: ""
-- Installing: /home/tharun/cognipilot/cranium/install/synapse_tinyframe/share/synapse_tinyframe/environment/library_path.sh
-- Installing: /home/tharun/cognipilot/cranium/install/synapse_tinyframe/share/synapse_tinyframe/environment/library_path.dsv
-- Up-to-date: /home/tharun/cognipilot/cranium/install/synapse_tinyframe/include
-- Up-to-date: /home/tharun/cognipilot/cranium/install/synapse_tinyframe/include/synapse_tinyframe
-- Installing: /home/tharun/cognipilot/cranium/install/synapse_tinyframe/include/synapse_tinyframe/TinyFrame.h
-- Installing: /home/tharun/cognipilot/cranium/install/synapse_tinyframe/include/synapse_tinyframe/utils.h
-- Installing: /home/tharun/cognipilot/cranium/install/synapse_tinyframe/include/synapse_tinyframe/SynapseTopics.h
-- Installing: /home/tharun/cognipilot/cranium/install/synapse_tinyframe/include/synapse_tinyframe/TF_Config.h
-- Installing: /home/tharun/cognipilot/cranium/install/synapse_tinyframe/lib/libsynapse_tinyframe.a
-- Installing: /home/tharun/cognipilot/cranium/install/synapse_tinyframe/share/ament_index/resource_index/package_run_dependencies/synapse_tinyframe
-- Installing: /home/tharun/cognipilot/cranium/install/synapse_tinyframe/share/ament_index/resource_index/parent_prefix_path/synapse_tinyframe
-- Installing: /home/tharun/cognipilot/cranium/install/synapse_tinyframe/share/synapse_tinyframe/environment/ament_prefix_path.sh
-- Installing: /home/tharun/cognipilot/cranium/install/synapse_tinyframe/share/synapse_tinyframe/environment/ament_prefix_path.dsv
-- Installing: /home/tharun/cognipilot/cranium/install/synapse_tinyframe/share/synapse_tinyframe/environment/path.sh
-- Installing: /home/tharun/cognipilot/cranium/install/synapse_tinyframe/share/synapse_tinyframe/environment/path.dsv
-- Up-to-date: /home/tharun/cognipilot/cranium/install/synapse_tinyframe/share/synapse_tinyframe/local_setup.bash
-- Up-to-date: /home/tharun/cognipilot/cranium/install/synapse_tinyframe/share/synapse_tinyframe/local_setup.sh
-- Up-to-date: /home/tharun/cognipilot/cranium/install/synapse_tinyframe/share/synapse_tinyframe/local_setup.zsh
-- Installing: /home/tharun/cognipilot/cranium/install/synapse_tinyframe/share/synapse_tinyframe/local_setup.dsv
-- Installing: /home/tharun/cognipilot/cranium/install/synapse_tinyframe/share/synapse_tinyframe/package.dsv
-- Installing: /home/tharun/cognipilot/cranium/install/synapse_tinyframe/share/ament_index/resource_index/packages/synapse_tinyframe
-- Installing: /home/tharun/cognipilot/cranium/install/synapse_tinyframe/share/synapse_tinyframe/cmake/synapse_tinyframeExport.cmake
-- Installing: /home/tharun/cognipilot/cranium/install/synapse_tinyframe/share/synapse_tinyframe/cmake/synapse_tinyframeExport-noconfig.cmake
-- Up-to-date: /home/tharun/cognipilot/cranium/install/synapse_tinyframe/share/synapse_tinyframe/cmake/ament_cmake_export_targets-extras.cmake
-- Up-to-date: /home/tharun/cognipilot/cranium/install/synapse_tinyframe/share/synapse_tinyframe/cmake/synapse_tinyframeConfig.cmake
-- Up-to-date: /home/tharun/cognipilot/cranium/install/synapse_tinyframe/share/synapse_tinyframe/cmake/synapse_tinyframeConfig-version.cmake
-- Installing: /home/tharun/cognipilot/cranium/install/synapse_tinyframe/share/synapse_tinyframe/package.xml
