[0.029s] Invoking command in '/home/tharun/cognipilot/cranium/build/b3rb_nav2': CMAKE_PREFIX_PATH=${CMAKE_PREFIX_PATH}:/opt/ros/humble /usr/bin/cmake /home/tharun/cognipilot/cranium/src/b3rb/b3rb_nav2 -DCMAKE_INSTALL_PREFIX=/home/tharun/cognipilot/cranium/install/b3rb_nav2
[0.102s] -- The C compiler identification is GNU 11.4.0
[0.179s] -- The CXX compiler identification is GNU 11.4.0
[0.187s] -- Detecting C compiler ABI info
[0.280s] -- Detecting C compiler ABI info - done
[0.286s] -- Check for working C compiler: /usr/bin/cc - skipped
[0.289s] -- Detecting C compile features
[0.289s] -- Detecting C compile features - done
[0.290s] -- Detecting CXX compiler ABI info
[0.387s] -- Detecting CXX compiler ABI info - done
[0.396s] -- Check for working CXX compiler: /usr/bin/c++ - skipped
[0.396s] -- Detecting CXX compile features
[0.396s] -- Detecting CXX compile features - done
[0.401s] -- Found ament_cmake: 1.3.14 (/opt/ros/humble/share/ament_cmake/cmake)
[0.574s] -- Found Python3: /usr/bin/python3 (found version "3.10.12") found components: Interpreter 
[0.691s] -- Found ament_lint_auto: 0.12.15 (/opt/ros/humble/share/ament_lint_auto/cmake)
[0.790s] -- Added test 'flake8' to check Python code syntax and style conventions
[0.790s] -- Added test 'lint_cmake' to check CMake code style
[0.790s] -- Added test 'pep257' to check Python code against some of the docstring style conventions in PEP 257
[0.790s] -- Added test 'xmllint' to check XML markup files
[0.790s] -- Configuring done
[0.794s] -- Generating done
[0.797s] -- Build files have been written to: /home/tharun/cognipilot/cranium/build/b3rb_nav2
[0.803s] Invoked command in '/home/tharun/cognipilot/cranium/build/b3rb_nav2' returned '0': CMAKE_PREFIX_PATH=${CMAKE_PREFIX_PATH}:/opt/ros/humble /usr/bin/cmake /home/tharun/cognipilot/cranium/src/b3rb/b3rb_nav2 -DCMAKE_INSTALL_PREFIX=/home/tharun/cognipilot/cranium/install/b3rb_nav2
[0.803s] Invoking command in '/home/tharun/cognipilot/cranium/build/b3rb_nav2': CMAKE_PREFIX_PATH=${CMAKE_PREFIX_PATH}:/opt/ros/humble /usr/bin/cmake --build /home/tharun/cognipilot/cranium/build/b3rb_nav2 -- -j12 -l12
[0.870s] Invoked command in '/home/tharun/cognipilot/cranium/build/b3rb_nav2' returned '0': CMAKE_PREFIX_PATH=${CMAKE_PREFIX_PATH}:/opt/ros/humble /usr/bin/cmake --build /home/tharun/cognipilot/cranium/build/b3rb_nav2 -- -j12 -l12
[0.871s] Invoking command in '/home/tharun/cognipilot/cranium/build/b3rb_nav2': CMAKE_PREFIX_PATH=${CMAKE_PREFIX_PATH}:/opt/ros/humble /usr/bin/cmake --install /home/tharun/cognipilot/cranium/build/b3rb_nav2
[0.877s] -- Install configuration: ""
[0.877s] -- Installing: /home/tharun/cognipilot/cranium/install/b3rb_nav2/share/b3rb_nav2/config
[0.877s] -- Installing: /home/tharun/cognipilot/cranium/install/b3rb_nav2/share/b3rb_nav2/config/nav_to_pose_bt.xml
[0.877s] -- Installing: /home/tharun/cognipilot/cranium/install/b3rb_nav2/share/b3rb_nav2/config/slam.yaml
[0.878s] -- Installing: /home/tharun/cognipilot/cranium/install/b3rb_nav2/share/b3rb_nav2/config/localization.yaml
[0.878s] -- Installing: /home/tharun/cognipilot/cranium/install/b3rb_nav2/share/b3rb_nav2/config/nav_through_poses_bt.xml
[0.878s] -- Installing: /home/tharun/cognipilot/cranium/install/b3rb_nav2/share/b3rb_nav2/config/nav2.yaml
[0.878s] -- Installing: /home/tharun/cognipilot/cranium/install/b3rb_nav2/share/b3rb_nav2/maps
[0.878s] -- Installing: /home/tharun/cognipilot/cranium/install/b3rb_nav2/share/b3rb_nav2/maps/depot.yaml
[0.878s] -- Installing: /home/tharun/cognipilot/cranium/install/b3rb_nav2/share/b3rb_nav2/maps/basic_map.pgm
[0.880s] -- Installing: /home/tharun/cognipilot/cranium/install/b3rb_nav2/share/b3rb_nav2/maps/depot.pgm
[0.881s] -- Installing: /home/tharun/cognipilot/cranium/install/b3rb_nav2/share/b3rb_nav2/maps/basic_map.yaml
[0.881s] -- Installing: /home/tharun/cognipilot/cranium/install/b3rb_nav2/share/b3rb_nav2/launch
[0.881s] -- Installing: /home/tharun/cognipilot/cranium/install/b3rb_nav2/share/b3rb_nav2/launch/localization.launch.py
[0.881s] -- Installing: /home/tharun/cognipilot/cranium/install/b3rb_nav2/share/b3rb_nav2/launch/nav2.launch.py
[0.881s] -- Installing: /home/tharun/cognipilot/cranium/install/b3rb_nav2/share/b3rb_nav2/launch/slam.launch.py
[0.881s] -- Installing: /home/tharun/cognipilot/cranium/install/b3rb_nav2/share/ament_index/resource_index/package_run_dependencies/b3rb_nav2
[0.881s] -- Installing: /home/tharun/cognipilot/cranium/install/b3rb_nav2/share/ament_index/resource_index/parent_prefix_path/b3rb_nav2
[0.881s] -- Installing: /home/tharun/cognipilot/cranium/install/b3rb_nav2/share/b3rb_nav2/environment/ament_prefix_path.sh
[0.881s] -- Installing: /home/tharun/cognipilot/cranium/install/b3rb_nav2/share/b3rb_nav2/environment/ament_prefix_path.dsv
[0.881s] -- Installing: /home/tharun/cognipilot/cranium/install/b3rb_nav2/share/b3rb_nav2/environment/path.sh
[0.881s] -- Installing: /home/tharun/cognipilot/cranium/install/b3rb_nav2/share/b3rb_nav2/environment/path.dsv
[0.881s] -- Installing: /home/tharun/cognipilot/cranium/install/b3rb_nav2/share/b3rb_nav2/local_setup.bash
[0.882s] -- Installing: /home/tharun/cognipilot/cranium/install/b3rb_nav2/share/b3rb_nav2/local_setup.sh
[0.882s] -- Installing: /home/tharun/cognipilot/cranium/install/b3rb_nav2/share/b3rb_nav2/local_setup.zsh
[0.882s] -- Installing: /home/tharun/cognipilot/cranium/install/b3rb_nav2/share/b3rb_nav2/local_setup.dsv
[0.882s] -- Installing: /home/tharun/cognipilot/cranium/install/b3rb_nav2/share/b3rb_nav2/package.dsv
[0.882s] -- Installing: /home/tharun/cognipilot/cranium/install/b3rb_nav2/share/ament_index/resource_index/packages/b3rb_nav2
[0.882s] -- Installing: /home/tharun/cognipilot/cranium/install/b3rb_nav2/share/b3rb_nav2/cmake/b3rb_nav2Config.cmake
[0.882s] -- Installing: /home/tharun/cognipilot/cranium/install/b3rb_nav2/share/b3rb_nav2/cmake/b3rb_nav2Config-version.cmake
[0.883s] -- Installing: /home/tharun/cognipilot/cranium/install/b3rb_nav2/share/b3rb_nav2/package.xml
[0.933s] Invoked command in '/home/tharun/cognipilot/cranium/build/b3rb_nav2' returned '0': CMAKE_PREFIX_PATH=${CMAKE_PREFIX_PATH}:/opt/ros/humble /usr/bin/cmake --install /home/tharun/cognipilot/cranium/build/b3rb_nav2
