-- Install configuration: ""
-- Up-to-date: /home/tharun/cognipilot/cranium/install/b3rb_nav2/share/b3rb_nav2/config
-- Installing: /home/tharun/cognipilot/cranium/install/b3rb_nav2/share/b3rb_nav2/config/nav_to_pose_bt.xml
-- Installing: /home/tharun/cognipilot/cranium/install/b3rb_nav2/share/b3rb_nav2/config/slam.yaml
-- Installing: /home/tharun/cognipilot/cranium/install/b3rb_nav2/share/b3rb_nav2/config/localization.yaml
-- Installing: /home/tharun/cognipilot/cranium/install/b3rb_nav2/share/b3rb_nav2/config/nav_through_poses_bt.xml
-- Installing: /home/tharun/cognipilot/cranium/install/b3rb_nav2/share/b3rb_nav2/config/nav2.yaml
-- Up-to-date: /home/tharun/cognipilot/cranium/install/b3rb_nav2/share/b3rb_nav2/maps
-- Installing: /home/tharun/cognipilot/cranium/install/b3rb_nav2/share/b3rb_nav2/maps/depot.yaml
-- Installing: /home/tharun/cognipilot/cranium/install/b3rb_nav2/share/b3rb_nav2/maps/basic_map.pgm
-- Installing: /home/tharun/cognipilot/cranium/install/b3rb_nav2/share/b3rb_nav2/maps/depot.pgm
-- Installing: /home/tharun/cognipilot/cranium/install/b3rb_nav2/share/b3rb_nav2/maps/basic_map.yaml
-- Up-to-date: /home/tharun/cognipilot/cranium/install/b3rb_nav2/share/b3rb_nav2/launch
-- Installing: /home/tharun/cognipilot/cranium/install/b3rb_nav2/share/b3rb_nav2/launch/localization.launch.py
-- Installing: /home/tharun/cognipilot/cranium/install/b3rb_nav2/share/b3rb_nav2/launch/nav2.launch.py
-- Installing: /home/tharun/cognipilot/cranium/install/b3rb_nav2/share/b3rb_nav2/launch/slam.launch.py
-- Installing: /home/tharun/cognipilot/cranium/install/b3rb_nav2/share/ament_index/resource_index/package_run_dependencies/b3rb_nav2
-- Installing: /home/tharun/cognipilot/cranium/install/b3rb_nav2/share/ament_index/resource_index/parent_prefix_path/b3rb_nav2
-- Installing: /home/tharun/cognipilot/cranium/install/b3rb_nav2/share/b3rb_nav2/environment/ament_prefix_path.sh
-- Installing: /home/tharun/cognipilot/cranium/install/b3rb_nav2/share/b3rb_nav2/environment/ament_prefix_path.dsv
-- Installing: /home/tharun/cognipilot/cranium/install/b3rb_nav2/share/b3rb_nav2/environment/path.sh
-- Installing: /home/tharun/cognipilot/cranium/install/b3rb_nav2/share/b3rb_nav2/environment/path.dsv
-- Installing: /home/tharun/cognipilot/cranium/install/b3rb_nav2/share/b3rb_nav2/local_setup.bash
-- Installing: /home/tharun/cognipilot/cranium/install/b3rb_nav2/share/b3rb_nav2/local_setup.sh
-- Installing: /home/tharun/cognipilot/cranium/install/b3rb_nav2/share/b3rb_nav2/local_setup.zsh
-- Installing: /home/tharun/cognipilot/cranium/install/b3rb_nav2/share/b3rb_nav2/local_setup.dsv
-- Installing: /home/tharun/cognipilot/cranium/install/b3rb_nav2/share/b3rb_nav2/package.dsv
-- Installing: /home/tharun/cognipilot/cranium/install/b3rb_nav2/share/ament_index/resource_index/packages/b3rb_nav2
-- Installing: /home/tharun/cognipilot/cranium/install/b3rb_nav2/share/b3rb_nav2/cmake/b3rb_nav2Config.cmake
-- Installing: /home/tharun/cognipilot/cranium/install/b3rb_nav2/share/b3rb_nav2/cmake/b3rb_nav2Config-version.cmake
-- Installing: /home/tharun/cognipilot/cranium/install/b3rb_nav2/share/b3rb_nav2/package.xml
