[35m[1mConsolidate compiler generated dependencies of target synapse_protobuf[0m
[100%] Built target synapse_protobuf
-- Install configuration: ""
-- Installing: /home/tharun/cognipilot/cranium/install/synapse_protobuf/share/synapse_protobuf/environment/library_path.sh
-- Up-to-date: /home/tharun/cognipilot/cranium/install/synapse_protobuf/share/synapse_protobuf/environment/library_path.dsv
-- Installing: /home/tharun/cognipilot/cranium/install/synapse_protobuf/share/ament_index/resource_index/package_run_dependencies/synapse_protobuf
-- Installing: /home/tharun/cognipilot/cranium/install/synapse_protobuf/share/ament_index/resource_index/parent_prefix_path/synapse_protobuf
-- Installing: /home/tharun/cognipilot/cranium/install/synapse_protobuf/share/synapse_protobuf/environment/ament_prefix_path.sh
-- Up-to-date: /home/tharun/cognipilot/cranium/install/synapse_protobuf/share/synapse_protobuf/environment/ament_prefix_path.dsv
-- Installing: /home/tharun/cognipilot/cranium/install/synapse_protobuf/share/synapse_protobuf/environment/path.sh
-- Up-to-date: /home/tharun/cognipilot/cranium/install/synapse_protobuf/share/synapse_protobuf/environment/path.dsv
-- Up-to-date: /home/tharun/cognipilot/cranium/install/synapse_protobuf/share/synapse_protobuf/local_setup.bash
-- Up-to-date: /home/tharun/cognipilot/cranium/install/synapse_protobuf/share/synapse_protobuf/local_setup.sh
-- Up-to-date: /home/tharun/cognipilot/cranium/install/synapse_protobuf/share/synapse_protobuf/local_setup.zsh
-- Up-to-date: /home/tharun/cognipilot/cranium/install/synapse_protobuf/share/synapse_protobuf/local_setup.dsv
-- Up-to-date: /home/tharun/cognipilot/cranium/install/synapse_protobuf/share/synapse_protobuf/package.dsv
-- Installing: /home/tharun/cognipilot/cranium/install/synapse_protobuf/share/ament_index/resource_index/packages/synapse_protobuf
-- Installing: /home/tharun/cognipilot/cranium/install/synapse_protobuf/share/synapse_protobuf/cmake/synapse_protobufExport.cmake
-- Installing: /home/tharun/cognipilot/cranium/install/synapse_protobuf/share/synapse_protobuf/cmake/synapse_protobufExport-noconfig.cmake
-- Up-to-date: /home/tharun/cognipilot/cranium/install/synapse_protobuf/share/synapse_protobuf/cmake/ament_cmake_export_targets-extras.cmake
-- Up-to-date: /home/tharun/cognipilot/cranium/install/synapse_protobuf/share/synapse_protobuf/cmake/ament_cmake_export_dependencies-extras.cmake
-- Up-to-date: /home/tharun/cognipilot/cranium/install/synapse_protobuf/share/synapse_protobuf/cmake/synapse_protobufConfig.cmake
-- Up-to-date: /home/tharun/cognipilot/cranium/install/synapse_protobuf/share/synapse_protobuf/cmake/synapse_protobufConfig-version.cmake
-- Installing: /home/tharun/cognipilot/cranium/install/synapse_protobuf/share/synapse_protobuf/package.xml
-- Up-to-date: /home/tharun/cognipilot/cranium/install/synapse_protobuf/lib/libsynapse_protobuf.a
-- Installing: /home/tharun/cognipilot/cranium/install/synapse_protobuf/include/synapse_protobuf/actuators.pb.h
-- Installing: /home/tharun/cognipilot/cranium/install/synapse_protobuf/include/synapse_protobuf/altimeter.pb.h
-- Installing: /home/tharun/cognipilot/cranium/install/synapse_protobuf/include/synapse_protobuf/battery_state.pb.h
-- Installing: /home/tharun/cognipilot/cranium/install/synapse_protobuf/include/synapse_protobuf/bezier_curve.pb.h
-- Installing: /home/tharun/cognipilot/cranium/install/synapse_protobuf/include/synapse_protobuf/bezier_trajectory.pb.h
-- Installing: /home/tharun/cognipilot/cranium/install/synapse_protobuf/include/synapse_protobuf/can.pb.h
-- Installing: /home/tharun/cognipilot/cranium/install/synapse_protobuf/include/synapse_protobuf/header.pb.h
-- Installing: /home/tharun/cognipilot/cranium/install/synapse_protobuf/include/synapse_protobuf/imu.pb.h
-- Installing: /home/tharun/cognipilot/cranium/install/synapse_protobuf/include/synapse_protobuf/joy.pb.h
-- Installing: /home/tharun/cognipilot/cranium/install/synapse_protobuf/include/synapse_protobuf/led.pb.h
-- Installing: /home/tharun/cognipilot/cranium/install/synapse_protobuf/include/synapse_protobuf/led_array.pb.h
-- Installing: /home/tharun/cognipilot/cranium/install/synapse_protobuf/include/synapse_protobuf/magnetic_field.pb.h
-- Installing: /home/tharun/cognipilot/cranium/install/synapse_protobuf/include/synapse_protobuf/nav_sat_fix.pb.h
-- Installing: /home/tharun/cognipilot/cranium/install/synapse_protobuf/include/synapse_protobuf/nav_sat_status.pb.h
-- Installing: /home/tharun/cognipilot/cranium/install/synapse_protobuf/include/synapse_protobuf/odometry.pb.h
-- Installing: /home/tharun/cognipilot/cranium/install/synapse_protobuf/include/synapse_protobuf/pixy_vector.pb.h
-- Installing: /home/tharun/cognipilot/cranium/install/synapse_protobuf/include/synapse_protobuf/point.pb.h
-- Installing: /home/tharun/cognipilot/cranium/install/synapse_protobuf/include/synapse_protobuf/pose.pb.h
-- Installing: /home/tharun/cognipilot/cranium/install/synapse_protobuf/include/synapse_protobuf/pose_with_covariance.pb.h
-- Installing: /home/tharun/cognipilot/cranium/install/synapse_protobuf/include/synapse_protobuf/quaternion.pb.h
-- Installing: /home/tharun/cognipilot/cranium/install/synapse_protobuf/include/synapse_protobuf/safety.pb.h
-- Installing: /home/tharun/cognipilot/cranium/install/synapse_protobuf/include/synapse_protobuf/sim_clock.pb.h
-- Installing: /home/tharun/cognipilot/cranium/install/synapse_protobuf/include/synapse_protobuf/status.pb.h
-- Installing: /home/tharun/cognipilot/cranium/install/synapse_protobuf/include/synapse_protobuf/time.pb.h
-- Installing: /home/tharun/cognipilot/cranium/install/synapse_protobuf/include/synapse_protobuf/twist.pb.h
-- Installing: /home/tharun/cognipilot/cranium/install/synapse_protobuf/include/synapse_protobuf/twist_with_covariance.pb.h
-- Installing: /home/tharun/cognipilot/cranium/install/synapse_protobuf/include/synapse_protobuf/vector3.pb.h
-- Installing: /home/tharun/cognipilot/cranium/install/synapse_protobuf/include/synapse_protobuf/wheel_odometry.pb.h
