[0.020s] Invoking command in '/home/tharun/cognipilot/cranium/build/synapse_gz': CMAKE_PREFIX_PATH=/home/tharun/cognipilot/cranium/install/synapse_tinyframe:/home/tharun/cognipilot/cranium/install/synapse_protobuf:/home/tharun/cognipilot/cranium/install/synapse_ros:/home/tharun/cognipilot/cranium/install/synapse_gz:/home/tharun/cognipilot/cranium/install/corti:/home/tharun/cognipilot/cranium/install/synapse_msgs:/home/tharun/cognipilot/cranium/install/dream_world:/home/tharun/cognipilot/cranium/install/cerebri_bringup:/home/tharun/cognipilot/cranium/install/b3rb_simulator:/home/tharun/cognipilot/cranium/install/b3rb_desktop:/home/tharun/cognipilot/cranium/install/b3rb_rviz:/home/tharun/cognipilot/cranium/install/b3rb_nav2:/home/tharun/cognipilot/cranium/install/b3rb_gz_resource:/home/tharun/cognipilot/cranium/install/b3rb_gz_bringup:/home/tharun/cognipilot/cranium/install/b3rb_description:/home/tharun/cognipilot/electrode/install/electrode:/home/tharun/cognipilot/cranium/install/b3rb_ros_line_follower:/opt/ros/humble /usr/bin/cmake --build /home/tharun/cognipilot/cranium/build/synapse_gz -- -j12 -l12
[0.038s] -- Found rclcpp: 16.0.19 (/opt/ros/humble/share/rclcpp/cmake)
[0.160s] -- Found rosidl_generator_c: 3.1.9 (/opt/ros/humble/share/rosidl_generator_c/cmake)
[0.161s] -- Found rosidl_adapter: 3.1.9 (/opt/ros/humble/share/rosidl_adapter/cmake)
[0.165s] -- Found rosidl_generator_cpp: 3.1.9 (/opt/ros/humble/share/rosidl_generator_cpp/cmake)
[0.172s] -- Using all available rosidl_typesupport_c: rosidl_typesupport_fastrtps_c;rosidl_typesupport_introspection_c
[0.180s] -- Using all available rosidl_typesupport_cpp: rosidl_typesupport_fastrtps_cpp;rosidl_typesupport_introspection_cpp
[0.202s] -- Found rmw_implementation_cmake: 6.1.3 (/opt/ros/humble/share/rmw_implementation_cmake/cmake)
[0.203s] -- Found rmw_cyclonedds_cpp: 1.3.4 (/opt/ros/humble/share/rmw_cyclonedds_cpp/cmake)
[0.215s] -- Using RMW implementation 'rmw_cyclonedds_cpp' as default
[0.249s] -- Found synapse_protobuf: 0.0.0 (/home/tharun/cognipilot/cranium/install/synapse_protobuf/share/synapse_protobuf/cmake)
[0.257s] -- Found synapse_tinyframe: 0.0.0 (/home/tharun/cognipilot/cranium/install/synapse_tinyframe/share/synapse_tinyframe/cmake)
[0.258s] -- Looking for gz-transport13 -- found version 13.5.0
[0.262s] -- Searching for dependencies of gz-transport13
[0.283s] -- Config-file not installed for ZeroMQ -- checking for pkg-config
[0.287s] -- Checking for module 'libzmq >= 4'
[0.299s] --   Found libzmq , version 4.3.4
[0.336s] -- Checking for module 'uuid'
[0.349s] --   Found uuid, version 2.37.2
[0.382s] -- Looking for gz-utils2 -- found version 2.2.1
[0.382s] -- Searching for dependencies of gz-utils2
[0.382s] -- Searching for <gz-utils2> component [cli]
[0.382s] -- Looking for gz-utils2-cli -- found version 2.2.1
[0.382s] -- Searching for dependencies of gz-utils2-cli
[0.382s] -- Looking for gz-msgs10 -- found version 10.4.0
[0.382s] -- Searching for dependencies of gz-msgs10
[0.396s] -- Looking for gz-utils2 -- found version 2.2.1
[0.396s] -- Looking for gz-math7 -- found version 7.6.0
[0.396s] -- Searching for dependencies of gz-math7
[0.397s] -- Looking for gz-utils2 -- found version 2.2.1
[0.403s] -- Checking for module 'tinyxml2'
[0.417s] --   Found tinyxml2, version 9.0.0
[0.456s] -- Found ament_lint_auto: 0.12.15 (/opt/ros/humble/share/ament_lint_auto/cmake)
[0.502s] -- Added test 'copyright' to check source files copyright and LICENSE
[0.503s] -- Added test 'cppcheck' to perform static code analysis on C / C++ code
[0.503s] -- Configured cppcheck include dirs: /home/tharun/cognipilot/cranium/src/synapse_gz/src/clients
[0.503s] -- Configured cppcheck exclude dirs and/or files: 
[0.503s] -- Added test 'cpplint' to check C / C++ code against the Google style
[0.503s] -- Configured cpplint exclude dirs and/or files: 
[0.504s] -- Added test 'flake8' to check Python code syntax and style conventions
[0.504s] -- Added test 'lint_cmake' to check CMake code style
[0.504s] -- Added test 'pep257' to check Python code against some of the docstring style conventions in PEP 257
[0.504s] -- Added test 'uncrustify' to check C / C++ code style
[0.505s] -- Configured uncrustify additional arguments: 
[0.505s] -- Added test 'xmllint' to check XML markup files
[0.505s] -- Configuring done
[0.511s] -- Generating done
[0.513s] -- Build files have been written to: /home/tharun/cognipilot/cranium/build/synapse_gz
[0.540s] [35m[1mConsolidate compiler generated dependencies of target synapse_gz[0m
[0.566s] [ 25%] [32m[1mLinking CXX executable synapse_gz[0m
[0.859s] [100%] Built target synapse_gz
[0.867s] Invoked command in '/home/tharun/cognipilot/cranium/build/synapse_gz' returned '0': CMAKE_PREFIX_PATH=/home/tharun/cognipilot/cranium/install/synapse_tinyframe:/home/tharun/cognipilot/cranium/install/synapse_protobuf:/home/tharun/cognipilot/cranium/install/synapse_ros:/home/tharun/cognipilot/cranium/install/synapse_gz:/home/tharun/cognipilot/cranium/install/corti:/home/tharun/cognipilot/cranium/install/synapse_msgs:/home/tharun/cognipilot/cranium/install/dream_world:/home/tharun/cognipilot/cranium/install/cerebri_bringup:/home/tharun/cognipilot/cranium/install/b3rb_simulator:/home/tharun/cognipilot/cranium/install/b3rb_desktop:/home/tharun/cognipilot/cranium/install/b3rb_rviz:/home/tharun/cognipilot/cranium/install/b3rb_nav2:/home/tharun/cognipilot/cranium/install/b3rb_gz_resource:/home/tharun/cognipilot/cranium/install/b3rb_gz_bringup:/home/tharun/cognipilot/cranium/install/b3rb_description:/home/tharun/cognipilot/electrode/install/electrode:/home/tharun/cognipilot/cranium/install/b3rb_ros_line_follower:/opt/ros/humble /usr/bin/cmake --build /home/tharun/cognipilot/cranium/build/synapse_gz -- -j12 -l12
[0.869s] Invoking command in '/home/tharun/cognipilot/cranium/build/synapse_gz': CMAKE_PREFIX_PATH=/home/tharun/cognipilot/cranium/install/synapse_tinyframe:/home/tharun/cognipilot/cranium/install/synapse_protobuf:/home/tharun/cognipilot/cranium/install/synapse_ros:/home/tharun/cognipilot/cranium/install/synapse_gz:/home/tharun/cognipilot/cranium/install/corti:/home/tharun/cognipilot/cranium/install/synapse_msgs:/home/tharun/cognipilot/cranium/install/dream_world:/home/tharun/cognipilot/cranium/install/cerebri_bringup:/home/tharun/cognipilot/cranium/install/b3rb_simulator:/home/tharun/cognipilot/cranium/install/b3rb_desktop:/home/tharun/cognipilot/cranium/install/b3rb_rviz:/home/tharun/cognipilot/cranium/install/b3rb_nav2:/home/tharun/cognipilot/cranium/install/b3rb_gz_resource:/home/tharun/cognipilot/cranium/install/b3rb_gz_bringup:/home/tharun/cognipilot/cranium/install/b3rb_description:/home/tharun/cognipilot/electrode/install/electrode:/home/tharun/cognipilot/cranium/install/b3rb_ros_line_follower:/opt/ros/humble /usr/bin/cmake --install /home/tharun/cognipilot/cranium/build/synapse_gz
[0.875s] -- Install configuration: ""
[0.875s] -- Installing: /home/tharun/cognipilot/cranium/install/synapse_gz/lib/synapse_gz/synapse_gz
[0.877s] -- Set runtime path of "/home/tharun/cognipilot/cranium/install/synapse_gz/lib/synapse_gz/synapse_gz" to ""
[0.877s] -- Up-to-date: /home/tharun/cognipilot/cranium/install/synapse_gz/share/synapse_gz/launch
[0.877s] -- Installing: /home/tharun/cognipilot/cranium/install/synapse_gz/share/synapse_gz/launch/synapse_gz.launch.py
[0.877s] -- Installing: /home/tharun/cognipilot/cranium/install/synapse_gz/share/ament_index/resource_index/package_run_dependencies/synapse_gz
[0.877s] -- Installing: /home/tharun/cognipilot/cranium/install/synapse_gz/share/ament_index/resource_index/parent_prefix_path/synapse_gz
[0.877s] -- Installing: /home/tharun/cognipilot/cranium/install/synapse_gz/share/synapse_gz/environment/ament_prefix_path.sh
[0.877s] -- Installing: /home/tharun/cognipilot/cranium/install/synapse_gz/share/synapse_gz/environment/ament_prefix_path.dsv
[0.877s] -- Installing: /home/tharun/cognipilot/cranium/install/synapse_gz/share/synapse_gz/environment/path.sh
[0.877s] -- Installing: /home/tharun/cognipilot/cranium/install/synapse_gz/share/synapse_gz/environment/path.dsv
[0.877s] -- Up-to-date: /home/tharun/cognipilot/cranium/install/synapse_gz/share/synapse_gz/local_setup.bash
[0.878s] -- Up-to-date: /home/tharun/cognipilot/cranium/install/synapse_gz/share/synapse_gz/local_setup.sh
[0.878s] -- Up-to-date: /home/tharun/cognipilot/cranium/install/synapse_gz/share/synapse_gz/local_setup.zsh
[0.878s] -- Installing: /home/tharun/cognipilot/cranium/install/synapse_gz/share/synapse_gz/local_setup.dsv
[0.878s] -- Installing: /home/tharun/cognipilot/cranium/install/synapse_gz/share/synapse_gz/package.dsv
[0.878s] -- Installing: /home/tharun/cognipilot/cranium/install/synapse_gz/share/ament_index/resource_index/packages/synapse_gz
[0.878s] -- Up-to-date: /home/tharun/cognipilot/cranium/install/synapse_gz/share/synapse_gz/cmake/synapse_gzConfig.cmake
[0.878s] -- Up-to-date: /home/tharun/cognipilot/cranium/install/synapse_gz/share/synapse_gz/cmake/synapse_gzConfig-version.cmake
[0.878s] -- Installing: /home/tharun/cognipilot/cranium/install/synapse_gz/share/synapse_gz/package.xml
[0.880s] Invoked command in '/home/tharun/cognipilot/cranium/build/synapse_gz' returned '0': CMAKE_PREFIX_PATH=/home/tharun/cognipilot/cranium/install/synapse_tinyframe:/home/tharun/cognipilot/cranium/install/synapse_protobuf:/home/tharun/cognipilot/cranium/install/synapse_ros:/home/tharun/cognipilot/cranium/install/synapse_gz:/home/tharun/cognipilot/cranium/install/corti:/home/tharun/cognipilot/cranium/install/synapse_msgs:/home/tharun/cognipilot/cranium/install/dream_world:/home/tharun/cognipilot/cranium/install/cerebri_bringup:/home/tharun/cognipilot/cranium/install/b3rb_simulator:/home/tharun/cognipilot/cranium/install/b3rb_desktop:/home/tharun/cognipilot/cranium/install/b3rb_rviz:/home/tharun/cognipilot/cranium/install/b3rb_nav2:/home/tharun/cognipilot/cranium/install/b3rb_gz_resource:/home/tharun/cognipilot/cranium/install/b3rb_gz_bringup:/home/tharun/cognipilot/cranium/install/b3rb_description:/home/tharun/cognipilot/electrode/install/electrode:/home/tharun/cognipilot/cranium/install/b3rb_ros_line_follower:/opt/ros/humble /usr/bin/cmake --install /home/tharun/cognipilot/cranium/build/synapse_gz
