-- Install configuration: ""
-- Up-to-date: /home/tharun/cognipilot/cranium/install/b3rb_rviz/share/b3rb_rviz/rviz
-- Up-to-date: /home/tharun/cognipilot/cranium/install/b3rb_rviz/share/b3rb_rviz/rviz/nav2
-- Installing: /home/tharun/cognipilot/cranium/install/b3rb_rviz/share/b3rb_rviz/rviz/nav2/robot.rviz
-- Up-to-date: /home/tharun/cognipilot/cranium/install/b3rb_rviz/share/b3rb_rviz/launch
-- Installing: /home/tharun/cognipilot/cranium/install/b3rb_rviz/share/b3rb_rviz/launch/view_robot.launch.py
-- Installing: /home/tharun/cognipilot/cranium/install/b3rb_rviz/share/ament_index/resource_index/package_run_dependencies/b3rb_rviz
-- Installing: /home/tharun/cognipilot/cranium/install/b3rb_rviz/share/ament_index/resource_index/parent_prefix_path/b3rb_rviz
-- Installing: /home/tharun/cognipilot/cranium/install/b3rb_rviz/share/b3rb_rviz/environment/ament_prefix_path.sh
-- Installing: /home/tharun/cognipilot/cranium/install/b3rb_rviz/share/b3rb_rviz/environment/ament_prefix_path.dsv
-- Installing: /home/tharun/cognipilot/cranium/install/b3rb_rviz/share/b3rb_rviz/environment/path.sh
-- Installing: /home/tharun/cognipilot/cranium/install/b3rb_rviz/share/b3rb_rviz/environment/path.dsv
-- Installing: /home/tharun/cognipilot/cranium/install/b3rb_rviz/share/b3rb_rviz/local_setup.bash
-- Installing: /home/tharun/cognipilot/cranium/install/b3rb_rviz/share/b3rb_rviz/local_setup.sh
-- Installing: /home/tharun/cognipilot/cranium/install/b3rb_rviz/share/b3rb_rviz/local_setup.zsh
-- Installing: /home/tharun/cognipilot/cranium/install/b3rb_rviz/share/b3rb_rviz/local_setup.dsv
-- Installing: /home/tharun/cognipilot/cranium/install/b3rb_rviz/share/b3rb_rviz/package.dsv
-- Installing: /home/tharun/cognipilot/cranium/install/b3rb_rviz/share/ament_index/resource_index/packages/b3rb_rviz
-- Installing: /home/tharun/cognipilot/cranium/install/b3rb_rviz/share/b3rb_rviz/cmake/b3rb_rvizConfig.cmake
-- Installing: /home/tharun/cognipilot/cranium/install/b3rb_rviz/share/b3rb_rviz/cmake/b3rb_rvizConfig-version.cmake
-- Installing: /home/tharun/cognipilot/cranium/install/b3rb_rviz/share/b3rb_rviz/package.xml
