[0.161s] Invoking command in '/home/tharun/cognipilot/cranium/build/b3rb_gz_bringup': CMAKE_PREFIX_PATH=${CMAKE_PREFIX_PATH}:/home/tharun/cognipilot/cranium/install/b3rb_ros_line_follower:/opt/ros/humble /usr/bin/cmake --build /home/tharun/cognipilot/cranium/build/b3rb_gz_bringup -- -j12 -l12
[0.284s] Invoked command in '/home/tharun/cognipilot/cranium/build/b3rb_gz_bringup' returned '0': CMAKE_PREFIX_PATH=${CMAKE_PREFIX_PATH}:/home/tharun/cognipilot/cranium/install/b3rb_ros_line_follower:/opt/ros/humble /usr/bin/cmake --build /home/tharun/cognipilot/cranium/build/b3rb_gz_bringup -- -j12 -l12
[0.297s] Invoking command in '/home/tharun/cognipilot/cranium/build/b3rb_gz_bringup': CMAKE_PREFIX_PATH=${CMAKE_PREFIX_PATH}:/home/tharun/cognipilot/cranium/install/b3rb_ros_line_follower:/opt/ros/humble /usr/bin/cmake --install /home/tharun/cognipilot/cranium/build/b3rb_gz_bringup
[0.307s] -- Install configuration: ""
[0.310s] -- Execute custom install script
[0.313s] -- Up-to-date symlink: /home/tharun/cognipilot/cranium/install/b3rb_gz_bringup/share/b3rb_gz_bringup/launch/hil.launch.py
[0.313s] -- Up-to-date symlink: /home/tharun/cognipilot/cranium/install/b3rb_gz_bringup/share/b3rb_gz_bringup/launch/sil.launch.py
[0.313s] -- Up-to-date symlink: /home/tharun/cognipilot/cranium/install/b3rb_gz_bringup/share/ament_index/resource_index/package_run_dependencies/b3rb_gz_bringup
[0.314s] -- Up-to-date symlink: /home/tharun/cognipilot/cranium/install/b3rb_gz_bringup/share/ament_index/resource_index/parent_prefix_path/b3rb_gz_bringup
[0.314s] -- Up-to-date symlink: /home/tharun/cognipilot/cranium/install/b3rb_gz_bringup/share/b3rb_gz_bringup/environment/ament_prefix_path.sh
[0.315s] -- Up-to-date symlink: /home/tharun/cognipilot/cranium/install/b3rb_gz_bringup/share/b3rb_gz_bringup/environment/ament_prefix_path.dsv
[0.315s] -- Up-to-date symlink: /home/tharun/cognipilot/cranium/install/b3rb_gz_bringup/share/b3rb_gz_bringup/environment/path.sh
[0.315s] -- Up-to-date symlink: /home/tharun/cognipilot/cranium/install/b3rb_gz_bringup/share/b3rb_gz_bringup/environment/path.dsv
[0.316s] -- Up-to-date symlink: /home/tharun/cognipilot/cranium/install/b3rb_gz_bringup/share/b3rb_gz_bringup/local_setup.bash
[0.316s] -- Up-to-date symlink: /home/tharun/cognipilot/cranium/install/b3rb_gz_bringup/share/b3rb_gz_bringup/local_setup.sh
[0.316s] -- Up-to-date symlink: /home/tharun/cognipilot/cranium/install/b3rb_gz_bringup/share/b3rb_gz_bringup/local_setup.zsh
[0.316s] -- Up-to-date symlink: /home/tharun/cognipilot/cranium/install/b3rb_gz_bringup/share/b3rb_gz_bringup/local_setup.dsv
[0.316s] -- Symlinking: /home/tharun/cognipilot/cranium/install/b3rb_gz_bringup/share/b3rb_gz_bringup/package.dsv
[0.333s] -- Up-to-date symlink: /home/tharun/cognipilot/cranium/install/b3rb_gz_bringup/share/ament_index/resource_index/packages/b3rb_gz_bringup
[0.333s] -- Up-to-date symlink: /home/tharun/cognipilot/cranium/install/b3rb_gz_bringup/share/b3rb_gz_bringup/cmake/b3rb_gz_bringupConfig.cmake
[0.334s] -- Up-to-date symlink: /home/tharun/cognipilot/cranium/install/b3rb_gz_bringup/share/b3rb_gz_bringup/cmake/b3rb_gz_bringupConfig-version.cmake
[0.339s] -- Up-to-date symlink: /home/tharun/cognipilot/cranium/install/b3rb_gz_bringup/share/b3rb_gz_bringup/package.xml
[0.423s] Invoked command in '/home/tharun/cognipilot/cranium/build/b3rb_gz_bringup' returned '0': CMAKE_PREFIX_PATH=${CMAKE_PREFIX_PATH}:/home/tharun/cognipilot/cranium/install/b3rb_ros_line_follower:/opt/ros/humble /usr/bin/cmake --install /home/tharun/cognipilot/cranium/build/b3rb_gz_bringup
