[0.148s] Invoking command in '/home/tharun/cognipilot/cranium/build/b3rb_description': CMAKE_PREFIX_PATH=${CMAKE_PREFIX_PATH}:/home/tharun/cognipilot/cranium/install/b3rb_ros_line_follower:/opt/ros/humble /usr/bin/cmake --build /home/tharun/cognipilot/cranium/build/b3rb_description -- -j12 -l12
[0.308s] Invoked command in '/home/tharun/cognipilot/cranium/build/b3rb_description' returned '0': CMAKE_PREFIX_PATH=${CMAKE_PREFIX_PATH}:/home/tharun/cognipilot/cranium/install/b3rb_ros_line_follower:/opt/ros/humble /usr/bin/cmake --build /home/tharun/cognipilot/cranium/build/b3rb_description -- -j12 -l12
[0.308s] Invoking command in '/home/tharun/cognipilot/cranium/build/b3rb_description': CMAKE_PREFIX_PATH=${CMAKE_PREFIX_PATH}:/home/tharun/cognipilot/cranium/install/b3rb_ros_line_follower:/opt/ros/humble /usr/bin/cmake --install /home/tharun/cognipilot/cranium/build/b3rb_description
[0.332s] -- Install configuration: ""
[0.333s] -- Execute custom install script
[0.333s] -- Up-to-date symlink: /home/tharun/cognipilot/cranium/install/b3rb_description/share/b3rb_description/launch/robot_description.launch.py
[0.333s] -- Up-to-date symlink: /home/tharun/cognipilot/cranium/install/b3rb_description/share/b3rb_description/meshes/STL27L.dae
[0.333s] -- Up-to-date symlink: /home/tharun/cognipilot/cranium/install/b3rb_description/share/b3rb_description/meshes/b3rb.dae
[0.333s] -- Up-to-date symlink: /home/tharun/cognipilot/cranium/install/b3rb_description/share/b3rb_description/meshes/wheel.dae
[0.333s] -- Up-to-date symlink: /home/tharun/cognipilot/cranium/install/b3rb_description/share/b3rb_description/urdf/b3rb.urdf
[0.334s] -- Up-to-date symlink: /home/tharun/cognipilot/cranium/install/b3rb_description/share/ament_index/resource_index/package_run_dependencies/b3rb_description
[0.334s] -- Up-to-date symlink: /home/tharun/cognipilot/cranium/install/b3rb_description/share/ament_index/resource_index/parent_prefix_path/b3rb_description
[0.334s] -- Up-to-date symlink: /home/tharun/cognipilot/cranium/install/b3rb_description/share/b3rb_description/environment/ament_prefix_path.sh
[0.335s] -- Up-to-date symlink: /home/tharun/cognipilot/cranium/install/b3rb_description/share/b3rb_description/environment/ament_prefix_path.dsv
[0.335s] -- Up-to-date symlink: /home/tharun/cognipilot/cranium/install/b3rb_description/share/b3rb_description/environment/path.sh
[0.338s] -- Up-to-date symlink: /home/tharun/cognipilot/cranium/install/b3rb_description/share/b3rb_description/environment/path.dsv
[0.338s] -- Up-to-date symlink: /home/tharun/cognipilot/cranium/install/b3rb_description/share/b3rb_description/local_setup.bash
[0.338s] -- Up-to-date symlink: /home/tharun/cognipilot/cranium/install/b3rb_description/share/b3rb_description/local_setup.sh
[0.338s] -- Up-to-date symlink: /home/tharun/cognipilot/cranium/install/b3rb_description/share/b3rb_description/local_setup.zsh
[0.338s] -- Up-to-date symlink: /home/tharun/cognipilot/cranium/install/b3rb_description/share/b3rb_description/local_setup.dsv
[0.338s] -- Symlinking: /home/tharun/cognipilot/cranium/install/b3rb_description/share/b3rb_description/package.dsv
[0.341s] -- Up-to-date symlink: /home/tharun/cognipilot/cranium/install/b3rb_description/share/ament_index/resource_index/packages/b3rb_description
[0.341s] -- Up-to-date symlink: /home/tharun/cognipilot/cranium/install/b3rb_description/share/b3rb_description/cmake/b3rb_descriptionConfig.cmake
[0.341s] -- Up-to-date symlink: /home/tharun/cognipilot/cranium/install/b3rb_description/share/b3rb_description/cmake/b3rb_descriptionConfig-version.cmake
[0.341s] -- Up-to-date symlink: /home/tharun/cognipilot/cranium/install/b3rb_description/share/b3rb_description/package.xml
[0.521s] Invoked command in '/home/tharun/cognipilot/cranium/build/b3rb_description' returned '0': CMAKE_PREFIX_PATH=${CMAKE_PREFIX_PATH}:/home/tharun/cognipilot/cranium/install/b3rb_ros_line_follower:/opt/ros/humble /usr/bin/cmake --install /home/tharun/cognipilot/cranium/build/b3rb_description
