[0.027s] Invoking command in '/home/tharun/cognipilot/cranium/build/b3rb_description': CMAKE_PREFIX_PATH=${CMAKE_PREFIX_PATH}:/home/tharun/cognipilot/cranium/install/b3rb_ros_line_follower:/opt/ros/humble /usr/bin/cmake --build /home/tharun/cognipilot/cranium/build/b3rb_description -- -j12 -l12
[0.045s] -- Found ament_cmake: 1.3.14 (/opt/ros/humble/share/ament_cmake/cmake)
[0.218s] -- Found urdf: 2.6.1 (/opt/ros/humble/share/urdf/cmake)
[0.249s] -- Found ament_lint_auto: 0.12.15 (/opt/ros/humble/share/ament_lint_auto/cmake)
[0.309s] -- Added test 'flake8' to check Python code syntax and style conventions
[0.310s] -- Added test 'lint_cmake' to check CMake code style
[0.310s] -- Added test 'pep257' to check Python code against some of the docstring style conventions in PEP 257
[0.311s] -- Added test 'xmllint' to check XML markup files
[0.314s] -- Configuring done
[0.318s] -- Generating done
[0.321s] -- Build files have been written to: /home/tharun/cognipilot/cranium/build/b3rb_description
[0.352s] Invoked command in '/home/tharun/cognipilot/cranium/build/b3rb_description' returned '0': CMAKE_PREFIX_PATH=${CMAKE_PREFIX_PATH}:/home/tharun/cognipilot/cranium/install/b3rb_ros_line_follower:/opt/ros/humble /usr/bin/cmake --build /home/tharun/cognipilot/cranium/build/b3rb_description -- -j12 -l12
[0.353s] Invoking command in '/home/tharun/cognipilot/cranium/build/b3rb_description': CMAKE_PREFIX_PATH=${CMAKE_PREFIX_PATH}:/home/tharun/cognipilot/cranium/install/b3rb_ros_line_follower:/opt/ros/humble /usr/bin/cmake --install /home/tharun/cognipilot/cranium/build/b3rb_description
[0.367s] -- Install configuration: ""
[0.367s] -- Up-to-date: /home/tharun/cognipilot/cranium/install/b3rb_description/share/b3rb_description/launch
[0.367s] -- Installing: /home/tharun/cognipilot/cranium/install/b3rb_description/share/b3rb_description/launch/robot_description.launch.py
[0.367s] -- Up-to-date: /home/tharun/cognipilot/cranium/install/b3rb_description/share/b3rb_description/meshes
[0.367s] -- Installing: /home/tharun/cognipilot/cranium/install/b3rb_description/share/b3rb_description/meshes/wheel.dae
[0.367s] -- Installing: /home/tharun/cognipilot/cranium/install/b3rb_description/share/b3rb_description/meshes/STL27L.dae
[0.369s] -- Installing: /home/tharun/cognipilot/cranium/install/b3rb_description/share/b3rb_description/meshes/b3rb.dae
[0.373s] -- Up-to-date: /home/tharun/cognipilot/cranium/install/b3rb_description/share/b3rb_description/urdf
[0.373s] -- Installing: /home/tharun/cognipilot/cranium/install/b3rb_description/share/b3rb_description/urdf/b3rb.urdf
[0.373s] -- Installing: /home/tharun/cognipilot/cranium/install/b3rb_description/share/ament_index/resource_index/package_run_dependencies/b3rb_description
[0.373s] -- Installing: /home/tharun/cognipilot/cranium/install/b3rb_description/share/ament_index/resource_index/parent_prefix_path/b3rb_description
[0.373s] -- Installing: /home/tharun/cognipilot/cranium/install/b3rb_description/share/b3rb_description/environment/ament_prefix_path.sh
[0.373s] -- Installing: /home/tharun/cognipilot/cranium/install/b3rb_description/share/b3rb_description/environment/ament_prefix_path.dsv
[0.374s] -- Installing: /home/tharun/cognipilot/cranium/install/b3rb_description/share/b3rb_description/environment/path.sh
[0.374s] -- Installing: /home/tharun/cognipilot/cranium/install/b3rb_description/share/b3rb_description/environment/path.dsv
[0.374s] -- Up-to-date: /home/tharun/cognipilot/cranium/install/b3rb_description/share/b3rb_description/local_setup.bash
[0.374s] -- Up-to-date: /home/tharun/cognipilot/cranium/install/b3rb_description/share/b3rb_description/local_setup.sh
[0.374s] -- Up-to-date: /home/tharun/cognipilot/cranium/install/b3rb_description/share/b3rb_description/local_setup.zsh
[0.374s] -- Installing: /home/tharun/cognipilot/cranium/install/b3rb_description/share/b3rb_description/local_setup.dsv
[0.374s] -- Installing: /home/tharun/cognipilot/cranium/install/b3rb_description/share/b3rb_description/package.dsv
[0.375s] -- Installing: /home/tharun/cognipilot/cranium/install/b3rb_description/share/ament_index/resource_index/packages/b3rb_description
[0.375s] -- Up-to-date: /home/tharun/cognipilot/cranium/install/b3rb_description/share/b3rb_description/cmake/b3rb_descriptionConfig.cmake
[0.375s] -- Up-to-date: /home/tharun/cognipilot/cranium/install/b3rb_description/share/b3rb_description/cmake/b3rb_descriptionConfig-version.cmake
[0.375s] -- Installing: /home/tharun/cognipilot/cranium/install/b3rb_description/share/b3rb_description/package.xml
[0.397s] Invoked command in '/home/tharun/cognipilot/cranium/build/b3rb_description' returned '0': CMAKE_PREFIX_PATH=${CMAKE_PREFIX_PATH}:/home/tharun/cognipilot/cranium/install/b3rb_ros_line_follower:/opt/ros/humble /usr/bin/cmake --install /home/tharun/cognipilot/cranium/build/b3rb_description
