[0.000000] (-) TimerEvent: {}
[0.000213] (-) JobUnselected: {'identifier': 'b3rb_description'}
[0.000596] (-) JobUnselected: {'identifier': 'b3rb_desktop'}
[0.000636] (-) JobUnselected: {'identifier': 'b3rb_gz_bringup'}
[0.000655] (-) JobUnselected: {'identifier': 'b3rb_gz_resource'}
[0.000669] (-) JobUnselected: {'identifier': 'b3rb_nav2'}
[0.000685] (-) JobUnselected: {'identifier': 'b3rb_rviz'}
[0.000701] (-) JobUnselected: {'identifier': 'b3rb_simulator'}
[0.000865] (-) JobUnselected: {'identifier': 'cerebri_bringup'}
[0.000879] (-) JobUnselected: {'identifier': 'corti'}
[0.000892] (-) JobUnselected: {'identifier': 'dream_world'}
[0.000907] (-) JobUnselected: {'identifier': 'synapse_gz'}
[0.000920] (-) JobUnselected: {'identifier': 'synapse_msgs'}
[0.000934] (-) JobUnselected: {'identifier': 'synapse_protobuf'}
[0.000947] (-) JobUnselected: {'identifier': 'synapse_ros'}
[0.000958] (-) JobUnselected: {'identifier': 'synapse_tinyframe'}
[0.000978] (b3rb_ros_line_follower) JobQueued: {'identifier': 'b3rb_ros_line_follower', 'dependencies': OrderedDict([('synapse_msgs', '/home/tharun/cognipilot/cranium/install/synapse_msgs')])}
[0.001002] (b3rb_ros_line_follower) JobStarted: {'identifier': 'b3rb_ros_line_follower'}
[0.099150] (-) TimerEvent: {}
[0.199826] (-) TimerEvent: {}
[0.300528] (-) TimerEvent: {}
[0.401118] (-) TimerEvent: {}
[0.503481] (-) TimerEvent: {}
[0.607115] (-) TimerEvent: {}
[0.707505] (-) TimerEvent: {}
[0.807879] (-) TimerEvent: {}
[0.908512] (-) TimerEvent: {}
[1.008869] (-) TimerEvent: {}
[1.063198] (b3rb_ros_line_follower) Command: {'cmd': ['/usr/bin/python3', '-W', 'ignore:setup.py install is deprecated', '-W', 'ignore:easy_install command is deprecated', 'setup.py', 'egg_info', '--egg-base', '../../../build/b3rb_ros_line_follower', 'build', '--build-base', '/home/tharun/cognipilot/cranium/build/b3rb_ros_line_follower/build', 'install', '--record', '/home/tharun/cognipilot/cranium/build/b3rb_ros_line_follower/install.log', '--install-scripts', '$base/lib/b3rb_ros_line_follower', '--single-version-externally-managed', 'install_data'], 'cwd': '/home/tharun/cognipilot/cranium/src/b3rb_ros_line_follower/b3rb_ros_line_follower', 'env': {'GJS_DEBUG_TOPICS': 'JS ERROR;JS LOG', 'LESSOPEN': '| /usr/bin/lesspipe %s', 'VSCODE_CWD': '/home/tharun', 'PYTHONWARNINGS': 'ignore:::setuptools.installer,ignore:::setuptools.command.install,ignore:::setuptools.command.easy_install', 'CCACHE_TEMPDIR': '/tmp/ccache', 'LANGUAGE': 'en_IN:en', 'USER': 'tharun', 'VSCODE_NLS_CONFIG': '{"userLocale":"en-gb","osLocale":"en-in","resolvedLanguage":"en","defaultMessagesFile":"/usr/share/antigravity/resources/app/out/nls.messages.json","locale":"en-gb","availableLanguages":{}}', 'XDG_SESSION_TYPE': 'wayland', 'SHLVL': '1', 'LD_LIBRARY_PATH': '/home/tharun/cognipilot/cranium/install/synapse_msgs/lib:/opt/ros/humble/opt/rviz_ogre_vendor/lib:/opt/ros/humble/lib/x86_64-linux-gnu:/opt/ros/humble/lib', 'HOME': '/home/tharun', 'CHROME_DESKTOP': 'antigravity.desktop', 'OLDPWD': '/home/tharun/cognipilot/cranium', 'DESKTOP_SESSION': 'ubuntu', 'VSCODE_IPC_HOOK': '/run/user/1000/vscode-81e22ab7-1.10-main.sock', 'GIO_LAUNCHED_DESKTOP_FILE': '/usr/share/applications/antigravity.desktop', 'ROS_PYTHON_VERSION': '3', 'GNOME_SHELL_SESSION_MODE': 'ubuntu', 'GTK_MODULES': 'gail:atk-bridge:appmenu-gtk-module', 'PAGER': 'cat', 'MANAGERPID': '1419', 'SYSTEMD_EXEC_PID': '1603', 'IM_CONFIG_CHECK_ENV': '1', 'DBUS_SESSION_BUS_ADDRESS': 'unix:path=/run/user/1000/bus', 'ANTIGRAVITY_AGENT': '1', 'GIO_LAUNCHED_DESKTOP_FILE_PID': '21794', 'IM_CONFIG_PHASE': '1', 'WAYLAND_DISPLAY': 'wayland-0', 'COLCON_PREFIX_PATH': '/home/tharun/cognipilot/electrode/install', 'ROS_DISTRO': 'humble', 'LOGNAME': 'tharun', 'JOURNAL_STREAM': '8:14232', '_': '/usr/bin/colcon', 'ROS_VERSION': '2', 'XDG_SESSION_CLASS': 'user', 'USERNAME': 'tharun', 'TERM': 'dumb', 'GNOME_DESKTOP_SESSION_ID': 'this-is-deprecated', 'FC_FONTATIONS': '1', 'ROS_LOCALHOST_ONLY': '0', 'ANTIGRAVITY_EDITOR_APP_ROOT': '/usr/share/antigravity/resources/app', 'PATH': '/home/tharun/.local/bin:/home/tharun/bin:/home/tharun/cognipilot/ws/cerebri/install/bin:/opt/ros/humble/bin:/home/tharun/.local/bin:/home/tharun/bin:/usr/local/sbin:/usr/local/bin:/usr/sbin:/usr/bin:/sbin:/bin:/usr/games:/usr/local/games:/snap/bin:/snap/bin', 'SESSION_MANAGER': 'local/tharun:@/tmp/.ICE-unix/1569,unix/tharun:/tmp/.ICE-unix/1569', 'INVOCATION_ID': '9e7e52f1d8564011af7fb5196ebfdb6c', 'XDG_MENU_PREFIX': 'gnome-', 'GNOME_SETUP_DISPLAY': ':1', 'XDG_RUNTIME_DIR': '/run/user/1000', 'GDK_BACKEND': 'wayland', 'DISPLAY': ':0', 'LANG': 'en_IN', 'XDG_CURRENT_DESKTOP': 'ubuntu:GNOME', 'RMW_IMPLEMENTATION': 'rmw_cyclonedds_cpp', 'XMODIFIERS': '@im=ibus', 'XDG_SESSION_DESKTOP': 'ubuntu', 'XAUTHORITY': '/run/user/1000/.mutter-Xwaylandauth.UYZ0T3', 'LS_COLORS': '', 'SSH_AGENT_LAUNCHER': 'gnome-keyring', 'SSH_AUTH_SOCK': '/run/user/1000/keyring/ssh', 'ROS_DOMAIN_ID': '7', 'AMENT_PREFIX_PATH': '/home/tharun/cognipilot/cranium/install/synapse_msgs:/home/tharun/cognipilot/electrode/install/electrode:/opt/ros/humble', 'SHELL': '/bin/bash', 'QT_ACCESSIBILITY': '1', 'GDMSESSION': 'ubuntu', 'LESSCLOSE': '/usr/bin/lesspipe %s %s', 'CMAKE_EXPORT_COMPILE_COMMANDS': 'ON', 'GJS_DEBUG_OUTPUT': 'stderr', 'QT_IM_MODULE': 'ibus', 'ANTIGRAVITY_TRAJECTORY_ID': 'af86ebbf-04a9-480a-92c3-cae8e9d0e75d', 'PWD': '/home/tharun/cognipilot/cranium/build/b3rb_ros_line_follower', 'XDG_CONFIG_DIRS': '/etc/xdg/xdg-ubuntu:/etc/xdg', 'VSCODE_CODE_CACHE_PATH': '/home/tharun/.config/Antigravity/CachedData/15487b3041e65228cae24980a3f796c905ef582c', 'XDG_DATA_DIRS': '/usr/share/ubuntu:/usr/local/share/:/usr/share/:/var/lib/snapd/desktop', 'PYTHONPATH': '/home/tharun/cognipilot/cranium/build/b3rb_ros_line_follower/prefix_override:/usr/lib/python3/dist-packages/colcon_core/task/python/colcon_distutils_commands:/home/tharun/cognipilot/cranium/install/b3rb_ros_line_follower/lib/python3.10/site-packages:/home/tharun/cognipilot/cranium/install/synapse_msgs/local/lib/python3.10/dist-packages:/opt/ros/humble/lib/python3.10/site-packages:/opt/ros/humble/local/lib/python3.10/dist-packages', 'COLCON': '1', 'CMAKE_PREFIX_PATH': '/home/tharun/cognipilot/cranium/install/synapse_msgs:/home/tharun/cognipilot/electrode/install/electrode', 'VSCODE_PID': '21794'}, 'shell': False}
[1.109220] (-) TimerEvent: {}
[1.210281] (-) TimerEvent: {}
[1.310944] (-) TimerEvent: {}
[1.412650] (-) TimerEvent: {}
[1.492353] (b3rb_ros_line_follower) StdoutLine: {'line': b'running egg_info\n'}
[1.493318] (b3rb_ros_line_follower) StdoutLine: {'line': b'writing ../../../build/b3rb_ros_line_follower/b3rb_ros_line_follower.egg-info/PKG-INFO\n'}
[1.493653] (b3rb_ros_line_follower) StdoutLine: {'line': b'writing dependency_links to ../../../build/b3rb_ros_line_follower/b3rb_ros_line_follower.egg-info/dependency_links.txt\n'}
[1.495950] (b3rb_ros_line_follower) StdoutLine: {'line': b'writing entry points to ../../../build/b3rb_ros_line_follower/b3rb_ros_line_follower.egg-info/entry_points.txt\n'}
[1.496344] (b3rb_ros_line_follower) StdoutLine: {'line': b'writing requirements to ../../../build/b3rb_ros_line_follower/b3rb_ros_line_follower.egg-info/requires.txt\n'}
[1.496423] (b3rb_ros_line_follower) StdoutLine: {'line': b'writing top-level names to ../../../build/b3rb_ros_line_follower/b3rb_ros_line_follower.egg-info/top_level.txt\n'}
[1.497222] (b3rb_ros_line_follower) StdoutLine: {'line': b"reading manifest file '../../../build/b3rb_ros_line_follower/b3rb_ros_line_follower.egg-info/SOURCES.txt'\n"}
[1.497438] (b3rb_ros_line_follower) StdoutLine: {'line': b"adding license file 'LICENSE'\n"}
[1.498863] (b3rb_ros_line_follower) StdoutLine: {'line': b"writing manifest file '../../../build/b3rb_ros_line_follower/b3rb_ros_line_follower.egg-info/SOURCES.txt'\n"}
[1.501800] (b3rb_ros_line_follower) StdoutLine: {'line': b'running build\n'}
[1.502356] (b3rb_ros_line_follower) StdoutLine: {'line': b'running build_py\n'}
[1.502595] (b3rb_ros_line_follower) StdoutLine: {'line': b'copying b3rb_ros_line_follower/b3rb_ros_object_recog.py -> /home/tharun/cognipilot/cranium/build/b3rb_ros_line_follower/build/lib/b3rb_ros_line_follower\n'}
[1.503671] (b3rb_ros_line_follower) StdoutLine: {'line': b'copying b3rb_ros_line_follower/b3rb_ros_line_follower.py -> /home/tharun/cognipilot/cranium/build/b3rb_ros_line_follower/build/lib/b3rb_ros_line_follower\n'}
[1.503852] (b3rb_ros_line_follower) StdoutLine: {'line': b'copying b3rb_ros_line_follower/b3rb_ros_edge_vectors.py -> /home/tharun/cognipilot/cranium/build/b3rb_ros_line_follower/build/lib/b3rb_ros_line_follower\n'}
[1.503970] (b3rb_ros_line_follower) StdoutLine: {'line': b'copying b3rb_ros_line_follower/b3rb_ros_qr_detector.py -> /home/tharun/cognipilot/cranium/build/b3rb_ros_line_follower/build/lib/b3rb_ros_line_follower\n'}
[1.504103] (b3rb_ros_line_follower) StdoutLine: {'line': b'running install\n'}
[1.504233] (b3rb_ros_line_follower) StdoutLine: {'line': b'running install_lib\n'}
[1.505017] (b3rb_ros_line_follower) StdoutLine: {'line': b'copying /home/tharun/cognipilot/cranium/build/b3rb_ros_line_follower/build/lib/b3rb_ros_line_follower/b3rb_ros_object_recog.py -> /home/tharun/cognipilot/cranium/install/b3rb_ros_line_follower/lib/python3.10/site-packages/b3rb_ros_line_follower\n'}
[1.505421] (b3rb_ros_line_follower) StdoutLine: {'line': b'copying /home/tharun/cognipilot/cranium/build/b3rb_ros_line_follower/build/lib/b3rb_ros_line_follower/b3rb_ros_line_follower.py -> /home/tharun/cognipilot/cranium/install/b3rb_ros_line_follower/lib/python3.10/site-packages/b3rb_ros_line_follower\n'}
[1.505645] (b3rb_ros_line_follower) StdoutLine: {'line': b'copying /home/tharun/cognipilot/cranium/build/b3rb_ros_line_follower/build/lib/b3rb_ros_line_follower/b3rb_ros_edge_vectors.py -> /home/tharun/cognipilot/cranium/install/b3rb_ros_line_follower/lib/python3.10/site-packages/b3rb_ros_line_follower\n'}
[1.505816] (b3rb_ros_line_follower) StdoutLine: {'line': b'copying /home/tharun/cognipilot/cranium/build/b3rb_ros_line_follower/build/lib/b3rb_ros_line_follower/b3rb_ros_qr_detector.py -> /home/tharun/cognipilot/cranium/install/b3rb_ros_line_follower/lib/python3.10/site-packages/b3rb_ros_line_follower\n'}
[1.507737] (b3rb_ros_line_follower) StdoutLine: {'line': b'byte-compiling /home/tharun/cognipilot/cranium/install/b3rb_ros_line_follower/lib/python3.10/site-packages/b3rb_ros_line_follower/b3rb_ros_object_recog.py to b3rb_ros_object_recog.cpython-310.pyc\n'}
[1.509208] (b3rb_ros_line_follower) StdoutLine: {'line': b'byte-compiling /home/tharun/cognipilot/cranium/install/b3rb_ros_line_follower/lib/python3.10/site-packages/b3rb_ros_line_follower/b3rb_ros_line_follower.py to b3rb_ros_line_follower.cpython-310.pyc\n'}
[1.512828] (-) TimerEvent: {}
[1.514533] (b3rb_ros_line_follower) StdoutLine: {'line': b'byte-compiling /home/tharun/cognipilot/cranium/install/b3rb_ros_line_follower/lib/python3.10/site-packages/b3rb_ros_line_follower/b3rb_ros_edge_vectors.py to b3rb_ros_edge_vectors.cpython-310.pyc\n'}
[1.517044] (b3rb_ros_line_follower) StdoutLine: {'line': b'byte-compiling /home/tharun/cognipilot/cranium/install/b3rb_ros_line_follower/lib/python3.10/site-packages/b3rb_ros_line_follower/b3rb_ros_qr_detector.py to b3rb_ros_qr_detector.cpython-310.pyc\n'}
[1.518165] (b3rb_ros_line_follower) StdoutLine: {'line': b'running install_data\n'}
[1.519000] (b3rb_ros_line_follower) StdoutLine: {'line': b'running install_egg_info\n'}
[1.520861] (b3rb_ros_line_follower) StdoutLine: {'line': b"removing '/home/tharun/cognipilot/cranium/install/b3rb_ros_line_follower/lib/python3.10/site-packages/b3rb_ros_line_follower-0.0.0-py3.10.egg-info' (and everything under it)\n"}
[1.521202] (b3rb_ros_line_follower) StdoutLine: {'line': b'Copying ../../../build/b3rb_ros_line_follower/b3rb_ros_line_follower.egg-info to /home/tharun/cognipilot/cranium/install/b3rb_ros_line_follower/lib/python3.10/site-packages/b3rb_ros_line_follower-0.0.0-py3.10.egg-info\n'}
[1.523102] (b3rb_ros_line_follower) StdoutLine: {'line': b'running install_scripts\n'}
[1.561730] (b3rb_ros_line_follower) StdoutLine: {'line': b'Installing detect script to /home/tharun/cognipilot/cranium/install/b3rb_ros_line_follower/lib/b3rb_ros_line_follower\n'}
[1.562027] (b3rb_ros_line_follower) StdoutLine: {'line': b'Installing municipality_server script to /home/tharun/cognipilot/cranium/install/b3rb_ros_line_follower/lib/b3rb_ros_line_follower\n'}
[1.562207] (b3rb_ros_line_follower) StdoutLine: {'line': b'Installing qr_detect script to /home/tharun/cognipilot/cranium/install/b3rb_ros_line_follower/lib/b3rb_ros_line_follower\n'}
[1.562335] (b3rb_ros_line_follower) StdoutLine: {'line': b'Installing runner script to /home/tharun/cognipilot/cranium/install/b3rb_ros_line_follower/lib/b3rb_ros_line_follower\n'}
[1.562487] (b3rb_ros_line_follower) StdoutLine: {'line': b'Installing vectors script to /home/tharun/cognipilot/cranium/install/b3rb_ros_line_follower/lib/b3rb_ros_line_follower\n'}
[1.564760] (b3rb_ros_line_follower) StdoutLine: {'line': b"writing list of installed files to '/home/tharun/cognipilot/cranium/build/b3rb_ros_line_follower/install.log'\n"}
[1.613026] (-) TimerEvent: {}
[1.623502] (b3rb_ros_line_follower) CommandEnded: {'returncode': 0}
[1.641491] (b3rb_ros_line_follower) JobEnded: {'identifier': 'b3rb_ros_line_follower', 'rc': 0}
[1.642362] (-) EventReactorShutdown: {}
