[0.010s] Invoking command in '/home/tharun/cognipilot/cranium/build/synapse_gz': CMAKE_PREFIX_PATH=/home/tharun/cognipilot/cranium/install/synapse_tinyframe:/home/tharun/cognipilot/cranium/install/synapse_protobuf:/home/tharun/cognipilot/cranium/install/synapse_ros:/home/tharun/cognipilot/cranium/install/synapse_gz:/home/tharun/cognipilot/cranium/install/corti:/home/tharun/cognipilot/cranium/install/synapse_msgs:/home/tharun/cognipilot/cranium/install/dream_world:/home/tharun/cognipilot/cranium/install/cerebri_bringup:/home/tharun/cognipilot/cranium/install/b3rb_simulator:/home/tharun/cognipilot/cranium/install/b3rb_desktop:/home/tharun/cognipilot/cranium/install/b3rb_rviz:/home/tharun/cognipilot/cranium/install/b3rb_nav2:/home/tharun/cognipilot/cranium/install/b3rb_gz_resource:/home/tharun/cognipilot/cranium/install/b3rb_gz_bringup:/home/tharun/cognipilot/cranium/install/b3rb_description:/home/tharun/cognipilot/electrode/install/electrode:/home/tharun/cognipilot/cranium/install/b3rb_ros_line_follower:/opt/ros/humble /usr/bin/cmake --build /home/tharun/cognipilot/cranium/build/synapse_gz -- -j12 -l12
[0.026s] -- Found rclcpp: 16.0.19 (/opt/ros/humble/share/rclcpp/cmake)
[0.141s] -- Found rosidl_generator_c: 3.1.9 (/opt/ros/humble/share/rosidl_generator_c/cmake)
[0.143s] -- Found rosidl_adapter: 3.1.9 (/opt/ros/humble/share/rosidl_adapter/cmake)
[0.147s] -- Found rosidl_generator_cpp: 3.1.9 (/opt/ros/humble/share/rosidl_generator_cpp/cmake)
[0.153s] -- Using all available rosidl_typesupport_c: rosidl_typesupport_fastrtps_c;rosidl_typesupport_introspection_c
[0.161s] -- Using all available rosidl_typesupport_cpp: rosidl_typesupport_fastrtps_cpp;rosidl_typesupport_introspection_cpp
[0.183s] -- Found rmw_implementation_cmake: 6.1.3 (/opt/ros/humble/share/rmw_implementation_cmake/cmake)
[0.184s] -- Found rmw_cyclonedds_cpp: 1.3.4 (/opt/ros/humble/share/rmw_cyclonedds_cpp/cmake)
[0.196s] -- Using RMW implementation 'rmw_cyclonedds_cpp' as default
[0.231s] -- Found synapse_protobuf: 0.0.0 (/home/tharun/cognipilot/cranium/install/synapse_protobuf/share/synapse_protobuf/cmake)
[0.241s] -- Found synapse_tinyframe: 0.0.0 (/home/tharun/cognipilot/cranium/install/synapse_tinyframe/share/synapse_tinyframe/cmake)
[0.242s] -- Looking for gz-transport13 -- found version 13.5.0
[0.247s] -- Searching for dependencies of gz-transport13
[0.276s] -- Config-file not installed for ZeroMQ -- checking for pkg-config
[0.279s] -- Checking for module 'libzmq >= 4'
[0.292s] --   Found libzmq , version 4.3.4
[0.332s] -- Checking for module 'uuid'
[0.347s] --   Found uuid, version 2.37.2
[0.378s] -- Looking for gz-utils2 -- found version 2.2.1
[0.379s] -- Searching for dependencies of gz-utils2
[0.379s] -- Searching for <gz-utils2> component [cli]
[0.380s] -- Looking for gz-utils2-cli -- found version 2.2.1
[0.380s] -- Searching for dependencies of gz-utils2-cli
[0.381s] -- Looking for gz-msgs10 -- found version 10.4.0
[0.381s] -- Searching for dependencies of gz-msgs10
[0.397s] -- Looking for gz-utils2 -- found version 2.2.1
[0.397s] -- Looking for gz-math7 -- found version 7.6.0
[0.398s] -- Searching for dependencies of gz-math7
[0.398s] -- Looking for gz-utils2 -- found version 2.2.1
[0.404s] -- Checking for module 'tinyxml2'
[0.419s] --   Found tinyxml2, version 9.0.0
[0.468s] -- Found ament_lint_auto: 0.12.15 (/opt/ros/humble/share/ament_lint_auto/cmake)
[0.521s] -- Added test 'copyright' to check source files copyright and LICENSE
[0.522s] -- Added test 'cppcheck' to perform static code analysis on C / C++ code
[0.522s] -- Configured cppcheck include dirs: /home/tharun/cognipilot/cranium/src/synapse_gz/src/clients
[0.522s] -- Configured cppcheck exclude dirs and/or files: 
[0.523s] -- Added test 'cpplint' to check C / C++ code against the Google style
[0.523s] -- Configured cpplint exclude dirs and/or files: 
[0.523s] -- Added test 'flake8' to check Python code syntax and style conventions
[0.524s] -- Added test 'lint_cmake' to check CMake code style
[0.524s] -- Added test 'pep257' to check Python code against some of the docstring style conventions in PEP 257
[0.525s] -- Added test 'uncrustify' to check C / C++ code style
[0.525s] -- Configured uncrustify additional arguments: 
[0.525s] -- Added test 'xmllint' to check XML markup files
[0.526s] -- Configuring done
[0.536s] -- Generating done
[0.540s] -- Build files have been written to: /home/tharun/cognipilot/cranium/build/synapse_gz
[0.568s] [35m[1mConsolidate compiler generated dependencies of target synapse_gz[0m
[0.601s] [ 25%] [32mBuilding CXX object CMakeFiles/synapse_gz.dir/src/clients/gz_client.cpp.o[0m
[0.606s] [ 50%] [32mBuilding CXX object CMakeFiles/synapse_gz.dir/src/clients/tcp_client.cpp.o[0m
[6.784s] [ 75%] [32m[1mLinking CXX executable synapse_gz[0m
[7.124s] [100%] Built target synapse_gz
[7.135s] Invoked command in '/home/tharun/cognipilot/cranium/build/synapse_gz' returned '0': CMAKE_PREFIX_PATH=/home/tharun/cognipilot/cranium/install/synapse_tinyframe:/home/tharun/cognipilot/cranium/install/synapse_protobuf:/home/tharun/cognipilot/cranium/install/synapse_ros:/home/tharun/cognipilot/cranium/install/synapse_gz:/home/tharun/cognipilot/cranium/install/corti:/home/tharun/cognipilot/cranium/install/synapse_msgs:/home/tharun/cognipilot/cranium/install/dream_world:/home/tharun/cognipilot/cranium/install/cerebri_bringup:/home/tharun/cognipilot/cranium/install/b3rb_simulator:/home/tharun/cognipilot/cranium/install/b3rb_desktop:/home/tharun/cognipilot/cranium/install/b3rb_rviz:/home/tharun/cognipilot/cranium/install/b3rb_nav2:/home/tharun/cognipilot/cranium/install/b3rb_gz_resource:/home/tharun/cognipilot/cranium/install/b3rb_gz_bringup:/home/tharun/cognipilot/cranium/install/b3rb_description:/home/tharun/cognipilot/electrode/install/electrode:/home/tharun/cognipilot/cranium/install/b3rb_ros_line_follower:/opt/ros/humble /usr/bin/cmake --build /home/tharun/cognipilot/cranium/build/synapse_gz -- -j12 -l12
[7.137s] Invoking command in '/home/tharun/cognipilot/cranium/build/synapse_gz': CMAKE_PREFIX_PATH=/home/tharun/cognipilot/cranium/install/synapse_tinyframe:/home/tharun/cognipilot/cranium/install/synapse_protobuf:/home/tharun/cognipilot/cranium/install/synapse_ros:/home/tharun/cognipilot/cranium/install/synapse_gz:/home/tharun/cognipilot/cranium/install/corti:/home/tharun/cognipilot/cranium/install/synapse_msgs:/home/tharun/cognipilot/cranium/install/dream_world:/home/tharun/cognipilot/cranium/install/cerebri_bringup:/home/tharun/cognipilot/cranium/install/b3rb_simulator:/home/tharun/cognipilot/cranium/install/b3rb_desktop:/home/tharun/cognipilot/cranium/install/b3rb_rviz:/home/tharun/cognipilot/cranium/install/b3rb_nav2:/home/tharun/cognipilot/cranium/install/b3rb_gz_resource:/home/tharun/cognipilot/cranium/install/b3rb_gz_bringup:/home/tharun/cognipilot/cranium/install/b3rb_description:/home/tharun/cognipilot/electrode/install/electrode:/home/tharun/cognipilot/cranium/install/b3rb_ros_line_follower:/opt/ros/humble /usr/bin/cmake --install /home/tharun/cognipilot/cranium/build/synapse_gz
[7.148s] -- Install configuration: ""
[7.148s] -- Installing: /home/tharun/cognipilot/cranium/install/synapse_gz/lib/synapse_gz/synapse_gz
[7.152s] -- Set runtime path of "/home/tharun/cognipilot/cranium/install/synapse_gz/lib/synapse_gz/synapse_gz" to ""
[7.153s] -- Up-to-date: /home/tharun/cognipilot/cranium/install/synapse_gz/share/synapse_gz/launch
[7.153s] -- Installing: /home/tharun/cognipilot/cranium/install/synapse_gz/share/synapse_gz/launch/synapse_gz.launch.py
[7.153s] -- Installing: /home/tharun/cognipilot/cranium/install/synapse_gz/share/ament_index/resource_index/package_run_dependencies/synapse_gz
[7.153s] -- Installing: /home/tharun/cognipilot/cranium/install/synapse_gz/share/ament_index/resource_index/parent_prefix_path/synapse_gz
[7.153s] -- Installing: /home/tharun/cognipilot/cranium/install/synapse_gz/share/synapse_gz/environment/ament_prefix_path.sh
[7.153s] -- Installing: /home/tharun/cognipilot/cranium/install/synapse_gz/share/synapse_gz/environment/ament_prefix_path.dsv
[7.153s] -- Installing: /home/tharun/cognipilot/cranium/install/synapse_gz/share/synapse_gz/environment/path.sh
[7.154s] -- Installing: /home/tharun/cognipilot/cranium/install/synapse_gz/share/synapse_gz/environment/path.dsv
[7.154s] -- Up-to-date: /home/tharun/cognipilot/cranium/install/synapse_gz/share/synapse_gz/local_setup.bash
[7.154s] -- Up-to-date: /home/tharun/cognipilot/cranium/install/synapse_gz/share/synapse_gz/local_setup.sh
[7.154s] -- Up-to-date: /home/tharun/cognipilot/cranium/install/synapse_gz/share/synapse_gz/local_setup.zsh
[7.154s] -- Installing: /home/tharun/cognipilot/cranium/install/synapse_gz/share/synapse_gz/local_setup.dsv
[7.154s] -- Installing: /home/tharun/cognipilot/cranium/install/synapse_gz/share/synapse_gz/package.dsv
[7.154s] -- Installing: /home/tharun/cognipilot/cranium/install/synapse_gz/share/ament_index/resource_index/packages/synapse_gz
[7.155s] -- Up-to-date: /home/tharun/cognipilot/cranium/install/synapse_gz/share/synapse_gz/cmake/synapse_gzConfig.cmake
[7.155s] -- Up-to-date: /home/tharun/cognipilot/cranium/install/synapse_gz/share/synapse_gz/cmake/synapse_gzConfig-version.cmake
[7.155s] -- Installing: /home/tharun/cognipilot/cranium/install/synapse_gz/share/synapse_gz/package.xml
[7.158s] Invoked command in '/home/tharun/cognipilot/cranium/build/synapse_gz' returned '0': CMAKE_PREFIX_PATH=/home/tharun/cognipilot/cranium/install/synapse_tinyframe:/home/tharun/cognipilot/cranium/install/synapse_protobuf:/home/tharun/cognipilot/cranium/install/synapse_ros:/home/tharun/cognipilot/cranium/install/synapse_gz:/home/tharun/cognipilot/cranium/install/corti:/home/tharun/cognipilot/cranium/install/synapse_msgs:/home/tharun/cognipilot/cranium/install/dream_world:/home/tharun/cognipilot/cranium/install/cerebri_bringup:/home/tharun/cognipilot/cranium/install/b3rb_simulator:/home/tharun/cognipilot/cranium/install/b3rb_desktop:/home/tharun/cognipilot/cranium/install/b3rb_rviz:/home/tharun/cognipilot/cranium/install/b3rb_nav2:/home/tharun/cognipilot/cranium/install/b3rb_gz_resource:/home/tharun/cognipilot/cranium/install/b3rb_gz_bringup:/home/tharun/cognipilot/cranium/install/b3rb_description:/home/tharun/cognipilot/electrode/install/electrode:/home/tharun/cognipilot/cranium/install/b3rb_ros_line_follower:/opt/ros/humble /usr/bin/cmake --install /home/tharun/cognipilot/cranium/build/synapse_gz
