[0.038s] Invoking command in '/home/tharun/cognipilot/cranium/build/synapse_tinyframe': CMAKE_PREFIX_PATH=${CMAKE_PREFIX_PATH}:/home/tharun/cognipilot/cranium/install/b3rb_ros_line_follower:/opt/ros/humble /usr/bin/cmake --build /home/tharun/cognipilot/cranium/build/synapse_tinyframe -- -j12 -l12
[0.068s] -- Found ament_cmake: 1.3.14 (/opt/ros/humble/share/ament_cmake/cmake)
[0.248s] -- Found ament_lint_auto: 0.12.15 (/opt/ros/humble/share/ament_lint_auto/cmake)
[0.347s] -- Added test 'copyright' to check source files copyright and LICENSE
[0.347s] -- Added test 'cppcheck' to perform static code analysis on C / C++ code
[0.347s] -- Configured cppcheck include dirs: $<BUILD_INTERFACE:/home/tharun/cognipilot/cranium/src/synapse_tinyframe/include>;$<BUILD_INTERFACE:/home/tharun/cognipilot/cranium/src/synapse_tinyframe/include/synapse_tinyframe>
[0.347s] -- Configured cppcheck exclude dirs and/or files: 
[0.347s] -- Added test 'cpplint' to check C / C++ code against the Google style
[0.347s] -- Configured cpplint exclude dirs and/or files: 
[0.347s] -- Added test 'flake8' to check Python code syntax and style conventions
[0.347s] -- Added test 'lint_cmake' to check CMake code style
[0.347s] -- Added test 'pep257' to check Python code against some of the docstring style conventions in PEP 257
[0.347s] -- Added test 'uncrustify' to check C / C++ code style
[0.347s] -- Configured uncrustify additional arguments: 
[0.347s] -- Added test 'xmllint' to check XML markup files
[0.349s] -- Configuring done
[0.355s] -- Generating done
[0.355s] -- Build files have been written to: /home/tharun/cognipilot/cranium/build/synapse_tinyframe
[0.375s] [35m[1mConsolidate compiler generated dependencies of target synapse_tinyframe[0m
[0.392s] [ 33%] [32mBuilding C object CMakeFiles/synapse_tinyframe.dir/src/utils.c.o[0m
[0.392s] [ 66%] [32mBuilding C object CMakeFiles/synapse_tinyframe.dir/src/TinyFrame.c.o[0m
[0.531s] [100%] [32m[1mLinking C static library libsynapse_tinyframe.a[0m
[0.837s] [100%] Built target synapse_tinyframe
[0.874s] Invoked command in '/home/tharun/cognipilot/cranium/build/synapse_tinyframe' returned '0': CMAKE_PREFIX_PATH=${CMAKE_PREFIX_PATH}:/home/tharun/cognipilot/cranium/install/b3rb_ros_line_follower:/opt/ros/humble /usr/bin/cmake --build /home/tharun/cognipilot/cranium/build/synapse_tinyframe -- -j12 -l12
[0.883s] Invoking command in '/home/tharun/cognipilot/cranium/build/synapse_tinyframe': CMAKE_PREFIX_PATH=${CMAKE_PREFIX_PATH}:/home/tharun/cognipilot/cranium/install/b3rb_ros_line_follower:/opt/ros/humble /usr/bin/cmake --install /home/tharun/cognipilot/cranium/build/synapse_tinyframe
[0.895s] -- Install configuration: ""
[0.896s] -- Installing: /home/tharun/cognipilot/cranium/install/synapse_tinyframe/share/synapse_tinyframe/environment/library_path.sh
[0.903s] -- Installing: /home/tharun/cognipilot/cranium/install/synapse_tinyframe/share/synapse_tinyframe/environment/library_path.dsv
[0.903s] -- Up-to-date: /home/tharun/cognipilot/cranium/install/synapse_tinyframe/include
[0.903s] -- Up-to-date: /home/tharun/cognipilot/cranium/install/synapse_tinyframe/include/synapse_tinyframe
[0.904s] -- Up-to-date: /home/tharun/cognipilot/cranium/install/synapse_tinyframe/include/synapse_tinyframe/TinyFrame.h
[0.904s] -- Up-to-date: /home/tharun/cognipilot/cranium/install/synapse_tinyframe/include/synapse_tinyframe/utils.h
[0.904s] -- Up-to-date: /home/tharun/cognipilot/cranium/install/synapse_tinyframe/include/synapse_tinyframe/SynapseTopics.h
[0.904s] -- Up-to-date: /home/tharun/cognipilot/cranium/install/synapse_tinyframe/include/synapse_tinyframe/TF_Config.h
[0.912s] -- Installing: /home/tharun/cognipilot/cranium/install/synapse_tinyframe/lib/libsynapse_tinyframe.a
[0.912s] -- Installing: /home/tharun/cognipilot/cranium/install/synapse_tinyframe/share/ament_index/resource_index/package_run_dependencies/synapse_tinyframe
[0.912s] -- Installing: /home/tharun/cognipilot/cranium/install/synapse_tinyframe/share/ament_index/resource_index/parent_prefix_path/synapse_tinyframe
[0.912s] -- Installing: /home/tharun/cognipilot/cranium/install/synapse_tinyframe/share/synapse_tinyframe/environment/ament_prefix_path.sh
[0.913s] -- Installing: /home/tharun/cognipilot/cranium/install/synapse_tinyframe/share/synapse_tinyframe/environment/ament_prefix_path.dsv
[0.913s] -- Installing: /home/tharun/cognipilot/cranium/install/synapse_tinyframe/share/synapse_tinyframe/environment/path.sh
[0.913s] -- Installing: /home/tharun/cognipilot/cranium/install/synapse_tinyframe/share/synapse_tinyframe/environment/path.dsv
[0.913s] -- Installing: /home/tharun/cognipilot/cranium/install/synapse_tinyframe/share/synapse_tinyframe/local_setup.bash
[0.913s] -- Installing: /home/tharun/cognipilot/cranium/install/synapse_tinyframe/share/synapse_tinyframe/local_setup.sh
[0.913s] -- Installing: /home/tharun/cognipilot/cranium/install/synapse_tinyframe/share/synapse_tinyframe/local_setup.zsh
[0.913s] -- Installing: /home/tharun/cognipilot/cranium/install/synapse_tinyframe/share/synapse_tinyframe/local_setup.dsv
[0.913s] -- Installing: /home/tharun/cognipilot/cranium/install/synapse_tinyframe/share/synapse_tinyframe/package.dsv
[0.913s] -- Installing: /home/tharun/cognipilot/cranium/install/synapse_tinyframe/share/ament_index/resource_index/packages/synapse_tinyframe
[0.913s] -- Installing: /home/tharun/cognipilot/cranium/install/synapse_tinyframe/share/synapse_tinyframe/cmake/synapse_tinyframeExport.cmake
[0.913s] -- Installing: /home/tharun/cognipilot/cranium/install/synapse_tinyframe/share/synapse_tinyframe/cmake/synapse_tinyframeExport-noconfig.cmake
[0.913s] -- Installing: /home/tharun/cognipilot/cranium/install/synapse_tinyframe/share/synapse_tinyframe/cmake/ament_cmake_export_targets-extras.cmake
[0.913s] -- Installing: /home/tharun/cognipilot/cranium/install/synapse_tinyframe/share/synapse_tinyframe/cmake/synapse_tinyframeConfig.cmake
[0.913s] -- Installing: /home/tharun/cognipilot/cranium/install/synapse_tinyframe/share/synapse_tinyframe/cmake/synapse_tinyframeConfig-version.cmake
[0.913s] -- Up-to-date: /home/tharun/cognipilot/cranium/install/synapse_tinyframe/share/synapse_tinyframe/package.xml
[0.926s] Invoked command in '/home/tharun/cognipilot/cranium/build/synapse_tinyframe' returned '0': CMAKE_PREFIX_PATH=${CMAKE_PREFIX_PATH}:/home/tharun/cognipilot/cranium/install/b3rb_ros_line_follower:/opt/ros/humble /usr/bin/cmake --install /home/tharun/cognipilot/cranium/build/synapse_tinyframe
