-- The C compiler identification is GNU 11.4.0
-- The CXX compiler identification is GNU 11.4.0
-- Detecting C compiler ABI info
-- Detecting C compiler ABI info - done
-- Check for working C compiler: /usr/bin/cc - skipped
-- Detecting C compile features
-- Detecting C compile features - done
-- Detecting CXX compiler ABI info
-- Detecting CXX compiler ABI info - done
-- Check for working CXX compiler: /usr/bin/c++ - skipped
-- Detecting CXX compile features
-- Detecting CXX compile features - done
-- Found ament_cmake: 1.3.14 (/opt/ros/humble/share/ament_cmake/cmake)
-- Found Python3: /usr/bin/python3 (found version "3.10.12") found components: Interpreter 
-- Found ament_lint_auto: 0.12.15 (/opt/ros/humble/share/ament_lint_auto/cmake)
-- Added test 'copyright' to check source files copyright and LICENSE
-- Added test 'cppcheck' to perform static code analysis on C / C++ code
-- Configured cppcheck include dirs: $<BUILD_INTERFACE:/home/tharun/cognipilot/cranium/src/synapse_tinyframe/include>;$<BUILD_INTERFACE:/home/tharun/cognipilot/cranium/src/synapse_tinyframe/include/synapse_tinyframe>
-- Configured cppcheck exclude dirs and/or files: 
-- Added test 'cpplint' to check C / C++ code against the Google style
-- Configured cpplint exclude dirs and/or files: 
-- Added test 'flake8' to check Python code syntax and style conventions
-- Added test 'lint_cmake' to check CMake code style
-- Added test 'pep257' to check Python code against some of the docstring style conventions in PEP 257
-- Added test 'uncrustify' to check C / C++ code style
-- Configured uncrustify additional arguments: 
-- Added test 'xmllint' to check XML markup files
-- Configuring done
-- Generating done
-- Build files have been written to: /home/tharun/cognipilot/cranium/build/synapse_tinyframe
[ 33%] [32mBuilding C object CMakeFiles/synapse_tinyframe.dir/src/utils.c.o[0m
[ 66%] [32mBuilding C object CMakeFiles/synapse_tinyframe.dir/src/TinyFrame.c.o[0m
[100%] [32m[1mLinking C static library libsynapse_tinyframe.a[0m
[100%] Built target synapse_tinyframe
-- Install configuration: ""
-- Installing: /home/tharun/cognipilot/cranium/install/synapse_tinyframe/share/synapse_tinyframe/environment/library_path.sh
-- Installing: /home/tharun/cognipilot/cranium/install/synapse_tinyframe/share/synapse_tinyframe/environment/library_path.dsv
-- Installing: /home/tharun/cognipilot/cranium/install/synapse_tinyframe/include
-- Installing: /home/tharun/cognipilot/cranium/install/synapse_tinyframe/include/synapse_tinyframe
-- Installing: /home/tharun/cognipilot/cranium/install/synapse_tinyframe/include/synapse_tinyframe/TinyFrame.h
-- Installing: /home/tharun/cognipilot/cranium/install/synapse_tinyframe/include/synapse_tinyframe/utils.h
-- Installing: /home/tharun/cognipilot/cranium/install/synapse_tinyframe/include/synapse_tinyframe/SynapseTopics.h
-- Installing: /home/tharun/cognipilot/cranium/install/synapse_tinyframe/include/synapse_tinyframe/TF_Config.h
-- Installing: /home/tharun/cognipilot/cranium/install/synapse_tinyframe/lib/libsynapse_tinyframe.a
-- Installing: /home/tharun/cognipilot/cranium/install/synapse_tinyframe/share/ament_index/resource_index/package_run_dependencies/synapse_tinyframe
-- Installing: /home/tharun/cognipilot/cranium/install/synapse_tinyframe/share/ament_index/resource_index/parent_prefix_path/synapse_tinyframe
-- Installing: /home/tharun/cognipilot/cranium/install/synapse_tinyframe/share/synapse_tinyframe/environment/ament_prefix_path.sh
-- Installing: /home/tharun/cognipilot/cranium/install/synapse_tinyframe/share/synapse_tinyframe/environment/ament_prefix_path.dsv
-- Installing: /home/tharun/cognipilot/cranium/install/synapse_tinyframe/share/synapse_tinyframe/environment/path.sh
-- Installing: /home/tharun/cognipilot/cranium/install/synapse_tinyframe/share/synapse_tinyframe/environment/path.dsv
-- Installing: /home/tharun/cognipilot/cranium/install/synapse_tinyframe/share/synapse_tinyframe/local_setup.bash
-- Installing: /home/tharun/cognipilot/cranium/install/synapse_tinyframe/share/synapse_tinyframe/local_setup.sh
-- Installing: /home/tharun/cognipilot/cranium/install/synapse_tinyframe/share/synapse_tinyframe/local_setup.zsh
-- Installing: /home/tharun/cognipilot/cranium/install/synapse_tinyframe/share/synapse_tinyframe/local_setup.dsv
-- Installing: /home/tharun/cognipilot/cranium/install/synapse_tinyframe/share/synapse_tinyframe/package.dsv
-- Installing: /home/tharun/cognipilot/cranium/install/synapse_tinyframe/share/ament_index/resource_index/packages/synapse_tinyframe
-- Installing: /home/tharun/cognipilot/cranium/install/synapse_tinyframe/share/synapse_tinyframe/cmake/synapse_tinyframeExport.cmake
-- Installing: /home/tharun/cognipilot/cranium/install/synapse_tinyframe/share/synapse_tinyframe/cmake/synapse_tinyframeExport-noconfig.cmake
-- Installing: /home/tharun/cognipilot/cranium/install/synapse_tinyframe/share/synapse_tinyframe/cmake/ament_cmake_export_targets-extras.cmake
-- Installing: /home/tharun/cognipilot/cranium/install/synapse_tinyframe/share/synapse_tinyframe/cmake/synapse_tinyframeConfig.cmake
-- Installing: /home/tharun/cognipilot/cranium/install/synapse_tinyframe/share/synapse_tinyframe/cmake/synapse_tinyframeConfig-version.cmake
-- Installing: /home/tharun/cognipilot/cranium/install/synapse_tinyframe/share/synapse_tinyframe/package.xml
