[0.029s] Invoking command in '/home/tharun/cognipilot/cranium/build/cerebri_bringup': CMAKE_PREFIX_PATH=${CMAKE_PREFIX_PATH}:/opt/ros/humble /usr/bin/cmake /home/tharun/cognipilot/cranium/src/cerebri_bringup -DCMAKE_INSTALL_PREFIX=/home/tharun/cognipilot/cranium/install/cerebri_bringup
[0.777s] -- The C compiler identification is GNU 11.4.0
[0.777s] -- The CXX compiler identification is GNU 11.4.0
[0.777s] -- Detecting C compiler ABI info
[0.777s] -- Detecting C compiler ABI info - done
[0.777s] -- Check for working C compiler: /usr/bin/cc - skipped
[0.777s] -- Detecting C compile features
[0.777s] -- Detecting C compile features - done
[0.777s] -- Detecting CXX compiler ABI info
[0.777s] -- Detecting CXX compiler ABI info - done
[0.777s] -- Check for working CXX compiler: /usr/bin/c++ - skipped
[0.777s] -- Detecting CXX compile features
[0.777s] -- Detecting CXX compile features - done
[0.777s] -- Found ament_cmake: 1.3.14 (/opt/ros/humble/share/ament_cmake/cmake)
[0.778s] -- Found Python3: /usr/bin/python3 (found version "3.10.12") found components: Interpreter 
[0.778s] -- Found ament_lint_auto: 0.12.15 (/opt/ros/humble/share/ament_lint_auto/cmake)
[0.778s] -- Added test 'copyright' to check source files copyright and LICENSE
[0.778s] -- Added test 'flake8' to check Python code syntax and style conventions
[0.778s] -- Added test 'lint_cmake' to check CMake code style
[0.778s] -- Added test 'pep257' to check Python code against some of the docstring style conventions in PEP 257
[0.778s] -- Added test 'xmllint' to check XML markup files
[0.778s] -- Configuring done
[0.784s] -- Generating done
[0.787s] -- Build files have been written to: /home/tharun/cognipilot/cranium/build/cerebri_bringup
[0.789s] Invoked command in '/home/tharun/cognipilot/cranium/build/cerebri_bringup' returned '0': CMAKE_PREFIX_PATH=${CMAKE_PREFIX_PATH}:/opt/ros/humble /usr/bin/cmake /home/tharun/cognipilot/cranium/src/cerebri_bringup -DCMAKE_INSTALL_PREFIX=/home/tharun/cognipilot/cranium/install/cerebri_bringup
[0.790s] Invoking command in '/home/tharun/cognipilot/cranium/build/cerebri_bringup': CMAKE_PREFIX_PATH=${CMAKE_PREFIX_PATH}:/opt/ros/humble /usr/bin/cmake --build /home/tharun/cognipilot/cranium/build/cerebri_bringup -- -j12 -l12
[0.839s] Invoked command in '/home/tharun/cognipilot/cranium/build/cerebri_bringup' returned '0': CMAKE_PREFIX_PATH=${CMAKE_PREFIX_PATH}:/opt/ros/humble /usr/bin/cmake --build /home/tharun/cognipilot/cranium/build/cerebri_bringup -- -j12 -l12
[0.852s] Invoking command in '/home/tharun/cognipilot/cranium/build/cerebri_bringup': CMAKE_PREFIX_PATH=${CMAKE_PREFIX_PATH}:/opt/ros/humble /usr/bin/cmake --install /home/tharun/cognipilot/cranium/build/cerebri_bringup
[0.859s] -- Install configuration: ""
[0.859s] -- Installing: /home/tharun/cognipilot/cranium/install/cerebri_bringup/share/cerebri_bringup/launch
[0.859s] -- Installing: /home/tharun/cognipilot/cranium/install/cerebri_bringup/share/cerebri_bringup/launch/cerebri.launch.py
[0.859s] -- Installing: /home/tharun/cognipilot/cranium/install/cerebri_bringup/share/ament_index/resource_index/package_run_dependencies/cerebri_bringup
[0.859s] -- Installing: /home/tharun/cognipilot/cranium/install/cerebri_bringup/share/ament_index/resource_index/parent_prefix_path/cerebri_bringup
[0.859s] -- Installing: /home/tharun/cognipilot/cranium/install/cerebri_bringup/share/cerebri_bringup/environment/ament_prefix_path.sh
[0.859s] -- Installing: /home/tharun/cognipilot/cranium/install/cerebri_bringup/share/cerebri_bringup/environment/ament_prefix_path.dsv
[0.859s] -- Installing: /home/tharun/cognipilot/cranium/install/cerebri_bringup/share/cerebri_bringup/environment/path.sh
[0.861s] -- Installing: /home/tharun/cognipilot/cranium/install/cerebri_bringup/share/cerebri_bringup/environment/path.dsv
[0.863s] -- Installing: /home/tharun/cognipilot/cranium/install/cerebri_bringup/share/cerebri_bringup/local_setup.bash
[0.863s] -- Installing: /home/tharun/cognipilot/cranium/install/cerebri_bringup/share/cerebri_bringup/local_setup.sh
[0.863s] -- Installing: /home/tharun/cognipilot/cranium/install/cerebri_bringup/share/cerebri_bringup/local_setup.zsh
[0.863s] -- Installing: /home/tharun/cognipilot/cranium/install/cerebri_bringup/share/cerebri_bringup/local_setup.dsv
[0.865s] -- Installing: /home/tharun/cognipilot/cranium/install/cerebri_bringup/share/cerebri_bringup/package.dsv
[0.865s] -- Installing: /home/tharun/cognipilot/cranium/install/cerebri_bringup/share/ament_index/resource_index/packages/cerebri_bringup
[0.866s] -- Installing: /home/tharun/cognipilot/cranium/install/cerebri_bringup/share/cerebri_bringup/cmake/cerebri_bringupConfig.cmake
[0.866s] -- Installing: /home/tharun/cognipilot/cranium/install/cerebri_bringup/share/cerebri_bringup/cmake/cerebri_bringupConfig-version.cmake
[0.866s] -- Installing: /home/tharun/cognipilot/cranium/install/cerebri_bringup/share/cerebri_bringup/package.xml
[0.874s] Invoked command in '/home/tharun/cognipilot/cranium/build/cerebri_bringup' returned '0': CMAKE_PREFIX_PATH=${CMAKE_PREFIX_PATH}:/opt/ros/humble /usr/bin/cmake --install /home/tharun/cognipilot/cranium/build/cerebri_bringup
