[0.027s] Invoking command in '/home/tharun/cognipilot/cranium/build/b3rb_description': CMAKE_PREFIX_PATH=${CMAKE_PREFIX_PATH}:/opt/ros/humble /usr/bin/cmake /home/tharun/cognipilot/cranium/src/b3rb/b3rb_description -DCMAKE_INSTALL_PREFIX=/home/tharun/cognipilot/cranium/install/b3rb_description
[0.095s] -- The C compiler identification is GNU 11.4.0
[0.170s] -- The CXX compiler identification is GNU 11.4.0
[0.181s] -- Detecting C compiler ABI info
[0.262s] -- Detecting C compiler ABI info - done
[0.270s] -- Check for working C compiler: /usr/bin/cc - skipped
[0.275s] -- Detecting C compile features
[0.275s] -- Detecting C compile features - done
[0.277s] -- Detecting CXX compiler ABI info
[0.372s] -- Detecting CXX compiler ABI info - done
[0.378s] -- Check for working CXX compiler: /usr/bin/c++ - skipped
[0.379s] -- Detecting CXX compile features
[0.379s] -- Detecting CXX compile features - done
[0.381s] -- Found ament_cmake: 1.3.14 (/opt/ros/humble/share/ament_cmake/cmake)
[0.561s] -- Found Python3: /usr/bin/python3 (found version "3.10.12") found components: Interpreter 
[0.687s] -- Found urdf: 2.6.1 (/opt/ros/humble/share/urdf/cmake)
[0.735s] -- Found ament_lint_auto: 0.12.15 (/opt/ros/humble/share/ament_lint_auto/cmake)
[0.850s] -- Added test 'flake8' to check Python code syntax and style conventions
[0.851s] -- Added test 'lint_cmake' to check CMake code style
[0.851s] -- Added test 'pep257' to check Python code against some of the docstring style conventions in PEP 257
[0.853s] -- Added test 'xmllint' to check XML markup files
[0.854s] -- Configuring done
[0.857s] -- Generating done
[0.861s] -- Build files have been written to: /home/tharun/cognipilot/cranium/build/b3rb_description
[0.876s] Invoked command in '/home/tharun/cognipilot/cranium/build/b3rb_description' returned '0': CMAKE_PREFIX_PATH=${CMAKE_PREFIX_PATH}:/opt/ros/humble /usr/bin/cmake /home/tharun/cognipilot/cranium/src/b3rb/b3rb_description -DCMAKE_INSTALL_PREFIX=/home/tharun/cognipilot/cranium/install/b3rb_description
[0.878s] Invoking command in '/home/tharun/cognipilot/cranium/build/b3rb_description': CMAKE_PREFIX_PATH=${CMAKE_PREFIX_PATH}:/opt/ros/humble /usr/bin/cmake --build /home/tharun/cognipilot/cranium/build/b3rb_description -- -j12 -l12
[0.952s] Invoked command in '/home/tharun/cognipilot/cranium/build/b3rb_description' returned '0': CMAKE_PREFIX_PATH=${CMAKE_PREFIX_PATH}:/opt/ros/humble /usr/bin/cmake --build /home/tharun/cognipilot/cranium/build/b3rb_description -- -j12 -l12
[0.953s] Invoking command in '/home/tharun/cognipilot/cranium/build/b3rb_description': CMAKE_PREFIX_PATH=${CMAKE_PREFIX_PATH}:/opt/ros/humble /usr/bin/cmake --install /home/tharun/cognipilot/cranium/build/b3rb_description
[0.959s] -- Install configuration: ""
[0.959s] -- Installing: /home/tharun/cognipilot/cranium/install/b3rb_description/share/b3rb_description/launch
[0.959s] -- Installing: /home/tharun/cognipilot/cranium/install/b3rb_description/share/b3rb_description/launch/robot_description.launch.py
[0.959s] -- Installing: /home/tharun/cognipilot/cranium/install/b3rb_description/share/b3rb_description/meshes
[0.959s] -- Installing: /home/tharun/cognipilot/cranium/install/b3rb_description/share/b3rb_description/meshes/wheel.dae
[0.960s] -- Installing: /home/tharun/cognipilot/cranium/install/b3rb_description/share/b3rb_description/meshes/STL27L.dae
[0.963s] -- Installing: /home/tharun/cognipilot/cranium/install/b3rb_description/share/b3rb_description/meshes/b3rb.dae
[0.964s] -- Installing: /home/tharun/cognipilot/cranium/install/b3rb_description/share/b3rb_description/urdf
[0.965s] -- Installing: /home/tharun/cognipilot/cranium/install/b3rb_description/share/b3rb_description/urdf/b3rb.urdf
[0.965s] -- Installing: /home/tharun/cognipilot/cranium/install/b3rb_description/share/ament_index/resource_index/package_run_dependencies/b3rb_description
[0.965s] -- Installing: /home/tharun/cognipilot/cranium/install/b3rb_description/share/ament_index/resource_index/parent_prefix_path/b3rb_description
[0.965s] -- Installing: /home/tharun/cognipilot/cranium/install/b3rb_description/share/b3rb_description/environment/ament_prefix_path.sh
[0.965s] -- Installing: /home/tharun/cognipilot/cranium/install/b3rb_description/share/b3rb_description/environment/ament_prefix_path.dsv
[0.965s] -- Installing: /home/tharun/cognipilot/cranium/install/b3rb_description/share/b3rb_description/environment/path.sh
[0.965s] -- Installing: /home/tharun/cognipilot/cranium/install/b3rb_description/share/b3rb_description/environment/path.dsv
[0.966s] -- Installing: /home/tharun/cognipilot/cranium/install/b3rb_description/share/b3rb_description/local_setup.bash
[0.966s] -- Installing: /home/tharun/cognipilot/cranium/install/b3rb_description/share/b3rb_description/local_setup.sh
[0.966s] -- Installing: /home/tharun/cognipilot/cranium/install/b3rb_description/share/b3rb_description/local_setup.zsh
[0.966s] -- Installing: /home/tharun/cognipilot/cranium/install/b3rb_description/share/b3rb_description/local_setup.dsv
[0.966s] -- Installing: /home/tharun/cognipilot/cranium/install/b3rb_description/share/b3rb_description/package.dsv
[0.966s] -- Installing: /home/tharun/cognipilot/cranium/install/b3rb_description/share/ament_index/resource_index/packages/b3rb_description
[0.966s] -- Installing: /home/tharun/cognipilot/cranium/install/b3rb_description/share/b3rb_description/cmake/b3rb_descriptionConfig.cmake
[0.966s] -- Installing: /home/tharun/cognipilot/cranium/install/b3rb_description/share/b3rb_description/cmake/b3rb_descriptionConfig-version.cmake
[0.966s] -- Installing: /home/tharun/cognipilot/cranium/install/b3rb_description/share/b3rb_description/package.xml
[0.979s] Invoked command in '/home/tharun/cognipilot/cranium/build/b3rb_description' returned '0': CMAKE_PREFIX_PATH=${CMAKE_PREFIX_PATH}:/opt/ros/humble /usr/bin/cmake --install /home/tharun/cognipilot/cranium/build/b3rb_description
