[0.037s] Invoking command in '/home/tharun/cognipilot/cranium/build/cerebri_bringup': CMAKE_PREFIX_PATH=${CMAKE_PREFIX_PATH}:/home/tharun/cognipilot/cranium/install/b3rb_ros_line_follower:/opt/ros/humble /usr/bin/cmake --build /home/tharun/cognipilot/cranium/build/cerebri_bringup -- -j12 -l12
[0.127s] Invoked command in '/home/tharun/cognipilot/cranium/build/cerebri_bringup' returned '0': CMAKE_PREFIX_PATH=${CMAKE_PREFIX_PATH}:/home/tharun/cognipilot/cranium/install/b3rb_ros_line_follower:/opt/ros/humble /usr/bin/cmake --build /home/tharun/cognipilot/cranium/build/cerebri_bringup -- -j12 -l12
[0.127s] Invoking command in '/home/tharun/cognipilot/cranium/build/cerebri_bringup': CMAKE_PREFIX_PATH=${CMAKE_PREFIX_PATH}:/home/tharun/cognipilot/cranium/install/b3rb_ros_line_follower:/opt/ros/humble /usr/bin/cmake --install /home/tharun/cognipilot/cranium/build/cerebri_bringup
[0.157s] -- Install configuration: ""
[0.157s] -- Up-to-date: /home/tharun/cognipilot/cranium/install/cerebri_bringup/share/cerebri_bringup/launch
[0.157s] -- Up-to-date: /home/tharun/cognipilot/cranium/install/cerebri_bringup/share/cerebri_bringup/launch/cerebri.launch.py
[0.157s] -- Up-to-date: /home/tharun/cognipilot/cranium/install/cerebri_bringup/share/ament_index/resource_index/package_run_dependencies/cerebri_bringup
[0.157s] -- Up-to-date: /home/tharun/cognipilot/cranium/install/cerebri_bringup/share/ament_index/resource_index/parent_prefix_path/cerebri_bringup
[0.157s] -- Up-to-date: /home/tharun/cognipilot/cranium/install/cerebri_bringup/share/cerebri_bringup/environment/ament_prefix_path.sh
[0.157s] -- Up-to-date: /home/tharun/cognipilot/cranium/install/cerebri_bringup/share/cerebri_bringup/environment/ament_prefix_path.dsv
[0.157s] -- Up-to-date: /home/tharun/cognipilot/cranium/install/cerebri_bringup/share/cerebri_bringup/environment/path.sh
[0.157s] -- Up-to-date: /home/tharun/cognipilot/cranium/install/cerebri_bringup/share/cerebri_bringup/environment/path.dsv
[0.157s] -- Up-to-date: /home/tharun/cognipilot/cranium/install/cerebri_bringup/share/cerebri_bringup/local_setup.bash
[0.157s] -- Up-to-date: /home/tharun/cognipilot/cranium/install/cerebri_bringup/share/cerebri_bringup/local_setup.sh
[0.157s] -- Up-to-date: /home/tharun/cognipilot/cranium/install/cerebri_bringup/share/cerebri_bringup/local_setup.zsh
[0.157s] -- Up-to-date: /home/tharun/cognipilot/cranium/install/cerebri_bringup/share/cerebri_bringup/local_setup.dsv
[0.157s] -- Installing: /home/tharun/cognipilot/cranium/install/cerebri_bringup/share/cerebri_bringup/package.dsv
[0.157s] -- Up-to-date: /home/tharun/cognipilot/cranium/install/cerebri_bringup/share/ament_index/resource_index/packages/cerebri_bringup
[0.157s] -- Up-to-date: /home/tharun/cognipilot/cranium/install/cerebri_bringup/share/cerebri_bringup/cmake/cerebri_bringupConfig.cmake
[0.157s] -- Up-to-date: /home/tharun/cognipilot/cranium/install/cerebri_bringup/share/cerebri_bringup/cmake/cerebri_bringupConfig-version.cmake
[0.157s] -- Up-to-date: /home/tharun/cognipilot/cranium/install/cerebri_bringup/share/cerebri_bringup/package.xml
[0.202s] Invoked command in '/home/tharun/cognipilot/cranium/build/cerebri_bringup' returned '0': CMAKE_PREFIX_PATH=${CMAKE_PREFIX_PATH}:/home/tharun/cognipilot/cranium/install/b3rb_ros_line_follower:/opt/ros/humble /usr/bin/cmake --install /home/tharun/cognipilot/cranium/build/cerebri_bringup
