[0.037s] Invoking command in '/home/tharun/cognipilot/cranium/build/b3rb_rviz': CMAKE_PREFIX_PATH=${CMAKE_PREFIX_PATH}:/home/tharun/cognipilot/cranium/install/b3rb_ros_line_follower:/opt/ros/humble /usr/bin/cmake --build /home/tharun/cognipilot/cranium/build/b3rb_rviz -- -j12 -l12
[0.066s] -- Found ament_cmake: 1.3.14 (/opt/ros/humble/share/ament_cmake/cmake)
[0.314s] -- Found ament_lint_auto: 0.12.15 (/opt/ros/humble/share/ament_lint_auto/cmake)
[0.373s] -- Added test 'flake8' to check Python code syntax and style conventions
[0.374s] -- Added test 'lint_cmake' to check CMake code style
[0.375s] -- Added test 'pep257' to check Python code against some of the docstring style conventions in PEP 257
[0.376s] -- Added test 'xmllint' to check XML markup files
[0.376s] -- Configuring done
[0.377s] -- Generating done
[0.378s] -- Build files have been written to: /home/tharun/cognipilot/cranium/build/b3rb_rviz
[0.396s] Invoked command in '/home/tharun/cognipilot/cranium/build/b3rb_rviz' returned '0': CMAKE_PREFIX_PATH=${CMAKE_PREFIX_PATH}:/home/tharun/cognipilot/cranium/install/b3rb_ros_line_follower:/opt/ros/humble /usr/bin/cmake --build /home/tharun/cognipilot/cranium/build/b3rb_rviz -- -j12 -l12
[0.398s] Invoking command in '/home/tharun/cognipilot/cranium/build/b3rb_rviz': CMAKE_PREFIX_PATH=${CMAKE_PREFIX_PATH}:/home/tharun/cognipilot/cranium/install/b3rb_ros_line_follower:/opt/ros/humble /usr/bin/cmake --install /home/tharun/cognipilot/cranium/build/b3rb_rviz
[0.406s] -- Install configuration: ""
[0.406s] -- Up-to-date: /home/tharun/cognipilot/cranium/install/b3rb_rviz/share/b3rb_rviz/rviz
[0.406s] -- Up-to-date: /home/tharun/cognipilot/cranium/install/b3rb_rviz/share/b3rb_rviz/rviz/nav2
[0.406s] -- Installing: /home/tharun/cognipilot/cranium/install/b3rb_rviz/share/b3rb_rviz/rviz/nav2/robot.rviz
[0.407s] -- Up-to-date: /home/tharun/cognipilot/cranium/install/b3rb_rviz/share/b3rb_rviz/launch
[0.407s] -- Installing: /home/tharun/cognipilot/cranium/install/b3rb_rviz/share/b3rb_rviz/launch/view_robot.launch.py
[0.407s] -- Installing: /home/tharun/cognipilot/cranium/install/b3rb_rviz/share/ament_index/resource_index/package_run_dependencies/b3rb_rviz
[0.407s] -- Installing: /home/tharun/cognipilot/cranium/install/b3rb_rviz/share/ament_index/resource_index/parent_prefix_path/b3rb_rviz
[0.407s] -- Installing: /home/tharun/cognipilot/cranium/install/b3rb_rviz/share/b3rb_rviz/environment/ament_prefix_path.sh
[0.407s] -- Installing: /home/tharun/cognipilot/cranium/install/b3rb_rviz/share/b3rb_rviz/environment/ament_prefix_path.dsv
[0.407s] -- Installing: /home/tharun/cognipilot/cranium/install/b3rb_rviz/share/b3rb_rviz/environment/path.sh
[0.407s] -- Installing: /home/tharun/cognipilot/cranium/install/b3rb_rviz/share/b3rb_rviz/environment/path.dsv
[0.407s] -- Up-to-date: /home/tharun/cognipilot/cranium/install/b3rb_rviz/share/b3rb_rviz/local_setup.bash
[0.407s] -- Up-to-date: /home/tharun/cognipilot/cranium/install/b3rb_rviz/share/b3rb_rviz/local_setup.sh
[0.407s] -- Up-to-date: /home/tharun/cognipilot/cranium/install/b3rb_rviz/share/b3rb_rviz/local_setup.zsh
[0.407s] -- Installing: /home/tharun/cognipilot/cranium/install/b3rb_rviz/share/b3rb_rviz/local_setup.dsv
[0.408s] -- Installing: /home/tharun/cognipilot/cranium/install/b3rb_rviz/share/b3rb_rviz/package.dsv
[0.410s] -- Installing: /home/tharun/cognipilot/cranium/install/b3rb_rviz/share/ament_index/resource_index/packages/b3rb_rviz
[0.410s] -- Up-to-date: /home/tharun/cognipilot/cranium/install/b3rb_rviz/share/b3rb_rviz/cmake/b3rb_rvizConfig.cmake
[0.410s] -- Up-to-date: /home/tharun/cognipilot/cranium/install/b3rb_rviz/share/b3rb_rviz/cmake/b3rb_rvizConfig-version.cmake
[0.411s] -- Installing: /home/tharun/cognipilot/cranium/install/b3rb_rviz/share/b3rb_rviz/package.xml
[0.413s] Invoked command in '/home/tharun/cognipilot/cranium/build/b3rb_rviz' returned '0': CMAKE_PREFIX_PATH=${CMAKE_PREFIX_PATH}:/home/tharun/cognipilot/cranium/install/b3rb_ros_line_follower:/opt/ros/humble /usr/bin/cmake --install /home/tharun/cognipilot/cranium/build/b3rb_rviz
