[0.016s] Invoking command in '/home/tharun/cognipilot/cranium/build/synapse_gz': CMAKE_PREFIX_PATH=/home/tharun/cognipilot/cranium/install/synapse_tinyframe:/home/tharun/cognipilot/cranium/install/synapse_protobuf:/home/tharun/cognipilot/cranium/install/synapse_ros:/home/tharun/cognipilot/cranium/install/synapse_gz:/home/tharun/cognipilot/cranium/install/corti:/home/tharun/cognipilot/cranium/install/synapse_msgs:/home/tharun/cognipilot/cranium/install/dream_world:/home/tharun/cognipilot/cranium/install/cerebri_bringup:/home/tharun/cognipilot/cranium/install/b3rb_simulator:/home/tharun/cognipilot/cranium/install/b3rb_desktop:/home/tharun/cognipilot/cranium/install/b3rb_rviz:/home/tharun/cognipilot/cranium/install/b3rb_nav2:/home/tharun/cognipilot/cranium/install/b3rb_gz_resource:/home/tharun/cognipilot/cranium/install/b3rb_gz_bringup:/home/tharun/cognipilot/cranium/install/b3rb_description:/home/tharun/cognipilot/electrode/install/electrode:/home/tharun/cognipilot/cranium/install/b3rb_ros_line_follower:/opt/ros/humble /usr/bin/cmake /home/tharun/cognipilot/cranium/src/synapse_gz -DCMAKE_INSTALL_PREFIX=/home/tharun/cognipilot/cranium/install/synapse_gz
[0.031s] -- Found rclcpp: 16.0.19 (/opt/ros/humble/share/rclcpp/cmake)
[0.132s] -- Override CMake install command with custom implementation using symlinks instead of copying resources
[0.161s] -- Found rosidl_generator_c: 3.1.9 (/opt/ros/humble/share/rosidl_generator_c/cmake)
[0.163s] -- Found rosidl_adapter: 3.1.9 (/opt/ros/humble/share/rosidl_adapter/cmake)
[0.167s] -- Found rosidl_generator_cpp: 3.1.9 (/opt/ros/humble/share/rosidl_generator_cpp/cmake)
[0.174s] -- Using all available rosidl_typesupport_c: rosidl_typesupport_fastrtps_c;rosidl_typesupport_introspection_c
[0.184s] -- Using all available rosidl_typesupport_cpp: rosidl_typesupport_fastrtps_cpp;rosidl_typesupport_introspection_cpp
[0.206s] -- Found rmw_implementation_cmake: 6.1.3 (/opt/ros/humble/share/rmw_implementation_cmake/cmake)
[0.207s] -- Found rmw_cyclonedds_cpp: 1.3.4 (/opt/ros/humble/share/rmw_cyclonedds_cpp/cmake)
[0.219s] -- Using RMW implementation 'rmw_cyclonedds_cpp' as default
[0.253s] -- Found synapse_protobuf: 0.0.0 (/home/tharun/cognipilot/cranium/install/synapse_protobuf/share/synapse_protobuf/cmake)
[0.260s] -- Found synapse_tinyframe: 0.0.0 (/home/tharun/cognipilot/cranium/install/synapse_tinyframe/share/synapse_tinyframe/cmake)
[0.261s] -- Looking for gz-transport13 -- found version 13.5.0
[0.265s] -- Searching for dependencies of gz-transport13
[0.285s] -- Config-file not installed for ZeroMQ -- checking for pkg-config
[0.290s] -- Checking for module 'libzmq >= 4'
[0.303s] --   Found libzmq , version 4.3.4
[0.344s] -- Checking for module 'uuid'
[0.358s] --   Found uuid, version 2.37.2
[0.384s] -- Looking for gz-utils2 -- found version 2.2.1
[0.384s] -- Searching for dependencies of gz-utils2
[0.385s] -- Searching for <gz-utils2> component [cli]
[0.385s] -- Looking for gz-utils2-cli -- found version 2.2.1
[0.385s] -- Searching for dependencies of gz-utils2-cli
[0.386s] -- Looking for gz-msgs10 -- found version 10.4.0
[0.386s] -- Searching for dependencies of gz-msgs10
[0.400s] -- Looking for gz-utils2 -- found version 2.2.1
[0.400s] -- Looking for gz-math7 -- found version 7.6.0
[0.400s] -- Searching for dependencies of gz-math7
[0.401s] -- Looking for gz-utils2 -- found version 2.2.1
[0.406s] -- Checking for module 'tinyxml2'
[0.418s] --   Found tinyxml2, version 9.0.0
[0.455s] -- Found ament_lint_auto: 0.12.15 (/opt/ros/humble/share/ament_lint_auto/cmake)
[0.502s] -- Added test 'copyright' to check source files copyright and LICENSE
[0.502s] -- Added test 'cppcheck' to perform static code analysis on C / C++ code
[0.502s] -- Configured cppcheck include dirs: /home/tharun/cognipilot/cranium/src/synapse_gz/src/clients
[0.502s] -- Configured cppcheck exclude dirs and/or files: 
[0.503s] -- Added test 'cpplint' to check C / C++ code against the Google style
[0.503s] -- Configured cpplint exclude dirs and/or files: 
[0.503s] -- Added test 'flake8' to check Python code syntax and style conventions
[0.503s] -- Added test 'lint_cmake' to check CMake code style
[0.504s] -- Added test 'pep257' to check Python code against some of the docstring style conventions in PEP 257
[0.504s] -- Added test 'uncrustify' to check C / C++ code style
[0.504s] -- Configured uncrustify additional arguments: 
[0.504s] -- Added test 'xmllint' to check XML markup files
[0.505s] -- Configuring done
[0.511s] -- Generating done
[0.513s] -- Build files have been written to: /home/tharun/cognipilot/cranium/build/synapse_gz
[0.519s] Invoked command in '/home/tharun/cognipilot/cranium/build/synapse_gz' returned '0': CMAKE_PREFIX_PATH=/home/tharun/cognipilot/cranium/install/synapse_tinyframe:/home/tharun/cognipilot/cranium/install/synapse_protobuf:/home/tharun/cognipilot/cranium/install/synapse_ros:/home/tharun/cognipilot/cranium/install/synapse_gz:/home/tharun/cognipilot/cranium/install/corti:/home/tharun/cognipilot/cranium/install/synapse_msgs:/home/tharun/cognipilot/cranium/install/dream_world:/home/tharun/cognipilot/cranium/install/cerebri_bringup:/home/tharun/cognipilot/cranium/install/b3rb_simulator:/home/tharun/cognipilot/cranium/install/b3rb_desktop:/home/tharun/cognipilot/cranium/install/b3rb_rviz:/home/tharun/cognipilot/cranium/install/b3rb_nav2:/home/tharun/cognipilot/cranium/install/b3rb_gz_resource:/home/tharun/cognipilot/cranium/install/b3rb_gz_bringup:/home/tharun/cognipilot/cranium/install/b3rb_description:/home/tharun/cognipilot/electrode/install/electrode:/home/tharun/cognipilot/cranium/install/b3rb_ros_line_follower:/opt/ros/humble /usr/bin/cmake /home/tharun/cognipilot/cranium/src/synapse_gz -DCMAKE_INSTALL_PREFIX=/home/tharun/cognipilot/cranium/install/synapse_gz
[0.521s] Invoking command in '/home/tharun/cognipilot/cranium/build/synapse_gz': CMAKE_PREFIX_PATH=/home/tharun/cognipilot/cranium/install/synapse_tinyframe:/home/tharun/cognipilot/cranium/install/synapse_protobuf:/home/tharun/cognipilot/cranium/install/synapse_ros:/home/tharun/cognipilot/cranium/install/synapse_gz:/home/tharun/cognipilot/cranium/install/corti:/home/tharun/cognipilot/cranium/install/synapse_msgs:/home/tharun/cognipilot/cranium/install/dream_world:/home/tharun/cognipilot/cranium/install/cerebri_bringup:/home/tharun/cognipilot/cranium/install/b3rb_simulator:/home/tharun/cognipilot/cranium/install/b3rb_desktop:/home/tharun/cognipilot/cranium/install/b3rb_rviz:/home/tharun/cognipilot/cranium/install/b3rb_nav2:/home/tharun/cognipilot/cranium/install/b3rb_gz_resource:/home/tharun/cognipilot/cranium/install/b3rb_gz_bringup:/home/tharun/cognipilot/cranium/install/b3rb_description:/home/tharun/cognipilot/electrode/install/electrode:/home/tharun/cognipilot/cranium/install/b3rb_ros_line_follower:/opt/ros/humble /usr/bin/cmake --build /home/tharun/cognipilot/cranium/build/synapse_gz -- -j12 -l12
[0.558s] [35m[1mConsolidate compiler generated dependencies of target synapse_gz[0m
[0.582s] [100%] Built target synapse_gz
[0.594s] Invoked command in '/home/tharun/cognipilot/cranium/build/synapse_gz' returned '0': CMAKE_PREFIX_PATH=/home/tharun/cognipilot/cranium/install/synapse_tinyframe:/home/tharun/cognipilot/cranium/install/synapse_protobuf:/home/tharun/cognipilot/cranium/install/synapse_ros:/home/tharun/cognipilot/cranium/install/synapse_gz:/home/tharun/cognipilot/cranium/install/corti:/home/tharun/cognipilot/cranium/install/synapse_msgs:/home/tharun/cognipilot/cranium/install/dream_world:/home/tharun/cognipilot/cranium/install/cerebri_bringup:/home/tharun/cognipilot/cranium/install/b3rb_simulator:/home/tharun/cognipilot/cranium/install/b3rb_desktop:/home/tharun/cognipilot/cranium/install/b3rb_rviz:/home/tharun/cognipilot/cranium/install/b3rb_nav2:/home/tharun/cognipilot/cranium/install/b3rb_gz_resource:/home/tharun/cognipilot/cranium/install/b3rb_gz_bringup:/home/tharun/cognipilot/cranium/install/b3rb_description:/home/tharun/cognipilot/electrode/install/electrode:/home/tharun/cognipilot/cranium/install/b3rb_ros_line_follower:/opt/ros/humble /usr/bin/cmake --build /home/tharun/cognipilot/cranium/build/synapse_gz -- -j12 -l12
[0.596s] Invoking command in '/home/tharun/cognipilot/cranium/build/synapse_gz': CMAKE_PREFIX_PATH=/home/tharun/cognipilot/cranium/install/synapse_tinyframe:/home/tharun/cognipilot/cranium/install/synapse_protobuf:/home/tharun/cognipilot/cranium/install/synapse_ros:/home/tharun/cognipilot/cranium/install/synapse_gz:/home/tharun/cognipilot/cranium/install/corti:/home/tharun/cognipilot/cranium/install/synapse_msgs:/home/tharun/cognipilot/cranium/install/dream_world:/home/tharun/cognipilot/cranium/install/cerebri_bringup:/home/tharun/cognipilot/cranium/install/b3rb_simulator:/home/tharun/cognipilot/cranium/install/b3rb_desktop:/home/tharun/cognipilot/cranium/install/b3rb_rviz:/home/tharun/cognipilot/cranium/install/b3rb_nav2:/home/tharun/cognipilot/cranium/install/b3rb_gz_resource:/home/tharun/cognipilot/cranium/install/b3rb_gz_bringup:/home/tharun/cognipilot/cranium/install/b3rb_description:/home/tharun/cognipilot/electrode/install/electrode:/home/tharun/cognipilot/cranium/install/b3rb_ros_line_follower:/opt/ros/humble /usr/bin/cmake --install /home/tharun/cognipilot/cranium/build/synapse_gz
[0.600s] -- Install configuration: ""
[0.601s] -- Execute custom install script
[0.601s] -- Symlinking: /home/tharun/cognipilot/cranium/install/synapse_gz/lib/synapse_gz/synapse_gz
[0.608s] -- Symlinking: /home/tharun/cognipilot/cranium/install/synapse_gz/share/synapse_gz/launch/synapse_gz.launch.py
[0.618s] -- Symlinking: /home/tharun/cognipilot/cranium/install/synapse_gz/share/ament_index/resource_index/package_run_dependencies/synapse_gz
[0.624s] -- Symlinking: /home/tharun/cognipilot/cranium/install/synapse_gz/share/ament_index/resource_index/parent_prefix_path/synapse_gz
[0.630s] -- Symlinking: /home/tharun/cognipilot/cranium/install/synapse_gz/share/synapse_gz/environment/ament_prefix_path.sh
[0.637s] -- Symlinking: /home/tharun/cognipilot/cranium/install/synapse_gz/share/synapse_gz/environment/ament_prefix_path.dsv
[0.646s] -- Symlinking: /home/tharun/cognipilot/cranium/install/synapse_gz/share/synapse_gz/environment/path.sh
[0.657s] -- Symlinking: /home/tharun/cognipilot/cranium/install/synapse_gz/share/synapse_gz/environment/path.dsv
[0.665s] -- Symlinking: /home/tharun/cognipilot/cranium/install/synapse_gz/share/synapse_gz/local_setup.bash
[0.672s] -- Symlinking: /home/tharun/cognipilot/cranium/install/synapse_gz/share/synapse_gz/local_setup.sh
[0.678s] -- Symlinking: /home/tharun/cognipilot/cranium/install/synapse_gz/share/synapse_gz/local_setup.zsh
[0.686s] -- Symlinking: /home/tharun/cognipilot/cranium/install/synapse_gz/share/synapse_gz/local_setup.dsv
[0.693s] -- Symlinking: /home/tharun/cognipilot/cranium/install/synapse_gz/share/synapse_gz/package.dsv
[0.701s] -- Symlinking: /home/tharun/cognipilot/cranium/install/synapse_gz/share/ament_index/resource_index/packages/synapse_gz
[0.708s] -- Symlinking: /home/tharun/cognipilot/cranium/install/synapse_gz/share/synapse_gz/cmake/synapse_gzConfig.cmake
[0.714s] -- Symlinking: /home/tharun/cognipilot/cranium/install/synapse_gz/share/synapse_gz/cmake/synapse_gzConfig-version.cmake
[0.723s] -- Symlinking: /home/tharun/cognipilot/cranium/install/synapse_gz/share/synapse_gz/package.xml
[0.733s] Invoked command in '/home/tharun/cognipilot/cranium/build/synapse_gz' returned '0': CMAKE_PREFIX_PATH=/home/tharun/cognipilot/cranium/install/synapse_tinyframe:/home/tharun/cognipilot/cranium/install/synapse_protobuf:/home/tharun/cognipilot/cranium/install/synapse_ros:/home/tharun/cognipilot/cranium/install/synapse_gz:/home/tharun/cognipilot/cranium/install/corti:/home/tharun/cognipilot/cranium/install/synapse_msgs:/home/tharun/cognipilot/cranium/install/dream_world:/home/tharun/cognipilot/cranium/install/cerebri_bringup:/home/tharun/cognipilot/cranium/install/b3rb_simulator:/home/tharun/cognipilot/cranium/install/b3rb_desktop:/home/tharun/cognipilot/cranium/install/b3rb_rviz:/home/tharun/cognipilot/cranium/install/b3rb_nav2:/home/tharun/cognipilot/cranium/install/b3rb_gz_resource:/home/tharun/cognipilot/cranium/install/b3rb_gz_bringup:/home/tharun/cognipilot/cranium/install/b3rb_description:/home/tharun/cognipilot/electrode/install/electrode:/home/tharun/cognipilot/cranium/install/b3rb_ros_line_follower:/opt/ros/humble /usr/bin/cmake --install /home/tharun/cognipilot/cranium/build/synapse_gz
