[0.407s] Invoking command in '/home/tharun/cognipilot/cranium/src/b3rb_ros_line_follower/b3rb_ros_line_follower': CMAKE_PREFIX_PATH=/home/tharun/cognipilot/cranium/install/synapse_msgs:/home/tharun/cognipilot/cranium/install/synapse_ros:/home/tharun/cognipilot/cranium/install/synapse_gz:/home/tharun/cognipilot/cranium/install/synapse_tinyframe:/home/tharun/cognipilot/cranium/install/synapse_protobuf:/home/tharun/cognipilot/cranium/install/corti:/home/tharun/cognipilot/cranium/install/dream_world:/home/tharun/cognipilot/cranium/install/cerebri_bringup:/home/tharun/cognipilot/cranium/install/b3rb_simulator:/home/tharun/cognipilot/cranium/install/b3rb_desktop:/home/tharun/cognipilot/cranium/install/b3rb_rviz:/home/tharun/cognipilot/cranium/install/b3rb_nav2:/home/tharun/cognipilot/cranium/install/b3rb_gz_resource:/home/tharun/cognipilot/cranium/install/b3rb_gz_bringup:/home/tharun/cognipilot/cranium/install/b3rb_description:/home/tharun/cognipilot/electrode/install/electrode LD_LIBRARY_PATH=/home/tharun/cognipilot/cranium/install/synapse_msgs/lib:/home/tharun/cognipilot/cranium/install/synapse_tinyframe/lib:/home/tharun/cognipilot/cranium/install/synapse_protobuf/lib:/opt/ros/humble/opt/rviz_ogre_vendor/lib:/opt/ros/humble/lib/x86_64-linux-gnu:/opt/ros/humble/lib PYTHONPATH=/home/tharun/cognipilot/cranium/build/b3rb_ros_line_follower/prefix_override:/usr/lib/python3/dist-packages/colcon_core/task/python/colcon_distutils_commands:/home/tharun/cognipilot/cranium/install/b3rb_ros_line_follower/lib/python3.10/site-packages:${PYTHONPATH} /usr/bin/python3 -W ignore:setup.py install is deprecated -W ignore:easy_install command is deprecated setup.py egg_info --egg-base ../../../build/b3rb_ros_line_follower build --build-base /home/tharun/cognipilot/cranium/build/b3rb_ros_line_follower/build install --record /home/tharun/cognipilot/cranium/build/b3rb_ros_line_follower/install.log --install-scripts $base/lib/b3rb_ros_line_follower --single-version-externally-managed install_data
[0.573s] running egg_info
[0.574s] writing ../../../build/b3rb_ros_line_follower/b3rb_ros_line_follower.egg-info/PKG-INFO
[0.574s] writing dependency_links to ../../../build/b3rb_ros_line_follower/b3rb_ros_line_follower.egg-info/dependency_links.txt
[0.574s] writing entry points to ../../../build/b3rb_ros_line_follower/b3rb_ros_line_follower.egg-info/entry_points.txt
[0.574s] writing requirements to ../../../build/b3rb_ros_line_follower/b3rb_ros_line_follower.egg-info/requires.txt
[0.574s] writing top-level names to ../../../build/b3rb_ros_line_follower/b3rb_ros_line_follower.egg-info/top_level.txt
[0.575s] reading manifest file '../../../build/b3rb_ros_line_follower/b3rb_ros_line_follower.egg-info/SOURCES.txt'
[0.575s] adding license file 'LICENSE'
[0.576s] writing manifest file '../../../build/b3rb_ros_line_follower/b3rb_ros_line_follower.egg-info/SOURCES.txt'
[0.576s] running build
[0.576s] running build_py
[0.576s] copying b3rb_ros_line_follower/b3rb_ros_object_recog.py -> /home/tharun/cognipilot/cranium/build/b3rb_ros_line_follower/build/lib/b3rb_ros_line_follower
[0.576s] running install
[0.576s] running install_lib
[0.577s] copying /home/tharun/cognipilot/cranium/build/b3rb_ros_line_follower/build/lib/b3rb_ros_line_follower/b3rb_ros_object_recog.py -> /home/tharun/cognipilot/cranium/install/b3rb_ros_line_follower/lib/python3.10/site-packages/b3rb_ros_line_follower
[0.578s] byte-compiling /home/tharun/cognipilot/cranium/install/b3rb_ros_line_follower/lib/python3.10/site-packages/b3rb_ros_line_follower/b3rb_ros_object_recog.py to b3rb_ros_object_recog.cpython-310.pyc
[0.579s] running install_data
[0.579s] running install_egg_info
[0.580s] removing '/home/tharun/cognipilot/cranium/install/b3rb_ros_line_follower/lib/python3.10/site-packages/b3rb_ros_line_follower-0.0.0-py3.10.egg-info' (and everything under it)
[0.580s] Copying ../../../build/b3rb_ros_line_follower/b3rb_ros_line_follower.egg-info to /home/tharun/cognipilot/cranium/install/b3rb_ros_line_follower/lib/python3.10/site-packages/b3rb_ros_line_follower-0.0.0-py3.10.egg-info
[0.581s] running install_scripts
[0.594s] Installing detect script to /home/tharun/cognipilot/cranium/install/b3rb_ros_line_follower/lib/b3rb_ros_line_follower
[0.595s] Installing municipality_server script to /home/tharun/cognipilot/cranium/install/b3rb_ros_line_follower/lib/b3rb_ros_line_follower
[0.595s] Installing qr_detect script to /home/tharun/cognipilot/cranium/install/b3rb_ros_line_follower/lib/b3rb_ros_line_follower
[0.595s] Installing runner script to /home/tharun/cognipilot/cranium/install/b3rb_ros_line_follower/lib/b3rb_ros_line_follower
[0.595s] Installing vectors script to /home/tharun/cognipilot/cranium/install/b3rb_ros_line_follower/lib/b3rb_ros_line_follower
[0.595s] writing list of installed files to '/home/tharun/cognipilot/cranium/build/b3rb_ros_line_follower/install.log'
[0.614s] Invoked command in '/home/tharun/cognipilot/cranium/src/b3rb_ros_line_follower/b3rb_ros_line_follower' returned '0': CMAKE_PREFIX_PATH=/home/tharun/cognipilot/cranium/install/synapse_msgs:/home/tharun/cognipilot/cranium/install/synapse_ros:/home/tharun/cognipilot/cranium/install/synapse_gz:/home/tharun/cognipilot/cranium/install/synapse_tinyframe:/home/tharun/cognipilot/cranium/install/synapse_protobuf:/home/tharun/cognipilot/cranium/install/corti:/home/tharun/cognipilot/cranium/install/dream_world:/home/tharun/cognipilot/cranium/install/cerebri_bringup:/home/tharun/cognipilot/cranium/install/b3rb_simulator:/home/tharun/cognipilot/cranium/install/b3rb_desktop:/home/tharun/cognipilot/cranium/install/b3rb_rviz:/home/tharun/cognipilot/cranium/install/b3rb_nav2:/home/tharun/cognipilot/cranium/install/b3rb_gz_resource:/home/tharun/cognipilot/cranium/install/b3rb_gz_bringup:/home/tharun/cognipilot/cranium/install/b3rb_description:/home/tharun/cognipilot/electrode/install/electrode LD_LIBRARY_PATH=/home/tharun/cognipilot/cranium/install/synapse_msgs/lib:/home/tharun/cognipilot/cranium/install/synapse_tinyframe/lib:/home/tharun/cognipilot/cranium/install/synapse_protobuf/lib:/opt/ros/humble/opt/rviz_ogre_vendor/lib:/opt/ros/humble/lib/x86_64-linux-gnu:/opt/ros/humble/lib PYTHONPATH=/home/tharun/cognipilot/cranium/build/b3rb_ros_line_follower/prefix_override:/usr/lib/python3/dist-packages/colcon_core/task/python/colcon_distutils_commands:/home/tharun/cognipilot/cranium/install/b3rb_ros_line_follower/lib/python3.10/site-packages:${PYTHONPATH} /usr/bin/python3 -W ignore:setup.py install is deprecated -W ignore:easy_install command is deprecated setup.py egg_info --egg-base ../../../build/b3rb_ros_line_follower build --build-base /home/tharun/cognipilot/cranium/build/b3rb_ros_line_follower/build install --record /home/tharun/cognipilot/cranium/build/b3rb_ros_line_follower/install.log --install-scripts $base/lib/b3rb_ros_line_follower --single-version-externally-managed install_data
