[0.033s] Invoking command in '/home/tharun/cognipilot/cranium/build/b3rb_description': CMAKE_PREFIX_PATH=${CMAKE_PREFIX_PATH}:/home/tharun/cognipilot/cranium/install/b3rb_ros_line_follower:/opt/ros/humble /usr/bin/cmake --build /home/tharun/cognipilot/cranium/build/b3rb_description -- -j12 -l12
[0.076s] Invoked command in '/home/tharun/cognipilot/cranium/build/b3rb_description' returned '0': CMAKE_PREFIX_PATH=${CMAKE_PREFIX_PATH}:/home/tharun/cognipilot/cranium/install/b3rb_ros_line_follower:/opt/ros/humble /usr/bin/cmake --build /home/tharun/cognipilot/cranium/build/b3rb_description -- -j12 -l12
[0.084s] Invoking command in '/home/tharun/cognipilot/cranium/build/b3rb_description': CMAKE_PREFIX_PATH=${CMAKE_PREFIX_PATH}:/home/tharun/cognipilot/cranium/install/b3rb_ros_line_follower:/opt/ros/humble /usr/bin/cmake --install /home/tharun/cognipilot/cranium/build/b3rb_description
[0.092s] -- Install configuration: ""
[0.092s] -- Up-to-date: /home/tharun/cognipilot/cranium/install/b3rb_description/share/b3rb_description/launch
[0.092s] -- Up-to-date: /home/tharun/cognipilot/cranium/install/b3rb_description/share/b3rb_description/launch/robot_description.launch.py
[0.093s] -- Up-to-date: /home/tharun/cognipilot/cranium/install/b3rb_description/share/b3rb_description/meshes
[0.093s] -- Up-to-date: /home/tharun/cognipilot/cranium/install/b3rb_description/share/b3rb_description/meshes/wheel.dae
[0.093s] -- Up-to-date: /home/tharun/cognipilot/cranium/install/b3rb_description/share/b3rb_description/meshes/STL27L.dae
[0.093s] -- Up-to-date: /home/tharun/cognipilot/cranium/install/b3rb_description/share/b3rb_description/meshes/b3rb.dae
[0.093s] -- Up-to-date: /home/tharun/cognipilot/cranium/install/b3rb_description/share/b3rb_description/urdf
[0.093s] -- Up-to-date: /home/tharun/cognipilot/cranium/install/b3rb_description/share/b3rb_description/urdf/b3rb.urdf
[0.093s] -- Up-to-date: /home/tharun/cognipilot/cranium/install/b3rb_description/share/ament_index/resource_index/package_run_dependencies/b3rb_description
[0.093s] -- Up-to-date: /home/tharun/cognipilot/cranium/install/b3rb_description/share/ament_index/resource_index/parent_prefix_path/b3rb_description
[0.093s] -- Up-to-date: /home/tharun/cognipilot/cranium/install/b3rb_description/share/b3rb_description/environment/ament_prefix_path.sh
[0.093s] -- Up-to-date: /home/tharun/cognipilot/cranium/install/b3rb_description/share/b3rb_description/environment/ament_prefix_path.dsv
[0.094s] -- Up-to-date: /home/tharun/cognipilot/cranium/install/b3rb_description/share/b3rb_description/environment/path.sh
[0.094s] -- Up-to-date: /home/tharun/cognipilot/cranium/install/b3rb_description/share/b3rb_description/environment/path.dsv
[0.094s] -- Up-to-date: /home/tharun/cognipilot/cranium/install/b3rb_description/share/b3rb_description/local_setup.bash
[0.094s] -- Up-to-date: /home/tharun/cognipilot/cranium/install/b3rb_description/share/b3rb_description/local_setup.sh
[0.094s] -- Up-to-date: /home/tharun/cognipilot/cranium/install/b3rb_description/share/b3rb_description/local_setup.zsh
[0.094s] -- Up-to-date: /home/tharun/cognipilot/cranium/install/b3rb_description/share/b3rb_description/local_setup.dsv
[0.094s] -- Up-to-date: /home/tharun/cognipilot/cranium/install/b3rb_description/share/b3rb_description/package.dsv
[0.094s] -- Up-to-date: /home/tharun/cognipilot/cranium/install/b3rb_description/share/ament_index/resource_index/packages/b3rb_description
[0.094s] -- Up-to-date: /home/tharun/cognipilot/cranium/install/b3rb_description/share/b3rb_description/cmake/b3rb_descriptionConfig.cmake
[0.095s] -- Up-to-date: /home/tharun/cognipilot/cranium/install/b3rb_description/share/b3rb_description/cmake/b3rb_descriptionConfig-version.cmake
[0.095s] -- Up-to-date: /home/tharun/cognipilot/cranium/install/b3rb_description/share/b3rb_description/package.xml
[0.129s] Invoked command in '/home/tharun/cognipilot/cranium/build/b3rb_description' returned '0': CMAKE_PREFIX_PATH=${CMAKE_PREFIX_PATH}:/home/tharun/cognipilot/cranium/install/b3rb_ros_line_follower:/opt/ros/humble /usr/bin/cmake --install /home/tharun/cognipilot/cranium/build/b3rb_description
