[1.050s] Invoking command in '/home/tharun/cognipilot/cranium/src/b3rb_ros_line_follower/b3rb_ros_line_follower': CMAKE_PREFIX_PATH=/home/tharun/cognipilot/cranium/install/synapse_msgs:/home/tharun/cognipilot/cranium/install/synapse_ros:/home/tharun/cognipilot/cranium/install/synapse_gz:/home/tharun/cognipilot/cranium/install/synapse_tinyframe:/home/tharun/cognipilot/cranium/install/synapse_protobuf:/home/tharun/cognipilot/cranium/install/corti:/home/tharun/cognipilot/cranium/install/dream_world:/home/tharun/cognipilot/cranium/install/cerebri_bringup:/home/tharun/cognipilot/cranium/install/b3rb_simulator:/home/tharun/cognipilot/cranium/install/b3rb_desktop:/home/tharun/cognipilot/cranium/install/b3rb_rviz:/home/tharun/cognipilot/cranium/install/b3rb_nav2:/home/tharun/cognipilot/cranium/install/b3rb_gz_resource:/home/tharun/cognipilot/cranium/install/b3rb_gz_bringup:/home/tharun/cognipilot/cranium/install/b3rb_description:/home/tharun/cognipilot/electrode/install/electrode LD_LIBRARY_PATH=/home/tharun/cognipilot/cranium/install/synapse_msgs/lib:/home/tharun/cognipilot/cranium/install/synapse_tinyframe/lib:/home/tharun/cognipilot/cranium/install/synapse_protobuf/lib:/opt/ros/humble/opt/rviz_ogre_vendor/lib:/opt/ros/humble/lib/x86_64-linux-gnu:/opt/ros/humble/lib PYTHONPATH=/home/tharun/cognipilot/cranium/build/b3rb_ros_line_follower/prefix_override:/usr/lib/python3/dist-packages/colcon_core/task/python/colcon_distutils_commands:/home/tharun/cognipilot/cranium/install/b3rb_ros_line_follower/lib/python3.10/site-packages:${PYTHONPATH} /usr/bin/python3 -W ignore:setup.py install is deprecated -W ignore:easy_install command is deprecated setup.py egg_info --egg-base ../../../build/b3rb_ros_line_follower build --build-base /home/tharun/cognipilot/cranium/build/b3rb_ros_line_follower/build install --record /home/tharun/cognipilot/cranium/build/b3rb_ros_line_follower/install.log --install-scripts $base/lib/b3rb_ros_line_follower --single-version-externally-managed install_data
[1.355s] running egg_info
[1.356s] writing ../../../build/b3rb_ros_line_follower/b3rb_ros_line_follower.egg-info/PKG-INFO
[1.357s] writing dependency_links to ../../../build/b3rb_ros_line_follower/b3rb_ros_line_follower.egg-info/dependency_links.txt
[1.358s] writing entry points to ../../../build/b3rb_ros_line_follower/b3rb_ros_line_follower.egg-info/entry_points.txt
[1.358s] writing requirements to ../../../build/b3rb_ros_line_follower/b3rb_ros_line_follower.egg-info/requires.txt
[1.358s] writing top-level names to ../../../build/b3rb_ros_line_follower/b3rb_ros_line_follower.egg-info/top_level.txt
[1.359s] reading manifest file '../../../build/b3rb_ros_line_follower/b3rb_ros_line_follower.egg-info/SOURCES.txt'
[1.361s] adding license file 'LICENSE'
[1.361s] writing manifest file '../../../build/b3rb_ros_line_follower/b3rb_ros_line_follower.egg-info/SOURCES.txt'
[1.361s] running build
[1.362s] running build_py
[1.362s] copying b3rb_ros_line_follower/b3rb_ros_line_follower.py -> /home/tharun/cognipilot/cranium/build/b3rb_ros_line_follower/build/lib/b3rb_ros_line_follower
[1.362s] running install
[1.362s] running install_lib
[1.363s] copying /home/tharun/cognipilot/cranium/build/b3rb_ros_line_follower/build/lib/b3rb_ros_line_follower/b3rb_ros_line_follower.py -> /home/tharun/cognipilot/cranium/install/b3rb_ros_line_follower/lib/python3.10/site-packages/b3rb_ros_line_follower
[1.364s] byte-compiling /home/tharun/cognipilot/cranium/install/b3rb_ros_line_follower/lib/python3.10/site-packages/b3rb_ros_line_follower/b3rb_ros_line_follower.py to b3rb_ros_line_follower.cpython-310.pyc
[1.369s] running install_data
[1.369s] running install_egg_info
[1.373s] removing '/home/tharun/cognipilot/cranium/install/b3rb_ros_line_follower/lib/python3.10/site-packages/b3rb_ros_line_follower-0.0.0-py3.10.egg-info' (and everything under it)
[1.373s] Copying ../../../build/b3rb_ros_line_follower/b3rb_ros_line_follower.egg-info to /home/tharun/cognipilot/cranium/install/b3rb_ros_line_follower/lib/python3.10/site-packages/b3rb_ros_line_follower-0.0.0-py3.10.egg-info
[1.373s] running install_scripts
[1.407s] Installing detect script to /home/tharun/cognipilot/cranium/install/b3rb_ros_line_follower/lib/b3rb_ros_line_follower
[1.407s] Installing municipality_server script to /home/tharun/cognipilot/cranium/install/b3rb_ros_line_follower/lib/b3rb_ros_line_follower
[1.407s] Installing qr_detect script to /home/tharun/cognipilot/cranium/install/b3rb_ros_line_follower/lib/b3rb_ros_line_follower
[1.408s] Installing runner script to /home/tharun/cognipilot/cranium/install/b3rb_ros_line_follower/lib/b3rb_ros_line_follower
[1.408s] Installing vectors script to /home/tharun/cognipilot/cranium/install/b3rb_ros_line_follower/lib/b3rb_ros_line_follower
[1.408s] writing list of installed files to '/home/tharun/cognipilot/cranium/build/b3rb_ros_line_follower/install.log'
[1.479s] Invoked command in '/home/tharun/cognipilot/cranium/src/b3rb_ros_line_follower/b3rb_ros_line_follower' returned '0': CMAKE_PREFIX_PATH=/home/tharun/cognipilot/cranium/install/synapse_msgs:/home/tharun/cognipilot/cranium/install/synapse_ros:/home/tharun/cognipilot/cranium/install/synapse_gz:/home/tharun/cognipilot/cranium/install/synapse_tinyframe:/home/tharun/cognipilot/cranium/install/synapse_protobuf:/home/tharun/cognipilot/cranium/install/corti:/home/tharun/cognipilot/cranium/install/dream_world:/home/tharun/cognipilot/cranium/install/cerebri_bringup:/home/tharun/cognipilot/cranium/install/b3rb_simulator:/home/tharun/cognipilot/cranium/install/b3rb_desktop:/home/tharun/cognipilot/cranium/install/b3rb_rviz:/home/tharun/cognipilot/cranium/install/b3rb_nav2:/home/tharun/cognipilot/cranium/install/b3rb_gz_resource:/home/tharun/cognipilot/cranium/install/b3rb_gz_bringup:/home/tharun/cognipilot/cranium/install/b3rb_description:/home/tharun/cognipilot/electrode/install/electrode LD_LIBRARY_PATH=/home/tharun/cognipilot/cranium/install/synapse_msgs/lib:/home/tharun/cognipilot/cranium/install/synapse_tinyframe/lib:/home/tharun/cognipilot/cranium/install/synapse_protobuf/lib:/opt/ros/humble/opt/rviz_ogre_vendor/lib:/opt/ros/humble/lib/x86_64-linux-gnu:/opt/ros/humble/lib PYTHONPATH=/home/tharun/cognipilot/cranium/build/b3rb_ros_line_follower/prefix_override:/usr/lib/python3/dist-packages/colcon_core/task/python/colcon_distutils_commands:/home/tharun/cognipilot/cranium/install/b3rb_ros_line_follower/lib/python3.10/site-packages:${PYTHONPATH} /usr/bin/python3 -W ignore:setup.py install is deprecated -W ignore:easy_install command is deprecated setup.py egg_info --egg-base ../../../build/b3rb_ros_line_follower build --build-base /home/tharun/cognipilot/cranium/build/b3rb_ros_line_follower/build install --record /home/tharun/cognipilot/cranium/build/b3rb_ros_line_follower/install.log --install-scripts $base/lib/b3rb_ros_line_follower --single-version-externally-managed install_data
