/home/sanjay/cognipilot/cranium/install/b3rb_ros_line_follower/lib/python3.10/site-packages/b3rb_ros_line_follower/b3rb_lidar_debug.py
/home/sanjay/cognipilot/cranium/install/b3rb_ros_line_follower/lib/python3.10/site-packages/b3rb_ros_line_follower/b3rb_ros_qr_detector.py
/home/sanjay/cognipilot/cranium/install/b3rb_ros_line_follower/lib/python3.10/site-packages/b3rb_ros_line_follower/b3rb_ros_object_recog.py
/home/sanjay/cognipilot/cranium/install/b3rb_ros_line_follower/lib/python3.10/site-packages/b3rb_ros_line_follower/__init__.py
/home/sanjay/cognipilot/cranium/install/b3rb_ros_line_follower/lib/python3.10/site-packages/b3rb_ros_line_follower/b3rb_ros_edge_vectors.py
/home/sanjay/cognipilot/cranium/install/b3rb_ros_line_follower/lib/python3.10/site-packages/b3rb_ros_line_follower/b3rb_ros_line_follower.py
/home/sanjay/cognipilot/cranium/install/b3rb_ros_line_follower/lib/python3.10/site-packages/b3rb_ros_line_follower/municipality_server.py
/home/sanjay/cognipilot/cranium/install/b3rb_ros_line_follower/lib/python3.10/site-packages/b3rb_ros_line_follower/__pycache__/b3rb_lidar_debug.cpython-310.pyc
/home/sanjay/cognipilot/cranium/install/b3rb_ros_line_follower/lib/python3.10/site-packages/b3rb_ros_line_follower/__pycache__/b3rb_ros_qr_detector.cpython-310.pyc
/home/sanjay/cognipilot/cranium/install/b3rb_ros_line_follower/lib/python3.10/site-packages/b3rb_ros_line_follower/__pycache__/b3rb_ros_object_recog.cpython-310.pyc
/home/sanjay/cognipilot/cranium/install/b3rb_ros_line_follower/lib/python3.10/site-packages/b3rb_ros_line_follower/__pycache__/__init__.cpython-310.pyc
/home/sanjay/cognipilot/cranium/install/b3rb_ros_line_follower/lib/python3.10/site-packages/b3rb_ros_line_follower/__pycache__/b3rb_ros_edge_vectors.cpython-310.pyc
/home/sanjay/cognipilot/cranium/install/b3rb_ros_line_follower/lib/python3.10/site-packages/b3rb_ros_line_follower/__pycache__/b3rb_ros_line_follower.cpython-310.pyc
/home/sanjay/cognipilot/cranium/install/b3rb_ros_line_follower/lib/python3.10/site-packages/b3rb_ros_line_follower/__pycache__/municipality_server.cpython-310.pyc
/home/sanjay/cognipilot/cranium/install/b3rb_ros_line_follower/share/ament_index/resource_index/packages/b3rb_ros_line_follower
/home/sanjay/cognipilot/cranium/install/b3rb_ros_line_follower/share/b3rb_ros_line_follower/package.xml
/home/sanjay/cognipilot/cranium/install/b3rb_ros_line_follower/lib/python3.10/site-packages/b3rb_ros_line_follower-0.0.0-py3.10.egg-info/zip-safe
/home/sanjay/cognipilot/cranium/install/b3rb_ros_line_follower/lib/python3.10/site-packages/b3rb_ros_line_follower-0.0.0-py3.10.egg-info/requires.txt
/home/sanjay/cognipilot/cranium/install/b3rb_ros_line_follower/lib/python3.10/site-packages/b3rb_ros_line_follower-0.0.0-py3.10.egg-info/top_level.txt
/home/sanjay/cognipilot/cranium/install/b3rb_ros_line_follower/lib/python3.10/site-packages/b3rb_ros_line_follower-0.0.0-py3.10.egg-info/dependency_links.txt
/home/sanjay/cognipilot/cranium/install/b3rb_ros_line_follower/lib/python3.10/site-packages/b3rb_ros_line_follower-0.0.0-py3.10.egg-info/PKG-INFO
/home/sanjay/cognipilot/cranium/install/b3rb_ros_line_follower/lib/python3.10/site-packages/b3rb_ros_line_follower-0.0.0-py3.10.egg-info/SOURCES.txt
/home/sanjay/cognipilot/cranium/install/b3rb_ros_line_follower/lib/python3.10/site-packages/b3rb_ros_line_follower-0.0.0-py3.10.egg-info/entry_points.txt
/home/sanjay/cognipilot/cranium/install/b3rb_ros_line_follower/lib/b3rb_ros_line_follower/detect
/home/sanjay/cognipilot/cranium/install/b3rb_ros_line_follower/lib/b3rb_ros_line_follower/municipality_server
/home/sanjay/cognipilot/cranium/install/b3rb_ros_line_follower/lib/b3rb_ros_line_follower/qr_detect
/home/sanjay/cognipilot/cranium/install/b3rb_ros_line_follower/lib/b3rb_ros_line_follower/runner
/home/sanjay/cognipilot/cranium/install/b3rb_ros_line_follower/lib/b3rb_ros_line_follower/vectors
