[0.000000] (-) TimerEvent: {}
[0.000534] (-) JobUnselected: {'identifier': 'b3rb_description'}
[0.000659] (-) JobUnselected: {'identifier': 'b3rb_desktop'}
[0.000751] (-) JobUnselected: {'identifier': 'b3rb_gz_bringup'}
[0.000763] (-) JobUnselected: {'identifier': 'b3rb_gz_resource'}
[0.000773] (-) JobUnselected: {'identifier': 'b3rb_nav2'}
[0.000786] (-) JobUnselected: {'identifier': 'b3rb_rviz'}
[0.000796] (-) JobUnselected: {'identifier': 'b3rb_simulator'}
[0.000806] (-) JobUnselected: {'identifier': 'cerebri_bringup'}
[0.000817] (-) JobUnselected: {'identifier': 'corti'}
[0.000827] (-) JobUnselected: {'identifier': 'dream_world'}
[0.000836] (-) JobUnselected: {'identifier': 'synapse_gz'}
[0.000846] (-) JobUnselected: {'identifier': 'synapse_msgs'}
[0.000855] (-) JobUnselected: {'identifier': 'synapse_protobuf'}
[0.000865] (-) JobUnselected: {'identifier': 'synapse_ros'}
[0.000875] (-) JobUnselected: {'identifier': 'synapse_tinyframe'}
[0.000887] (b3rb_ros_line_follower) JobQueued: {'identifier': 'b3rb_ros_line_follower', 'dependencies': OrderedDict([('synapse_msgs', '/home/tharun/cognipilot/cranium/install/synapse_msgs')])}
[0.000903] (b3rb_ros_line_follower) JobStarted: {'identifier': 'b3rb_ros_line_follower'}
[0.098754] (-) TimerEvent: {}
[0.198967] (-) TimerEvent: {}
[0.299224] (-) TimerEvent: {}
[0.399555] (-) TimerEvent: {}
[0.499923] (-) TimerEvent: {}
[0.600203] (-) TimerEvent: {}
[0.700450] (-) TimerEvent: {}
[0.800991] (-) TimerEvent: {}
[0.901511] (-) TimerEvent: {}
[1.002321] (-) TimerEvent: {}
[1.047630] (b3rb_ros_line_follower) Command: {'cmd': ['/usr/bin/python3', '-W', 'ignore:setup.py install is deprecated', '-W', 'ignore:easy_install command is deprecated', 'setup.py', 'egg_info', '--egg-base', '../../../build/b3rb_ros_line_follower', 'build', '--build-base', '/home/tharun/cognipilot/cranium/build/b3rb_ros_line_follower/build', 'install', '--record', '/home/tharun/cognipilot/cranium/build/b3rb_ros_line_follower/install.log', '--install-scripts', '$base/lib/b3rb_ros_line_follower', '--single-version-externally-managed', 'install_data'], 'cwd': '/home/tharun/cognipilot/cranium/src/b3rb_ros_line_follower/b3rb_ros_line_follower', 'env': {'GJS_DEBUG_TOPICS': 'JS ERROR;JS LOG', 'LESSOPEN': '| /usr/bin/lesspipe %s', 'VSCODE_CWD': '/home/tharun', 'PYTHONWARNINGS': 'ignore:::setuptools.installer,ignore:::setuptools.command.install,ignore:::setuptools.command.easy_install', 'CCACHE_TEMPDIR': '/tmp/ccache', 'GZ_SIM_RESOURCE_PATH': '/home/tharun/cognipilot/cranium/install/dream_world/share/dream_world/worlds:/home/tharun/cognipilot/cranium/install/dream_world/share/dream_world/models:/home/tharun/cognipilot/cranium/install/b3rb_gz_resource/share/b3rb_gz_resource/models', 'LANGUAGE': 'en_IN:en', 'USER': 'tharun', 'VSCODE_NLS_CONFIG': '{"userLocale":"en-gb","osLocale":"en-in","resolvedLanguage":"en","defaultMessagesFile":"/usr/share/antigravity/resources/app/out/nls.messages.json","locale":"en-gb","availableLanguages":{}}', 'XDG_SESSION_TYPE': 'wayland', 'SHLVL': '0', 'LD_LIBRARY_PATH': '/home/tharun/cognipilot/cranium/install/synapse_msgs/lib:/home/tharun/cognipilot/cranium/install/synapse_tinyframe/lib:/home/tharun/cognipilot/cranium/install/synapse_protobuf/lib:/opt/ros/humble/opt/rviz_ogre_vendor/lib:/opt/ros/humble/lib/x86_64-linux-gnu:/opt/ros/humble/lib', 'HOME': '/home/tharun', 'CHROME_DESKTOP': 'antigravity.desktop', 'DESKTOP_SESSION': 'ubuntu', 'VSCODE_IPC_HOOK': '/run/user/1000/vscode-81e22ab7-1.10-main.sock', 'GIO_LAUNCHED_DESKTOP_FILE': '/usr/share/applications/antigravity.desktop', 'ROS_PYTHON_VERSION': '3', 'GNOME_SHELL_SESSION_MODE': 'ubuntu', 'GTK_MODULES': 'gail:atk-bridge:appmenu-gtk-module', 'PAGER': 'cat', 'MANAGERPID': '1452', 'SYSTEMD_EXEC_PID': '1636', 'IM_CONFIG_CHECK_ENV': '1', 'DBUS_SESSION_BUS_ADDRESS': 'unix:path=/run/user/1000/bus', 'ANTIGRAVITY_AGENT': '1', 'GIO_LAUNCHED_DESKTOP_FILE_PID': '12242', 'IM_CONFIG_PHASE': '1', 'WAYLAND_DISPLAY': 'wayland-0', 'COLCON_PREFIX_PATH': '/home/tharun/cognipilot/electrode/install:/home/tharun/cognipilot/cranium/install', 'ROS_DISTRO': 'humble', 'LOGNAME': 'tharun', '_': '/usr/bin/colcon', 'JOURNAL_STREAM': '8:15847', 'ROS_VERSION': '2', 'XDG_SESSION_CLASS': 'user', 'USERNAME': 'tharun', 'TERM': 'dumb', 'GNOME_DESKTOP_SESSION_ID': 'this-is-deprecated', 'FC_FONTATIONS': '1', 'ROS_LOCALHOST_ONLY': '0', 'ANTIGRAVITY_EDITOR_APP_ROOT': '/usr/share/antigravity/resources/app', 'PATH': '/home/tharun/.local/bin:/home/tharun/bin:/home/tharun/cognipilot/ws/cerebri/install/bin:/opt/ros/humble/bin:/home/tharun/.local/bin:/home/tharun/bin:/usr/local/sbin:/usr/local/bin:/usr/sbin:/usr/bin:/sbin:/bin:/usr/games:/usr/local/games:/snap/bin:/snap/bin', 'SESSION_MANAGER': 'local/tharun:@/tmp/.ICE-unix/1602,unix/tharun:/tmp/.ICE-unix/1602', 'INVOCATION_ID': '6b534be1107848c890d35af95134381f', 'XDG_MENU_PREFIX': 'gnome-', 'GNOME_SETUP_DISPLAY': ':1', 'XDG_RUNTIME_DIR': '/run/user/1000', 'GDK_BACKEND': 'wayland', 'DISPLAY': ':0', 'LANG': 'en_IN', 'XDG_CURRENT_DESKTOP': 'ubuntu:GNOME', 'RMW_IMPLEMENTATION': 'rmw_cyclonedds_cpp', 'XMODIFIERS': '@im=ibus', 'XDG_SESSION_DESKTOP': 'ubuntu', 'XAUTHORITY': '/run/user/1000/.mutter-Xwaylandauth.FQEIT3', 'LS_COLORS': '', 'SSH_AGENT_LAUNCHER': 'gnome-keyring', 'SSH_AUTH_SOCK': '/run/user/1000/keyring/ssh', 'ROS_DOMAIN_ID': '7', 'AMENT_PREFIX_PATH': '/home/tharun/cognipilot/cranium/install/synapse_ros:/home/tharun/cognipilot/cranium/install/synapse_gz:/home/tharun/cognipilot/cranium/install/synapse_tinyframe:/home/tharun/cognipilot/cranium/install/synapse_protobuf:/home/tharun/cognipilot/cranium/install/corti:/home/tharun/cognipilot/cranium/install/b3rb_ros_line_follower:/home/tharun/cognipilot/cranium/install/synapse_msgs:/home/tharun/cognipilot/cranium/install/dream_world:/home/tharun/cognipilot/cranium/install/cerebri_bringup:/home/tharun/cognipilot/cranium/install/b3rb_simulator:/home/tharun/cognipilot/cranium/install/b3rb_desktop:/home/tharun/cognipilot/cranium/install/b3rb_rviz:/home/tharun/cognipilot/cranium/install/b3rb_nav2:/home/tharun/cognipilot/cranium/install/b3rb_gz_resource:/home/tharun/cognipilot/cranium/install/b3rb_gz_bringup:/home/tharun/cognipilot/cranium/install/b3rb_description:/home/tharun/cognipilot/electrode/install/electrode:/opt/ros/humble', 'SHELL': '/bin/bash', 'QT_ACCESSIBILITY': '1', 'GDMSESSION': 'ubuntu', 'LESSCLOSE': '/usr/bin/lesspipe %s %s', 'CMAKE_EXPORT_COMPILE_COMMANDS': 'ON', 'GJS_DEBUG_OUTPUT': 'stderr', 'QT_IM_MODULE': 'ibus', 'ANTIGRAVITY_TRAJECTORY_ID': '37183cdc-8a18-456e-bcbc-d0550cec6de4', 'PWD': '/home/tharun/cognipilot/cranium/build/b3rb_ros_line_follower', 'XDG_CONFIG_DIRS': '/etc/xdg/xdg-ubuntu:/etc/xdg', 'VSCODE_CODE_CACHE_PATH': '/home/tharun/.config/Antigravity/CachedData/15487b3041e65228cae24980a3f796c905ef582c', 'XDG_DATA_DIRS': '/usr/share/ubuntu:/usr/local/share/:/usr/share/:/var/lib/snapd/desktop', 'PYTHONPATH': '/home/tharun/cognipilot/cranium/build/b3rb_ros_line_follower/prefix_override:/usr/lib/python3/dist-packages/colcon_core/task/python/colcon_distutils_commands:/home/tharun/cognipilot/cranium/install/b3rb_ros_line_follower/lib/python3.10/site-packages:/home/tharun/cognipilot/cranium/install/corti/local/lib/python3.10/dist-packages:/home/tharun/cognipilot/cranium/install/b3rb_ros_line_follower/lib/python3.10/site-packages:/home/tharun/cognipilot/cranium/install/synapse_msgs/local/lib/python3.10/dist-packages:/opt/ros/humble/lib/python3.10/site-packages:/opt/ros/humble/local/lib/python3.10/dist-packages', 'COLCON': '1', 'CMAKE_PREFIX_PATH': '/home/tharun/cognipilot/cranium/install/synapse_msgs:/home/tharun/cognipilot/cranium/install/synapse_ros:/home/tharun/cognipilot/cranium/install/synapse_gz:/home/tharun/cognipilot/cranium/install/synapse_tinyframe:/home/tharun/cognipilot/cranium/install/synapse_protobuf:/home/tharun/cognipilot/cranium/install/corti:/home/tharun/cognipilot/cranium/install/dream_world:/home/tharun/cognipilot/cranium/install/cerebri_bringup:/home/tharun/cognipilot/cranium/install/b3rb_simulator:/home/tharun/cognipilot/cranium/install/b3rb_desktop:/home/tharun/cognipilot/cranium/install/b3rb_rviz:/home/tharun/cognipilot/cranium/install/b3rb_nav2:/home/tharun/cognipilot/cranium/install/b3rb_gz_resource:/home/tharun/cognipilot/cranium/install/b3rb_gz_bringup:/home/tharun/cognipilot/cranium/install/b3rb_description:/home/tharun/cognipilot/electrode/install/electrode', 'VSCODE_PID': '12242'}, 'shell': False}
[1.102346] (-) TimerEvent: {}
[1.202525] (-) TimerEvent: {}
[1.302735] (-) TimerEvent: {}
[1.355907] (b3rb_ros_line_follower) StdoutLine: {'line': b'running egg_info\n'}
[1.357113] (b3rb_ros_line_follower) StdoutLine: {'line': b'writing ../../../build/b3rb_ros_line_follower/b3rb_ros_line_follower.egg-info/PKG-INFO\n'}
[1.357708] (b3rb_ros_line_follower) StdoutLine: {'line': b'writing dependency_links to ../../../build/b3rb_ros_line_follower/b3rb_ros_line_follower.egg-info/dependency_links.txt\n'}
[1.358469] (b3rb_ros_line_follower) StdoutLine: {'line': b'writing entry points to ../../../build/b3rb_ros_line_follower/b3rb_ros_line_follower.egg-info/entry_points.txt\n'}
[1.358597] (b3rb_ros_line_follower) StdoutLine: {'line': b'writing requirements to ../../../build/b3rb_ros_line_follower/b3rb_ros_line_follower.egg-info/requires.txt\n'}
[1.358686] (b3rb_ros_line_follower) StdoutLine: {'line': b'writing top-level names to ../../../build/b3rb_ros_line_follower/b3rb_ros_line_follower.egg-info/top_level.txt\n'}
[1.360119] (b3rb_ros_line_follower) StdoutLine: {'line': b"reading manifest file '../../../build/b3rb_ros_line_follower/b3rb_ros_line_follower.egg-info/SOURCES.txt'\n"}
[1.361371] (b3rb_ros_line_follower) StdoutLine: {'line': b"adding license file 'LICENSE'\n"}
[1.361754] (b3rb_ros_line_follower) StdoutLine: {'line': b"writing manifest file '../../../build/b3rb_ros_line_follower/b3rb_ros_line_follower.egg-info/SOURCES.txt'\n"}
[1.362072] (b3rb_ros_line_follower) StdoutLine: {'line': b'running build\n'}
[1.362213] (b3rb_ros_line_follower) StdoutLine: {'line': b'running build_py\n'}
[1.362863] (b3rb_ros_line_follower) StdoutLine: {'line': b'copying b3rb_ros_line_follower/b3rb_ros_line_follower.py -> /home/tharun/cognipilot/cranium/build/b3rb_ros_line_follower/build/lib/b3rb_ros_line_follower\n'}
[1.363007] (b3rb_ros_line_follower) StdoutLine: {'line': b'running install\n'}
[1.363131] (b3rb_ros_line_follower) StdoutLine: {'line': b'running install_lib\n'}
[1.363790] (b3rb_ros_line_follower) StdoutLine: {'line': b'copying /home/tharun/cognipilot/cranium/build/b3rb_ros_line_follower/build/lib/b3rb_ros_line_follower/b3rb_ros_line_follower.py -> /home/tharun/cognipilot/cranium/install/b3rb_ros_line_follower/lib/python3.10/site-packages/b3rb_ros_line_follower\n'}
[1.365118] (b3rb_ros_line_follower) StdoutLine: {'line': b'byte-compiling /home/tharun/cognipilot/cranium/install/b3rb_ros_line_follower/lib/python3.10/site-packages/b3rb_ros_line_follower/b3rb_ros_line_follower.py to b3rb_ros_line_follower.cpython-310.pyc\n'}
[1.369589] (b3rb_ros_line_follower) StdoutLine: {'line': b'running install_data\n'}
[1.369875] (b3rb_ros_line_follower) StdoutLine: {'line': b'running install_egg_info\n'}
[1.373783] (b3rb_ros_line_follower) StdoutLine: {'line': b"removing '/home/tharun/cognipilot/cranium/install/b3rb_ros_line_follower/lib/python3.10/site-packages/b3rb_ros_line_follower-0.0.0-py3.10.egg-info' (and everything under it)\n"}
[1.374103] (b3rb_ros_line_follower) StdoutLine: {'line': b'Copying ../../../build/b3rb_ros_line_follower/b3rb_ros_line_follower.egg-info to /home/tharun/cognipilot/cranium/install/b3rb_ros_line_follower/lib/python3.10/site-packages/b3rb_ros_line_follower-0.0.0-py3.10.egg-info\n'}
[1.374210] (b3rb_ros_line_follower) StdoutLine: {'line': b'running install_scripts\n'}
[1.402867] (-) TimerEvent: {}
[1.406144] (b3rb_ros_line_follower) StdoutLine: {'line': b'Installing detect script to /home/tharun/cognipilot/cranium/install/b3rb_ros_line_follower/lib/b3rb_ros_line_follower\n'}
[1.407955] (b3rb_ros_line_follower) StdoutLine: {'line': b'Installing municipality_server script to /home/tharun/cognipilot/cranium/install/b3rb_ros_line_follower/lib/b3rb_ros_line_follower\n'}
[1.408230] (b3rb_ros_line_follower) StdoutLine: {'line': b'Installing qr_detect script to /home/tharun/cognipilot/cranium/install/b3rb_ros_line_follower/lib/b3rb_ros_line_follower\n'}
[1.408444] (b3rb_ros_line_follower) StdoutLine: {'line': b'Installing runner script to /home/tharun/cognipilot/cranium/install/b3rb_ros_line_follower/lib/b3rb_ros_line_follower\n'}
[1.408823] (b3rb_ros_line_follower) StdoutLine: {'line': b'Installing vectors script to /home/tharun/cognipilot/cranium/install/b3rb_ros_line_follower/lib/b3rb_ros_line_follower\n'}
[1.409049] (b3rb_ros_line_follower) StdoutLine: {'line': b"writing list of installed files to '/home/tharun/cognipilot/cranium/build/b3rb_ros_line_follower/install.log'\n"}
[1.479034] (b3rb_ros_line_follower) CommandEnded: {'returncode': 0}
[1.503542] (-) TimerEvent: {}
[1.514577] (b3rb_ros_line_follower) JobEnded: {'identifier': 'b3rb_ros_line_follower', 'rc': 0}
[1.515995] (-) EventReactorShutdown: {}
