[0.035s] Invoking command in '/home/tharun/cognipilot/cranium/build/b3rb_rviz': CMAKE_PREFIX_PATH=${CMAKE_PREFIX_PATH}:/home/tharun/cognipilot/cranium/install/b3rb_ros_line_follower:/opt/ros/humble /usr/bin/cmake --build /home/tharun/cognipilot/cranium/build/b3rb_rviz -- -j12 -l12
[0.054s] -- Found ament_cmake: 1.3.14 (/opt/ros/humble/share/ament_cmake/cmake)
[0.301s] -- Found ament_lint_auto: 0.12.15 (/opt/ros/humble/share/ament_lint_auto/cmake)
[0.415s] -- Added test 'flake8' to check Python code syntax and style conventions
[0.416s] -- Added test 'lint_cmake' to check CMake code style
[0.416s] -- Added test 'pep257' to check Python code against some of the docstring style conventions in PEP 257
[0.420s] -- Added test 'xmllint' to check XML markup files
[0.421s] -- Configuring done
[0.426s] -- Generating done
[0.428s] -- Build files have been written to: /home/tharun/cognipilot/cranium/build/b3rb_rviz
[0.467s] Invoked command in '/home/tharun/cognipilot/cranium/build/b3rb_rviz' returned '0': CMAKE_PREFIX_PATH=${CMAKE_PREFIX_PATH}:/home/tharun/cognipilot/cranium/install/b3rb_ros_line_follower:/opt/ros/humble /usr/bin/cmake --build /home/tharun/cognipilot/cranium/build/b3rb_rviz -- -j12 -l12
[0.470s] Invoking command in '/home/tharun/cognipilot/cranium/build/b3rb_rviz': CMAKE_PREFIX_PATH=${CMAKE_PREFIX_PATH}:/home/tharun/cognipilot/cranium/install/b3rb_ros_line_follower:/opt/ros/humble /usr/bin/cmake --install /home/tharun/cognipilot/cranium/build/b3rb_rviz
[0.476s] -- Install configuration: ""
[0.477s] -- Up-to-date: /home/tharun/cognipilot/cranium/install/b3rb_rviz/share/b3rb_rviz/rviz
[0.477s] -- Up-to-date: /home/tharun/cognipilot/cranium/install/b3rb_rviz/share/b3rb_rviz/rviz/nav2
[0.477s] -- Installing: /home/tharun/cognipilot/cranium/install/b3rb_rviz/share/b3rb_rviz/rviz/nav2/robot.rviz
[0.477s] -- Up-to-date: /home/tharun/cognipilot/cranium/install/b3rb_rviz/share/b3rb_rviz/launch
[0.477s] -- Installing: /home/tharun/cognipilot/cranium/install/b3rb_rviz/share/b3rb_rviz/launch/view_robot.launch.py
[0.478s] -- Installing: /home/tharun/cognipilot/cranium/install/b3rb_rviz/share/ament_index/resource_index/package_run_dependencies/b3rb_rviz
[0.482s] -- Installing: /home/tharun/cognipilot/cranium/install/b3rb_rviz/share/ament_index/resource_index/parent_prefix_path/b3rb_rviz
[0.483s] -- Installing: /home/tharun/cognipilot/cranium/install/b3rb_rviz/share/b3rb_rviz/environment/ament_prefix_path.sh
[0.483s] -- Installing: /home/tharun/cognipilot/cranium/install/b3rb_rviz/share/b3rb_rviz/environment/ament_prefix_path.dsv
[0.484s] -- Installing: /home/tharun/cognipilot/cranium/install/b3rb_rviz/share/b3rb_rviz/environment/path.sh
[0.485s] -- Installing: /home/tharun/cognipilot/cranium/install/b3rb_rviz/share/b3rb_rviz/environment/path.dsv
[0.486s] -- Installing: /home/tharun/cognipilot/cranium/install/b3rb_rviz/share/b3rb_rviz/local_setup.bash
[0.487s] -- Installing: /home/tharun/cognipilot/cranium/install/b3rb_rviz/share/b3rb_rviz/local_setup.sh
[0.494s] -- Installing: /home/tharun/cognipilot/cranium/install/b3rb_rviz/share/b3rb_rviz/local_setup.zsh
[0.495s] -- Installing: /home/tharun/cognipilot/cranium/install/b3rb_rviz/share/b3rb_rviz/local_setup.dsv
[0.496s] -- Installing: /home/tharun/cognipilot/cranium/install/b3rb_rviz/share/b3rb_rviz/package.dsv
[0.498s] -- Installing: /home/tharun/cognipilot/cranium/install/b3rb_rviz/share/ament_index/resource_index/packages/b3rb_rviz
[0.499s] -- Installing: /home/tharun/cognipilot/cranium/install/b3rb_rviz/share/b3rb_rviz/cmake/b3rb_rvizConfig.cmake
[0.499s] -- Installing: /home/tharun/cognipilot/cranium/install/b3rb_rviz/share/b3rb_rviz/cmake/b3rb_rvizConfig-version.cmake
[0.500s] -- Installing: /home/tharun/cognipilot/cranium/install/b3rb_rviz/share/b3rb_rviz/package.xml
[0.567s] Invoked command in '/home/tharun/cognipilot/cranium/build/b3rb_rviz' returned '0': CMAKE_PREFIX_PATH=${CMAKE_PREFIX_PATH}:/home/tharun/cognipilot/cranium/install/b3rb_ros_line_follower:/opt/ros/humble /usr/bin/cmake --install /home/tharun/cognipilot/cranium/build/b3rb_rviz
