[0.031s] Invoking command in '/home/tharun/cognipilot/cranium/build/synapse_gz': CMAKE_PREFIX_PATH=/home/tharun/cognipilot/cranium/install/synapse_tinyframe:/home/tharun/cognipilot/cranium/install/synapse_protobuf:/home/tharun/cognipilot/electrode/install/electrode:/home/tharun/cognipilot/cranium/install/synapse_ros:/home/tharun/cognipilot/cranium/install/synapse_gz:/home/tharun/cognipilot/cranium/install/corti:/home/tharun/cognipilot/cranium/install/synapse_msgs:/home/tharun/cognipilot/cranium/install/dream_world:/home/tharun/cognipilot/cranium/install/cerebri_bringup:/home/tharun/cognipilot/cranium/install/b3rb_simulator:/home/tharun/cognipilot/cranium/install/b3rb_desktop:/home/tharun/cognipilot/cranium/install/b3rb_rviz:/home/tharun/cognipilot/cranium/install/b3rb_nav2:/home/tharun/cognipilot/cranium/install/b3rb_gz_resource:/home/tharun/cognipilot/cranium/install/b3rb_gz_bringup:/home/tharun/cognipilot/cranium/install/b3rb_description:/opt/ros/humble /usr/bin/cmake /home/tharun/cognipilot/cranium/src/synapse_gz -DCMAKE_INSTALL_PREFIX=/home/tharun/cognipilot/cranium/install/synapse_gz
[0.147s] -- The C compiler identification is GNU 11.4.0
[0.271s] -- The CXX compiler identification is GNU 11.4.0
[0.297s] -- Detecting C compiler ABI info
[0.416s] -- Detecting C compiler ABI info - done
[0.426s] -- Check for working C compiler: /usr/bin/cc - skipped
[0.428s] -- Detecting C compile features
[0.429s] -- Detecting C compile features - done
[0.435s] -- Detecting CXX compiler ABI info
[0.523s] -- Detecting CXX compiler ABI info - done
[0.529s] -- Check for working CXX compiler: /usr/bin/c++ - skipped
[0.530s] -- Detecting CXX compile features
[0.530s] -- Detecting CXX compile features - done
[0.534s] -- Found rclcpp: 16.0.19 (/opt/ros/humble/share/rclcpp/cmake)
[0.659s] -- Found Python3: /usr/bin/python3 (found version "3.10.12") found components: Interpreter 
[0.786s] -- Found rosidl_generator_c: 3.1.9 (/opt/ros/humble/share/rosidl_generator_c/cmake)
[0.791s] -- Found rosidl_adapter: 3.1.9 (/opt/ros/humble/share/rosidl_adapter/cmake)
[0.800s] -- Found rosidl_generator_cpp: 3.1.9 (/opt/ros/humble/share/rosidl_generator_cpp/cmake)
[0.812s] -- Using all available rosidl_typesupport_c: rosidl_typesupport_fastrtps_c;rosidl_typesupport_introspection_c
[0.826s] -- Using all available rosidl_typesupport_cpp: rosidl_typesupport_fastrtps_cpp;rosidl_typesupport_introspection_cpp
[0.868s] -- Found rmw_implementation_cmake: 6.1.3 (/opt/ros/humble/share/rmw_implementation_cmake/cmake)
[0.871s] -- Found rmw_cyclonedds_cpp: 1.3.4 (/opt/ros/humble/share/rmw_cyclonedds_cpp/cmake)
[0.894s] -- Using RMW implementation 'rmw_cyclonedds_cpp' as default
[0.903s] -- Looking for pthread.h
[0.965s] -- Looking for pthread.h - found
[0.965s] -- Performing Test CMAKE_HAVE_LIBC_PTHREAD
[1.025s] -- Performing Test CMAKE_HAVE_LIBC_PTHREAD - Success
[1.026s] -- Found Threads: TRUE  
[1.074s] -- Found synapse_protobuf: 0.0.0 (/home/tharun/cognipilot/cranium/install/synapse_protobuf/share/synapse_protobuf/cmake)
[1.085s] -- Found synapse_tinyframe: 0.0.0 (/home/tharun/cognipilot/cranium/install/synapse_tinyframe/share/synapse_tinyframe/cmake)
[1.088s] -- Looking for gz-transport13 -- found version 13.5.0
[1.097s] -- Searching for dependencies of gz-transport13
[1.110s] -- Found Protobuf: /usr/lib/x86_64-linux-gnu/libprotobuf.so (found version "3.12.4") 
[1.119s] -- Config-file not installed for ZeroMQ -- checking for pkg-config
[1.125s] -- Checking for module 'libzmq >= 4'
[1.139s] --   Found libzmq , version 4.3.4
[1.172s] -- Found ZeroMQ: TRUE (Required is at least version "4") 
[1.177s] -- Checking for module 'uuid'
[1.191s] --   Found uuid, version 2.37.2
[1.224s] -- Found UUID: TRUE  
[1.228s] -- Looking for gz-utils2 -- found version 2.2.1
[1.228s] -- Searching for dependencies of gz-utils2
[1.229s] -- Searching for <gz-utils2> component [cli]
[1.231s] -- Looking for gz-utils2-cli -- found version 2.2.1
[1.231s] -- Searching for dependencies of gz-utils2-cli
[1.234s] -- Looking for gz-msgs10 -- found version 10.4.0
[1.234s] -- Searching for dependencies of gz-msgs10
[1.250s] -- Looking for gz-utils2 -- found version 2.2.1
[1.255s] -- Looking for gz-math7 -- found version 7.6.0
[1.255s] -- Searching for dependencies of gz-math7
[1.256s] -- Looking for gz-utils2 -- found version 2.2.1
[1.262s] -- Checking for module 'tinyxml2'
[1.276s] --   Found tinyxml2, version 9.0.0
[1.329s] -- Found Boost: /usr/lib/x86_64-linux-gnu/cmake/Boost-1.74.0/BoostConfig.cmake (found version "1.74.0") found components: system 
[1.332s] -- Found ament_lint_auto: 0.12.15 (/opt/ros/humble/share/ament_lint_auto/cmake)
[1.430s] -- Added test 'copyright' to check source files copyright and LICENSE
[1.430s] -- Added test 'cppcheck' to perform static code analysis on C / C++ code
[1.431s] -- Configured cppcheck include dirs: /home/tharun/cognipilot/cranium/src/synapse_gz/src/clients
[1.431s] -- Configured cppcheck exclude dirs and/or files: 
[1.432s] -- Added test 'cpplint' to check C / C++ code against the Google style
[1.432s] -- Configured cpplint exclude dirs and/or files: 
[1.434s] -- Added test 'flake8' to check Python code syntax and style conventions
[1.435s] -- Added test 'lint_cmake' to check CMake code style
[1.435s] -- Added test 'pep257' to check Python code against some of the docstring style conventions in PEP 257
[1.436s] -- Added test 'uncrustify' to check C / C++ code style
[1.436s] -- Configured uncrustify additional arguments: 
[1.437s] -- Added test 'xmllint' to check XML markup files
[1.438s] -- Configuring done
[1.447s] -- Generating done
[1.450s] -- Build files have been written to: /home/tharun/cognipilot/cranium/build/synapse_gz
[1.461s] Invoked command in '/home/tharun/cognipilot/cranium/build/synapse_gz' returned '0': CMAKE_PREFIX_PATH=/home/tharun/cognipilot/cranium/install/synapse_tinyframe:/home/tharun/cognipilot/cranium/install/synapse_protobuf:/home/tharun/cognipilot/electrode/install/electrode:/home/tharun/cognipilot/cranium/install/synapse_ros:/home/tharun/cognipilot/cranium/install/synapse_gz:/home/tharun/cognipilot/cranium/install/corti:/home/tharun/cognipilot/cranium/install/synapse_msgs:/home/tharun/cognipilot/cranium/install/dream_world:/home/tharun/cognipilot/cranium/install/cerebri_bringup:/home/tharun/cognipilot/cranium/install/b3rb_simulator:/home/tharun/cognipilot/cranium/install/b3rb_desktop:/home/tharun/cognipilot/cranium/install/b3rb_rviz:/home/tharun/cognipilot/cranium/install/b3rb_nav2:/home/tharun/cognipilot/cranium/install/b3rb_gz_resource:/home/tharun/cognipilot/cranium/install/b3rb_gz_bringup:/home/tharun/cognipilot/cranium/install/b3rb_description:/opt/ros/humble /usr/bin/cmake /home/tharun/cognipilot/cranium/src/synapse_gz -DCMAKE_INSTALL_PREFIX=/home/tharun/cognipilot/cranium/install/synapse_gz
[1.461s] Invoking command in '/home/tharun/cognipilot/cranium/build/synapse_gz': CMAKE_PREFIX_PATH=/home/tharun/cognipilot/cranium/install/synapse_tinyframe:/home/tharun/cognipilot/cranium/install/synapse_protobuf:/home/tharun/cognipilot/electrode/install/electrode:/home/tharun/cognipilot/cranium/install/synapse_ros:/home/tharun/cognipilot/cranium/install/synapse_gz:/home/tharun/cognipilot/cranium/install/corti:/home/tharun/cognipilot/cranium/install/synapse_msgs:/home/tharun/cognipilot/cranium/install/dream_world:/home/tharun/cognipilot/cranium/install/cerebri_bringup:/home/tharun/cognipilot/cranium/install/b3rb_simulator:/home/tharun/cognipilot/cranium/install/b3rb_desktop:/home/tharun/cognipilot/cranium/install/b3rb_rviz:/home/tharun/cognipilot/cranium/install/b3rb_nav2:/home/tharun/cognipilot/cranium/install/b3rb_gz_resource:/home/tharun/cognipilot/cranium/install/b3rb_gz_bringup:/home/tharun/cognipilot/cranium/install/b3rb_description:/opt/ros/humble /usr/bin/cmake --build /home/tharun/cognipilot/cranium/build/synapse_gz -- -j12 -l12
[1.503s] [ 25%] [32mBuilding CXX object CMakeFiles/synapse_gz.dir/src/clients/tcp_client.cpp.o[0m
[1.504s] [ 50%] [32mBuilding CXX object CMakeFiles/synapse_gz.dir/src/clients/gz_client.cpp.o[0m
[1.506s] [ 75%] [32mBuilding CXX object CMakeFiles/synapse_gz.dir/src/synapse_gz.cpp.o[0m
[7.831s] [100%] [32m[1mLinking CXX executable synapse_gz[0m
[8.271s] [100%] Built target synapse_gz
[8.290s] Invoked command in '/home/tharun/cognipilot/cranium/build/synapse_gz' returned '0': CMAKE_PREFIX_PATH=/home/tharun/cognipilot/cranium/install/synapse_tinyframe:/home/tharun/cognipilot/cranium/install/synapse_protobuf:/home/tharun/cognipilot/electrode/install/electrode:/home/tharun/cognipilot/cranium/install/synapse_ros:/home/tharun/cognipilot/cranium/install/synapse_gz:/home/tharun/cognipilot/cranium/install/corti:/home/tharun/cognipilot/cranium/install/synapse_msgs:/home/tharun/cognipilot/cranium/install/dream_world:/home/tharun/cognipilot/cranium/install/cerebri_bringup:/home/tharun/cognipilot/cranium/install/b3rb_simulator:/home/tharun/cognipilot/cranium/install/b3rb_desktop:/home/tharun/cognipilot/cranium/install/b3rb_rviz:/home/tharun/cognipilot/cranium/install/b3rb_nav2:/home/tharun/cognipilot/cranium/install/b3rb_gz_resource:/home/tharun/cognipilot/cranium/install/b3rb_gz_bringup:/home/tharun/cognipilot/cranium/install/b3rb_description:/opt/ros/humble /usr/bin/cmake --build /home/tharun/cognipilot/cranium/build/synapse_gz -- -j12 -l12
[8.292s] Invoking command in '/home/tharun/cognipilot/cranium/build/synapse_gz': CMAKE_PREFIX_PATH=/home/tharun/cognipilot/cranium/install/synapse_tinyframe:/home/tharun/cognipilot/cranium/install/synapse_protobuf:/home/tharun/cognipilot/electrode/install/electrode:/home/tharun/cognipilot/cranium/install/synapse_ros:/home/tharun/cognipilot/cranium/install/synapse_gz:/home/tharun/cognipilot/cranium/install/corti:/home/tharun/cognipilot/cranium/install/synapse_msgs:/home/tharun/cognipilot/cranium/install/dream_world:/home/tharun/cognipilot/cranium/install/cerebri_bringup:/home/tharun/cognipilot/cranium/install/b3rb_simulator:/home/tharun/cognipilot/cranium/install/b3rb_desktop:/home/tharun/cognipilot/cranium/install/b3rb_rviz:/home/tharun/cognipilot/cranium/install/b3rb_nav2:/home/tharun/cognipilot/cranium/install/b3rb_gz_resource:/home/tharun/cognipilot/cranium/install/b3rb_gz_bringup:/home/tharun/cognipilot/cranium/install/b3rb_description:/opt/ros/humble /usr/bin/cmake --install /home/tharun/cognipilot/cranium/build/synapse_gz
[8.306s] -- Install configuration: ""
[8.307s] -- Installing: /home/tharun/cognipilot/cranium/install/synapse_gz/lib/synapse_gz/synapse_gz
[8.310s] -- Set runtime path of "/home/tharun/cognipilot/cranium/install/synapse_gz/lib/synapse_gz/synapse_gz" to ""
[8.310s] -- Installing: /home/tharun/cognipilot/cranium/install/synapse_gz/share/synapse_gz/launch
[8.310s] -- Installing: /home/tharun/cognipilot/cranium/install/synapse_gz/share/synapse_gz/launch/synapse_gz.launch.py
[8.311s] -- Installing: /home/tharun/cognipilot/cranium/install/synapse_gz/share/ament_index/resource_index/package_run_dependencies/synapse_gz
[8.311s] -- Installing: /home/tharun/cognipilot/cranium/install/synapse_gz/share/ament_index/resource_index/parent_prefix_path/synapse_gz
[8.311s] -- Installing: /home/tharun/cognipilot/cranium/install/synapse_gz/share/synapse_gz/environment/ament_prefix_path.sh
[8.311s] -- Installing: /home/tharun/cognipilot/cranium/install/synapse_gz/share/synapse_gz/environment/ament_prefix_path.dsv
[8.311s] -- Installing: /home/tharun/cognipilot/cranium/install/synapse_gz/share/synapse_gz/environment/path.sh
[8.311s] -- Installing: /home/tharun/cognipilot/cranium/install/synapse_gz/share/synapse_gz/environment/path.dsv
[8.311s] -- Installing: /home/tharun/cognipilot/cranium/install/synapse_gz/share/synapse_gz/local_setup.bash
[8.312s] -- Installing: /home/tharun/cognipilot/cranium/install/synapse_gz/share/synapse_gz/local_setup.sh
[8.312s] -- Installing: /home/tharun/cognipilot/cranium/install/synapse_gz/share/synapse_gz/local_setup.zsh
[8.312s] -- Installing: /home/tharun/cognipilot/cranium/install/synapse_gz/share/synapse_gz/local_setup.dsv
[8.312s] -- Installing: /home/tharun/cognipilot/cranium/install/synapse_gz/share/synapse_gz/package.dsv
[8.312s] -- Installing: /home/tharun/cognipilot/cranium/install/synapse_gz/share/ament_index/resource_index/packages/synapse_gz
[8.312s] -- Installing: /home/tharun/cognipilot/cranium/install/synapse_gz/share/synapse_gz/cmake/synapse_gzConfig.cmake
[8.313s] -- Installing: /home/tharun/cognipilot/cranium/install/synapse_gz/share/synapse_gz/cmake/synapse_gzConfig-version.cmake
[8.313s] -- Installing: /home/tharun/cognipilot/cranium/install/synapse_gz/share/synapse_gz/package.xml
[8.316s] Invoked command in '/home/tharun/cognipilot/cranium/build/synapse_gz' returned '0': CMAKE_PREFIX_PATH=/home/tharun/cognipilot/cranium/install/synapse_tinyframe:/home/tharun/cognipilot/cranium/install/synapse_protobuf:/home/tharun/cognipilot/electrode/install/electrode:/home/tharun/cognipilot/cranium/install/synapse_ros:/home/tharun/cognipilot/cranium/install/synapse_gz:/home/tharun/cognipilot/cranium/install/corti:/home/tharun/cognipilot/cranium/install/synapse_msgs:/home/tharun/cognipilot/cranium/install/dream_world:/home/tharun/cognipilot/cranium/install/cerebri_bringup:/home/tharun/cognipilot/cranium/install/b3rb_simulator:/home/tharun/cognipilot/cranium/install/b3rb_desktop:/home/tharun/cognipilot/cranium/install/b3rb_rviz:/home/tharun/cognipilot/cranium/install/b3rb_nav2:/home/tharun/cognipilot/cranium/install/b3rb_gz_resource:/home/tharun/cognipilot/cranium/install/b3rb_gz_bringup:/home/tharun/cognipilot/cranium/install/b3rb_description:/opt/ros/humble /usr/bin/cmake --install /home/tharun/cognipilot/cranium/build/synapse_gz
