[0.182s] Invoking command in '/home/tharun/cognipilot/cranium/build/corti': CMAKE_PREFIX_PATH=/home/tharun/cognipilot/cranium/install/synapse_msgs:/home/tharun/cognipilot/cranium/install/synapse_ros:/home/tharun/cognipilot/cranium/install/synapse_gz:/home/tharun/cognipilot/cranium/install/synapse_tinyframe:/home/tharun/cognipilot/cranium/install/synapse_protobuf:/home/tharun/cognipilot/cranium/install/corti:/home/tharun/cognipilot/cranium/install/dream_world:/home/tharun/cognipilot/cranium/install/cerebri_bringup:/home/tharun/cognipilot/cranium/install/b3rb_simulator:/home/tharun/cognipilot/cranium/install/b3rb_desktop:/home/tharun/cognipilot/cranium/install/b3rb_rviz:/home/tharun/cognipilot/cranium/install/b3rb_nav2:/home/tharun/cognipilot/cranium/install/b3rb_gz_resource:/home/tharun/cognipilot/cranium/install/b3rb_gz_bringup:/home/tharun/cognipilot/cranium/install/b3rb_description:/home/tharun/cognipilot/electrode/install/electrode:/home/tharun/cognipilot/cranium/install/b3rb_ros_line_follower:/opt/ros/humble LD_LIBRARY_PATH=/home/tharun/cognipilot/cranium/install/synapse_msgs/lib:/home/tharun/cognipilot/cranium/install/synapse_tinyframe/lib:/home/tharun/cognipilot/cranium/install/synapse_protobuf/lib:/opt/ros/humble/opt/rviz_ogre_vendor/lib:/opt/ros/humble/lib/x86_64-linux-gnu:/opt/ros/humble/lib /usr/bin/cmake --build /home/tharun/cognipilot/cranium/build/corti -- -j12 -l12
[0.230s] [ 25%] Built target odom_to_tf
[0.232s] [ 50%] Built target bezier6
[0.239s] [ 75%] Built target tf_to_odom
[0.243s] [ 75%] Built target ament_cmake_python_copy_corti
[0.275s] [100%] Built target rover_planner
[0.411s] running egg_info
[0.411s] writing corti.egg-info/PKG-INFO
[0.412s] writing dependency_links to corti.egg-info/dependency_links.txt
[0.412s] writing top-level names to corti.egg-info/top_level.txt
[0.413s] reading manifest file 'corti.egg-info/SOURCES.txt'
[0.413s] writing manifest file 'corti.egg-info/SOURCES.txt'
[0.432s] [100%] Built target ament_cmake_python_build_corti_egg
[0.443s] Invoked command in '/home/tharun/cognipilot/cranium/build/corti' returned '0': CMAKE_PREFIX_PATH=/home/tharun/cognipilot/cranium/install/synapse_msgs:/home/tharun/cognipilot/cranium/install/synapse_ros:/home/tharun/cognipilot/cranium/install/synapse_gz:/home/tharun/cognipilot/cranium/install/synapse_tinyframe:/home/tharun/cognipilot/cranium/install/synapse_protobuf:/home/tharun/cognipilot/cranium/install/corti:/home/tharun/cognipilot/cranium/install/dream_world:/home/tharun/cognipilot/cranium/install/cerebri_bringup:/home/tharun/cognipilot/cranium/install/b3rb_simulator:/home/tharun/cognipilot/cranium/install/b3rb_desktop:/home/tharun/cognipilot/cranium/install/b3rb_rviz:/home/tharun/cognipilot/cranium/install/b3rb_nav2:/home/tharun/cognipilot/cranium/install/b3rb_gz_resource:/home/tharun/cognipilot/cranium/install/b3rb_gz_bringup:/home/tharun/cognipilot/cranium/install/b3rb_description:/home/tharun/cognipilot/electrode/install/electrode:/home/tharun/cognipilot/cranium/install/b3rb_ros_line_follower:/opt/ros/humble LD_LIBRARY_PATH=/home/tharun/cognipilot/cranium/install/synapse_msgs/lib:/home/tharun/cognipilot/cranium/install/synapse_tinyframe/lib:/home/tharun/cognipilot/cranium/install/synapse_protobuf/lib:/opt/ros/humble/opt/rviz_ogre_vendor/lib:/opt/ros/humble/lib/x86_64-linux-gnu:/opt/ros/humble/lib /usr/bin/cmake --build /home/tharun/cognipilot/cranium/build/corti -- -j12 -l12
[0.445s] Invoking command in '/home/tharun/cognipilot/cranium/build/corti': CMAKE_PREFIX_PATH=/home/tharun/cognipilot/cranium/install/synapse_msgs:/home/tharun/cognipilot/cranium/install/synapse_ros:/home/tharun/cognipilot/cranium/install/synapse_gz:/home/tharun/cognipilot/cranium/install/synapse_tinyframe:/home/tharun/cognipilot/cranium/install/synapse_protobuf:/home/tharun/cognipilot/cranium/install/corti:/home/tharun/cognipilot/cranium/install/dream_world:/home/tharun/cognipilot/cranium/install/cerebri_bringup:/home/tharun/cognipilot/cranium/install/b3rb_simulator:/home/tharun/cognipilot/cranium/install/b3rb_desktop:/home/tharun/cognipilot/cranium/install/b3rb_rviz:/home/tharun/cognipilot/cranium/install/b3rb_nav2:/home/tharun/cognipilot/cranium/install/b3rb_gz_resource:/home/tharun/cognipilot/cranium/install/b3rb_gz_bringup:/home/tharun/cognipilot/cranium/install/b3rb_description:/home/tharun/cognipilot/electrode/install/electrode:/home/tharun/cognipilot/cranium/install/b3rb_ros_line_follower:/opt/ros/humble LD_LIBRARY_PATH=/home/tharun/cognipilot/cranium/install/synapse_msgs/lib:/home/tharun/cognipilot/cranium/install/synapse_tinyframe/lib:/home/tharun/cognipilot/cranium/install/synapse_protobuf/lib:/opt/ros/humble/opt/rviz_ogre_vendor/lib:/opt/ros/humble/lib/x86_64-linux-gnu:/opt/ros/humble/lib /usr/bin/cmake --install /home/tharun/cognipilot/cranium/build/corti
[0.453s] -- Install configuration: ""
[0.454s] -- Up-to-date: /home/tharun/cognipilot/cranium/install/corti/share/corti/environment/pythonpath.sh
[0.454s] -- Up-to-date: /home/tharun/cognipilot/cranium/install/corti/share/corti/environment/pythonpath.dsv
[0.454s] -- Up-to-date: /home/tharun/cognipilot/cranium/install/corti/local/lib/python3.10/dist-packages/corti-0.0.0-py3.10.egg-info
[0.454s] -- Installing: /home/tharun/cognipilot/cranium/install/corti/local/lib/python3.10/dist-packages/corti-0.0.0-py3.10.egg-info/dependency_links.txt
[0.454s] -- Installing: /home/tharun/cognipilot/cranium/install/corti/local/lib/python3.10/dist-packages/corti-0.0.0-py3.10.egg-info/SOURCES.txt
[0.454s] -- Installing: /home/tharun/cognipilot/cranium/install/corti/local/lib/python3.10/dist-packages/corti-0.0.0-py3.10.egg-info/top_level.txt
[0.454s] -- Installing: /home/tharun/cognipilot/cranium/install/corti/local/lib/python3.10/dist-packages/corti-0.0.0-py3.10.egg-info/PKG-INFO
[0.454s] -- Up-to-date: /home/tharun/cognipilot/cranium/install/corti/local/lib/python3.10/dist-packages/corti
[0.454s] -- Up-to-date: /home/tharun/cognipilot/cranium/install/corti/local/lib/python3.10/dist-packages/corti/bezier_rover_planning.py
[0.455s] -- Up-to-date: /home/tharun/cognipilot/cranium/install/corti/local/lib/python3.10/dist-packages/corti/TimeOptBez.py
[0.455s] -- Up-to-date: /home/tharun/cognipilot/cranium/install/corti/local/lib/python3.10/dist-packages/corti/__init__.py
[0.455s] -- Up-to-date: /home/tharun/cognipilot/cranium/install/corti/local/lib/python3.10/dist-packages/corti/rover_planning.py
[0.455s] -- Up-to-date: /home/tharun/cognipilot/cranium/install/corti/local/lib/python3.10/dist-packages/corti/rover_control.py
[0.455s] -- Up-to-date: /home/tharun/cognipilot/cranium/install/corti/local/lib/python3.10/dist-packages/corti/SE2Lie.py
[0.476s] Listing '/home/tharun/cognipilot/cranium/install/corti/local/lib/python3.10/dist-packages/corti'...
[0.479s] -- Up-to-date: /home/tharun/cognipilot/cranium/install/corti/lib/corti/rover_planner
[0.480s] -- Up-to-date: /home/tharun/cognipilot/cranium/install/corti/lib/corti/odom_to_tf
[0.480s] -- Up-to-date: /home/tharun/cognipilot/cranium/install/corti/lib/corti/tf_to_odom
[0.480s] -- Up-to-date: /home/tharun/cognipilot/cranium/install/corti/share/corti/launch
[0.480s] -- Up-to-date: /home/tharun/cognipilot/cranium/install/corti/share/corti/launch/corti.launch.py
[0.480s] -- Up-to-date: /home/tharun/cognipilot/cranium/install/corti/share/corti/launch/virtual_joy.launch.py
[0.480s] -- Up-to-date: /home/tharun/cognipilot/cranium/install/corti/lib/corti/virtual_joy.py
[0.480s] -- Up-to-date: /home/tharun/cognipilot/cranium/install/corti/lib/corti/rover_fixed_trajectory.py
[0.480s] -- Up-to-date: /home/tharun/cognipilot/cranium/install/corti/share/ament_index/resource_index/package_run_dependencies/corti
[0.480s] -- Up-to-date: /home/tharun/cognipilot/cranium/install/corti/share/ament_index/resource_index/parent_prefix_path/corti
[0.480s] -- Up-to-date: /home/tharun/cognipilot/cranium/install/corti/share/corti/environment/ament_prefix_path.sh
[0.480s] -- Up-to-date: /home/tharun/cognipilot/cranium/install/corti/share/corti/environment/ament_prefix_path.dsv
[0.480s] -- Up-to-date: /home/tharun/cognipilot/cranium/install/corti/share/corti/environment/path.sh
[0.480s] -- Up-to-date: /home/tharun/cognipilot/cranium/install/corti/share/corti/environment/path.dsv
[0.480s] -- Up-to-date: /home/tharun/cognipilot/cranium/install/corti/share/corti/local_setup.bash
[0.480s] -- Up-to-date: /home/tharun/cognipilot/cranium/install/corti/share/corti/local_setup.sh
[0.480s] -- Up-to-date: /home/tharun/cognipilot/cranium/install/corti/share/corti/local_setup.zsh
[0.480s] -- Up-to-date: /home/tharun/cognipilot/cranium/install/corti/share/corti/local_setup.dsv
[0.480s] -- Installing: /home/tharun/cognipilot/cranium/install/corti/share/corti/package.dsv
[0.480s] -- Up-to-date: /home/tharun/cognipilot/cranium/install/corti/share/ament_index/resource_index/packages/corti
[0.481s] -- Up-to-date: /home/tharun/cognipilot/cranium/install/corti/share/corti/cmake/cortiConfig.cmake
[0.481s] -- Up-to-date: /home/tharun/cognipilot/cranium/install/corti/share/corti/cmake/cortiConfig-version.cmake
[0.481s] -- Up-to-date: /home/tharun/cognipilot/cranium/install/corti/share/corti/package.xml
[0.482s] Invoked command in '/home/tharun/cognipilot/cranium/build/corti' returned '0': CMAKE_PREFIX_PATH=/home/tharun/cognipilot/cranium/install/synapse_msgs:/home/tharun/cognipilot/cranium/install/synapse_ros:/home/tharun/cognipilot/cranium/install/synapse_gz:/home/tharun/cognipilot/cranium/install/synapse_tinyframe:/home/tharun/cognipilot/cranium/install/synapse_protobuf:/home/tharun/cognipilot/cranium/install/corti:/home/tharun/cognipilot/cranium/install/dream_world:/home/tharun/cognipilot/cranium/install/cerebri_bringup:/home/tharun/cognipilot/cranium/install/b3rb_simulator:/home/tharun/cognipilot/cranium/install/b3rb_desktop:/home/tharun/cognipilot/cranium/install/b3rb_rviz:/home/tharun/cognipilot/cranium/install/b3rb_nav2:/home/tharun/cognipilot/cranium/install/b3rb_gz_resource:/home/tharun/cognipilot/cranium/install/b3rb_gz_bringup:/home/tharun/cognipilot/cranium/install/b3rb_description:/home/tharun/cognipilot/electrode/install/electrode:/home/tharun/cognipilot/cranium/install/b3rb_ros_line_follower:/opt/ros/humble LD_LIBRARY_PATH=/home/tharun/cognipilot/cranium/install/synapse_msgs/lib:/home/tharun/cognipilot/cranium/install/synapse_tinyframe/lib:/home/tharun/cognipilot/cranium/install/synapse_protobuf/lib:/opt/ros/humble/opt/rviz_ogre_vendor/lib:/opt/ros/humble/lib/x86_64-linux-gnu:/opt/ros/humble/lib /usr/bin/cmake --install /home/tharun/cognipilot/cranium/build/corti
